20170822-08:56:23.555 : 8=FIXT.1.19=9835=A34=149=DBL50=SID52=20170822-08:56:23.55256=BME57=TID98=0108=30141=Y1137=41408=T4.010=111
20170822-08:56:23.557 : 8=FIXT.1.19=9835=A49=BME56=DBL52=20170822-08:56:23.55634=150=TID57=SID98=0108=30141=Y1137=91408=T4.010=120
20170822-08:56:53.113 : 8=FIXT.1.19=4935=034=249=DBL52=20170822-08:56:53.10956=BME10=217
20170822-08:56:54.584 : 8=FIXT.1.19=6335=049=BME56=DBL52=20170822-08:56:54.58434=250=TID57=SID10=235
20170822-08:57:23.332 : 8=FIXT.1.19=4935=034=349=DBL52=20170822-08:57:23.33156=BME10=213
20170822-08:57:25.615 : 8=FIXT.1.19=6335=049=BME56=DBL52=20170822-08:57:25.61534=350=TID57=SID10=230
20170822-08:57:53.356 : 8=FIXT.1.19=4935=034=449=DBL52=20170822-08:57:53.35256=BME10=220
20170822-08:57:56.647 : 8=FIXT.1.19=6335=049=BME56=DBL52=20170822-08:57:56.64634=450=TID57=SID10=239
20170822-08:58:23.516 : 8=FIXT.1.19=4935=034=549=DBL52=20170822-08:58:23.51556=BME10=220
20170822-08:58:27.674 : 8=FIXT.1.19=6335=049=BME56=DBL52=20170822-08:58:27.67434=550=TID57=SID10=240
20170822-08:58:53.140 : 8=FIXT.1.19=4935=034=649=DBL52=20170822-08:58:53.13756=BME10=224
20170822-08:58:58.705 : 8=FIXT.1.19=6335=049=BME56=DBL52=20170822-08:58:58.70534=650=TID57=SID10=240
20170822-08:59:23.460 : 8=FIXT.1.19=4935=034=749=DBL52=20170822-08:59:23.46056=BME10=222
20170822-08:59:29.735 : 8=FIXT.1.19=6335=049=BME56=DBL52=20170822-08:59:29.73534=750=TID57=SID10=243
20170822-09:34:49.335 : 8=FIXT.1.19=9835=A34=149=DBL50=SID52=20170822-09:34:49.33356=BME57=TID98=0108=30141=Y1137=41408=T4.010=113
20170822-09:34:49.338 : 8=FIXT.1.19=9835=A49=BME56=DBL52=20170822-09:34:49.33834=150=TID57=SID98=0108=30141=Y1137=91408=T4.010=123
20170822-09:35:17.134 : 8=FIXT.1.19=4935=534=249=DBL52=20170822-09:35:17.13456=BME10=218
20170822-09:35:17.134 : 8=FIXT.1.19=6335=549=BME56=DBL52=20170822-09:35:17.13434=250=TID57=SID10=228
20170822-09:35:27.556 : 8=FIXT.1.19=9835=A34=149=DBL50=SID52=20170822-09:35:27.55456=BME57=TID98=0108=30141=Y1137=41408=T4.010=115
20170822-09:35:27.558 : 8=FIXT.1.19=9835=A49=BME56=DBL52=20170822-09:35:27.55834=150=TID57=SID98=0108=30141=Y1137=91408=T4.010=124
20170822-09:35:57.010 : 8=FIXT.1.19=4935=034=249=DBL52=20170822-09:35:57.00656=BME10=215
20170822-09:35:58.588 : 8=FIXT.1.19=6335=049=BME56=DBL52=20170822-09:35:58.58834=250=TID57=SID10=241
20170822-09:36:22.916 : 8=FIXT.1.19=4935=534=349=DBL52=20170822-09:36:22.91656=BME10=224
20170822-09:36:22.917 : 8=FIXT.1.19=6335=549=BME56=DBL52=20170822-09:36:22.91634=350=TID57=SID10=234
20170822-10:44:20.229 : 8=FIXT.1.19=9835=A34=149=DBL50=SID52=20170822-10:44:20.22756=BME57=TID98=0108=30141=Y1137=41408=T4.010=097
20170822-10:44:20.234 : 8=FIXT.1.19=9835=A49=BME56=DBL52=20170822-10:44:20.23134=150=TID57=SID98=0108=30141=Y1137=91408=T4.010=097
20170822-10:44:28.111 : 8=FIXT.1.19=4935=534=249=DBL52=20170822-10:44:28.11156=BME10=207
20170822-10:44:28.111 : 8=FIXT.1.19=6335=549=BME56=DBL52=20170822-10:44:28.11134=250=TID57=SID10=217
20170822-10:45:39.706 : 8=FIXT.1.19=9835=A34=149=DBL50=SID52=20170822-10:45:39.70656=BME57=TID98=0108=30141=Y1137=41408=T4.010=110
20170822-10:45:39.708 : 8=FIXT.1.19=9835=A49=BME56=DBL52=20170822-10:45:39.70834=150=TID57=SID98=0108=30141=Y1137=91408=T4.010=117
20170822-10:46:09.005 : 8=FIXT.1.19=4935=034=249=DBL52=20170822-10:46:09.00556=BME10=205
20170822-10:46:10.737 : 8=FIXT.1.19=6335=049=BME56=DBL52=20170822-10:46:10.73634=250=TID57=SID10=218
20170822-10:46:39.052 : 8=FIXT.1.19=4935=034=349=DBL52=20170822-10:46:39.05256=BME10=211
20170822-10:46:41.766 : 8=FIXT.1.19=6335=049=BME56=DBL52=20170822-10:46:41.76634=350=TID57=SID10=226
20170822-10:47:09.183 : 8=FIXT.1.19=4935=034=449=DBL52=20170822-10:47:09.18356=BME10=215
20170822-10:47:12.794 : 8=FIXT.1.19=6335=049=BME56=DBL52=20170822-10:47:12.79434=450=TID57=SID10=227
20170822-10:47:36.441 : 8=FIXT.1.19=9835=A34=149=DBL50=SID52=20170822-10:47:36.43856=BME57=TID98=0108=30141=Y1137=41408=T4.010=111
20170822-10:47:36.442 : 8=FIXT.1.19=9835=A49=BME56=DBL52=20170822-10:47:36.44134=150=TID57=SID98=0108=30141=Y1137=91408=T4.010=110
20170822-10:48:06.868 : 8=FIXT.1.19=4935=034=249=DBL52=20170822-10:48:06.86656=BME10=219
20170822-10:48:07.471 : 8=FIXT.1.19=6335=049=BME56=DBL52=20170822-10:48:07.47134=250=TID57=SID10=222
20170822-10:48:36.298 : 8=FIXT.1.19=4935=034=349=DBL52=20170822-10:48:36.29856=BME10=222
20170822-10:48:38.505 : 8=FIXT.1.19=6335=049=BME56=DBL52=20170822-10:48:38.50334=350=TID57=SID10=223
20170822-10:49:06.531 : 8=FIXT.1.19=4935=034=449=DBL52=20170822-10:49:06.53156=BME10=211
20170822-10:49:09.535 : 8=FIXT.1.19=6335=049=BME56=DBL52=20170822-10:49:09.53234=450=TID57=SID10=225
20170822-10:49:29.665 : 8=FIXT.1.19=9835=A34=149=DBL50=SID52=20170822-10:49:29.66356=BME57=TID98=0108=30141=Y1137=41408=T4.010=115
20170822-10:49:29.667 : 8=FIXT.1.19=9835=A49=BME56=DBL52=20170822-10:49:29.66634=150=TID57=SID98=0108=30141=Y1137=91408=T4.010=123
20170822-10:49:41.366 : 8=FIXT.1.19=4935=534=249=DBL52=20170822-10:49:41.36656=BME10=219
20170822-10:49:41.370 : 8=FIXT.1.19=6335=549=BME56=DBL52=20170822-10:49:41.36734=250=TID57=SID10=230
20170822-10:51:38.074 : 8=FIXT.1.19=9835=A34=149=DBL50=SID52=20170822-10:51:38.07456=BME57=TID98=0108=30141=Y1137=41408=T4.010=104
20170822-10:51:38.078 : 8=FIXT.1.19=9835=A49=BME56=DBL52=20170822-10:51:38.07634=150=TID57=SID98=0108=30141=Y1137=91408=T4.010=111
20170822-10:51:42.331 : 8=FIXT.1.19=4935=534=249=DBL52=20170822-10:51:42.33156=BME10=205
20170822-10:51:42.333 : 8=FIXT.1.19=6335=549=BME56=DBL52=20170822-10:51:42.33234=250=TID57=SID10=216
20170822-10:51:51.147 : 8=FIXT.1.19=9835=A34=149=DBL50=SID52=20170822-10:51:51.14456=BME57=TID98=0108=30141=Y1137=41408=T4.010=097
20170822-10:51:51.150 : 8=FIXT.1.19=9835=A49=BME56=DBL52=20170822-10:51:51.14934=150=TID57=SID98=0108=30141=Y1137=91408=T4.010=107
20170822-10:52:21.078 : 8=FIXT.1.19=4935=034=249=DBL52=20170822-10:52:21.07856=BME10=206
20170822-10:52:22.183 : 8=FIXT.1.19=6335=049=BME56=DBL52=20170822-10:52:22.18334=250=TID57=SID10=214
20170822-10:52:24.769 : 8=FIXT.1.19=4935=534=349=DBL52=20170822-10:52:24.76856=BME10=221
20170822-10:52:24.769 : 8=FIXT.1.19=6335=549=BME56=DBL52=20170822-10:52:24.76934=350=TID57=SID10=232
20170822-10:53:14.858 : 8=FIXT.1.19=9835=A34=149=DBL50=SID52=20170822-10:53:14.84856=BME57=TID98=0108=30141=Y1137=41408=T4.010=109
20170822-10:53:14.859 : 8=FIXT.1.19=9835=A49=BME56=DBL52=20170822-10:53:14.85834=150=TID57=SID98=0108=30141=Y1137=91408=T4.010=115
20170822-10:53:19.048 : 8=FIXT.1.19=4935=534=249=DBL52=20170822-10:53:19.04856=BME10=216
20170822-10:53:19.048 : 8=FIXT.1.19=6335=549=BME56=DBL52=20170822-10:53:19.04834=250=TID57=SID10=226
20170822-10:54:59.042 : 8=FIXT.1.19=9835=A34=149=DBL50=SID52=20170822-10:54:59.03956=BME57=TID98=0108=30141=Y1137=41408=T4.010=111
20170822-10:54:59.044 : 8=FIXT.1.19=9835=A49=BME56=DBL52=20170822-10:54:59.04334=150=TID57=SID98=0108=30141=Y1137=91408=T4.010=111
20170822-10:55:29.351 : 8=FIXT.1.19=4935=034=249=DBL52=20170822-10:55:29.35156=BME10=211
20170822-10:55:30.079 : 8=FIXT.1.19=6335=049=BME56=DBL52=20170822-10:55:30.07834=250=TID57=SID10=219
20170822-10:55:59.020 : 8=FIXT.1.19=4935=034=349=DBL52=20170822-10:55:59.00656=BME10=212
20170822-10:56:01.112 : 8=FIXT.1.19=6335=049=BME56=DBL52=20170822-10:56:01.10934=350=TID57=SID10=214
20170822-10:56:29.985 : 8=FIXT.1.19=4935=034=449=DBL52=20170822-10:56:29.98556=BME10=227
20170822-10:56:32.136 : 8=FIXT.1.19=6335=049=BME56=DBL52=20170822-10:56:32.13634=450=TID57=SID10=219
20170822-10:56:59.541 : 8=FIXT.1.19=4935=034=549=DBL52=20170822-10:56:59.53756=BME10=224
20170822-10:57:03.170 : 8=FIXT.1.19=6335=049=BME56=DBL52=20170822-10:57:03.16934=550=TID57=SID10=225
20170822-10:57:29.525 : 8=FIXT.1.19=4935=034=649=DBL52=20170822-10:57:29.52256=BME10=217
20170822-10:57:34.198 : 8=FIXT.1.19=6335=049=BME56=DBL52=20170822-10:57:34.19834=650=TID57=SID10=232
20170822-10:57:59.099 : 8=FIXT.1.19=4935=034=749=DBL52=20170822-10:57:59.09856=BME10=229
20170822-10:58:05.231 : 8=FIXT.1.19=6335=049=BME56=DBL52=20170822-10:58:05.23034=750=TID57=SID10=219
20170822-10:58:29.139 : 8=FIXT.1.19=4935=034=849=DBL52=20170822-10:58:29.13956=BME10=224
20170822-10:58:36.258 : 8=FIXT.1.19=6335=049=BME56=DBL52=20170822-10:58:36.25734=850=TID57=SID10=233
20170822-10:58:59.125 : 8=FIXT.1.19=4935=034=949=DBL52=20170822-10:58:59.12356=BME10=221
20170822-10:59:07.288 : 8=FIXT.1.19=6335=049=BME56=DBL52=20170822-10:59:07.28834=950=TID57=SID10=237
20170822-10:59:29.469 : 8=FIXT.1.19=5035=034=1049=DBL52=20170822-10:59:29.46956=BME10=008
20170822-10:59:39.917 : 8=FIXT.1.19=9835=A34=149=DBL50=SID52=20170822-10:59:39.91456=BME57=TID98=0108=30141=Y1137=41408=T4.010=116
20170822-10:59:39.917 : 8=FIXT.1.19=9835=A49=BME56=DBL52=20170822-10:59:39.91734=150=TID57=SID98=0108=30141=Y1137=91408=T4.010=124
20170822-10:59:50.077 : 8=FIXT.1.19=4935=534=249=DBL52=20170822-10:59:50.07756=BME10=219
20170822-10:59:50.077 : 8=FIXT.1.19=6335=549=BME56=DBL52=20170822-10:59:50.07734=250=TID57=SID10=229
20170822-11:01:43.180 : 8=FIXT.1.19=9835=A34=149=DBL50=SID52=20170822-11:01:43.17756=BME57=TID98=0108=30141=Y1137=41408=T4.010=100
20170822-11:01:43.181 : 8=FIXT.1.19=9835=A49=BME56=DBL52=20170822-11:01:43.18134=150=TID57=SID98=0108=30141=Y1137=91408=T4.010=100
20170822-11:01:47.812 : 8=FIXT.1.19=4935=534=249=DBL52=20170822-11:01:47.81256=BME10=210
20170822-11:01:47.813 : 8=FIXT.1.19=6335=549=BME56=DBL52=20170822-11:01:47.81234=250=TID57=SID10=220
20170822-11:04:44.145 : 8=FIXT.1.19=9835=A34=149=DBL50=SID52=20170822-11:04:44.14156=BME57=TID98=0108=30141=Y1137=41408=T4.010=095
20170822-11:04:44.146 : 8=FIXT.1.19=9835=A49=BME56=DBL52=20170822-11:04:44.14534=150=TID57=SID98=0108=30141=Y1137=91408=T4.010=104
20170822-11:05:12.996 : 8=FIXT.1.19=4935=534=249=DBL52=20170822-11:05:12.99656=BME10=219
20170822-11:05:12.996 : 8=FIXT.1.19=6335=549=BME56=DBL52=20170822-11:05:12.99634=250=TID57=SID10=229
20170822-11:05:26.280 : 8=FIXT.1.19=9835=A34=149=DBL50=SID52=20170822-11:05:26.27556=BME57=TID98=0108=30141=Y1137=41408=T4.010=104
20170822-11:05:26.281 : 8=FIXT.1.19=9835=A49=BME56=DBL52=20170822-11:05:26.28134=150=TID57=SID98=0108=30141=Y1137=91408=T4.010=106
20170822-11:05:56.996 : 8=FIXT.1.19=4935=034=249=DBL52=20170822-11:05:56.99656=BME10=222
20170822-11:05:57.311 : 8=FIXT.1.19=6335=049=BME56=DBL52=20170822-11:05:57.31134=250=TID57=SID10=214
20170822-11:06:26.913 : 8=FIXT.1.19=4935=034=349=DBL52=20170822-11:06:26.91156=BME10=208
20170822-11:06:28.344 : 8=FIXT.1.19=6335=049=BME56=DBL52=20170822-11:06:28.34334=350=TID57=SID10=219
20170822-13:18:12.680 : 8=FIXT.1.19=9835=A34=149=DBL50=SID52=20170822-13:18:12.67756=BME57=TID98=0108=30141=Y1137=41408=T4.010=111
20170822-13:18:12.681 : 8=FIXT.1.19=9835=A49=BME56=DBL52=20170822-13:18:12.68034=150=TID57=SID98=0108=30141=Y1137=91408=T4.010=110
20170822-13:18:19.095 : 8=FIXT.1.19=4935=534=249=DBL52=20170822-13:18:19.09456=BME10=221
20170822-13:18:19.095 : 8=FIXT.1.19=6335=549=BME56=DBL52=20170822-13:18:19.09534=250=TID57=SID10=232
20170822-13:18:26.320 : 8=FIXT.1.19=9835=A34=149=DBL50=SID52=20170822-13:18:26.31856=BME57=TID98=0108=30141=Y1137=41408=T4.010=108
20170822-13:18:26.321 : 8=FIXT.1.19=9835=A49=BME56=DBL52=20170822-13:18:26.32134=150=TID57=SID98=0108=30141=Y1137=91408=T4.010=107
20170822-13:18:56.879 : 8=FIXT.1.19=4935=034=249=DBL52=20170822-13:18:56.87956=BME10=228
20170822-13:18:57.351 : 8=FIXT.1.19=6335=049=BME56=DBL52=20170822-13:18:57.35134=250=TID57=SID10=224
20170822-13:19:05.620 : 8=FIXT.1.19=4935=534=349=DBL52=20170822-13:19:05.62056=BME10=213
20170822-13:19:05.621 : 8=FIXT.1.19=6335=549=BME56=DBL52=20170822-13:19:05.62034=350=TID57=SID10=223
20170822-13:19:11.453 : 8=FIXT.1.19=9835=A34=149=DBL50=SID52=20170822-13:19:11.45156=BME57=TID98=0108=30141=Y1137=41408=T4.010=101
20170822-13:19:11.454 : 8=FIXT.1.19=9835=A49=BME56=DBL52=20170822-13:19:11.45334=150=TID57=SID98=0108=30141=Y1137=91408=T4.010=108
20170822-13:19:36.844 : 8=FIXT.1.19=4935=534=249=DBL52=20170822-13:19:36.84456=BME10=224
20170822-13:19:36.845 : 8=FIXT.1.19=6335=549=BME56=DBL52=20170822-13:19:36.84434=250=TID57=SID10=234
20170822-13:20:31.165 : 8=FIXT.1.19=9835=A34=149=DBL50=SID52=20170822-13:20:31.15756=BME57=TID98=0108=30141=Y1137=41408=T4.010=098
20170822-13:20:31.167 : 8=FIXT.1.19=9835=A49=BME56=DBL52=20170822-13:20:31.16634=150=TID57=SID98=0108=30141=Y1137=91408=T4.010=103
20170822-13:20:34.716 : 8=FIXT.1.19=4935=534=249=DBL52=20170822-13:20:34.71656=BME10=212
20170822-13:20:34.716 : 8=FIXT.1.19=6335=549=BME56=DBL52=20170822-13:20:34.71634=250=TID57=SID10=222
20170822-13:21:04.029 : 8=FIXT.1.19=9835=A34=149=DBL50=SID52=20170822-13:21:04.02456=BME57=TID98=0108=30141=Y1137=41408=T4.010=092
20170822-13:21:04.030 : 8=FIXT.1.19=9835=A49=BME56=DBL52=20170822-13:21:04.03034=150=TID57=SID98=0108=30141=Y1137=91408=T4.010=094
20170822-13:21:18.125 : 8=FIXT.1.19=4935=534=249=DBL52=20170822-13:21:18.12556=BME10=209
20170822-13:21:18.128 : 8=FIXT.1.19=6335=549=BME56=DBL52=20170822-13:21:18.12634=250=TID57=SID10=220
20170822-13:38:28.987 : 8=FIXT.1.19=9835=A34=149=DBL50=SID52=20170822-13:38:28.98456=BME57=TID98=0108=30141=Y1137=41408=T4.010=121
20170822-13:38:28.991 : 8=FIXT.1.19=9835=A49=BME56=DBL52=20170822-13:38:28.99034=150=TID57=SID98=0108=30141=Y1137=91408=T4.010=123
20170822-13:38:58.642 : 8=FIXT.1.19=4935=034=249=DBL52=20170822-13:38:58.64256=BME10=220
20170822-13:38:59.019 : 8=FIXT.1.19=6335=049=BME56=DBL52=20170822-13:38:59.01734=250=TID57=SID10=227
20170822-13:39:28.130 : 8=FIXT.1.19=4935=034=349=DBL52=20170822-13:39:28.12956=BME10=219
20170822-13:39:30.049 : 8=FIXT.1.19=6335=049=BME56=DBL52=20170822-13:39:30.04934=350=TID57=SID10=223
20170822-13:39:58.319 : 8=FIXT.1.19=4935=034=449=DBL52=20170822-13:39:58.31856=BME10=223
20170822-13:40:01.079 : 8=FIXT.1.19=6335=049=BME56=DBL52=20170822-13:40:01.07934=450=TID57=SID10=217
20170822-13:40:12.298 : 8=FIXT.1.19=4935=534=549=DBL52=20170822-13:40:12.29856=BME10=218
20170822-13:40:12.298 : 8=FIXT.1.19=6335=549=BME56=DBL52=20170822-13:40:12.29834=550=TID57=SID10=228
20170822-13:46:06.191 : 8=FIXT.1.19=9835=A34=149=DBL50=SID52=20170822-13:46:06.18656=BME57=TID98=0108=30141=Y1137=41408=T4.010=110
20170822-13:46:06.193 : 8=FIXT.1.19=9835=A49=BME56=DBL52=20170822-13:46:06.19234=150=TID57=SID98=0108=30141=Y1137=91408=T4.010=112
20170822-13:46:32.880 : 8=FIXT.1.19=4935=534=249=DBL52=20170822-13:46:32.87956=BME10=228
20170822-13:46:32.880 : 8=FIXT.1.19=6335=549=BME56=DBL52=20170822-13:46:32.88034=250=TID57=SID10=230
20170822-13:46:36.772 : 8=FIXT.1.19=9835=A34=149=DBL50=SID52=20170822-13:46:36.76956=BME57=TID98=0108=30141=Y1137=41408=T4.010=120
20170822-13:46:36.773 : 8=FIXT.1.19=9835=A49=BME56=DBL52=20170822-13:46:36.77234=150=TID57=SID98=0108=30141=Y1137=91408=T4.010=119
20170822-13:47:06.123 : 8=FIXT.1.19=4935=034=249=DBL52=20170822-13:47:06.12156=BME10=205
20170822-13:47:07.805 : 8=FIXT.1.19=6335=049=BME56=DBL52=20170822-13:47:07.80534=250=TID57=SID10=225
20170822-13:47:36.849 : 8=FIXT.1.19=4935=034=349=DBL52=20170822-13:47:36.84656=BME10=223
20170822-13:47:38.838 : 8=FIXT.1.19=6335=049=BME56=DBL52=20170822-13:47:38.83834=350=TID57=SID10=236
20170822-13:48:06.343 : 8=FIXT.1.19=4935=034=449=DBL52=20170822-13:48:06.34256=BME10=213
20170822-13:48:09.861 : 8=FIXT.1.19=6335=049=BME56=DBL52=20170822-13:48:09.86134=450=TID57=SID10=232
20170822-13:48:36.125 : 8=FIXT.1.19=4935=034=549=DBL52=20170822-13:48:36.12556=BME10=216
20170822-13:48:40.891 : 8=FIXT.1.19=6335=049=BME56=DBL52=20170822-13:48:40.89134=550=TID57=SID10=231
20170822-13:49:06.214 : 8=FIXT.1.19=4935=034=649=DBL52=20170822-13:49:06.21456=BME10=214
20170822-13:49:11.921 : 8=FIXT.1.19=6335=049=BME56=DBL52=20170822-13:49:11.92034=650=TID57=SID10=224
20170822-13:49:36.156 : 8=FIXT.1.19=4935=034=749=DBL52=20170822-13:49:36.15656=BME10=223
20170822-13:49:42.944 : 8=FIXT.1.19=6335=049=BME56=DBL52=20170822-13:49:42.94434=750=TID57=SID10=235
20170822-13:50:06.125 : 8=FIXT.1.19=4935=034=849=DBL52=20170822-13:50:06.12456=BME10=208
20170822-13:50:13.971 : 8=FIXT.1.19=6335=049=BME56=DBL52=20170822-13:50:13.97034=850=TID57=SID10=225
20170822-13:50:36.961 : 8=FIXT.1.19=4935=034=949=DBL52=20170822-13:50:36.96056=BME10=220
20170822-13:50:44.995 : 8=FIXT.1.19=6335=049=BME56=DBL52=20170822-13:50:44.99534=950=TID57=SID10=237
20170822-13:51:06.258 : 8=FIXT.1.19=5035=034=1049=DBL52=20170822-13:51:06.25456=BME10=246
20170822-13:51:15.024 : 8=FIXT.1.19=6435=049=BME56=DBL52=20170822-13:51:15.02134=1050=TID57=SID10=001
20170822-13:51:36.585 : 8=FIXT.1.19=5035=034=1149=DBL52=20170822-13:51:36.58556=BME10=001
20170822-13:51:46.046 : 8=FIXT.1.19=6435=049=BME56=DBL52=20170822-13:51:46.04534=1150=TID57=SID10=012
20170822-13:52:06.860 : 8=FIXT.1.19=5035=034=1249=DBL52=20170822-13:52:06.86056=BME10=252
20170822-13:52:17.074 : 8=FIXT.1.19=6435=049=BME56=DBL52=20170822-13:52:17.07434=1250=TID57=SID10=014
20170822-13:52:36.986 : 8=FIXT.1.19=9835=A34=149=DBL50=SID52=20170822-13:52:36.98656=BME57=TID98=0108=30141=Y1137=41408=T4.010=118
20170822-13:52:36.991 : 8=FIXT.1.19=9835=A49=BME56=DBL52=20170822-13:52:36.98634=150=TID57=SID98=0108=30141=Y1137=91408=T4.010=123
20170822-13:53:06.301 : 8=FIXT.1.19=4935=034=249=DBL52=20170822-13:53:06.29856=BME10=217
20170822-13:53:07.016 : 8=FIXT.1.19=6335=049=BME56=DBL52=20170822-13:53:07.01634=250=TID57=SID10=216
20170822-13:53:36.000 : 8=FIXT.1.19=4935=034=349=DBL52=20170822-13:53:36.00056=BME10=202
20170822-13:53:38.054 : 8=FIXT.1.19=6335=049=BME56=DBL52=20170822-13:53:38.05434=350=TID57=SID10=223
20170822-13:54:06.010 : 8=FIXT.1.19=4935=034=449=DBL52=20170822-13:54:06.00956=BME10=210
20170822-13:54:09.083 : 8=FIXT.1.19=6335=049=BME56=DBL52=20170822-13:54:09.08334=450=TID57=SID10=225
20170822-13:54:36.546 : 8=FIXT.1.19=4935=034=549=DBL52=20170822-13:54:36.53756=BME10=220
20170822-13:54:40.115 : 8=FIXT.1.19=6335=049=BME56=DBL52=20170822-13:54:40.11434=550=TID57=SID10=216
20170822-13:55:05.721 : 8=FIXT.1.19=9835=A34=149=DBL50=SID52=20170822-13:55:05.72056=BME57=TID98=0108=30141=Y1137=41408=T4.010=103
20170822-13:55:05.724 : 8=FIXT.1.19=9835=A49=BME56=DBL52=20170822-13:55:05.72234=150=TID57=SID98=0108=30141=Y1137=91408=T4.010=110
20170822-13:55:35.012 : 8=FIXT.1.19=4935=034=249=DBL52=20170822-13:55:35.01256=BME10=205
20170822-13:55:36.752 : 8=FIXT.1.19=6335=049=BME56=DBL52=20170822-13:55:36.75234=250=TID57=SID10=227
20170822-13:56:05.091 : 8=FIXT.1.19=4935=034=349=DBL52=20170822-13:56:05.09156=BME10=211
20170822-13:56:07.787 : 8=FIXT.1.19=6335=049=BME56=DBL52=20170822-13:56:07.78634=350=TID57=SID10=234
20170822-13:56:35.002 : 8=FIXT.1.19=4935=034=449=DBL52=20170822-13:56:35.00256=BME10=207
20170822-13:56:38.817 : 8=FIXT.1.19=6335=049=BME56=DBL52=20170822-13:56:38.81734=450=TID57=SID10=234
20170822-13:57:25.925 : 8=FIXT.1.19=9835=A34=149=DBL50=SID52=20170822-13:57:25.92456=BME57=TID98=0108=30141=Y1137=41408=T4.010=113
20170822-13:57:25.926 : 8=FIXT.1.19=9835=A49=BME56=DBL52=20170822-13:57:25.92634=150=TID57=SID98=0108=30141=Y1137=91408=T4.010=120
20170822-13:57:55.435 : 8=FIXT.1.19=4935=034=249=DBL52=20170822-13:57:55.43456=BME10=217
20170822-13:57:56.956 : 8=FIXT.1.19=6335=049=BME56=DBL52=20170822-13:57:56.95634=250=TID57=SID10=237
20170822-13:58:25.264 : 8=FIXT.1.19=4935=034=349=DBL52=20170822-13:58:25.26356=BME10=216
20170822-13:58:27.986 : 8=FIXT.1.19=6335=049=BME56=DBL52=20170822-13:58:27.98534=350=TID57=SID10=239
20170822-13:58:55.467 : 8=FIXT.1.19=4935=034=449=DBL52=20170822-13:58:55.46756=BME10=226
20170822-13:58:58.016 : 8=FIXT.1.19=6335=049=BME56=DBL52=20170822-13:58:58.01334=450=TID57=SID10=226
20170822-13:59:24.861 : 8=FIXT.1.19=9835=A34=149=DBL50=SID52=20170822-13:59:24.86156=BME57=TID98=0108=30141=Y1137=41408=T4.010=114
20170822-13:59:24.862 : 8=FIXT.1.19=9835=A49=BME56=DBL52=20170822-13:59:24.86234=150=TID57=SID98=0108=30141=Y1137=91408=T4.010=120
20170822-13:59:54.104 : 8=FIXT.1.19=4935=034=249=DBL52=20170822-13:59:54.10456=BME10=212
20170822-13:59:55.889 : 8=FIXT.1.19=6335=049=BME56=DBL52=20170822-13:59:55.88934=250=TID57=SID10=243
20170822-14:00:24.905 : 8=FIXT.1.19=4935=034=349=DBL52=20170822-14:00:24.90256=BME10=203
20170822-14:00:26.919 : 8=FIXT.1.19=6335=049=BME56=DBL52=20170822-14:00:26.91834=350=TID57=SID10=222
20170822-14:00:54.008 : 8=FIXT.1.19=4935=034=449=DBL52=20170822-14:00:54.00856=BME10=204
20170822-14:01:03.120 : 8=FIXT.1.19=9835=A34=149=DBL50=SID52=20170822-14:01:03.11756=BME57=TID98=0108=30141=Y1137=41408=T4.010=093
20170822-14:01:03.121 : 8=FIXT.1.19=9835=A49=BME56=DBL52=20170822-14:01:03.12134=150=TID57=SID98=0108=30141=Y1137=91408=T4.010=093
20170822-14:01:33.494 : 8=FIXT.1.19=4935=034=249=DBL52=20170822-14:01:33.49456=BME10=209
20170822-14:01:34.155 : 8=FIXT.1.19=6335=049=BME56=DBL52=20170822-14:01:34.15334=250=TID57=SID10=212
20170822-14:02:10.091 : 8=FIXT.1.19=9835=A34=149=DBL50=SID52=20170822-14:02:10.08956=BME57=TID98=0108=30141=Y1137=41408=T4.010=100
20170822-14:02:10.096 : 8=FIXT.1.19=9835=A49=BME56=DBL52=20170822-14:02:10.09234=150=TID57=SID98=0108=30141=Y1137=91408=T4.010=099
20170822-14:02:40.786 : 8=FIXT.1.19=4935=034=249=DBL52=20170822-14:02:40.78656=BME10=212
20170822-14:02:41.121 : 8=FIXT.1.19=6335=049=BME56=DBL52=20170822-14:02:41.12134=250=TID57=SID10=206
20170822-14:03:10.948 : 8=FIXT.1.19=4935=034=349=DBL52=20170822-14:03:10.94656=BME10=209
20170822-14:03:12.149 : 8=FIXT.1.19=6335=049=BME56=DBL52=20170822-14:03:12.14934=350=TID57=SID10=216
20170822-14:03:40.034 : 8=FIXT.1.19=4935=034=449=DBL52=20170822-14:03:40.03456=BME10=201
20170822-14:03:43.186 : 8=FIXT.1.19=6335=049=BME56=DBL52=20170822-14:03:43.18634=450=TID57=SID10=222
20170822-14:04:10.753 : 8=FIXT.1.19=4935=034=549=DBL52=20170822-14:04:10.75256=BME10=207
20170822-14:04:14.214 : 8=FIXT.1.19=6335=049=BME56=DBL52=20170822-14:04:14.21434=550=TID57=SID10=214
20170822-14:04:40.771 : 8=FIXT.1.19=4935=034=649=DBL52=20170822-14:04:40.77056=BME10=211
20170822-14:04:45.250 : 8=FIXT.1.19=6335=049=BME56=DBL52=20170822-14:04:45.25034=650=TID57=SID10=219
20170822-14:05:10.298 : 8=FIXT.1.19=4935=034=749=DBL52=20170822-14:05:10.29856=BME10=215
20170822-14:05:16.280 : 8=FIXT.1.19=6335=049=BME56=DBL52=20170822-14:05:16.28034=750=TID57=SID10=222
20170822-14:05:40.217 : 8=FIXT.1.19=4935=034=849=DBL52=20170822-14:05:40.21756=BME10=210
20170822-14:05:47.312 : 8=FIXT.1.19=6335=049=BME56=DBL52=20170822-14:05:47.31234=850=TID57=SID10=223
20170822-14:06:10.420 : 8=FIXT.1.19=4935=034=949=DBL52=20170822-14:06:10.41756=BME10=211
20170822-14:06:18.344 : 8=FIXT.1.19=6335=049=BME56=DBL52=20170822-14:06:18.34434=950=TID57=SID10=228
20170822-14:06:40.517 : 8=FIXT.1.19=5035=034=1049=DBL52=20170822-14:06:40.51056=BME10=240
20170822-14:07:06.617 : 8=FIXT.1.19=9835=A34=149=DBL50=SID52=20170822-14:07:06.61756=BME57=TID98=0108=30141=Y1137=41408=T4.010=107
20170822-14:07:06.618 : 8=FIXT.1.19=9835=A49=BME56=DBL52=20170822-14:07:06.61734=150=TID57=SID98=0108=30141=Y1137=91408=T4.010=112
20170822-14:07:36.516 : 8=FIXT.1.19=4935=034=249=DBL52=20170822-14:07:36.51656=BME10=213
20170822-14:07:37.644 : 8=FIXT.1.19=6335=049=BME56=DBL52=20170822-14:07:37.64434=250=TID57=SID10=226
20170822-14:08:06.139 : 8=FIXT.1.19=4935=034=349=DBL52=20170822-14:08:06.13856=BME10=212
20170822-14:08:08.669 : 8=FIXT.1.19=6335=049=BME56=DBL52=20170822-14:08:08.66834=350=TID57=SID10=232
20170822-14:08:36.186 : 8=FIXT.1.19=4935=034=449=DBL52=20170822-14:08:36.18656=BME10=219
20170822-14:08:39.698 : 8=FIXT.1.19=6335=049=BME56=DBL52=20170822-14:08:39.69734=450=TID57=SID10=239
20170822-14:09:06.121 : 8=FIXT.1.19=4935=034=549=DBL52=20170822-14:09:06.12056=BME10=206
20170822-14:09:10.725 : 8=FIXT.1.19=6335=049=BME56=DBL52=20170822-14:09:10.72534=550=TID57=SID10=222
20170822-14:09:19.341 : 8=FIXT.1.19=9835=A34=149=DBL50=SID52=20170822-14:09:19.33456=BME57=TID98=0108=30141=Y1137=41408=T4.010=109
20170822-14:09:19.342 : 8=FIXT.1.19=9835=A49=BME56=DBL52=20170822-14:09:19.34134=150=TID57=SID98=0108=30141=Y1137=91408=T4.010=112
20170822-14:09:29.124 : 8=FIXT.1.19=18035=D34=249=DBL52=20170822-14:09:29.12456=BME1137=911=2017-08-22_828af7bd-0940-4bca-9d15-f7a0e2601d2c21=138=540=244=2054=155=APPL59=360=20170822-14:09:29581=11030=I10=099
20170822-14:09:29.126 : 8=FIXT.1.19=21435=849=BME56=DBL52=20170822-14:09:29.12434=250=TID57=SID37=111=2017-08-22_828af7bd-0940-4bca-9d15-f7a0e2601d2c17=0150=A39=A581=155=APPL54=138=540=244=2059=3151=514=060=20170822-14:09:291030=I10=218
20170822-14:11:57.234 : 8=FIXT.1.19=9835=A34=149=DBL50=SID52=20170822-14:11:57.23256=BME57=TID98=0108=30141=Y1137=41408=T4.010=101
20170822-14:11:57.236 : 8=FIXT.1.19=9835=A49=BME56=DBL52=20170822-14:11:57.23434=150=TID57=SID98=0108=30141=Y1137=91408=T4.010=108
20170822-14:12:10.982 : 8=FIXT.1.19=18135=D34=249=DBL52=20170822-14:12:10.98256=BME1137=911=2017-08-22_c2b1abcb-a7c6-4103-831e-0b9ddb33623221=138=1040=244=2054=155=APPL59=360=20170822-14:12:10581=11030=I10=105
20170822-14:12:10.984 : 8=FIXT.1.19=21635=849=BME56=DBL52=20170822-14:12:10.98234=250=TID57=SID37=111=2017-08-22_c2b1abcb-a7c6-4103-831e-0b9ddb33623217=0150=A39=A581=155=APPL54=138=1040=244=2059=3151=1014=060=20170822-14:12:101030=I10=013
20170822-14:13:27.121 : 8=FIXT.1.19=9835=A34=149=DBL50=SID52=20170822-14:13:27.12056=BME57=TID98=0108=30141=Y1137=41408=T4.010=096
20170822-14:13:27.122 : 8=FIXT.1.19=9835=A49=BME56=DBL52=20170822-14:13:27.12134=150=TID57=SID98=0108=30141=Y1137=91408=T4.010=102
20170822-14:13:36.136 : 8=FIXT.1.19=18135=D34=249=DBL52=20170822-14:13:36.13656=BME1137=911=2017-08-22_2865892c-9e3e-446e-bfe2-6384f89a605321=138=1040=244=2054=155=APPL59=360=20170822-14:13:36581=11030=I10=238
20170822-14:13:36.138 : 8=FIXT.1.19=21635=849=BME56=DBL52=20170822-14:13:36.13734=250=TID57=SID37=111=2017-08-22_2865892c-9e3e-446e-bfe2-6384f89a605317=0150=A39=A581=155=APPL54=138=1040=244=2059=3151=1014=060=20170822-14:13:361030=I10=147
20170822-14:13:36.187 : 8=FIXT.1.19=21535=849=BME56=DBL52=20170822-14:13:36.13834=350=TID57=SID37=111=2017-08-22_2865892c-9e3e-446e-bfe2-6384f89a605317=1150=039=0581=155=APPL54=138=1040=244=059=3151=1014=060=20170822-14:13:361030=I10=065
20170822-14:13:36.215 : 8=FIXT.1.19=21435=849=BME56=DBL52=20170822-14:13:36.13834=450=TID57=SID37=111=2017-08-22_2865892c-9e3e-446e-bfe2-6384f89a605317=2150=C39=8581=155=APPL54=138=1040=244=059=3151=014=060=20170822-14:13:361030=I10=044
20170822-14:14:06.444 : 8=FIXT.1.19=4935=034=349=DBL52=20170822-14:14:06.44356=BME10=208
20170822-14:14:07.160 : 8=FIXT.1.19=6335=049=BME56=DBL52=20170822-14:14:07.16034=550=TID57=SID10=217
20170822-14:14:36.283 : 8=FIXT.1.19=4935=034=449=DBL52=20170822-14:14:36.28356=BME10=214
20170822-14:14:38.186 : 8=FIXT.1.19=6335=049=BME56=DBL52=20170822-14:14:38.18634=650=TID57=SID10=230
20170822-14:15:06.573 : 8=FIXT.1.19=4935=034=549=DBL52=20170822-14:15:06.57356=BME10=215
20170822-14:15:09.215 : 8=FIXT.1.19=6335=049=BME56=DBL52=20170822-14:15:09.21534=750=TID57=SID10=223
20170822-14:15:36.118 : 8=FIXT.1.19=4935=034=649=DBL52=20170822-14:15:36.11156=BME10=207
20170822-14:15:40.246 : 8=FIXT.1.19=6335=049=BME56=DBL52=20170822-14:15:40.24634=850=TID57=SID10=223
20170822-14:16:06.255 : 8=FIXT.1.19=4935=034=749=DBL52=20170822-14:16:06.25556=BME10=215
20170822-14:16:11.280 : 8=FIXT.1.19=6335=049=BME56=DBL52=20170822-14:16:11.27834=950=TID57=SID10=228
20170822-14:16:36.036 : 8=FIXT.1.19=4935=034=849=DBL52=20170822-14:16:36.03656=BME10=216
20170822-14:16:42.310 : 8=FIXT.1.19=6435=049=BME56=DBL52=20170822-14:16:42.31034=1050=TID57=SID10=004
20170822-14:17:06.146 : 8=FIXT.1.19=4935=034=949=DBL52=20170822-14:17:06.14156=BME10=212
20170822-14:17:13.341 : 8=FIXT.1.19=6435=049=BME56=DBL52=20170822-14:17:13.34034=1150=TID57=SID10=007
20170822-14:17:36.146 : 8=FIXT.1.19=5035=034=1049=DBL52=20170822-14:17:36.14656=BME10=252
20170822-14:17:44.371 : 8=FIXT.1.19=6435=049=BME56=DBL52=20170822-14:17:44.37134=1250=TID57=SID10=016
20170822-14:18:06.128 : 8=FIXT.1.19=5035=034=1149=DBL52=20170822-14:18:06.12456=BME10=247
20170822-14:18:15.403 : 8=FIXT.1.19=6435=049=BME56=DBL52=20170822-14:18:15.40334=1350=TID57=SID10=012
20170822-14:18:36.274 : 8=FIXT.1.19=5035=034=1249=DBL52=20170822-14:18:36.26856=BME10=004
20170822-14:18:46.428 : 8=FIXT.1.19=6435=049=BME56=DBL52=20170822-14:18:46.42834=1450=TID57=SID10=024
20170822-14:19:06.436 : 8=FIXT.1.19=5035=034=1349=DBL52=20170822-14:19:06.43256=BME10=252
20170822-14:19:17.462 : 8=FIXT.1.19=6435=049=BME56=DBL52=20170822-14:19:17.46234=1550=TID57=SID10=022
20170822-14:19:36.100 : 8=FIXT.1.19=5035=034=1449=DBL52=20170822-14:19:36.09956=BME10=009
20170822-14:19:48.490 : 8=FIXT.1.19=6435=049=BME56=DBL52=20170822-14:19:48.49034=1650=TID57=SID10=028
20170822-14:20:06.381 : 8=FIXT.1.19=5035=034=1549=DBL52=20170822-14:20:06.37656=BME10=253
20170822-14:20:19.519 : 8=FIXT.1.19=6435=049=BME56=DBL52=20170822-14:20:19.51934=1750=TID57=SID10=021
20170822-14:20:36.862 : 8=FIXT.1.19=5035=034=1649=DBL52=20170822-14:20:36.86256=BME10=001
20170822-14:20:50.551 : 8=FIXT.1.19=6435=049=BME56=DBL52=20170822-14:20:50.55134=1850=TID57=SID10=013
20170822-14:21:06.029 : 8=FIXT.1.19=5035=034=1749=DBL52=20170822-14:21:06.02956=BME10=251
20170822-14:21:21.578 : 8=FIXT.1.19=6435=049=BME56=DBL52=20170822-14:21:21.57734=1950=TID57=SID10=021
20170822-14:21:36.752 : 8=FIXT.1.19=5035=034=1849=DBL52=20170822-14:21:36.75256=BME10=002
20170822-14:21:52.607 : 8=FIXT.1.19=6435=049=BME56=DBL52=20170822-14:21:52.60734=2050=TID57=SID10=011
20170822-14:22:06.711 : 8=FIXT.1.19=5035=034=1949=DBL52=20170822-14:22:06.70756=BME10=001
20170822-14:22:23.635 : 8=FIXT.1.19=6435=049=BME56=DBL52=20170822-14:22:23.63434=2150=TID57=SID10=011
20170822-14:23:44.284 : 8=FIXT.1.19=9835=A34=149=DBL50=SID52=20170822-14:23:44.25656=BME57=TID98=0108=30141=Y1137=41408=T4.010=106
20170822-14:23:44.288 : 8=FIXT.1.19=9835=A49=BME56=DBL52=20170822-14:23:44.28434=150=TID57=SID98=0108=30141=Y1137=91408=T4.010=112
20170822-14:23:48.297 : 8=FIXT.1.19=4935=534=249=DBL52=20170822-14:23:48.29756=BME10=225
20170822-14:23:48.297 : 8=FIXT.1.19=6335=549=BME56=DBL52=20170822-14:23:48.29734=250=TID57=SID10=235
20170822-14:23:50.901 : 8=FIXT.1.19=9835=A34=149=DBL50=SID52=20170822-14:23:50.89156=BME57=TID98=0108=30141=Y1137=41408=T4.010=108
20170822-14:23:50.907 : 8=FIXT.1.19=9835=A49=BME56=DBL52=20170822-14:23:50.90234=150=TID57=SID98=0108=30141=Y1137=91408=T4.010=106
20170822-14:24:20.137 : 8=FIXT.1.19=4935=034=249=DBL52=20170822-14:24:20.09956=BME10=211
20170822-14:24:21.938 : 8=FIXT.1.19=6335=049=BME56=DBL52=20170822-14:24:21.93834=250=TID57=SID10=224
20170822-14:24:50.404 : 8=FIXT.1.19=4935=034=349=DBL52=20170822-14:24:50.40456=BME10=205
20170822-14:24:52.973 : 8=FIXT.1.19=6335=049=BME56=DBL52=20170822-14:24:52.97334=350=TID57=SID10=228
20170822-14:25:20.048 : 8=FIXT.1.19=4935=034=449=DBL52=20170822-14:25:20.04856=BME10=208
20170822-14:25:23.008 : 8=FIXT.1.19=6335=049=BME56=DBL52=20170822-14:25:23.00834=450=TID57=SID10=217
20170822-14:26:13.839 : 8=FIXT.1.19=9835=A34=149=DBL50=SID52=20170822-14:26:13.82856=BME57=TID98=0108=30141=Y1137=41408=T4.010=110
20170822-14:26:13.840 : 8=FIXT.1.19=9835=A49=BME56=DBL52=20170822-14:26:13.83934=150=TID57=SID98=0108=30141=Y1137=91408=T4.010=117
20170822-14:26:43.040 : 8=FIXT.1.19=4935=034=249=DBL52=20170822-14:26:43.03856=BME10=211
20170822-14:26:44.874 : 8=FIXT.1.19=6335=049=BME56=DBL52=20170822-14:26:44.87434=250=TID57=SID10=230
20170822-14:27:13.059 : 8=FIXT.1.19=4935=034=349=DBL52=20170822-14:27:13.05856=BME10=212
20170822-14:27:15.909 : 8=FIXT.1.19=6335=049=BME56=DBL52=20170822-14:27:15.90934=350=TID57=SID10=229
20170822-14:27:43.459 : 8=FIXT.1.19=4935=034=449=DBL52=20170822-14:27:43.45756=BME10=219
20170822-14:27:46.941 : 8=FIXT.1.19=6335=049=BME56=DBL52=20170822-14:27:46.94034=450=TID57=SID10=229
20170822-14:29:00.314 : 8=FIXT.1.19=9835=A34=149=DBL50=SID52=20170822-14:29:00.31356=BME57=TID98=0108=30141=Y1137=41408=T4.010=098
20170822-14:29:00.316 : 8=FIXT.1.19=9835=A49=BME56=DBL52=20170822-14:29:00.31534=150=TID57=SID98=0108=30141=Y1137=91408=T4.010=105
20170822-14:29:30.245 : 8=FIXT.1.19=4935=034=249=DBL52=20170822-14:29:30.24556=BME10=210
20170822-14:29:31.338 : 8=FIXT.1.19=6335=049=BME56=DBL52=20170822-14:29:31.33834=250=TID57=SID10=224
20170822-14:30:00.078 : 8=FIXT.1.19=4935=034=349=DBL52=20170822-14:30:00.07756=BME10=203
20170822-14:30:02.367 : 8=FIXT.1.19=6335=049=BME56=DBL52=20170822-14:30:02.36734=350=TID57=SID10=217
20170822-14:30:17.825 : 8=FIXT.1.19=9835=A34=149=DBL50=SID52=20170822-14:30:17.82456=BME57=TID98=0108=30141=Y1137=41408=T4.010=105
20170822-14:30:17.826 : 8=FIXT.1.19=9835=A49=BME56=DBL52=20170822-14:30:17.82634=150=TID57=SID98=0108=30141=Y1137=91408=T4.010=112
20170822-14:30:28.154 : 8=FIXT.1.19=18035=D34=249=DBL52=20170822-14:30:28.15456=BME1137=911=2017-08-22_bac314d6-3b52-4681-9f0e-d022b6ca542e21=138=1040=244=554=155=APPL59=360=20170822-14:30:28581=11030=I10=033
20170822-14:30:28.156 : 8=FIXT.1.19=21535=849=BME56=DBL52=20170822-14:30:28.15434=250=TID57=SID37=111=2017-08-22_bac314d6-3b52-4681-9f0e-d022b6ca542e17=0150=A39=A581=155=APPL54=138=1040=244=559=3151=1014=060=20170822-14:30:281030=I10=197
20170822-14:30:28.228 : 8=FIXT.1.19=21535=849=BME56=DBL52=20170822-14:30:28.15534=350=TID57=SID37=111=2017-08-22_bac314d6-3b52-4681-9f0e-d022b6ca542e17=1150=039=0581=155=APPL54=138=1040=244=059=3151=1014=060=20170822-14:30:281030=I10=161
20170822-14:30:28.275 : 8=FIXT.1.19=21435=849=BME56=DBL52=20170822-14:30:28.15534=450=TID57=SID37=111=2017-08-22_bac314d6-3b52-4681-9f0e-d022b6ca542e17=2150=C39=8581=155=APPL54=138=1040=244=059=3151=014=060=20170822-14:30:281030=I10=140
20170822-14:30:58.267 : 8=FIXT.1.19=4935=034=349=DBL52=20170822-14:30:58.26756=BME10=217
20170822-14:30:59.871 : 8=FIXT.1.19=6335=049=BME56=DBL52=20170822-14:30:59.87134=550=TID57=SID10=231
20170822-14:31:28.030 : 8=FIXT.1.19=4935=034=449=DBL52=20170822-14:31:28.02156=BME10=204
20170822-14:31:30.906 : 8=FIXT.1.19=6335=049=BME56=DBL52=20170822-14:31:30.90534=650=TID57=SID10=220
20170822-14:31:58.169 : 8=FIXT.1.19=4935=034=549=DBL52=20170822-14:31:58.16956=BME10=221
20170822-14:32:17.675 : 8=FIXT.1.19=9835=A34=149=DBL50=SID52=20170822-14:32:17.67556=BME57=TID98=0108=30141=Y1137=41408=T4.010=111
20170822-14:32:17.677 : 8=FIXT.1.19=9835=A49=BME56=DBL52=20170822-14:32:17.67634=150=TID57=SID98=0108=30141=Y1137=91408=T4.010=117
20170822-14:32:35.565 : 8=FIXT.1.19=18035=D34=249=DBL52=20170822-14:32:35.56356=BME1137=911=2017-08-22_68521563-fb49-4971-ad4c-eb798f52a0b821=138=540=244=2054=155=APPL59=360=20170822-14:32:35581=11030=I10=232
20170822-14:32:35.567 : 8=FIXT.1.19=21435=849=BME56=DBL52=20170822-14:32:35.56534=250=TID57=SID37=111=2017-08-22_68521563-fb49-4971-ad4c-eb798f52a0b817=0150=A39=A581=155=APPL54=138=540=244=2059=3151=514=060=20170822-14:32:351030=I10=097
20170822-14:32:35.629 : 8=FIXT.1.19=21335=849=BME56=DBL52=20170822-14:32:35.56634=350=TID57=SID37=111=2017-08-22_68521563-fb49-4971-ad4c-eb798f52a0b817=1150=039=0581=155=APPL54=138=540=244=059=3151=514=060=20170822-14:32:351030=I10=015
20170822-14:32:35.682 : 8=FIXT.1.19=21335=849=BME56=DBL52=20170822-14:32:35.56734=450=TID57=SID37=111=2017-08-22_68521563-fb49-4971-ad4c-eb798f52a0b817=2150=C39=8581=155=APPL54=138=540=244=059=3151=014=060=20170822-14:32:351030=I10=040
20170822-14:33:05.139 : 8=FIXT.1.19=4935=034=349=DBL52=20170822-14:33:05.13756=BME10=208
20170822-14:33:06.722 : 8=FIXT.1.19=6335=049=BME56=DBL52=20170822-14:33:06.72234=550=TID57=SID10=221
20170822-14:33:35.231 : 8=FIXT.1.19=4935=034=449=DBL52=20170822-14:33:35.22956=BME10=214
20170822-14:33:37.751 : 8=FIXT.1.19=6335=049=BME56=DBL52=20170822-14:33:37.75134=650=TID57=SID10=228
20170822-14:34:05.087 : 8=FIXT.1.19=4935=034=549=DBL52=20170822-14:34:05.08756=BME10=215
20170822-14:34:08.787 : 8=FIXT.1.19=6335=049=BME56=DBL52=20170822-14:34:08.78734=750=TID57=SID10=237
20170822-14:34:11.234 : 8=FIXT.1.19=4935=534=649=DBL52=20170822-14:34:11.23456=BME10=212
20170822-14:34:11.234 : 8=FIXT.1.19=6335=549=BME56=DBL52=20170822-14:34:11.23434=850=TID57=SID10=224
20170822-14:34:24.139 : 8=FIXT.1.19=9835=A34=149=DBL50=SID52=20170822-14:34:24.12756=BME57=TID98=0108=30141=Y1137=41408=T4.010=103
20170822-14:34:24.140 : 8=FIXT.1.19=9835=A49=BME56=DBL52=20170822-14:34:24.13934=150=TID57=SID98=0108=30141=Y1137=91408=T4.010=111
20170822-14:34:54.344 : 8=FIXT.1.19=4935=034=249=DBL52=20170822-14:34:54.34056=BME10=208
20170822-14:40:07.753 : 8=FIXT.1.19=9835=A34=149=DBL50=SID52=20170822-14:40:07.73656=BME57=TID98=0108=30141=Y1137=41408=T4.010=107
20170822-14:40:07.754 : 8=FIXT.1.19=9835=A49=BME56=DBL52=20170822-14:40:07.75434=150=TID57=SID98=0108=30141=Y1137=91408=T4.010=112
20170822-14:40:37.666 : 8=FIXT.1.19=4935=034=249=DBL52=20170822-14:40:37.66656=BME10=217
20170822-14:40:38.781 : 8=FIXT.1.19=6335=049=BME56=DBL52=20170822-14:40:38.78134=250=TID57=SID10=226
20170822-14:40:38.934 : 8=FIXT.1.19=18035=D34=349=DBL52=20170822-14:40:38.93256=BME1137=911=2017-08-22_2dc93641-8b61-47bd-bb83-0b28418776c521=138=-440=244=654=155=APPL59=360=20170822-14:40:38581=11030=I10=178
20170822-14:40:38.935 : 8=FIXT.1.19=22335=849=BME56=DBL52=20170822-14:40:38.93434=350=TID57=SID37=111=2017-08-22_2dc93641-8b61-47bd-bb83-0b28418776c517=0150=A39=A581=155=APPL54=138=429496729240=244=659=3151=-414=060=20170822-14:40:381030=I10=012
20170822-14:40:39.005 : 8=FIXT.1.19=22335=849=BME56=DBL52=20170822-14:40:38.93534=450=TID57=SID37=111=2017-08-22_2dc93641-8b61-47bd-bb83-0b28418776c517=1150=039=0581=155=APPL54=138=429496729240=244=059=3151=-414=060=20170822-14:40:381030=I10=231
20170822-14:40:39.069 : 8=FIXT.1.19=22235=849=BME56=DBL52=20170822-14:40:38.93534=550=TID57=SID37=111=2017-08-22_2dc93641-8b61-47bd-bb83-0b28418776c517=2150=C39=8581=155=APPL54=138=429496729240=244=059=3151=014=060=20170822-14:40:381030=I10=210
20170822-14:41:08.663 : 8=FIXT.1.19=4935=034=449=DBL52=20170822-14:41:08.65256=BME10=213
20170822-14:41:09.811 : 8=FIXT.1.19=6335=049=BME56=DBL52=20170822-14:41:09.80934=650=TID57=SID10=230
20170822-14:41:38.060 : 8=FIXT.1.19=4935=034=549=DBL52=20170822-14:41:38.05556=BME10=214
20170822-14:41:40.837 : 8=FIXT.1.19=6335=049=BME56=DBL52=20170822-14:41:40.83634=750=TID57=SID10=226
20170822-14:41:44.481 : 8=FIXT.1.19=4935=534=649=DBL52=20170822-14:41:44.48156=BME10=220
20170822-14:41:44.481 : 8=FIXT.1.19=6335=549=BME56=DBL52=20170822-14:41:44.48134=850=TID57=SID10=232
20170822-14:42:45.881 : 8=FIXT.1.19=9835=A34=149=DBL50=SID52=20170822-14:42:45.87656=BME57=TID98=0108=30141=Y1137=41408=T4.010=116
20170822-14:42:45.882 : 8=FIXT.1.19=9835=A49=BME56=DBL52=20170822-14:42:45.88134=150=TID57=SID98=0108=30141=Y1137=91408=T4.010=117
20170822-14:42:52.426 : 8=FIXT.1.19=18135=D34=249=DBL52=20170822-14:42:52.42456=BME1137=911=2017-08-22_f479198f-cb29-4b74-a2f9-b2bd383173ce21=138=10040=244=154=155=CSCO59=360=20170822-14:42:52581=11030=I10=106
20170822-14:42:52.428 : 8=FIXT.1.19=21735=849=BME56=DBL52=20170822-14:42:52.42634=250=TID57=SID37=111=2017-08-22_f479198f-cb29-4b74-a2f9-b2bd383173ce17=0150=A39=A581=155=CSCO54=138=10040=244=159=3151=10014=060=20170822-14:42:521030=I10=065
20170822-14:42:52.483 : 8=FIXT.1.19=21735=849=BME56=DBL52=20170822-14:42:52.42734=350=TID57=SID37=111=2017-08-22_f479198f-cb29-4b74-a2f9-b2bd383173ce17=1150=039=0581=155=CSCO54=138=10040=244=059=3151=10014=060=20170822-14:42:521030=I10=033
20170822-14:42:52.536 : 8=FIXT.1.19=21535=849=BME56=DBL52=20170822-14:42:52.42734=450=TID57=SID37=111=2017-08-22_f479198f-cb29-4b74-a2f9-b2bd383173ce17=2150=C39=8581=155=CSCO54=138=10040=244=059=3151=014=060=20170822-14:42:521030=I10=219
20170822-14:43:22.266 : 8=FIXT.1.19=4935=034=349=DBL52=20170822-14:43:22.25356=BME10=207
20170822-14:43:23.921 : 8=FIXT.1.19=6335=049=BME56=DBL52=20170822-14:43:23.92134=550=TID57=SID10=222
20170822-14:43:52.527 : 8=FIXT.1.19=4935=034=449=DBL52=20170822-14:43:52.52256=BME10=210
20170822-14:43:54.950 : 8=FIXT.1.19=6335=049=BME56=DBL52=20170822-14:43:54.94934=650=TID57=SID10=237
20170822-14:44:22.277 : 8=FIXT.1.19=4935=034=549=DBL52=20170822-14:44:22.27556=BME10=214
20170822-14:44:25.980 : 8=FIXT.1.19=6335=049=BME56=DBL52=20170822-14:44:25.98034=750=TID57=SID10=232
20170822-14:44:52.025 : 8=FIXT.1.19=4935=034=649=DBL52=20170822-14:44:52.02156=BME10=207
20170822-14:44:56.007 : 8=FIXT.1.19=6335=049=BME56=DBL52=20170822-14:44:56.00734=850=TID57=SID10=227
20170822-14:45:22.046 : 8=FIXT.1.19=4935=034=749=DBL52=20170822-14:45:22.04656=BME10=213
20170822-14:45:27.034 : 8=FIXT.1.19=6335=049=BME56=DBL52=20170822-14:45:27.03434=950=TID57=SID10=227
20170822-14:45:31.062 : 8=FIXT.1.19=17935=D34=849=DBL52=20170822-14:45:31.06256=BME1137=911=2017-08-22_c06f70b8-9b61-4794-82d6-06ec1d033a1221=138=140=244=154=155=CSCO59=360=20170822-14:45:31581=11030=I10=112
20170822-14:45:31.064 : 8=FIXT.1.19=21435=849=BME56=DBL52=20170822-14:45:31.06234=1050=TID57=SID37=211=2017-08-22_c06f70b8-9b61-4794-82d6-06ec1d033a1217=3150=A39=A581=155=CSCO54=138=140=244=159=3151=114=060=20170822-14:45:311030=I10=008
20170822-14:45:31.150 : 8=FIXT.1.19=21435=849=BME56=DBL52=20170822-14:45:31.06334=1150=TID57=SID37=211=2017-08-22_c06f70b8-9b61-4794-82d6-06ec1d033a1217=4150=039=0581=155=CSCO54=138=140=244=059=3151=114=060=20170822-14:45:311030=I10=232
20170822-14:45:31.240 : 8=FIXT.1.19=21435=849=BME56=DBL52=20170822-14:45:31.06434=1250=TID57=SID37=211=2017-08-22_c06f70b8-9b61-4794-82d6-06ec1d033a1217=5150=C39=8581=155=CSCO54=138=140=244=059=3151=014=060=20170822-14:45:311030=I10=005
20170822-14:46:01.295 : 8=FIXT.1.19=4935=034=949=DBL52=20170822-14:46:01.25956=BME10=219
20170822-14:46:02.066 : 8=FIXT.1.19=6435=049=BME56=DBL52=20170822-14:46:02.06634=1350=TID57=SID10=014
20170822-14:46:31.005 : 8=FIXT.1.19=5035=034=1049=DBL52=20170822-14:46:31.00356=BME10=241
20170822-14:46:33.096 : 8=FIXT.1.19=6435=049=BME56=DBL52=20170822-14:46:33.09534=1450=TID57=SID10=021
20170822-14:47:01.363 : 8=FIXT.1.19=5035=034=1149=DBL52=20170822-14:47:01.35556=BME10=250
20170822-14:47:04.122 : 8=FIXT.1.19=6435=049=BME56=DBL52=20170822-14:47:04.12234=1550=TID57=SID10=012
20170822-14:47:31.009 : 8=FIXT.1.19=5035=034=1249=DBL52=20170822-14:47:31.00056=BME10=241
20170822-14:47:35.149 : 8=FIXT.1.19=6435=049=BME56=DBL52=20170822-14:47:35.14934=1650=TID57=SID10=026
20170822-14:48:01.351 : 8=FIXT.1.19=5035=034=1349=DBL52=20170822-14:48:01.35056=BME10=248
20170822-14:48:06.173 : 8=FIXT.1.19=6435=049=BME56=DBL52=20170822-14:48:06.17334=1750=TID57=SID10=023
20170822-14:48:31.251 : 8=FIXT.1.19=5035=034=1449=DBL52=20170822-14:48:31.24656=BME10=000
20170822-14:48:37.203 : 8=FIXT.1.19=6435=049=BME56=DBL52=20170822-14:48:37.20234=1850=TID57=SID10=021
20170822-14:49:01.607 : 8=FIXT.1.19=5035=034=1549=DBL52=20170822-14:49:01.59856=BME10=009
20170822-14:49:08.234 : 8=FIXT.1.19=6435=049=BME56=DBL52=20170822-14:49:08.23134=1950=TID57=SID10=023
20170822-14:49:31.021 : 8=FIXT.1.19=5035=034=1649=DBL52=20170822-14:49:31.02156=BME10=250
20170822-14:49:39.262 : 8=FIXT.1.19=6435=049=BME56=DBL52=20170822-14:49:39.26234=2050=TID57=SID10=023
20170822-14:50:01.158 : 8=FIXT.1.19=5035=034=1749=DBL52=20170822-14:50:01.15756=BME10=250
20170822-14:50:10.287 : 8=FIXT.1.19=6435=049=BME56=DBL52=20170822-14:50:10.28734=2150=TID57=SID10=012
20170822-14:50:29.422 : 8=FIXT.1.19=18535=D34=1849=DBL52=20170822-14:50:29.42256=BME1137=911=2017-08-22_2ce14a27-806f-4bc9-8aaa-ecc1fb02acce21=138=140=244=10000054=155=CSCO59=360=20170822-14:50:29581=11030=I10=053
20170822-14:50:29.424 : 8=FIXT.1.19=21935=849=BME56=DBL52=20170822-14:50:29.42334=2250=TID57=SID37=311=2017-08-22_2ce14a27-806f-4bc9-8aaa-ecc1fb02acce17=6150=A39=A581=155=CSCO54=138=140=244=10000059=3151=114=060=20170822-14:50:291030=I10=172
20170822-14:50:29.478 : 8=FIXT.1.19=21435=849=BME56=DBL52=20170822-14:50:29.42334=2350=TID57=SID37=311=2017-08-22_2ce14a27-806f-4bc9-8aaa-ecc1fb02acce17=7150=039=0581=155=CSCO54=138=140=244=059=3151=114=060=20170822-14:50:291030=I10=150
20170822-14:50:29.530 : 8=FIXT.1.19=21435=849=BME56=DBL52=20170822-14:50:29.42434=2450=TID57=SID37=311=2017-08-22_2ce14a27-806f-4bc9-8aaa-ecc1fb02acce17=8150=C39=8581=155=CSCO54=138=140=244=059=3151=014=060=20170822-14:50:291030=I10=179
20170822-14:50:59.028 : 8=FIXT.1.19=5035=034=1949=DBL52=20170822-14:50:59.02656=BME10=004
20170822-14:51:00.332 : 8=FIXT.1.19=6435=049=BME56=DBL52=20170822-14:51:00.33134=2550=TID57=SID10=006
20170822-14:51:29.194 : 8=FIXT.1.19=5035=034=2049=DBL52=20170822-14:51:29.18756=BME10=002
20170822-14:51:31.359 : 8=FIXT.1.19=6435=049=BME56=DBL52=20170822-14:51:31.35834=2650=TID57=SID10=020
20170822-14:51:59.810 : 8=FIXT.1.19=5035=034=2149=DBL52=20170822-14:51:59.80456=BME10=002
20170822-14:52:02.388 : 8=FIXT.1.19=6435=049=BME56=DBL52=20170822-14:52:02.38834=2750=TID57=SID10=023
20170822-14:52:29.240 : 8=FIXT.1.19=5035=034=2249=DBL52=20170822-14:52:29.23056=BME10=250
20170822-14:52:33.419 : 8=FIXT.1.19=6435=049=BME56=DBL52=20170822-14:52:33.41934=2850=TID57=SID10=023
20170822-14:52:59.098 : 8=FIXT.1.19=5035=034=2349=DBL52=20170822-14:52:59.09756=BME10=009
20170822-14:53:04.450 : 8=FIXT.1.19=6435=049=BME56=DBL52=20170822-14:53:04.45034=2950=TID57=SID10=018
20170822-14:53:11.038 : 8=FIXT.1.19=18535=D34=2449=DBL52=20170822-14:53:11.03856=BME1137=911=2017-08-22_636a7756-d0f1-480c-a876-299110aa31b121=138=1040=244=1e+1554=155=CSCO59=360=20170822-14:53:11581=11030=I10=139
20170822-14:53:11.045 : 8=FIXT.1.19=22035=849=BME56=DBL52=20170822-14:53:11.03934=3050=TID57=SID37=411=2017-08-22_636a7756-d0f1-480c-a876-299110aa31b117=9150=A39=A581=155=CSCO54=138=1040=244=1e+1559=3151=1014=060=20170822-14:53:111030=I10=048
20170822-14:53:11.062 : 8=FIXT.1.19=11035=334=2549=DBL52=20170822-14:53:11.05456=BME45=3058=Incorrect data format for value371=44372=8373=610=242
20170822-14:53:11.063 : 8=FIXT.1.19=21735=849=BME56=DBL52=20170822-14:53:11.04034=3150=TID57=SID37=411=2017-08-22_636a7756-d0f1-480c-a876-299110aa31b117=10150=039=0581=155=CSCO54=138=1040=244=059=3151=1014=060=20170822-14:53:111030=I10=062
20170822-14:53:11.146 : 8=FIXT.1.19=21635=849=BME56=DBL52=20170822-14:53:11.04034=3250=TID57=SID37=411=2017-08-22_636a7756-d0f1-480c-a876-299110aa31b117=11150=C39=8581=155=CSCO54=138=1040=244=059=3151=014=060=20170822-14:53:111030=I10=041
20170822-14:53:41.206 : 8=FIXT.1.19=5035=034=2649=DBL52=20170822-14:53:41.19956=BME10=007
20170822-14:53:42.485 : 8=FIXT.1.19=6435=049=BME56=DBL52=20170822-14:53:42.48534=3350=TID57=SID10=023
20170822-14:54:02.705 : 8=FIXT.1.19=18235=D34=2749=DBL52=20170822-14:54:02.69556=BME1137=911=2017-08-22_94c4d1f7-09dd-44cf-8ef4-de076de394ea21=138=140=244=20054=155=APPL59=360=20170822-14:54:02581=11030=I10=066
20170822-14:54:02.717 : 8=FIXT.1.19=21735=849=BME56=DBL52=20170822-14:54:02.70534=3450=TID57=SID37=511=2017-08-22_94c4d1f7-09dd-44cf-8ef4-de076de394ea17=12150=A39=A581=155=APPL54=138=140=244=20059=3151=114=060=20170822-14:54:021030=I10=227
20170822-14:54:02.819 : 8=FIXT.1.19=21535=849=BME56=DBL52=20170822-14:54:02.70634=3550=TID57=SID37=511=2017-08-22_94c4d1f7-09dd-44cf-8ef4-de076de394ea17=13150=039=0581=155=APPL54=138=140=244=059=3151=114=060=20170822-14:54:021030=I10=096
20170822-14:54:02.890 : 8=FIXT.1.19=21535=849=BME56=DBL52=20170822-14:54:02.70634=3650=TID57=SID37=511=2017-08-22_94c4d1f7-09dd-44cf-8ef4-de076de394ea17=14150=C39=8581=155=APPL54=138=140=244=059=3151=014=060=20170822-14:54:021030=I10=124
20170822-14:54:32.097 : 8=FIXT.1.19=5035=034=2849=DBL52=20170822-14:54:32.09556=BME10=005
20170822-14:54:33.536 : 8=FIXT.1.19=6435=049=BME56=DBL52=20170822-14:54:33.53634=3750=TID57=SID10=025
20170822-14:55:02.011 : 8=FIXT.1.19=5035=034=2949=DBL52=20170822-14:55:02.01156=BME10=248
20170822-14:55:04.569 : 8=FIXT.1.19=6435=049=BME56=DBL52=20170822-14:55:04.56834=3850=TID57=SID10=030
20170822-14:55:32.493 : 8=FIXT.1.19=5035=034=3049=DBL52=20170822-14:55:32.49156=BME10=255
20170822-14:55:35.598 : 8=FIXT.1.19=6435=049=BME56=DBL52=20170822-14:55:35.59834=3950=TID57=SID10=038
20170822-14:56:02.202 : 8=FIXT.1.19=5035=034=3149=DBL52=20170822-14:56:02.16656=BME10=253
20170822-14:56:06.628 : 8=FIXT.1.19=6435=049=BME56=DBL52=20170822-14:56:06.62834=4050=TID57=SID10=023
20170822-14:56:32.999 : 8=FIXT.1.19=5035=034=3249=DBL52=20170822-14:56:32.99956=BME10=015
20170822-14:56:37.659 : 8=FIXT.1.19=6435=049=BME56=DBL52=20170822-14:56:37.65934=4150=TID57=SID10=032
20170822-15:42:32.612 : 8=FIXT.1.19=9835=A34=149=DBL50=SID52=20170822-15:42:32.59956=BME57=TID98=0108=30141=Y1137=41408=T4.010=115
20170822-15:42:32.615 : 8=FIXT.1.19=9835=A49=BME56=DBL52=20170822-15:42:32.61334=150=TID57=SID98=0108=30141=Y1137=91408=T4.010=107
20170822-15:42:45.726 : 8=FIXT.1.19=17635=D34=249=DBL52=20170822-15:42:45.72656=BME1137=911=2017-08-22_be2059a0-9fef-403d-b3f2-25590b4ba0f421=138=240=244=10054=255=APPL60=20170822-15:42:45581=11030=I10=179
20170822-15:42:45.728 : 8=FIXT.1.19=21035=849=BME56=DBL52=20170822-15:42:45.72734=250=TID57=SID37=111=2017-08-22_be2059a0-9fef-403d-b3f2-25590b4ba0f417=0150=A39=A581=155=APPL54=238=240=244=100151=214=060=20170822-15:42:451030=I10=031
20170822-15:42:45.732 : 8=FIXT.1.19=17635=D34=349=DBL52=20170822-15:42:45.73256=BME1137=911=2017-08-22_671e6db5-34ed-4fef-8736-12d1b148fd9021=138=240=244=10054=155=APPL60=20170822-15:42:45581=11030=I10=153
20170822-15:42:45.864 : 8=FIXT.1.19=20835=849=BME56=DBL52=20170822-15:42:45.72834=350=TID57=SID37=111=2017-08-22_be2059a0-9fef-403d-b3f2-25590b4ba0f417=1150=039=0581=155=APPL54=238=240=244=0151=214=060=20170822-15:42:451030=I10=166
20170822-15:42:45.922 : 8=FIXT.1.19=21035=849=BME56=DBL52=20170822-15:42:45.73534=450=TID57=SID37=211=2017-08-22_671e6db5-34ed-4fef-8736-12d1b148fd9017=2150=A39=A581=155=APPL54=138=240=244=100151=214=060=20170822-15:42:451030=I10=011
20170822-15:42:45.957 : 8=FIXT.1.19=20835=849=BME56=DBL52=20170822-15:42:45.73634=550=TID57=SID37=211=2017-08-22_671e6db5-34ed-4fef-8736-12d1b148fd9017=3150=039=0581=155=APPL54=138=240=244=0151=214=060=20170822-15:42:451030=I10=146
20170822-15:42:46.006 : 8=FIXT.1.19=21035=849=BME56=DBL52=20170822-15:42:45.73734=650=TID57=SID37=211=2017-08-22_671e6db5-34ed-4fef-8736-12d1b148fd9017=4150=F39=2581=155=APPL54=138=240=244=100151=014=260=20170822-15:42:451030=I10=007
20170822-15:42:46.064 : 8=FIXT.1.19=21035=849=BME56=DBL52=20170822-15:42:45.73734=750=TID57=SID37=111=2017-08-22_be2059a0-9fef-403d-b3f2-25590b4ba0f417=5150=F39=2581=155=APPL54=238=240=244=100151=014=260=20170822-15:42:451030=I10=032
20170822-15:43:15.198 : 8=FIXT.1.19=4935=034=449=DBL52=20170822-15:43:15.19456=BME10=215
20170822-15:43:16.661 : 8=FIXT.1.19=6335=049=BME56=DBL52=20170822-15:43:16.66134=850=TID57=SID10=229
20170822-15:43:45.214 : 8=FIXT.1.19=4935=034=549=DBL52=20170822-15:43:45.20356=BME10=210
20170822-15:43:47.697 : 8=FIXT.1.19=6335=049=BME56=DBL52=20170822-15:43:47.69734=950=TID57=SID10=243
20170822-15:43:58.385 : 8=FIXT.1.19=4935=534=649=DBL52=20170822-15:43:58.38456=BME10=230
20170822-15:43:58.386 : 8=FIXT.1.19=6435=549=BME56=DBL52=20170822-15:43:58.38534=1050=TID57=SID10=029
20170822-16:01:24.508 : 8=FIXT.1.19=9835=A34=149=DBL50=SID52=20170822-16:01:24.50156=BME57=TID98=0108=30141=Y1137=41408=T4.010=095
20170822-16:01:24.510 : 8=FIXT.1.19=9835=A49=BME56=DBL52=20170822-16:01:24.50934=150=TID57=SID98=0108=30141=Y1137=91408=T4.010=108
20170822-16:01:53.094 : 8=FIXT.1.19=17635=D34=249=DBL52=20170822-16:01:53.09256=BME1137=911=2017-08-22_e2686890-2988-4e8f-b3a2-62492e76ad1621=138=1040=244=2054=255=APPL60=20170822-16:01:53581=11030=I10=222
20170822-16:01:53.096 : 8=FIXT.1.19=21135=849=BME56=DBL52=20170822-16:01:53.09434=250=TID57=SID37=111=2017-08-22_e2686890-2988-4e8f-b3a2-62492e76ad1617=0150=A39=A581=155=APPL54=238=1040=244=20151=1014=060=20170822-16:01:531030=I10=123
20170822-16:01:53.098 : 8=FIXT.1.19=17635=D34=349=DBL52=20170822-16:01:53.09856=BME1137=911=2017-08-22_3acfbb36-1af8-442e-9fc8-b9429df816b321=138=1040=244=2054=155=APPL60=20170822-16:01:53581=11030=I10=244
20170822-16:01:53.169 : 8=FIXT.1.19=21035=849=BME56=DBL52=20170822-16:01:53.09534=350=TID57=SID37=111=2017-08-22_e2686890-2988-4e8f-b3a2-62492e76ad1617=1150=039=0581=155=APPL54=238=1040=244=0151=1014=060=20170822-16:01:531030=I10=041
20170822-16:01:53.242 : 8=FIXT.1.19=21135=849=BME56=DBL52=20170822-16:01:53.09834=450=TID57=SID37=211=2017-08-22_3acfbb36-1af8-442e-9fc8-b9429df816b317=2150=A39=A581=155=APPL54=138=1040=244=20151=1014=060=20170822-16:01:531030=I10=147
20170822-16:01:53.304 : 8=FIXT.1.19=21035=849=BME56=DBL52=20170822-16:01:53.09934=550=TID57=SID37=211=2017-08-22_3acfbb36-1af8-442e-9fc8-b9429df816b317=3150=039=0581=155=APPL54=138=1040=244=0151=1014=060=20170822-16:01:531030=I10=065
20170822-16:01:53.361 : 8=FIXT.1.19=21135=849=BME56=DBL52=20170822-16:01:53.09934=650=TID57=SID37=211=2017-08-22_3acfbb36-1af8-442e-9fc8-b9429df816b317=4150=F39=2581=155=APPL54=138=1040=244=20151=014=1060=20170822-16:01:531030=I10=142
20170822-16:01:53.453 : 8=FIXT.1.19=21135=849=BME56=DBL52=20170822-16:01:53.09934=750=TID57=SID37=111=2017-08-22_e2686890-2988-4e8f-b3a2-62492e76ad1617=5150=F39=2581=155=APPL54=238=1040=244=20151=014=1060=20170822-16:01:531030=I10=128
20170822-16:02:23.040 : 8=FIXT.1.19=4935=034=449=DBL52=20170822-16:02:23.00456=BME10=200
20170822-16:02:24.562 : 8=FIXT.1.19=6335=049=BME56=DBL52=20170822-16:02:24.56234=850=TID57=SID10=224
20170822-16:02:53.161 : 8=FIXT.1.19=4935=034=549=DBL52=20170822-16:02:53.16156=BME10=208
20170822-16:02:55.596 : 8=FIXT.1.19=6335=049=BME56=DBL52=20170822-16:02:55.59434=950=TID57=SID10=234
20170822-16:03:23.090 : 8=FIXT.1.19=4935=034=649=DBL52=20170822-16:03:23.08656=BME10=213
20170822-16:03:26.622 : 8=FIXT.1.19=6435=049=BME56=DBL52=20170822-16:03:26.62234=1050=TID57=SID10=010
20170822-16:03:53.402 : 8=FIXT.1.19=4935=034=749=DBL52=20170822-16:03:53.40256=BME10=209
20170822-16:03:57.652 : 8=FIXT.1.19=6435=049=BME56=DBL52=20170822-16:03:57.65234=1150=TID57=SID10=018
20170822-16:04:23.040 : 8=FIXT.1.19=4935=034=849=DBL52=20170822-16:04:23.03456=BME10=209
20170822-16:04:28.689 : 8=FIXT.1.19=6435=049=BME56=DBL52=20170822-16:04:28.68834=1250=TID57=SID10=027
20170822-16:05:06.260 : 8=FIXT.1.19=9835=A34=149=DBL50=SID52=20170822-16:05:06.24956=BME57=TID98=0108=30141=Y1137=41408=T4.010=108
20170822-16:05:06.261 : 8=FIXT.1.19=9835=A49=BME56=DBL52=20170822-16:05:06.26034=150=TID57=SID98=0108=30141=Y1137=91408=T4.010=106
20170822-16:05:29.602 : 8=FIXT.1.19=9835=A34=149=DBL50=SID52=20170822-16:05:29.59456=BME57=TID98=0108=30141=Y1137=41408=T4.010=116
20170822-16:05:29.603 : 8=FIXT.1.19=9835=A49=BME56=DBL52=20170822-16:05:29.60234=150=TID57=SID98=0108=30141=Y1137=91408=T4.010=111
20170822-16:05:31.437 : 8=FIXT.1.19=4935=534=249=DBL52=20170822-16:05:31.43756=BME10=215
20170822-16:05:31.438 : 8=FIXT.1.19=6335=549=BME56=DBL52=20170822-16:05:31.43734=250=TID57=SID10=225
20170822-16:05:34.866 : 8=FIXT.1.19=9835=A34=149=DBL50=SID52=20170822-16:05:34.85656=BME57=TID98=0108=30141=Y1137=41408=T4.010=113
20170822-16:05:34.867 : 8=FIXT.1.19=9835=A49=BME56=DBL52=20170822-16:05:34.86634=150=TID57=SID98=0108=30141=Y1137=91408=T4.010=119
20170822-16:05:47.361 : 8=FIXT.1.19=17535=D34=249=DBL52=20170822-16:05:47.36056=BME1137=911=2017-08-22_e0a38b07-b23e-416a-8f82-da7ded8028e721=138=1040=244=254=255=APPL60=20170822-16:05:47581=11030=I10=143
20170822-16:05:47.363 : 8=FIXT.1.19=21035=849=BME56=DBL52=20170822-16:05:47.36134=250=TID57=SID37=111=2017-08-22_e0a38b07-b23e-416a-8f82-da7ded8028e717=0150=A39=A581=155=APPL54=238=1040=244=2151=1014=060=20170822-16:05:471030=I10=043
20170822-16:05:47.369 : 8=FIXT.1.19=17535=D34=349=DBL52=20170822-16:05:47.36956=BME1137=911=2017-08-22_715c2335-fd10-40e8-b942-211ab94962ab21=138=1040=244=254=155=APPL60=20170822-16:05:47581=11030=I10=201
20170822-16:05:47.430 : 8=FIXT.1.19=21035=849=BME56=DBL52=20170822-16:05:47.36234=350=TID57=SID37=111=2017-08-22_e0a38b07-b23e-416a-8f82-da7ded8028e717=1150=039=0581=155=APPL54=238=1040=244=0151=1014=060=20170822-16:05:471030=I10=010
20170822-16:05:47.530 : 8=FIXT.1.19=21035=849=BME56=DBL52=20170822-16:05:47.36934=450=TID57=SID37=211=2017-08-22_715c2335-fd10-40e8-b942-211ab94962ab17=2150=A39=A581=155=APPL54=138=1040=244=2151=1014=060=20170822-16:05:471030=I10=104
20170822-16:05:47.614 : 8=FIXT.1.19=21035=849=BME56=DBL52=20170822-16:05:47.37134=550=TID57=SID37=211=2017-08-22_715c2335-fd10-40e8-b942-211ab94962ab17=3150=039=0581=155=APPL54=138=1040=244=0151=1014=060=20170822-16:05:471030=I10=063
20170822-16:05:47.681 : 8=FIXT.1.19=21035=849=BME56=DBL52=20170822-16:05:47.37134=650=TID57=SID37=211=2017-08-22_715c2335-fd10-40e8-b942-211ab94962ab17=4150=F39=2581=155=APPL54=138=1040=244=2151=014=1060=20170822-16:05:471030=I10=091
20170822-16:05:47.734 : 8=FIXT.1.19=21035=849=BME56=DBL52=20170822-16:05:47.37134=750=TID57=SID37=111=2017-08-22_e0a38b07-b23e-416a-8f82-da7ded8028e717=5150=F39=2581=155=APPL54=238=1040=244=2151=014=1060=20170822-16:05:471030=I10=044
20170822-16:06:16.927 : 8=FIXT.1.19=4935=534=449=DBL52=20170822-16:06:16.92756=BME10=225
20170822-16:06:16.928 : 8=FIXT.1.19=6335=549=BME56=DBL52=20170822-16:06:16.92734=850=TID57=SID10=239
20170823-08:21:13.267 : 8=FIXT.1.19=9835=A34=149=DBL50=SID52=20170823-08:21:13.25956=BME57=TID98=0108=30141=Y1137=41408=T4.010=107
20170823-08:21:13.273 : 8=FIXT.1.19=9835=A49=BME56=DBL52=20170823-08:21:13.27234=150=TID57=SID98=0108=30141=Y1137=91408=T4.010=107
20170823-08:21:43.046 : 8=FIXT.1.19=4935=034=249=DBL52=20170823-08:21:43.04356=BME10=206
20170823-08:21:44.302 : 8=FIXT.1.19=6335=049=BME56=DBL52=20170823-08:21:44.30234=250=TID57=SID10=215
20170823-08:22:13.132 : 8=FIXT.1.19=4935=034=349=DBL52=20170823-08:22:13.13156=BME10=203
20170823-08:22:15.334 : 8=FIXT.1.19=6335=049=BME56=DBL52=20170823-08:22:15.33434=350=TID57=SID10=220
20170823-08:22:35.712 : 8=FIXT.1.19=17535=D34=449=DBL52=20170823-08:22:35.71256=BME1137=911=2017-08-23_ab0263b7-f6eb-43a3-978a-5e95cedabc3f21=138=540=244=2054=255=APPL60=20170823-08:22:35581=11030=I10=035
20170823-08:22:35.716 : 8=FIXT.1.19=20935=849=BME56=DBL52=20170823-08:22:35.71334=450=TID57=SID37=111=2017-08-23_ab0263b7-f6eb-43a3-978a-5e95cedabc3f17=0150=A39=A581=155=APPL54=238=540=244=20151=514=060=20170823-08:22:351030=I10=155
20170823-08:22:35.718 : 8=FIXT.1.19=17535=D34=549=DBL52=20170823-08:22:35.71856=BME1137=911=2017-08-23_3d44e0d3-c9fe-444f-a2bd-02e237c3c6c921=138=540=244=2054=155=APPL60=20170823-08:22:35581=11030=I10=195
20170823-08:22:35.879 : 8=FIXT.1.19=20835=849=BME56=DBL52=20170823-08:22:35.71634=550=TID57=SID37=111=2017-08-23_ab0263b7-f6eb-43a3-978a-5e95cedabc3f17=1150=039=0581=155=APPL54=238=540=244=0151=514=060=20170823-08:22:351030=I10=075
20170823-08:22:35.941 : 8=FIXT.1.19=20935=849=BME56=DBL52=20170823-08:22:35.71834=650=TID57=SID37=211=2017-08-23_3d44e0d3-c9fe-444f-a2bd-02e237c3c6c917=2150=A39=A581=155=APPL54=138=540=244=20151=514=060=20170823-08:22:351030=I10=062
20170823-08:22:36.047 : 8=FIXT.1.19=20835=849=BME56=DBL52=20170823-08:22:35.71934=750=TID57=SID37=211=2017-08-23_3d44e0d3-c9fe-444f-a2bd-02e237c3c6c917=3150=039=0581=155=APPL54=138=540=244=0151=514=060=20170823-08:22:351030=I10=236
20170823-08:22:36.122 : 8=FIXT.1.19=20935=849=BME56=DBL52=20170823-08:22:35.71934=850=TID57=SID37=211=2017-08-23_3d44e0d3-c9fe-444f-a2bd-02e237c3c6c917=4150=F39=2581=155=APPL54=138=540=244=20151=014=560=20170823-08:22:351030=I10=057
20170823-08:22:36.205 : 8=FIXT.1.19=20935=849=BME56=DBL52=20170823-08:22:35.71934=950=TID57=SID37=111=2017-08-23_ab0263b7-f6eb-43a3-978a-5e95cedabc3f17=5150=F39=2581=155=APPL54=238=540=244=20151=014=560=20170823-08:22:351030=I10=161
20170823-08:23:05.028 : 8=FIXT.1.19=4935=034=649=DBL52=20170823-08:23:05.01056=BME10=204
20170823-08:23:06.387 : 8=FIXT.1.19=6435=049=BME56=DBL52=20170823-08:23:06.38734=1050=TID57=SID10=020
20170823-08:23:17.451 : 8=FIXT.1.19=17435=D34=749=DBL52=20170823-08:23:17.45156=BME1137=911=2017-08-23_e64c07d8-186a-4d70-b035-ed032ba0aa1621=138=240=244=354=255=APPL60=20170823-08:23:17581=11030=I10=028
20170823-08:23:17.454 : 8=FIXT.1.19=20935=849=BME56=DBL52=20170823-08:23:17.45234=1150=TID57=SID37=311=2017-08-23_e64c07d8-186a-4d70-b035-ed032ba0aa1617=6150=A39=A581=155=APPL54=238=240=244=3151=214=060=20170823-08:23:171030=I10=197
20170823-08:23:17.460 : 8=FIXT.1.19=17435=D34=849=DBL52=20170823-08:23:17.46056=BME1137=911=2017-08-23_c231bd72-44fb-4847-9429-944166301a2c21=138=240=244=354=155=APPL60=20170823-08:23:17581=11030=I10=067
20170823-08:23:17.560 : 8=FIXT.1.19=20935=849=BME56=DBL52=20170823-08:23:17.45234=1250=TID57=SID37=311=2017-08-23_e64c07d8-186a-4d70-b035-ed032ba0aa1617=7150=039=0581=155=APPL54=238=240=244=0151=214=060=20170823-08:23:171030=I10=162
20170823-08:23:17.672 : 8=FIXT.1.19=20935=849=BME56=DBL52=20170823-08:23:17.46034=1350=TID57=SID37=411=2017-08-23_c231bd72-44fb-4847-9429-944166301a2c17=8150=A39=A581=155=APPL54=138=240=244=3151=214=060=20170823-08:23:171030=I10=239
20170823-08:23:17.802 : 8=FIXT.1.19=20935=849=BME56=DBL52=20170823-08:23:17.46234=1450=TID57=SID37=411=2017-08-23_c231bd72-44fb-4847-9429-944166301a2c17=9150=039=0581=155=APPL54=138=240=244=0151=214=060=20170823-08:23:171030=I10=206
20170823-08:23:17.864 : 8=FIXT.1.19=21035=849=BME56=DBL52=20170823-08:23:17.46534=1550=TID57=SID37=411=2017-08-23_c231bd72-44fb-4847-9429-944166301a2c17=10150=F39=2581=155=APPL54=138=240=244=3151=014=260=20170823-08:23:171030=I10=013
20170823-08:23:18.005 : 8=FIXT.1.19=21035=849=BME56=DBL52=20170823-08:23:17.46534=1650=TID57=SID37=311=2017-08-23_e64c07d8-186a-4d70-b035-ed032ba0aa1617=11150=F39=2581=155=APPL54=238=240=244=3151=014=260=20170823-08:23:171030=I10=232
20170823-08:23:47.116 : 8=FIXT.1.19=4935=034=949=DBL52=20170823-08:23:47.11456=BME10=218
20170823-08:23:48.428 : 8=FIXT.1.19=6435=049=BME56=DBL52=20170823-08:23:48.42834=1750=TID57=SID10=029
20170823-08:24:17.327 : 8=FIXT.1.19=5035=034=1049=DBL52=20170823-08:24:17.32456=BME10=251
20170823-08:24:19.459 : 8=FIXT.1.19=6435=049=BME56=DBL52=20170823-08:24:19.45934=1850=TID57=SID10=033
20170823-08:24:47.178 : 8=FIXT.1.19=5035=034=1149=DBL52=20170823-08:24:47.17556=BME10=003
20170823-08:24:50.489 : 8=FIXT.1.19=6435=049=BME56=DBL52=20170823-08:24:50.48934=1950=TID57=SID10=032
20170823-08:25:14.372 : 8=FIXT.1.19=17635=D34=1249=DBL52=20170823-08:25:14.36756=BME1137=911=2017-08-23_0e9b8877-a378-4bfb-a0c8-b6af030b2f5421=138=1040=244=554=255=APPL60=20170823-08:25:14581=11030=I10=199
20170823-08:25:14.374 : 8=FIXT.1.19=21235=849=BME56=DBL52=20170823-08:25:14.37234=2050=TID57=SID37=511=2017-08-23_0e9b8877-a378-4bfb-a0c8-b6af030b2f5417=12150=A39=A581=155=APPL54=238=1040=244=5151=1014=060=20170823-08:25:141030=I10=149
20170823-08:25:14.375 : 8=FIXT.1.19=17635=D34=1349=DBL52=20170823-08:25:14.37556=BME1137=911=2017-08-23_759629ba-46b2-4a44-b3b7-3b4eff8be35921=138=1040=244=554=155=APPL60=20170823-08:25:14581=11030=I10=162
20170823-08:25:14.427 : 8=FIXT.1.19=21235=849=BME56=DBL52=20170823-08:25:14.37334=2150=TID57=SID37=511=2017-08-23_0e9b8877-a378-4bfb-a0c8-b6af030b2f5417=13150=039=0581=155=APPL54=238=1040=244=0151=1014=060=20170823-08:25:141030=I10=113
20170823-08:25:14.521 : 8=FIXT.1.19=21235=849=BME56=DBL52=20170823-08:25:14.37634=2250=TID57=SID37=611=2017-08-23_759629ba-46b2-4a44-b3b7-3b4eff8be35917=14150=A39=A581=155=APPL54=138=1040=244=5151=1014=060=20170823-08:25:141030=I10=121
20170823-08:25:14.581 : 8=FIXT.1.19=21235=849=BME56=DBL52=20170823-08:25:14.37734=2350=TID57=SID37=611=2017-08-23_759629ba-46b2-4a44-b3b7-3b4eff8be35917=15150=039=0581=155=APPL54=138=1040=244=0151=1014=060=20170823-08:25:141030=I10=085
20170823-08:25:14.662 : 8=FIXT.1.19=21235=849=BME56=DBL52=20170823-08:25:14.37734=2450=TID57=SID37=611=2017-08-23_759629ba-46b2-4a44-b3b7-3b4eff8be35917=16150=F39=2581=155=APPL54=138=1040=244=5151=014=1060=20170823-08:25:141030=I10=116
20170823-08:25:14.702 : 8=FIXT.1.19=21235=849=BME56=DBL52=20170823-08:25:14.37734=2550=TID57=SID37=511=2017-08-23_0e9b8877-a378-4bfb-a0c8-b6af030b2f5417=17150=F39=2581=155=APPL54=238=1040=244=5151=014=1060=20170823-08:25:141030=I10=154
20170823-08:25:44.141 : 8=FIXT.1.19=5035=034=1449=DBL52=20170823-08:25:44.13856=BME10=003
20170823-08:25:45.538 : 8=FIXT.1.19=6435=049=BME56=DBL52=20170823-08:25:45.53734=2650=TID57=SID10=029
20170823-08:26:14.089 : 8=FIXT.1.19=5035=034=1549=DBL52=20170823-08:26:14.08156=BME10=255
20170823-08:26:16.572 : 8=FIXT.1.19=6435=049=BME56=DBL52=20170823-08:26:16.57134=2750=TID57=SID10=027
20170823-08:26:44.879 : 8=FIXT.1.19=5035=034=1649=DBL52=20170823-08:26:44.87856=BME10=017
20170823-08:26:47.604 : 8=FIXT.1.19=6435=049=BME56=DBL52=20170823-08:26:47.60434=2850=TID57=SID10=029
20170823-08:27:08.937 : 8=FIXT.1.19=5035=534=1749=DBL52=20170823-08:27:08.93756=BME10=020
20170823-08:27:08.937 : 8=FIXT.1.19=6435=549=BME56=DBL52=20170823-08:27:08.93734=2950=TID57=SID10=042
20170823-08:29:56.086 : 8=FIXT.1.19=9835=A34=149=DBL50=SID52=20170823-08:29:56.07656=BME57=TID98=0108=30141=Y1137=41408=T4.010=119
20170823-08:29:56.089 : 8=FIXT.1.19=9835=A49=BME56=DBL52=20170823-08:29:56.08834=150=TID57=SID98=0108=30141=Y1137=91408=T4.010=127
20170823-08:30:26.146 : 8=FIXT.1.19=4935=034=249=DBL52=20170823-08:30:26.11456=BME10=206
20170823-08:30:27.138 : 8=FIXT.1.19=6335=049=BME56=DBL52=20170823-08:30:27.13734=250=TID57=SID10=222
20170823-08:30:33.254 : 8=FIXT.1.19=4935=534=349=DBL52=20170823-08:30:33.25456=BME10=215
20170823-08:30:33.255 : 8=FIXT.1.19=6335=549=BME56=DBL52=20170823-08:30:33.25434=350=TID57=SID10=225
20170823-08:35:12.409 : 8=FIXT.1.19=9835=A34=149=DBL50=SID52=20170823-08:35:12.39956=BME57=TID98=0108=30141=Y1137=41408=T4.010=116
20170823-08:35:12.410 : 8=FIXT.1.19=9835=A49=BME56=DBL52=20170823-08:35:12.40934=150=TID57=SID98=0108=30141=Y1137=91408=T4.010=113
20170823-08:35:18.866 : 8=FIXT.1.19=4935=534=249=DBL52=20170823-08:35:18.86656=BME10=231
20170823-08:35:18.867 : 8=FIXT.1.19=6335=549=BME56=DBL52=20170823-08:35:18.86634=250=TID57=SID10=241
20170823-08:35:23.240 : 8=FIXT.1.19=9835=A34=149=DBL50=SID52=20170823-08:35:23.23456=BME57=TID98=0108=30141=Y1137=41408=T4.010=106
20170823-08:35:23.241 : 8=FIXT.1.19=9835=A49=BME56=DBL52=20170823-08:35:23.24134=150=TID57=SID98=0108=30141=Y1137=91408=T4.010=109
20170823-08:35:42.142 : 8=FIXT.1.19=17635=D34=249=DBL52=20170823-08:35:42.14256=BME1137=911=2017-08-23_7328d7cd-4795-4753-9505-0c9956eae22521=138=3440=244=2554=255=APPL60=20170823-08:35:42581=11030=I10=194
20170823-08:35:42.144 : 8=FIXT.1.19=21135=849=BME56=DBL52=20170823-08:35:42.14334=250=TID57=SID37=111=2017-08-23_7328d7cd-4795-4753-9505-0c9956eae22517=0150=A39=A581=155=APPL54=238=3440=244=25151=3414=060=20170823-08:35:421030=I10=100
20170823-08:35:42.146 : 8=FIXT.1.19=17635=D34=349=DBL52=20170823-08:35:42.14656=BME1137=911=2017-08-23_98183153-ddad-4e18-8a8b-559763f42f8121=138=3440=244=2554=155=APPL60=20170823-08:35:42581=11030=I10=035
20170823-08:35:42.224 : 8=FIXT.1.19=21035=849=BME56=DBL52=20170823-08:35:42.14334=350=TID57=SID37=111=2017-08-23_7328d7cd-4795-4753-9505-0c9956eae22517=1150=039=0581=155=APPL54=238=3440=244=0151=3414=060=20170823-08:35:421030=I10=012
20170823-08:35:42.273 : 8=FIXT.1.19=21135=849=BME56=DBL52=20170823-08:35:42.14634=450=TID57=SID37=211=2017-08-23_98183153-ddad-4e18-8a8b-559763f42f8117=2150=A39=A581=155=APPL54=138=3440=244=25151=3414=060=20170823-08:35:421030=I10=200
20170823-08:35:42.353 : 8=FIXT.1.19=21035=849=BME56=DBL52=20170823-08:35:42.14734=550=TID57=SID37=211=2017-08-23_98183153-ddad-4e18-8a8b-559763f42f8117=3150=039=0581=155=APPL54=138=3440=244=0151=3414=060=20170823-08:35:421030=I10=113
20170823-08:35:42.489 : 8=FIXT.1.19=21135=849=BME56=DBL52=20170823-08:35:42.14734=650=TID57=SID37=211=2017-08-23_98183153-ddad-4e18-8a8b-559763f42f8117=4150=F39=2581=155=APPL54=138=3440=244=25151=014=3460=20170823-08:35:421030=I10=195
20170823-08:35:42.574 : 8=FIXT.1.19=21135=849=BME56=DBL52=20170823-08:35:42.14734=750=TID57=SID37=111=2017-08-23_7328d7cd-4795-4753-9505-0c9956eae22517=5150=F39=2581=155=APPL54=238=3440=244=25151=014=3460=20170823-08:35:421030=I10=104
20170823-08:36:12.030 : 8=FIXT.1.19=4935=034=449=DBL52=20170823-08:36:12.00656=BME10=209
20170823-08:36:13.290 : 8=FIXT.1.19=6335=049=BME56=DBL52=20170823-08:36:13.28934=850=TID57=SID10=237
20170823-08:36:42.069 : 8=FIXT.1.19=4935=034=549=DBL52=20170823-08:36:42.06856=BME10=221
20170823-08:36:44.324 : 8=FIXT.1.19=6335=049=BME56=DBL52=20170823-08:36:44.32434=950=TID57=SID10=232
20170823-08:37:12.076 : 8=FIXT.1.19=4935=034=649=DBL52=20170823-08:37:12.07056=BME10=213
20170823-08:37:15.355 : 8=FIXT.1.19=6435=049=BME56=DBL52=20170823-08:37:15.35434=1050=TID57=SID10=019
20170823-08:37:42.076 : 8=FIXT.1.19=4935=034=749=DBL52=20170823-08:37:42.07656=BME10=223
20170823-08:37:46.389 : 8=FIXT.1.19=6435=049=BME56=DBL52=20170823-08:37:46.38934=1150=TID57=SID10=032
20170823-08:38:12.172 : 8=FIXT.1.19=4935=034=849=DBL52=20170823-08:38:12.16756=BME10=223
20170823-08:38:17.419 : 8=FIXT.1.19=6435=049=BME56=DBL52=20170823-08:38:17.41934=1250=TID57=SID10=026
20170823-08:38:42.076 : 8=FIXT.1.19=4935=034=949=DBL52=20170823-08:38:42.06656=BME10=225
20170823-08:38:48.452 : 8=FIXT.1.19=6435=049=BME56=DBL52=20170823-08:38:48.45234=1350=TID57=SID10=028
20170823-08:39:12.618 : 8=FIXT.1.19=5035=034=1049=DBL52=20170823-08:39:12.61856=BME10=002
20170823-08:39:19.484 : 8=FIXT.1.19=6435=049=BME56=DBL52=20170823-08:39:19.48434=1450=TID57=SID10=033
20170823-08:39:54.458 : 8=FIXT.1.19=9835=A34=149=DBL50=SID52=20170823-08:39:54.44356=BME57=TID98=0108=30141=Y1137=41408=T4.010=116
20170823-08:39:54.459 : 8=FIXT.1.19=9835=A49=BME56=DBL52=20170823-08:39:54.45934=150=TID57=SID98=0108=30141=Y1137=91408=T4.010=128
20170823-08:40:24.605 : 8=FIXT.1.19=4935=034=249=DBL52=20170823-08:40:24.60556=BME10=210
20170823-08:40:25.493 : 8=FIXT.1.19=6335=049=BME56=DBL52=20170823-08:40:25.49234=250=TID57=SID10=225
20170823-08:40:46.741 : 8=FIXT.1.19=4935=534=349=DBL52=20170823-08:40:46.74156=BME10=221
20170823-08:40:46.742 : 8=FIXT.1.19=6335=549=BME56=DBL52=20170823-08:40:46.74134=350=TID57=SID10=231
20170823-08:48:02.883 : 8=FIXT.1.19=9835=A34=149=DBL50=SID52=20170823-08:48:02.87956=BME57=TID98=0108=30141=Y1137=41408=T4.010=122
20170823-08:48:02.890 : 8=FIXT.1.19=9835=A49=BME56=DBL52=20170823-08:48:02.88934=150=TID57=SID98=0108=30141=Y1137=91408=T4.010=128
20170823-08:48:17.361 : 8=FIXT.1.19=17635=D34=249=DBL52=20170823-08:48:17.36156=BME1137=911=2017-08-23_43be9db5-1f7b-4db2-b4d2-ecb645ce137921=138=4540=244=3554=255=APPL60=20170823-08:48:17581=11030=I10=058
20170823-08:48:17.363 : 8=FIXT.1.19=21135=849=BME56=DBL52=20170823-08:48:17.36134=250=TID57=SID37=111=2017-08-23_43be9db5-1f7b-4db2-b4d2-ecb645ce137917=0150=A39=A581=155=APPL54=238=4540=244=35151=4514=060=20170823-08:48:171030=I10=221
20170823-08:48:17.368 : 8=FIXT.1.19=17635=D34=349=DBL52=20170823-08:48:17.36756=BME1137=911=2017-08-23_10ff29be-1549-450a-b876-134e7f843e0121=138=4540=244=3554=155=APPL60=20170823-08:48:17581=11030=I10=035
20170823-08:48:17.523 : 8=FIXT.1.19=21035=849=BME56=DBL52=20170823-08:48:17.36234=350=TID57=SID37=111=2017-08-23_43be9db5-1f7b-4db2-b4d2-ecb645ce137917=1150=039=0581=155=APPL54=238=4540=244=0151=4514=060=20170823-08:48:171030=I10=133
20170823-08:48:17.628 : 8=FIXT.1.19=21135=849=BME56=DBL52=20170823-08:48:17.36834=450=TID57=SID37=211=2017-08-23_10ff29be-1549-450a-b876-134e7f843e0117=2150=A39=A581=155=APPL54=138=4540=244=35151=4514=060=20170823-08:48:171030=I10=203
20170823-08:48:17.684 : 8=FIXT.1.19=21035=849=BME56=DBL52=20170823-08:48:17.36934=550=TID57=SID37=211=2017-08-23_10ff29be-1549-450a-b876-134e7f843e0117=3150=039=0581=155=APPL54=138=4540=244=0151=4514=060=20170823-08:48:171030=I10=115
20170823-08:48:17.759 : 8=FIXT.1.19=21135=849=BME56=DBL52=20170823-08:48:17.36934=650=TID57=SID37=211=2017-08-23_10ff29be-1549-450a-b876-134e7f843e0117=4150=F39=2581=155=APPL54=138=4540=244=35151=014=4560=20170823-08:48:171030=I10=198
20170823-08:48:17.807 : 8=FIXT.1.19=21135=849=BME56=DBL52=20170823-08:48:17.36934=750=TID57=SID37=111=2017-08-23_43be9db5-1f7b-4db2-b4d2-ecb645ce137917=5150=F39=2581=155=APPL54=238=4540=244=35151=014=4560=20170823-08:48:171030=I10=229
20170823-08:48:26.105 : 8=FIXT.1.19=4935=534=449=DBL52=20170823-08:48:26.10556=BME10=222
20170823-08:48:26.106 : 8=FIXT.1.19=6335=549=BME56=DBL52=20170823-08:48:26.10534=850=TID57=SID10=236
20170823-08:49:06.396 : 8=FIXT.1.19=9835=A34=149=DBL50=SID52=20170823-08:49:06.38756=BME57=TID98=0108=30141=Y1137=41408=T4.010=121
20170823-08:49:06.400 : 8=FIXT.1.19=9835=A49=BME56=DBL52=20170823-08:49:06.39834=150=TID57=SID98=0108=30141=Y1137=91408=T4.010=128
20170823-08:49:18.464 : 8=FIXT.1.19=17835=D34=249=DBL52=20170823-08:49:18.46256=BME1137=911=2017-08-23_dc5385db-2dfa-474b-969c-b6258a9a6ed121=138=10040=244=10054=255=TEST60=20170823-08:49:18581=11030=I10=132
20170823-08:49:18.465 : 8=FIXT.1.19=21435=849=BME56=DBL52=20170823-08:49:18.46434=250=TID57=SID37=111=2017-08-23_dc5385db-2dfa-474b-969c-b6258a9a6ed117=0150=A39=A581=155=TEST54=238=10040=244=100151=10014=060=20170823-08:49:181030=I10=082
20170823-08:49:18.467 : 8=FIXT.1.19=17835=D34=349=DBL52=20170823-08:49:18.46756=BME1137=911=2017-08-23_2e568a3f-c337-4218-b8a9-a6ad13b39c8c21=138=10040=244=10054=155=TEST60=20170823-08:49:18581=11030=I10=031
20170823-08:49:18.543 : 8=FIXT.1.19=21235=849=BME56=DBL52=20170823-08:49:18.46534=350=TID57=SID37=111=2017-08-23_dc5385db-2dfa-474b-969c-b6258a9a6ed117=1150=039=0581=155=TEST54=238=10040=244=0151=10014=060=20170823-08:49:181030=I10=208
20170823-08:49:18.616 : 8=FIXT.1.19=21435=849=BME56=DBL52=20170823-08:49:18.46734=450=TID57=SID37=211=2017-08-23_2e568a3f-c337-4218-b8a9-a6ad13b39c8c17=2150=A39=A581=155=TEST54=138=10040=244=100151=10014=060=20170823-08:49:181030=I10=239
20170823-08:49:18.647 : 8=FIXT.1.19=21235=849=BME56=DBL52=20170823-08:49:18.46834=550=TID57=SID37=211=2017-08-23_2e568a3f-c337-4218-b8a9-a6ad13b39c8c17=3150=039=0581=155=TEST54=138=10040=244=0151=10014=060=20170823-08:49:181030=I10=109
20170823-08:49:18.695 : 8=FIXT.1.19=21435=849=BME56=DBL52=20170823-08:49:18.46834=650=TID57=SID37=211=2017-08-23_2e568a3f-c337-4218-b8a9-a6ad13b39c8c17=4150=F39=2581=155=TEST54=138=10040=244=100151=014=10060=20170823-08:49:181030=I10=234
20170823-08:49:18.728 : 8=FIXT.1.19=21435=849=BME56=DBL52=20170823-08:49:18.46834=750=TID57=SID37=111=2017-08-23_dc5385db-2dfa-474b-969c-b6258a9a6ed117=5150=F39=2581=155=TEST54=238=10040=244=100151=014=10060=20170823-08:49:181030=I10=086
20170823-08:49:31.927 : 8=FIXT.1.19=4935=534=449=DBL52=20170823-08:49:31.92656=BME10=230
20170823-08:49:31.927 : 8=FIXT.1.19=6335=549=BME56=DBL52=20170823-08:49:31.92734=850=TID57=SID10=245
20170823-08:55:43.546 : 8=FIXT.1.19=9835=A34=149=DBL50=SID52=20170823-08:55:43.53656=BME57=TID98=0108=30141=Y1137=41408=T4.010=115
20170823-08:55:43.549 : 8=FIXT.1.19=9835=A49=BME56=DBL52=20170823-08:55:43.54834=150=TID57=SID98=0108=30141=Y1137=91408=T4.010=123
20170823-08:55:53.913 : 8=FIXT.1.19=17435=D34=249=DBL52=20170823-08:55:53.91256=BME1137=911=2017-08-23_f399ea7e-effd-48a8-9c2d-3324efe3cbb621=138=240=244=454=255=APPL60=20170823-08:55:53581=11030=I10=065
20170823-08:55:53.914 : 8=FIXT.1.19=20835=849=BME56=DBL52=20170823-08:55:53.91334=250=TID57=SID37=111=2017-08-23_f399ea7e-effd-48a8-9c2d-3324efe3cbb617=0150=A39=A581=155=APPL54=238=240=244=4151=214=060=20170823-08:55:531030=I10=182
20170823-08:55:53.916 : 8=FIXT.1.19=17435=D34=349=DBL52=20170823-08:55:53.91656=BME1137=911=2017-08-23_6a1d8782-6a38-4777-a4a1-0293b438af6421=138=240=244=454=155=APPL60=20170823-08:55:53581=11030=I10=135
20170823-08:55:53.998 : 8=FIXT.1.19=20835=849=BME56=DBL52=20170823-08:55:53.91434=350=TID57=SID37=111=2017-08-23_f399ea7e-effd-48a8-9c2d-3324efe3cbb617=1150=039=0581=155=APPL54=238=240=244=0151=214=060=20170823-08:55:531030=I10=147
20170823-08:55:54.133 : 8=FIXT.1.19=20835=849=BME56=DBL52=20170823-08:55:53.91734=450=TID57=SID37=211=2017-08-23_6a1d8782-6a38-4777-a4a1-0293b438af6417=2150=A39=A581=155=APPL54=138=240=244=4151=214=060=20170823-08:55:531030=I10=000
20170823-08:55:54.195 : 8=FIXT.1.19=20835=849=BME56=DBL52=20170823-08:55:53.91834=550=TID57=SID37=211=2017-08-23_6a1d8782-6a38-4777-a4a1-0293b438af6417=3150=039=0581=155=APPL54=138=240=244=0151=214=060=20170823-08:55:531030=I10=221
20170823-08:55:54.250 : 8=FIXT.1.19=20835=849=BME56=DBL52=20170823-08:55:53.91834=650=TID57=SID37=211=2017-08-23_6a1d8782-6a38-4777-a4a1-0293b438af6417=4150=F39=2581=155=APPL54=138=240=244=4151=014=260=20170823-08:55:531030=I10=251
20170823-08:55:54.316 : 8=FIXT.1.19=20835=849=BME56=DBL52=20170823-08:55:53.91834=750=TID57=SID37=111=2017-08-23_f399ea7e-effd-48a8-9c2d-3324efe3cbb617=5150=F39=2581=155=APPL54=238=240=244=4151=014=260=20170823-08:55:531030=I10=187
20170823-08:56:23.118 : 8=FIXT.1.19=4935=034=449=DBL52=20170823-08:56:23.10656=BME10=214
20170823-08:56:24.592 : 8=FIXT.1.19=6335=049=BME56=DBL52=20170823-08:56:24.59134=850=TID57=SID10=237
20170823-08:57:25.317 : 8=FIXT.1.19=9835=A34=149=DBL50=SID52=20170823-08:57:25.30356=BME57=TID98=0108=30141=Y1137=41408=T4.010=109
20170823-08:57:25.319 : 8=FIXT.1.19=9835=A49=BME56=DBL52=20170823-08:57:25.31934=150=TID57=SID98=0108=30141=Y1137=91408=T4.010=121
20170823-08:57:40.278 : 8=FIXT.1.19=17635=D34=249=DBL52=20170823-08:57:40.27856=BME1137=911=2017-08-23_83ccc2c4-61f8-44d1-8ee7-3c74a1f8d97b21=138=1040=244=1054=255=SHOW60=20170823-08:57:40581=11030=I10=238
20170823-08:57:40.280 : 8=FIXT.1.19=21135=849=BME56=DBL52=20170823-08:57:40.27934=250=TID57=SID37=111=2017-08-23_83ccc2c4-61f8-44d1-8ee7-3c74a1f8d97b17=0150=A39=A581=155=SHOW54=238=1040=244=10151=1014=060=20170823-08:57:401030=I10=138
20170823-08:57:40.282 : 8=FIXT.1.19=17635=D34=349=DBL52=20170823-08:57:40.28256=BME1137=911=2017-08-23_61d747eb-308f-4923-bc1f-a213a01a370c21=138=1040=244=1054=155=SHOW60=20170823-08:57:40581=11030=I10=100
20170823-08:57:40.412 : 8=FIXT.1.19=21035=849=BME56=DBL52=20170823-08:57:40.28034=350=TID57=SID37=111=2017-08-23_83ccc2c4-61f8-44d1-8ee7-3c74a1f8d97b17=1150=039=0581=155=SHOW54=238=1040=244=0151=1014=060=20170823-08:57:401030=I10=048
20170823-08:57:40.568 : 8=FIXT.1.19=21135=849=BME56=DBL52=20170823-08:57:40.28234=450=TID57=SID37=211=2017-08-23_61d747eb-308f-4923-bc1f-a213a01a370c17=2150=A39=A581=155=SHOW54=138=1040=244=10151=1014=060=20170823-08:57:401030=I10=003
20170823-08:57:40.761 : 8=FIXT.1.19=21035=849=BME56=DBL52=20170823-08:57:40.28334=550=TID57=SID37=211=2017-08-23_61d747eb-308f-4923-bc1f-a213a01a370c17=3150=039=0581=155=SHOW54=138=1040=244=0151=1014=060=20170823-08:57:401030=I10=178
20170823-08:57:40.865 : 8=FIXT.1.19=21135=849=BME56=DBL52=20170823-08:57:40.28434=650=TID57=SID37=211=2017-08-23_61d747eb-308f-4923-bc1f-a213a01a370c17=4150=F39=2581=155=SHOW54=138=1040=244=10151=014=1060=20170823-08:57:401030=I10=255
20170823-08:57:40.927 : 8=FIXT.1.19=21135=849=BME56=DBL52=20170823-08:57:40.28434=750=TID57=SID37=111=2017-08-23_83ccc2c4-61f8-44d1-8ee7-3c74a1f8d97b17=5150=F39=2581=155=SHOW54=238=1040=244=10151=014=1060=20170823-08:57:401030=I10=134
20170823-08:58:03.221 : 8=FIXT.1.19=17635=D34=449=DBL52=20170823-08:58:03.21956=BME1137=911=2017-08-23_213a5c33-2806-4dea-b56a-773a4d7d2e2421=138=1040=244=1054=255=SHOW60=20170823-08:58:03581=11030=I10=111
20170823-08:58:03.223 : 8=FIXT.1.19=21135=849=BME56=DBL52=20170823-08:58:03.22134=850=TID57=SID37=311=2017-08-23_213a5c33-2806-4dea-b56a-773a4d7d2e2417=6150=A39=A581=155=SHOW54=238=1040=244=10151=1014=060=20170823-08:58:031030=I10=015
20170823-08:58:03.228 : 8=FIXT.1.19=17635=D34=549=DBL52=20170823-08:58:03.22856=BME1137=911=2017-08-23_578b7ae5-05dc-4db8-b53a-3bc2d12a752321=138=1040=244=1054=155=SHOW60=20170823-08:58:03581=11030=I10=208
20170823-08:58:03.305 : 8=FIXT.1.19=21035=849=BME56=DBL52=20170823-08:58:03.22234=950=TID57=SID37=311=2017-08-23_213a5c33-2806-4dea-b56a-773a4d7d2e2417=7150=039=0581=155=SHOW54=238=1040=244=0151=1014=060=20170823-08:58:031030=I10=190
20170823-08:58:03.328 : 8=FIXT.1.19=21235=849=BME56=DBL52=20170823-08:58:03.22934=1050=TID57=SID37=411=2017-08-23_578b7ae5-05dc-4db8-b53a-3bc2d12a752317=8150=A39=A581=155=SHOW54=138=1040=244=10151=1014=060=20170823-08:58:031030=I10=164
20170823-08:58:03.352 : 8=FIXT.1.19=21135=849=BME56=DBL52=20170823-08:58:03.23034=1150=TID57=SID37=411=2017-08-23_578b7ae5-05dc-4db8-b53a-3bc2d12a752317=9150=039=0581=155=SHOW54=138=1040=244=0151=1014=060=20170823-08:58:031030=I10=074
20170823-08:58:03.387 : 8=FIXT.1.19=21335=849=BME56=DBL52=20170823-08:58:03.23034=1250=TID57=SID37=411=2017-08-23_578b7ae5-05dc-4db8-b53a-3bc2d12a752317=10150=F39=2581=155=SHOW54=138=1040=244=10151=014=1060=20170823-08:58:031030=I10=190
20170823-08:58:03.482 : 8=FIXT.1.19=21335=849=BME56=DBL52=20170823-08:58:03.23034=1350=TID57=SID37=311=2017-08-23_213a5c33-2806-4dea-b56a-773a4d7d2e2417=11150=F39=2581=155=SHOW54=238=1040=244=10151=014=1060=20170823-08:58:031030=I10=095
20170823-08:58:10.445 : 8=FIXT.1.19=4935=534=649=DBL52=20170823-08:58:10.44556=BME10=225
20170823-08:58:10.445 : 8=FIXT.1.19=6435=549=BME56=DBL52=20170823-08:58:10.44534=1450=TID57=SID10=027
20170823-09:01:05.595 : 8=FIXT.1.19=9835=A34=149=DBL50=SID52=20170823-09:01:05.58556=BME57=TID98=0108=30141=Y1137=41408=T4.010=109
20170823-09:01:05.597 : 8=FIXT.1.19=9835=A49=BME56=DBL52=20170823-09:01:05.59734=150=TID57=SID98=0108=30141=Y1137=91408=T4.010=117
20170823-09:03:00.533 : 8=FIXT.1.19=9835=A34=149=DBL50=SID52=20170823-09:03:00.53156=BME57=TID98=0108=30141=Y1137=41408=T4.010=097
20170823-09:03:00.546 : 8=FIXT.1.19=9835=A49=BME56=DBL52=20170823-09:03:00.53534=150=TID57=SID98=0108=30141=Y1137=91408=T4.010=106
20170823-09:06:00.358 : 8=FIXT.1.19=9835=A34=149=DBL50=SID52=20170823-09:06:00.34356=BME57=TID98=0108=30141=Y1137=41408=T4.010=101
20170823-09:06:00.360 : 8=FIXT.1.19=9835=A49=BME56=DBL52=20170823-09:06:00.36034=150=TID57=SID98=0108=30141=Y1137=91408=T4.010=105
20170823-09:06:14.634 : 8=FIXT.1.19=17535=D34=249=DBL52=20170823-09:06:14.63456=BME1137=911=2017-08-23_62263a26-2283-4908-afdb-1872bf769a8921=138=1040=244=654=255=CSCO60=20170823-09:06:14581=11030=I10=173
20170823-09:06:14.636 : 8=FIXT.1.19=21035=849=BME56=DBL52=20170823-09:06:14.63434=250=TID57=SID37=111=2017-08-23_62263a26-2283-4908-afdb-1872bf769a8917=0150=A39=A581=155=CSCO54=238=1040=244=6151=1014=060=20170823-09:06:141030=I10=072
20170823-09:06:14.637 : 8=FIXT.1.19=17535=D34=349=DBL52=20170823-09:06:14.63756=BME1137=911=2017-08-23_12188421-4c53-4caa-9955-c18f1f9d2f1821=138=1040=244=654=155=CSCO60=20170823-09:06:14581=11030=I10=215
20170823-09:06:14.724 : 8=FIXT.1.19=21035=849=BME56=DBL52=20170823-09:06:14.63534=350=TID57=SID37=111=2017-08-23_62263a26-2283-4908-afdb-1872bf769a8917=1150=039=0581=155=CSCO54=238=1040=244=0151=1014=060=20170823-09:06:141030=I10=035
20170823-09:06:14.772 : 8=FIXT.1.19=21035=849=BME56=DBL52=20170823-09:06:14.63834=450=TID57=SID37=211=2017-08-23_12188421-4c53-4caa-9955-c18f1f9d2f1817=2150=A39=A581=155=CSCO54=138=1040=244=6151=1014=060=20170823-09:06:141030=I10=119
20170823-09:06:14.860 : 8=FIXT.1.19=21035=849=BME56=DBL52=20170823-09:06:14.63934=550=TID57=SID37=211=2017-08-23_12188421-4c53-4caa-9955-c18f1f9d2f1817=3150=039=0581=155=CSCO54=138=1040=244=0151=1014=060=20170823-09:06:141030=I10=082
20170823-09:06:14.940 : 8=FIXT.1.19=21035=849=BME56=DBL52=20170823-09:06:14.63934=650=TID57=SID37=211=2017-08-23_12188421-4c53-4caa-9955-c18f1f9d2f1817=4150=F39=2581=155=CSCO54=138=1040=244=6151=014=1060=20170823-09:06:141030=I10=114
20170823-09:06:14.970 : 8=FIXT.1.19=21035=849=BME56=DBL52=20170823-09:06:14.63934=750=TID57=SID37=111=2017-08-23_62263a26-2283-4908-afdb-1872bf769a8917=5150=F39=2581=155=CSCO54=238=1040=244=6151=014=1060=20170823-09:06:141030=I10=077
20170823-09:06:25.187 : 8=FIXT.1.19=4935=534=449=DBL52=20170823-09:06:25.18756=BME10=226
20170823-09:06:25.188 : 8=FIXT.1.19=6335=549=BME56=DBL52=20170823-09:06:25.18734=850=TID57=SID10=240
20170823-09:08:26.051 : 8=FIXT.1.19=9835=A34=149=DBL50=SID52=20170823-09:08:26.04556=BME57=TID98=0108=30141=Y1137=41408=T4.010=110
20170823-09:08:26.053 : 8=FIXT.1.19=9835=A49=BME56=DBL52=20170823-09:08:26.05334=150=TID57=SID98=0108=30141=Y1137=91408=T4.010=114
20170823-09:08:54.954 : 8=FIXT.1.19=4935=534=249=DBL52=20170823-09:08:54.95456=BME10=230
20170823-09:08:54.956 : 8=FIXT.1.19=6335=549=BME56=DBL52=20170823-09:08:54.95534=250=TID57=SID10=241
20170823-09:13:54.468 : 8=FIXT.1.19=9835=A34=149=DBL50=SID52=20170823-09:13:54.45956=BME57=TID98=0108=30141=Y1137=41408=T4.010=116
20170823-09:13:54.470 : 8=FIXT.1.19=9835=A49=BME56=DBL52=20170823-09:13:54.47034=150=TID57=SID98=0108=30141=Y1137=91408=T4.010=114
20170823-09:13:57.620 : 8=FIXT.1.19=4935=534=249=DBL52=20170823-09:13:57.62056=BME10=219
20170823-09:13:57.620 : 8=FIXT.1.19=6335=549=BME56=DBL52=20170823-09:13:57.62034=250=TID57=SID10=229
20170823-09:15:46.752 : 8=FIXT.1.19=9835=A34=149=DBL50=SID52=20170823-09:15:46.74956=BME57=TID98=0108=30141=Y1137=41408=T4.010=121
20170823-09:15:46.756 : 8=FIXT.1.19=9835=A49=BME56=DBL52=20170823-09:15:46.75634=150=TID57=SID98=0108=30141=Y1137=91408=T4.010=124
20170823-09:16:09.949 : 8=FIXT.1.19=4935=534=249=DBL52=20170823-09:16:09.94956=BME10=233
20170823-09:16:09.950 : 8=FIXT.1.19=6335=549=BME56=DBL52=20170823-09:16:09.95034=250=TID57=SID10=235
20170823-09:23:42.939 : 8=FIXT.1.19=9835=A34=149=DBL50=SID52=20170823-09:23:42.93656=BME57=TID98=0108=30141=Y1137=41408=T4.010=114
20170823-09:23:42.939 : 8=FIXT.1.19=9835=A49=BME56=DBL52=20170823-09:23:42.93934=150=TID57=SID98=0108=30141=Y1137=91408=T4.010=122
20170823-09:23:46.106 : 8=FIXT.1.19=4935=534=249=DBL52=20170823-09:23:46.10656=BME10=217
20170823-09:23:46.107 : 8=FIXT.1.19=6335=549=BME56=DBL52=20170823-09:23:46.10634=250=TID57=SID10=227
20170823-10:18:48.564 : 8=FIXT.1.19=9835=A34=149=DBL50=SID52=20170823-10:18:48.56456=BME57=TID98=0108=30141=Y1137=41408=T4.010=113
20170823-10:18:48.566 : 8=FIXT.1.19=9835=A49=BME56=DBL52=20170823-10:18:48.56634=150=TID57=SID98=0108=30141=Y1137=91408=T4.010=120
20170823-10:18:57.467 : 8=FIXT.1.19=4935=534=249=DBL52=20170823-10:18:57.46656=BME10=224
20170823-10:18:57.467 : 8=FIXT.1.19=6335=549=BME56=DBL52=20170823-10:18:57.46734=250=TID57=SID10=235
20170823-12:22:23.923 : 8=FIXT.1.19=9835=A34=149=DBL50=SID52=20170823-12:22:23.92256=BME57=TID98=0108=30141=Y1137=41408=T4.010=101
20170823-12:22:23.942 : 8=FIXT.1.19=9835=A49=BME56=DBL52=20170823-12:22:23.92334=150=TID57=SID98=0108=30141=Y1137=91408=T4.010=107
20170823-12:22:26.224 : 8=FIXT.1.19=17435=D34=249=DBL52=20170823-12:22:26.22456=BME1137=911=2017-08-23_fbd89c0e-c3dc-407a-aee4-096909810f5421=138=240=244=254=255=ewew60=20170823-12:22:26581=11030=I10=225
20170823-12:22:26.225 : 8=FIXT.1.19=9235=349=BME56=DBL52=20170823-12:22:26.22434=250=TID57=SID45=2373=558=unknown symbol10=053
20170823-12:22:26.235 : 8=FIXT.1.19=17435=D34=349=DBL52=20170823-12:22:26.23556=BME1137=911=2017-08-23_2de81af8-7de6-4835-bba4-7fedf6fa523921=138=240=244=254=155=ewew60=20170823-12:22:26581=11030=I10=079
20170823-12:22:26.595 : 8=FIXT.1.19=9235=349=BME56=DBL52=20170823-12:22:26.23534=350=TID57=SID45=3373=558=unknown symbol10=057
20170823-12:22:38.040 : 8=FIXT.1.19=4935=534=449=DBL52=20170823-12:22:38.04056=BME10=210
20170823-12:22:38.041 : 8=FIXT.1.19=6335=549=BME56=DBL52=20170823-12:22:38.04134=450=TID57=SID10=221
20170823-13:40:09.837 : 8=FIXT.1.19=9835=A34=149=DBL50=SID52=20170823-13:40:09.83656=BME57=TID98=0108=30141=Y1137=41408=T4.010=110
20170823-13:40:09.838 : 8=FIXT.1.19=9835=A49=BME56=DBL52=20170823-13:40:09.83834=150=TID57=SID98=0108=30141=Y1137=91408=T4.010=117
20170823-13:40:25.894 : 8=FIXT.1.19=17435=D34=249=DBL52=20170823-13:40:25.89356=BME1137=911=2017-08-23_01aa98a2-b00e-4945-9b6d-b8510b24930e21=138=340=244=354=255=APPL60=20170823-13:40:25581=11030=I10=192
20170823-13:40:25.898 : 8=FIXT.1.19=20835=849=BME56=DBL52=20170823-13:40:25.89734=250=TID57=SID37=111=2017-08-23_01aa98a2-b00e-4945-9b6d-b8510b24930e17=0150=A39=A581=155=APPL54=238=340=244=3151=314=060=20170823-13:40:251030=I10=057
20170823-13:40:25.900 : 8=FIXT.1.19=17435=D34=349=DBL52=20170823-13:40:25.90056=BME1137=911=2017-08-23_9af0ac0f-ac32-4b6d-9295-597070d3d3df21=138=340=244=354=155=APPL60=20170823-13:40:25581=11030=I10=083
20170823-13:40:25.951 : 8=FIXT.1.19=20835=849=BME56=DBL52=20170823-13:40:25.89834=350=TID57=SID37=111=2017-08-23_01aa98a2-b00e-4945-9b6d-b8510b24930e17=1150=039=0581=155=APPL54=238=340=244=0151=314=060=20170823-13:40:251030=I10=023
20170823-13:40:26.032 : 8=FIXT.1.19=20835=849=BME56=DBL52=20170823-13:40:25.90134=450=TID57=SID37=211=2017-08-23_9af0ac0f-ac32-4b6d-9295-597070d3d3df17=2150=A39=A581=155=APPL54=138=340=244=3151=314=060=20170823-13:40:251030=I10=205
20170823-13:40:26.078 : 8=FIXT.1.19=20835=849=BME56=DBL52=20170823-13:40:25.90134=550=TID57=SID37=211=2017-08-23_9af0ac0f-ac32-4b6d-9295-597070d3d3df17=3150=039=0581=155=APPL54=138=340=244=0151=314=060=20170823-13:40:251030=I10=170
20170823-13:40:26.116 : 8=FIXT.1.19=20835=849=BME56=DBL52=20170823-13:40:25.90234=650=TID57=SID37=211=2017-08-23_9af0ac0f-ac32-4b6d-9295-597070d3d3df17=4150=F39=2581=155=APPL54=138=340=244=3151=014=360=20170823-13:40:251030=I10=200
20170823-13:40:26.157 : 8=FIXT.1.19=20835=849=BME56=DBL52=20170823-13:40:25.90234=750=TID57=SID37=111=2017-08-23_01aa98a2-b00e-4945-9b6d-b8510b24930e17=5150=F39=2581=155=APPL54=238=340=244=3151=014=360=20170823-13:40:251030=I10=044
20170823-13:40:41.328 : 8=FIXT.1.19=4935=534=449=DBL52=20170823-13:40:41.32856=BME10=214
20170823-13:40:41.328 : 8=FIXT.1.19=6335=549=BME56=DBL52=20170823-13:40:41.32834=850=TID57=SID10=228
20170823-13:42:02.654 : 8=FIXT.1.19=9835=A34=149=DBL50=SID52=20170823-13:42:02.65256=BME57=TID98=0108=30141=Y1137=41408=T4.010=101
20170823-13:42:02.656 : 8=FIXT.1.19=9835=A49=BME56=DBL52=20170823-13:42:02.65634=150=TID57=SID98=0108=30141=Y1137=91408=T4.010=110
20170823-13:42:19.357 : 8=FIXT.1.19=17435=D34=249=DBL52=20170823-13:42:19.35656=BME1137=911=2017-08-23_ad9871c2-f223-4d18-afeb-9fac2e8b8c3321=138=240=244=454=255=CSCO60=20170823-13:42:19581=11030=I10=193
20170823-13:42:19.359 : 8=FIXT.1.19=20835=849=BME56=DBL52=20170823-13:42:19.35734=250=TID57=SID37=111=2017-08-23_ad9871c2-f223-4d18-afeb-9fac2e8b8c3317=0150=A39=A581=155=CSCO54=238=240=244=4151=214=060=20170823-13:42:191030=I10=054
20170823-13:42:19.362 : 8=FIXT.1.19=17435=D34=349=DBL52=20170823-13:42:19.36256=BME1137=911=2017-08-23_bbc8c037-05b2-4b82-adda-9c9db9a7137021=138=240=244=454=155=CSCO60=20170823-13:42:19581=11030=I10=128
20170823-13:42:19.423 : 8=FIXT.1.19=20835=849=BME56=DBL52=20170823-13:42:19.35934=350=TID57=SID37=111=2017-08-23_ad9871c2-f223-4d18-afeb-9fac2e8b8c3317=1150=039=0581=155=CSCO54=238=240=244=0151=214=060=20170823-13:42:191030=I10=020
20170823-13:42:19.481 : 8=FIXT.1.19=20835=849=BME56=DBL52=20170823-13:42:19.36234=450=TID57=SID37=211=2017-08-23_bbc8c037-05b2-4b82-adda-9c9db9a7137017=2150=A39=A581=155=CSCO54=138=240=244=4151=214=060=20170823-13:42:191030=I10=248
20170823-13:42:19.572 : 8=FIXT.1.19=20835=849=BME56=DBL52=20170823-13:42:19.36334=550=TID57=SID37=211=2017-08-23_bbc8c037-05b2-4b82-adda-9c9db9a7137017=3150=039=0581=155=CSCO54=138=240=244=0151=214=060=20170823-13:42:191030=I10=213
20170823-13:42:19.693 : 8=FIXT.1.19=20835=849=BME56=DBL52=20170823-13:42:19.36334=650=TID57=SID37=211=2017-08-23_bbc8c037-05b2-4b82-adda-9c9db9a7137017=4150=F39=2581=155=CSCO54=138=240=244=4151=014=260=20170823-13:42:191030=I10=243
20170823-13:42:19.776 : 8=FIXT.1.19=20835=849=BME56=DBL52=20170823-13:42:19.36334=750=TID57=SID37=111=2017-08-23_ad9871c2-f223-4d18-afeb-9fac2e8b8c3317=5150=F39=2581=155=CSCO54=238=240=244=4151=014=260=20170823-13:42:191030=I10=051
20170823-13:42:26.193 : 8=FIXT.1.19=4935=534=449=DBL52=20170823-13:42:26.19356=BME10=219
20170823-13:42:26.193 : 8=FIXT.1.19=6335=549=BME56=DBL52=20170823-13:42:26.19334=850=TID57=SID10=233
20170823-13:49:05.112 : 8=FIXT.1.19=9835=A34=149=DBL50=SID52=20170823-13:49:05.11256=BME57=TID98=0108=30141=Y1137=41408=T4.010=102
20170823-13:49:05.114 : 8=FIXT.1.19=9835=A49=BME56=DBL52=20170823-13:49:05.11434=150=TID57=SID98=0108=30141=Y1137=91408=T4.010=109
20170823-13:49:25.690 : 8=FIXT.1.19=17535=D34=249=DBL52=20170823-13:49:25.69056=BME1137=911=2017-08-23_f9fbcad3-b771-4a00-bc2c-baee167fb12121=138=440=244=1054=255=CSCO60=20170823-13:49:25581=11030=I10=063
20170823-13:49:25.691 : 8=FIXT.1.19=20935=849=BME56=DBL52=20170823-13:49:25.69034=250=TID57=SID37=111=2017-08-23_f9fbcad3-b771-4a00-bc2c-baee167fb12117=0150=A39=A581=155=CSCO54=238=440=244=10151=414=060=20170823-13:49:251030=I10=181
20170823-13:49:25.693 : 8=FIXT.1.19=17535=D34=349=DBL52=20170823-13:49:25.69356=BME1137=911=2017-08-23_d30686e7-d2ea-4aec-ac64-bc955713502421=138=440=244=1054=155=CSCO60=20170823-13:49:25581=11030=I10=101
20170823-13:49:25.791 : 8=FIXT.1.19=20835=849=BME56=DBL52=20170823-13:49:25.69134=350=TID57=SID37=111=2017-08-23_f9fbcad3-b771-4a00-bc2c-baee167fb12117=1150=039=0581=155=CSCO54=238=440=244=0151=414=060=20170823-13:49:251030=I10=100
20170823-13:49:25.851 : 8=FIXT.1.19=20935=849=BME56=DBL52=20170823-13:49:25.69334=450=TID57=SID37=211=2017-08-23_d30686e7-d2ea-4aec-ac64-bc955713502417=2150=A39=A581=155=CSCO54=138=440=244=10151=414=060=20170823-13:49:251030=I10=223
20170823-13:49:25.886 : 8=FIXT.1.19=20835=849=BME56=DBL52=20170823-13:49:25.69434=550=TID57=SID37=211=2017-08-23_d30686e7-d2ea-4aec-ac64-bc955713502417=3150=039=0581=155=CSCO54=138=440=244=0151=414=060=20170823-13:49:251030=I10=142
20170823-13:49:25.947 : 8=FIXT.1.19=20935=849=BME56=DBL52=20170823-13:49:25.69434=650=TID57=SID37=211=2017-08-23_d30686e7-d2ea-4aec-ac64-bc955713502417=4150=F39=2581=155=CSCO54=138=440=244=10151=014=460=20170823-13:49:251030=I10=218
20170823-13:49:25.988 : 8=FIXT.1.19=20935=849=BME56=DBL52=20170823-13:49:25.69434=750=TID57=SID37=111=2017-08-23_f9fbcad3-b771-4a00-bc2c-baee167fb12117=5150=F39=2581=155=CSCO54=238=440=244=10151=014=460=20170823-13:49:251030=I10=185
20170823-13:49:47.239 : 8=FIXT.1.19=17535=D34=449=DBL52=20170823-13:49:47.23956=BME1137=911=2017-08-23_26a766ae-2544-4144-951f-78db811e599121=138=440=244=1054=255=CSCO60=20170823-13:49:47581=11030=I10=142
20170823-13:49:47.242 : 8=FIXT.1.19=20935=849=BME56=DBL52=20170823-13:49:47.24034=850=TID57=SID37=311=2017-08-23_26a766ae-2544-4144-951f-78db811e599117=6150=A39=A581=155=CSCO54=238=440=244=10151=414=060=20170823-13:49:471030=I10=008
20170823-13:49:47.244 : 8=FIXT.1.19=17535=D34=549=DBL52=20170823-13:49:47.24456=BME1137=911=2017-08-23_539d5667-2e80-44dc-9836-efe27aad757221=138=440=244=1054=155=CSCO60=20170823-13:49:47581=11030=I10=036
20170823-13:49:47.316 : 8=FIXT.1.19=20835=849=BME56=DBL52=20170823-13:49:47.24134=950=TID57=SID37=311=2017-08-23_26a766ae-2544-4144-951f-78db811e599117=7150=039=0581=155=CSCO54=238=440=244=0151=414=060=20170823-13:49:471030=I10=183
20170823-13:49:47.370 : 8=FIXT.1.19=21035=849=BME56=DBL52=20170823-13:49:47.24434=1050=TID57=SID37=411=2017-08-23_539d5667-2e80-44dc-9836-efe27aad757217=8150=A39=A581=155=CSCO54=138=440=244=10151=414=060=20170823-13:49:471030=I10=201
20170823-13:49:47.402 : 8=FIXT.1.19=20935=849=BME56=DBL52=20170823-13:49:47.24534=1150=TID57=SID37=411=2017-08-23_539d5667-2e80-44dc-9836-efe27aad757217=9150=039=0581=155=CSCO54=138=440=244=0151=414=060=20170823-13:49:471030=I10=129
20170823-13:49:47.453 : 8=FIXT.1.19=21135=849=BME56=DBL52=20170823-13:49:47.24634=1250=TID57=SID37=411=2017-08-23_539d5667-2e80-44dc-9836-efe27aad757217=10150=F39=2581=155=CSCO54=138=440=244=10151=014=460=20170823-13:49:471030=I10=237
20170823-13:49:47.487 : 8=FIXT.1.19=21135=849=BME56=DBL52=20170823-13:49:47.24634=1350=TID57=SID37=311=2017-08-23_26a766ae-2544-4144-951f-78db811e599117=11150=F39=2581=155=CSCO54=238=440=244=10151=014=460=20170823-13:49:471030=I10=085
20170823-13:50:17.161 : 8=FIXT.1.19=4935=034=649=DBL52=20170823-13:50:17.16056=BME10=209
20170823-13:50:18.183 : 8=FIXT.1.19=6435=049=BME56=DBL52=20170823-13:50:18.18334=1450=TID57=SID10=017
20170823-13:50:26.548 : 8=FIXT.1.19=17535=D34=749=DBL52=20170823-13:50:26.54856=BME1137=911=2017-08-23_2ac6eca2-54e7-49d8-ac0e-79ef1b1de24821=138=3540=244=954=255=APPL60=20170823-13:50:26581=11030=I10=004
20170823-13:50:26.552 : 8=FIXT.1.19=21235=849=BME56=DBL52=20170823-13:50:26.54934=1550=TID57=SID37=511=2017-08-23_2ac6eca2-54e7-49d8-ac0e-79ef1b1de24817=12150=A39=A581=155=APPL54=238=3540=244=9151=3514=060=20170823-13:50:261030=I10=015
20170823-13:50:26.554 : 8=FIXT.1.19=17535=D34=849=DBL52=20170823-13:50:26.55456=BME1137=911=2017-08-23_a14dcc51-0755-4b61-b312-30bb4caa3bde21=138=3540=244=954=155=APPL60=20170823-13:50:26581=11030=I10=167
20170823-13:50:26.595 : 8=FIXT.1.19=21235=849=BME56=DBL52=20170823-13:50:26.55234=1650=TID57=SID37=511=2017-08-23_2ac6eca2-54e7-49d8-ac0e-79ef1b1de24817=13150=039=0581=155=APPL54=238=3540=244=0151=3514=060=20170823-13:50:261030=I10=224
20170823-13:50:26.689 : 8=FIXT.1.19=21235=849=BME56=DBL52=20170823-13:50:26.55434=1750=TID57=SID37=611=2017-08-23_a14dcc51-0755-4b61-b312-30bb4caa3bde17=14150=A39=A581=155=APPL54=138=3540=244=9151=3514=060=20170823-13:50:261030=I10=181
20170823-13:50:26.761 : 8=FIXT.1.19=21235=849=BME56=DBL52=20170823-13:50:26.55634=1850=TID57=SID37=611=2017-08-23_a14dcc51-0755-4b61-b312-30bb4caa3bde17=15150=039=0581=155=APPL54=138=3540=244=0151=3514=060=20170823-13:50:261030=I10=142
20170823-13:50:26.793 : 8=FIXT.1.19=21235=849=BME56=DBL52=20170823-13:50:26.55634=1950=TID57=SID37=611=2017-08-23_a14dcc51-0755-4b61-b312-30bb4caa3bde17=16150=F39=2581=155=APPL54=138=3540=244=9151=014=3560=20170823-13:50:261030=I10=177
20170823-13:50:26.830 : 8=FIXT.1.19=21235=849=BME56=DBL52=20170823-13:50:26.55634=2050=TID57=SID37=511=2017-08-23_2ac6eca2-54e7-49d8-ac0e-79ef1b1de24817=17150=F39=2581=155=APPL54=238=3540=244=9151=014=3560=20170823-13:50:261030=I10=004
20170823-13:50:56.122 : 8=FIXT.1.19=4935=034=949=DBL52=20170823-13:50:56.12156=BME10=212
20170823-13:50:57.222 : 8=FIXT.1.19=6435=049=BME56=DBL52=20170823-13:50:57.22134=2150=TID57=SID10=011
20170823-13:51:26.101 : 8=FIXT.1.19=5035=034=1049=DBL52=20170823-13:51:26.10156=BME10=240
20170823-13:51:28.253 : 8=FIXT.1.19=6435=049=BME56=DBL52=20170823-13:51:28.25334=2250=TID57=SID10=016
20170823-13:51:56.451 : 8=FIXT.1.19=5035=034=1149=DBL52=20170823-13:51:56.45156=BME10=252
20170823-13:51:59.282 : 8=FIXT.1.19=6435=049=BME56=DBL52=20170823-13:51:59.28134=2350=TID57=SID10=022
20170823-13:52:26.375 : 8=FIXT.1.19=5035=034=1249=DBL52=20170823-13:52:26.37556=BME10=000
20170823-13:52:38.844 : 8=FIXT.1.19=6435=049=BME56=DBL52=20170823-13:52:38.77634=2450=TID57=SID10=030
20170823-13:52:56.042 : 8=FIXT.1.19=5035=034=1349=DBL52=20170823-13:52:56.04156=BME10=250
20170823-13:53:09.107 : 8=FIXT.1.19=6435=049=BME56=DBL52=20170823-13:53:09.10734=2550=TID57=SID10=018
20170823-13:53:26.162 : 8=FIXT.1.19=5035=034=1449=DBL52=20170823-13:53:26.15956=BME10=003
20170823-13:54:21.022 : 8=FIXT.1.19=9835=A34=149=DBL50=SID52=20170823-13:54:21.01756=BME57=TID98=0108=30141=Y1137=41408=T4.010=100
20170823-13:54:21.024 : 8=FIXT.1.19=9835=A49=BME56=DBL52=20170823-13:54:21.02334=150=TID57=SID98=0108=30141=Y1137=91408=T4.010=102
20170823-13:54:34.247 : 8=FIXT.1.19=4935=534=249=DBL52=20170823-13:54:34.24756=BME10=219
20170823-13:54:34.247 : 8=FIXT.1.19=6335=549=BME56=DBL52=20170823-13:54:34.24734=250=TID57=SID10=229
20170823-13:54:38.841 : 8=FIXT.1.19=9835=A34=149=DBL50=SID52=20170823-13:54:38.83856=BME57=TID98=0108=30141=Y1137=41408=T4.010=119
20170823-13:54:38.843 : 8=FIXT.1.19=9835=A49=BME56=DBL52=20170823-13:54:38.84334=150=TID57=SID98=0108=30141=Y1137=91408=T4.010=120
20170823-13:55:08.603 : 8=FIXT.1.19=4935=034=249=DBL52=20170823-13:55:08.60256=BME10=211
20170823-13:55:09.878 : 8=FIXT.1.19=6335=049=BME56=DBL52=20170823-13:55:09.87834=250=TID57=SID10=237
20170823-13:55:38.059 : 8=FIXT.1.19=9835=A34=149=DBL50=SID52=20170823-13:55:38.05956=BME57=TID98=0108=30141=Y1137=41408=T4.010=115
20170823-14:04:13.907 : 8=FIXT.1.19=9835=A34=149=DBL50=SID52=20170823-14:04:13.90156=BME57=TID98=0108=30141=Y1137=41408=T4.010=099
20170823-14:04:13.908 : 8=FIXT.1.19=9835=A49=BME56=DBL52=20170823-14:04:13.90834=150=TID57=SID98=0108=30141=Y1137=91408=T4.010=111
20170823-14:04:43.925 : 8=FIXT.1.19=4935=034=249=DBL52=20170823-14:04:43.92556=BME10=213
20170823-14:04:44.976 : 8=FIXT.1.19=6335=049=BME56=DBL52=20170823-14:04:44.94434=250=TID57=SID10=225
20170823-14:05:06.600 : 8=FIXT.1.19=4935=534=349=DBL52=20170823-14:05:06.60056=BME10=209
20170823-14:05:06.606 : 8=FIXT.1.19=6335=549=BME56=DBL52=20170823-14:05:06.60134=350=TID57=SID10=220
20170823-14:08:27.170 : 8=FIXT.1.19=9835=A34=149=DBL50=SID52=20170823-14:08:27.16756=BME57=TID98=0108=30141=Y1137=41408=T4.010=112
20170823-14:08:27.172 : 8=FIXT.1.19=9835=A49=BME56=DBL52=20170823-14:08:27.17234=150=TID57=SID98=0108=30141=Y1137=91408=T4.010=113
20170823-14:08:57.050 : 8=FIXT.1.19=4935=034=249=DBL52=20170823-14:08:57.05056=BME10=211
20170823-14:08:58.197 : 8=FIXT.1.19=6335=049=BME56=DBL52=20170823-14:08:58.19734=250=TID57=SID10=234
20170823-14:08:59.199 : 8=FIXT.1.19=4935=534=349=DBL52=20170823-14:08:59.19856=BME10=232
20170823-14:08:59.202 : 8=FIXT.1.19=6335=549=BME56=DBL52=20170823-14:08:59.19934=350=TID57=SID10=243
20170823-14:09:11.609 : 8=FIXT.1.19=9835=A34=149=DBL50=SID52=20170823-14:09:11.60956=BME57=TID98=0108=30141=Y1137=41408=T4.010=107
20170823-14:09:11.611 : 8=FIXT.1.19=9835=A49=BME56=DBL52=20170823-14:09:11.61034=150=TID57=SID98=0108=30141=Y1137=91408=T4.010=104
20170823-14:09:21.536 : 8=FIXT.1.19=4935=534=249=DBL52=20170823-14:09:21.53556=BME10=216
20170823-14:09:21.538 : 8=FIXT.1.19=6335=549=BME56=DBL52=20170823-14:09:21.53634=250=TID57=SID10=227
20170823-14:09:40.566 : 8=FIXT.1.19=9835=A34=149=DBL50=SID52=20170823-14:09:40.56656=BME57=TID98=0108=30141=Y1137=41408=T4.010=111
20170823-14:09:40.568 : 8=FIXT.1.19=9835=A49=BME56=DBL52=20170823-14:09:40.56734=150=TID57=SID98=0108=30141=Y1137=91408=T4.010=117
20170823-14:10:10.902 : 8=FIXT.1.19=4935=034=249=DBL52=20170823-14:10:10.90256=BME10=199
20170823-14:10:11.600 : 8=FIXT.1.19=6335=049=BME56=DBL52=20170823-14:10:11.60034=250=TID57=SID10=205
20170823-14:10:40.708 : 8=FIXT.1.19=4935=034=349=DBL52=20170823-14:10:40.70856=BME10=207
20170823-14:10:42.629 : 8=FIXT.1.19=6335=049=BME56=DBL52=20170823-14:10:42.62934=350=TID57=SID10=221
20170823-14:11:10.949 : 8=FIXT.1.19=4935=034=449=DBL52=20170823-14:11:10.94856=BME10=212
20170823-14:11:13.660 : 8=FIXT.1.19=6335=049=BME56=DBL52=20170823-14:11:13.66034=450=TID57=SID10=216
20170823-14:11:40.985 : 8=FIXT.1.19=4935=034=549=DBL52=20170823-14:11:40.98456=BME10=216
20170823-14:11:44.688 : 8=FIXT.1.19=6335=049=BME56=DBL52=20170823-14:11:44.68834=550=TID57=SID10=231
20170823-14:12:10.315 : 8=FIXT.1.19=4935=034=649=DBL52=20170823-14:12:10.31556=BME10=203
20170823-14:12:15.717 : 8=FIXT.1.19=6335=049=BME56=DBL52=20170823-14:12:15.71634=650=TID57=SID10=223
20170823-14:12:40.230 : 8=FIXT.1.19=4935=034=749=DBL52=20170823-14:12:40.23056=BME10=203
20170823-14:12:46.744 : 8=FIXT.1.19=6335=049=BME56=DBL52=20170823-14:12:46.74434=750=TID57=SID10=229
20170823-14:13:06.668 : 8=FIXT.1.19=17535=D34=849=DBL52=20170823-14:13:06.66856=BME1137=911=2017-08-23_4bfc9465-b67b-470a-a986-db8e359d757021=138=3440=244=354=255=APPL60=20170823-14:13:06581=11030=I10=080
20170823-14:13:06.670 : 8=FIXT.1.19=21035=849=BME56=DBL52=20170823-14:13:06.66834=850=TID57=SID37=111=2017-08-23_4bfc9465-b67b-470a-a986-db8e359d757017=0150=A39=A581=155=APPL54=238=3440=244=3151=3414=060=20170823-14:13:061030=I10=241
20170823-14:13:06.671 : 8=FIXT.1.19=17535=D34=949=DBL52=20170823-14:13:06.67156=BME1137=911=2017-08-23_f445b7ba-664b-477d-9243-7aead3a585e721=138=3440=244=354=155=APPL60=20170823-14:13:06581=11030=I10=112
20170823-14:13:06.748 : 8=FIXT.1.19=21035=849=BME56=DBL52=20170823-14:13:06.66934=950=TID57=SID37=111=2017-08-23_4bfc9465-b67b-470a-a986-db8e359d757017=1150=039=0581=155=APPL54=238=3440=244=0151=3414=060=20170823-14:13:061030=I10=207
20170823-14:13:06.817 : 8=FIXT.1.19=21135=849=BME56=DBL52=20170823-14:13:06.67234=1050=TID57=SID37=211=2017-08-23_f445b7ba-664b-477d-9243-7aead3a585e717=2150=A39=A581=155=APPL54=138=3440=244=3151=3414=060=20170823-14:13:061030=I10=062
20170823-14:13:06.951 : 8=FIXT.1.19=21135=849=BME56=DBL52=20170823-14:13:06.67234=1150=TID57=SID37=211=2017-08-23_f445b7ba-664b-477d-9243-7aead3a585e717=3150=039=0581=155=APPL54=138=3440=244=0151=3414=060=20170823-14:13:061030=I10=027
20170823-14:13:06.992 : 8=FIXT.1.19=21135=849=BME56=DBL52=20170823-14:13:06.67334=1250=TID57=SID37=211=2017-08-23_f445b7ba-664b-477d-9243-7aead3a585e717=4150=F39=2581=155=APPL54=138=3440=244=3151=014=3460=20170823-14:13:061030=I10=057
20170823-14:13:07.026 : 8=FIXT.1.19=21135=849=BME56=DBL52=20170823-14:13:06.67334=1350=TID57=SID37=111=2017-08-23_4bfc9465-b67b-470a-a986-db8e359d757017=5150=F39=2581=155=APPL54=238=3440=244=3151=014=3460=20170823-14:13:061030=I10=021
20170823-14:13:36.795 : 8=FIXT.1.19=5035=034=1049=DBL52=20170823-14:13:36.79456=BME10=002
20170823-14:13:37.793 : 8=FIXT.1.19=6435=049=BME56=DBL52=20170823-14:13:37.79334=1450=TID57=SID10=025
20170823-14:14:06.323 : 8=FIXT.1.19=5035=034=1149=DBL52=20170823-14:14:06.32056=BME10=242
20170823-14:14:08.825 : 8=FIXT.1.19=6435=049=BME56=DBL52=20170823-14:14:08.82534=1550=TID57=SID10=021
20170823-14:14:36.104 : 8=FIXT.1.19=5035=034=1249=DBL52=20170823-14:14:36.10456=BME10=246
20170823-14:14:39.852 : 8=FIXT.1.19=6435=049=BME56=DBL52=20170823-14:14:39.85234=1650=TID57=SID10=026
20170823-14:15:06.282 : 8=FIXT.1.19=5035=034=1349=DBL52=20170823-14:15:06.28056=BME10=250
20170823-14:15:10.881 : 8=FIXT.1.19=6435=049=BME56=DBL52=20170823-14:15:10.88034=1750=TID57=SID10=018
20170823-14:15:36.055 : 8=FIXT.1.19=5035=034=1449=DBL52=20170823-14:15:36.05556=BME10=254
20170823-14:15:41.915 : 8=FIXT.1.19=6435=049=BME56=DBL52=20170823-14:15:41.91534=1850=TID57=SID10=022
20170823-14:16:06.147 : 8=FIXT.1.19=5035=034=1549=DBL52=20170823-14:16:06.14156=BME10=249
20170823-14:16:12.945 : 8=FIXT.1.19=6435=049=BME56=DBL52=20170823-14:16:12.94534=1950=TID57=SID10=025
20170823-14:16:36.631 : 8=FIXT.1.19=5035=034=1649=DBL52=20170823-14:16:36.63156=BME10=001
20170823-14:16:43.974 : 8=FIXT.1.19=6435=049=BME56=DBL52=20170823-14:16:43.97434=2050=TID57=SID10=023
20170823-14:17:06.750 : 8=FIXT.1.19=5035=034=1749=DBL52=20170823-14:17:06.75056=BME10=002
20170823-14:17:15.002 : 8=FIXT.1.19=6435=049=BME56=DBL52=20170823-14:17:15.00234=2150=TID57=SID10=006
20170823-14:17:36.829 : 8=FIXT.1.19=5035=034=1849=DBL52=20170823-14:17:36.82956=BME10=013
20170823-14:17:46.028 : 8=FIXT.1.19=6435=049=BME56=DBL52=20170823-14:17:46.02834=2250=TID57=SID10=019
20170823-14:18:06.111 : 8=FIXT.1.19=5035=034=1949=DBL52=20170823-14:18:06.11156=BME10=252
20170823-14:18:17.064 : 8=FIXT.1.19=6435=049=BME56=DBL52=20170823-14:18:17.06434=2350=TID57=SID10=019
20170823-14:18:33.232 : 8=FIXT.1.19=17635=D34=2049=DBL52=20170823-14:18:33.23156=BME1137=911=2017-08-23_2b77c717-5ec5-4949-b432-c35b9218309b21=138=3440=244=254=255=CSCO60=20170823-14:18:33581=11030=I10=212
20170823-14:18:33.233 : 8=FIXT.1.19=21135=849=BME56=DBL52=20170823-14:18:33.23234=2450=TID57=SID37=311=2017-08-23_2b77c717-5ec5-4949-b432-c35b9218309b17=6150=A39=A581=155=CSCO54=238=3440=244=2151=3414=060=20170823-14:18:331030=I10=130
20170823-14:18:33.235 : 8=FIXT.1.19=17635=D34=2149=DBL52=20170823-14:18:33.23556=BME1137=911=2017-08-23_ca49a152-6361-4b5a-8379-a250802e7dc121=138=3440=244=254=155=CSCO60=20170823-14:18:33581=11030=I10=245
20170823-14:18:33.313 : 8=FIXT.1.19=21135=849=BME56=DBL52=20170823-14:18:33.23334=2550=TID57=SID37=311=2017-08-23_2b77c717-5ec5-4949-b432-c35b9218309b17=7150=039=0581=155=CSCO54=238=3440=244=0151=3414=060=20170823-14:18:331030=I10=097
20170823-14:18:33.369 : 8=FIXT.1.19=21135=849=BME56=DBL52=20170823-14:18:33.23634=2650=TID57=SID37=411=2017-08-23_ca49a152-6361-4b5a-8379-a250802e7dc117=8150=A39=A581=155=CSCO54=138=3440=244=2151=3414=060=20170823-14:18:331030=I10=167
20170823-14:18:33.449 : 8=FIXT.1.19=21135=849=BME56=DBL52=20170823-14:18:33.23734=2750=TID57=SID37=411=2017-08-23_ca49a152-6361-4b5a-8379-a250802e7dc117=9150=039=0581=155=CSCO54=138=3440=244=0151=3414=060=20170823-14:18:331030=I10=134
20170823-14:18:33.488 : 8=FIXT.1.19=21235=849=BME56=DBL52=20170823-14:18:33.23734=2850=TID57=SID37=411=2017-08-23_ca49a152-6361-4b5a-8379-a250802e7dc117=10150=F39=2581=155=CSCO54=138=3440=244=2151=014=3460=20170823-14:18:331030=I10=202
20170823-14:18:33.524 : 8=FIXT.1.19=21235=849=BME56=DBL52=20170823-14:18:33.23734=2950=TID57=SID37=311=2017-08-23_2b77c717-5ec5-4949-b432-c35b9218309b17=11150=F39=2581=155=CSCO54=238=3440=244=2151=014=3460=20170823-14:18:331030=I10=175
20170823-14:19:03.127 : 8=FIXT.1.19=5035=034=2249=DBL52=20170823-14:19:03.12756=BME10=251
20170823-14:19:04.110 : 8=FIXT.1.19=6435=049=BME56=DBL52=20170823-14:19:04.11034=3050=TID57=SID10=006
20170823-14:19:33.065 : 8=FIXT.1.19=5035=034=2349=DBL52=20170823-14:19:33.06556=BME10=000
20170823-14:19:35.136 : 8=FIXT.1.19=6435=049=BME56=DBL52=20170823-14:19:35.13634=3150=TID57=SID10=019
20170823-14:20:03.156 : 8=FIXT.1.19=5035=034=2449=DBL52=20170823-14:20:03.15656=BME10=247
20170823-14:20:06.163 : 8=FIXT.1.19=6435=049=BME56=DBL52=20170823-14:20:06.16334=3250=TID57=SID10=010
20170823-14:20:33.254 : 8=FIXT.1.19=5035=034=2549=DBL52=20170823-14:20:33.25456=BME10=250
20170823-14:20:37.188 : 8=FIXT.1.19=6435=049=BME56=DBL52=20170823-14:20:37.18834=3350=TID57=SID10=022
20170823-14:21:03.343 : 8=FIXT.1.19=5035=034=2649=DBL52=20170823-14:21:03.34356=BME10=248
20170823-14:21:08.211 : 8=FIXT.1.19=6435=049=BME56=DBL52=20170823-14:21:08.21134=3450=TID57=SID10=009
20170823-14:21:33.480 : 8=FIXT.1.19=5035=034=2749=DBL52=20170823-14:21:33.48056=BME10=254
20170823-14:21:39.236 : 8=FIXT.1.19=6435=049=BME56=DBL52=20170823-14:21:39.23634=3550=TID57=SID10=021
20170823-14:22:03.401 : 8=FIXT.1.19=5035=034=2849=DBL52=20170823-14:22:03.40056=BME10=245
20170823-14:22:10.262 : 8=FIXT.1.19=6435=049=BME56=DBL52=20170823-14:22:10.26234=3650=TID57=SID10=011
20170823-14:22:33.716 : 8=FIXT.1.19=5035=034=2949=DBL52=20170823-14:22:33.71656=BME10=003
20170823-14:22:41.293 : 8=FIXT.1.19=6435=049=BME56=DBL52=20170823-14:22:41.29334=3750=TID57=SID10=020
20170823-14:23:03.884 : 8=FIXT.1.19=5035=034=3049=DBL52=20170823-14:23:03.88456=BME10=255
20170823-14:23:12.318 : 8=FIXT.1.19=6435=049=BME56=DBL52=20170823-14:23:12.31834=3850=TID57=SID10=018
20170823-14:23:33.615 : 8=FIXT.1.19=5035=034=3149=DBL52=20170823-14:23:33.61556=BME10=251
20170823-14:23:43.340 : 8=FIXT.1.19=6435=049=BME56=DBL52=20170823-14:23:43.34034=3950=TID57=SID10=018
20170823-14:24:03.045 : 8=FIXT.1.19=5035=034=3249=DBL52=20170823-14:24:03.04556=BME10=247
20170823-14:24:14.369 : 8=FIXT.1.19=6435=049=BME56=DBL52=20170823-14:24:14.36834=4050=TID57=SID10=019
20170823-14:24:33.669 : 8=FIXT.1.19=5035=034=3349=DBL52=20170823-14:24:33.66956=BME10=007
20170823-14:24:45.395 : 8=FIXT.1.19=6435=049=BME56=DBL52=20170823-14:24:45.39534=4150=TID57=SID10=024
20170823-14:25:03.790 : 8=FIXT.1.19=5035=034=3449=DBL52=20170823-14:25:03.79056=BME10=001
20170823-14:25:16.420 : 8=FIXT.1.19=6435=049=BME56=DBL52=20170823-14:25:16.42034=4250=TID57=SID10=013
20170823-14:25:33.494 : 8=FIXT.1.19=5035=034=3549=DBL52=20170823-14:25:33.49456=BME10=006
20170823-14:25:47.445 : 8=FIXT.1.19=6435=049=BME56=DBL52=20170823-14:25:47.44434=4350=TID57=SID10=024
20170823-14:26:03.636 : 8=FIXT.1.19=5035=034=3649=DBL52=20170823-14:26:03.63656=BME10=003
20170823-14:26:18.467 : 8=FIXT.1.19=6435=049=BME56=DBL52=20170823-14:26:18.46734=4450=TID57=SID10=029
20170823-14:26:33.328 : 8=FIXT.1.19=5035=034=3749=DBL52=20170823-14:26:33.32856=BME10=005
20170823-14:26:49.494 : 8=FIXT.1.19=6435=049=BME56=DBL52=20170823-14:26:49.49434=4550=TID57=SID10=034
20170823-14:27:03.794 : 8=FIXT.1.19=5035=034=3849=DBL52=20170823-14:27:03.79456=BME10=011
20170823-14:27:20.519 : 8=FIXT.1.19=6435=049=BME56=DBL52=20170823-14:27:20.51934=4650=TID57=SID10=023
20170823-14:27:33.062 : 8=FIXT.1.19=5035=034=3949=DBL52=20170823-14:27:33.06256=BME10=003
20170823-14:27:51.542 : 8=FIXT.1.19=6435=049=BME56=DBL52=20170823-14:27:51.54234=4750=TID57=SID10=024
20170823-14:28:03.655 : 8=FIXT.1.19=5035=034=4049=DBL52=20170823-14:28:03.65456=BME10=000
20170823-14:28:22.565 : 8=FIXT.1.19=6435=049=BME56=DBL52=20170823-14:28:22.56534=4850=TID57=SID10=029
20170823-14:28:33.940 : 8=FIXT.1.19=5035=034=4149=DBL52=20170823-14:28:33.93956=BME10=010
20170823-14:28:53.589 : 8=FIXT.1.19=6435=049=BME56=DBL52=20170823-14:28:53.58934=4950=TID57=SID10=040
20170823-14:29:03.288 : 8=FIXT.1.19=5035=034=4249=DBL52=20170823-14:29:03.28856=BME10=006
20170823-14:29:24.615 : 8=FIXT.1.19=6435=049=BME56=DBL52=20170823-14:29:24.61534=5050=TID57=SID10=021
20170823-14:29:33.639 : 8=FIXT.1.19=5035=034=4349=DBL52=20170823-14:29:33.63856=BME10=009
20170823-14:29:55.642 : 8=FIXT.1.19=6435=049=BME56=DBL52=20170823-14:29:55.64234=5150=TID57=SID10=026
20170823-14:30:03.086 : 8=FIXT.1.19=5035=034=4449=DBL52=20170823-14:30:03.08656=BME10=252
20170823-14:30:26.671 : 8=FIXT.1.19=6435=049=BME56=DBL52=20170823-14:30:26.67134=5250=TID57=SID10=019
20170823-14:30:33.441 : 8=FIXT.1.19=5035=034=4549=DBL52=20170823-14:30:33.44156=BME10=251
20170823-14:30:57.700 : 8=FIXT.1.19=6435=049=BME56=DBL52=20170823-14:30:57.69934=5350=TID57=SID10=034
20170823-14:31:03.507 : 8=FIXT.1.19=5035=034=4649=DBL52=20170823-14:31:03.50756=BME10=253
20170823-14:31:28.726 : 8=FIXT.1.19=6435=049=BME56=DBL52=20170823-14:31:28.72634=5450=TID57=SID10=025
20170823-14:31:33.964 : 8=FIXT.1.19=5035=034=4749=DBL52=20170823-14:31:33.96456=BME10=008
20170823-14:31:59.757 : 8=FIXT.1.19=6435=049=BME56=DBL52=20170823-14:31:59.75634=5550=TID57=SID10=033
20170823-14:32:03.387 : 8=FIXT.1.19=5035=034=4849=DBL52=20170823-14:32:03.38756=BME10=006
20170823-14:32:30.782 : 8=FIXT.1.19=6435=049=BME56=DBL52=20170823-14:32:30.78234=5650=TID57=SID10=023
20170823-14:32:33.701 : 8=FIXT.1.19=5035=034=4949=DBL52=20170823-14:32:33.70156=BME10=000
20170823-14:33:01.812 : 8=FIXT.1.19=6435=049=BME56=DBL52=20170823-14:33:01.81234=5750=TID57=SID10=017
20170823-14:33:03.195 : 8=FIXT.1.19=5035=034=5049=DBL52=20170823-14:33:03.19556=BME10=253
20170823-14:33:32.837 : 8=FIXT.1.19=6435=049=BME56=DBL52=20170823-14:33:32.83734=5850=TID57=SID10=029
20170823-14:33:33.172 : 8=FIXT.1.19=5035=034=5149=DBL52=20170823-14:33:33.17156=BME10=251
20170823-14:34:03.813 : 8=FIXT.1.19=5035=034=5249=DBL52=20170823-14:34:03.81356=BME10=253
20170823-14:34:03.866 : 8=FIXT.1.19=6435=049=BME56=DBL52=20170823-14:34:03.86634=5950=TID57=SID10=031
20170823-14:34:33.738 : 8=FIXT.1.19=5035=034=5349=DBL52=20170823-14:34:33.73856=BME10=007
20170823-14:34:34.893 : 8=FIXT.1.19=6435=049=BME56=DBL52=20170823-14:34:34.89334=6050=TID57=SID10=027
20170823-14:35:03.669 : 8=FIXT.1.19=5035=034=5449=DBL52=20170823-14:35:03.66956=BME10=009
20170823-14:35:05.918 : 8=FIXT.1.19=6435=049=BME56=DBL52=20170823-14:35:05.91834=6150=TID57=SID10=025
20170823-14:35:33.590 : 8=FIXT.1.19=5035=034=5549=DBL52=20170823-14:35:33.59056=BME10=006
20170823-14:35:36.947 : 8=FIXT.1.19=6435=049=BME56=DBL52=20170823-14:35:36.94634=6250=TID57=SID10=031
20170823-14:36:03.726 : 8=FIXT.1.19=5035=034=5649=DBL52=20170823-14:36:03.72356=BME10=003
20170823-14:36:07.974 : 8=FIXT.1.19=6435=049=BME56=DBL52=20170823-14:36:07.97434=6350=TID57=SID10=032
20170823-14:36:33.502 : 8=FIXT.1.19=5035=034=5749=DBL52=20170823-14:36:33.50256=BME10=002
20170823-14:36:38.996 : 8=FIXT.1.19=6435=049=BME56=DBL52=20170823-14:36:38.99634=6450=TID57=SID10=041
20170823-14:37:03.946 : 8=FIXT.1.19=5035=034=5849=DBL52=20170823-14:37:03.94656=BME10=013
20170823-14:37:09.023 : 8=FIXT.1.19=6435=049=BME56=DBL52=20170823-14:37:09.02334=6550=TID57=SID10=022
20170823-14:37:33.973 : 8=FIXT.1.19=5035=034=5949=DBL52=20170823-14:37:33.97256=BME10=016
20170823-14:37:40.052 : 8=FIXT.1.19=6435=049=BME56=DBL52=20170823-14:37:40.05234=6650=TID57=SID10=020
20170823-14:38:03.723 : 8=FIXT.1.19=5035=034=6049=DBL52=20170823-14:38:03.72356=BME10=000
20170823-14:38:11.078 : 8=FIXT.1.19=6435=049=BME56=DBL52=20170823-14:38:11.07834=6750=TID57=SID10=028
20170823-14:38:33.234 : 8=FIXT.1.19=5035=034=6149=DBL52=20170823-14:38:33.23456=BME10=001
20170823-14:38:42.104 : 8=FIXT.1.19=6435=049=BME56=DBL52=20170823-14:38:42.10434=6850=TID57=SID10=023
20170823-14:39:03.380 : 8=FIXT.1.19=5035=034=6249=DBL52=20170823-14:39:03.38056=BME10=002
20170823-14:39:13.134 : 8=FIXT.1.19=6435=049=BME56=DBL52=20170823-14:39:13.13434=6950=TID57=SID10=026
20170823-14:39:33.773 : 8=FIXT.1.19=5035=034=6349=DBL52=20170823-14:39:33.77356=BME10=012
20170823-14:39:44.165 : 8=FIXT.1.19=6435=049=BME56=DBL52=20170823-14:39:44.16534=7050=TID57=SID10=026
20170823-14:40:03.546 : 8=FIXT.1.19=5035=034=6449=DBL52=20170823-14:40:03.54656=BME10=000
20170823-14:40:15.195 : 8=FIXT.1.19=6435=049=BME56=DBL52=20170823-14:40:15.19534=7150=TID57=SID10=020
20170823-14:40:33.266 : 8=FIXT.1.19=5035=034=6549=DBL52=20170823-14:40:33.26056=BME10=253
20170823-14:40:46.225 : 8=FIXT.1.19=6435=049=BME56=DBL52=20170823-14:40:46.22534=7250=TID57=SID10=019
20170823-14:41:03.253 : 8=FIXT.1.19=5035=034=6649=DBL52=20170823-14:41:03.25356=BME10=254
20170823-14:41:06.731 : 8=FIXT.1.19=5035=534=6749=DBL52=20170823-14:41:06.73156=BME10=008
20170823-14:41:06.733 : 8=FIXT.1.19=6435=549=BME56=DBL52=20170823-14:41:06.73134=7350=TID57=SID10=024
20170823-14:41:23.982 : 8=FIXT.1.19=9835=A34=149=DBL50=SID52=20170823-14:41:23.98256=BME57=TID98=0108=30141=Y1137=41408=T4.010=110
20170823-14:41:23.983 : 8=FIXT.1.19=9835=A49=BME56=DBL52=20170823-14:41:23.98234=150=TID57=SID98=0108=30141=Y1137=91408=T4.010=115
20170823-14:41:26.436 : 8=FIXT.1.19=17435=D34=249=DBL52=20170823-14:41:26.43556=BME1137=911=2017-08-23_841796f6-e0fb-48ac-95e8-70caa899b51421=138=940=244=954=255=APPL60=20170823-14:41:26581=11030=I10=033
20170823-14:41:26.437 : 8=FIXT.1.19=20835=849=BME56=DBL52=20170823-14:41:26.43634=250=TID57=SID37=111=2017-08-23_841796f6-e0fb-48ac-95e8-70caa899b51417=0150=A39=A581=155=APPL54=238=940=244=9151=914=060=20170823-14:41:261030=I10=157
20170823-14:41:26.439 : 8=FIXT.1.19=17435=D34=349=DBL52=20170823-14:41:26.43956=BME1137=911=2017-08-23_1bee6dc5-080c-419f-b643-3b0d6aceddec21=138=940=244=954=155=APPL60=20170823-14:41:26581=11030=I10=033
20170823-14:41:26.489 : 8=FIXT.1.19=20835=849=BME56=DBL52=20170823-14:41:26.43734=350=TID57=SID37=111=2017-08-23_841796f6-e0fb-48ac-95e8-70caa899b51417=1150=039=0581=155=APPL54=238=940=244=0151=914=060=20170823-14:41:261030=I10=117
20170823-14:41:26.687 : 8=FIXT.1.19=20835=849=BME56=DBL52=20170823-14:41:26.43934=450=TID57=SID37=211=2017-08-23_1bee6dc5-080c-419f-b643-3b0d6aceddec17=2150=A39=A581=155=APPL54=138=940=244=9151=914=060=20170823-14:41:261030=I10=160
20170823-14:41:26.752 : 8=FIXT.1.19=20835=849=BME56=DBL52=20170823-14:41:26.44434=550=TID57=SID37=211=2017-08-23_1bee6dc5-080c-419f-b643-3b0d6aceddec17=3150=039=0581=155=APPL54=138=940=244=0151=914=060=20170823-14:41:261030=I10=115
20170823-14:41:26.784 : 8=FIXT.1.19=20835=849=BME56=DBL52=20170823-14:41:26.44534=650=TID57=SID37=211=2017-08-23_1bee6dc5-080c-419f-b643-3b0d6aceddec17=4150=F39=2581=155=APPL54=138=940=244=9151=014=960=20170823-14:41:261030=I10=151
20170823-14:41:26.820 : 8=FIXT.1.19=20835=849=BME56=DBL52=20170823-14:41:26.44534=750=TID57=SID37=111=2017-08-23_841796f6-e0fb-48ac-95e8-70caa899b51417=5150=F39=2581=155=APPL54=238=940=244=9151=014=960=20170823-14:41:261030=I10=157
20170823-14:41:56.620 : 8=FIXT.1.19=4935=034=449=DBL52=20170823-14:41:56.62056=BME10=212
20170823-14:41:57.009 : 8=FIXT.1.19=6335=049=BME56=DBL52=20170823-14:41:57.00934=850=TID57=SID10=228
20170823-14:42:26.636 : 8=FIXT.1.19=4935=034=549=DBL52=20170823-14:42:26.63556=BME10=217
20170823-14:42:28.037 : 8=FIXT.1.19=6335=049=BME56=DBL52=20170823-14:42:28.03734=950=TID57=SID10=229
20170823-14:42:56.604 : 8=FIXT.1.19=4935=034=649=DBL52=20170823-14:42:56.60456=BME10=217
20170823-14:42:59.065 : 8=FIXT.1.19=6435=049=BME56=DBL52=20170823-14:42:59.06434=1050=TID57=SID10=018
20170823-14:43:26.119 : 8=FIXT.1.19=4935=034=749=DBL52=20170823-14:43:26.11656=BME10=214
20170823-14:43:30.090 : 8=FIXT.1.19=6435=049=BME56=DBL52=20170823-14:43:30.09034=1150=TID57=SID10=008
20170823-14:43:56.841 : 8=FIXT.1.19=4935=034=849=DBL52=20170823-14:43:56.84156=BME10=223
20170823-14:44:01.114 : 8=FIXT.1.19=6435=049=BME56=DBL52=20170823-14:44:01.11434=1250=TID57=SID10=005
20170823-14:44:26.769 : 8=FIXT.1.19=4935=034=949=DBL52=20170823-14:44:26.76956=BME10=231
20170823-14:44:32.135 : 8=FIXT.1.19=6435=049=BME56=DBL52=20170823-14:44:32.13534=1350=TID57=SID10=013
20170823-14:44:56.676 : 8=FIXT.1.19=5035=034=1049=DBL52=20170823-14:44:56.67656=BME10=007
20170823-14:45:03.160 : 8=FIXT.1.19=6435=049=BME56=DBL52=20170823-14:45:03.15934=1450=TID57=SID10=019
20170823-14:45:26.892 : 8=FIXT.1.19=5035=034=1149=DBL52=20170823-14:45:26.88556=BME10=008
20170823-14:45:34.184 : 8=FIXT.1.19=6435=049=BME56=DBL52=20170823-14:45:34.18434=1550=TID57=SID10=022
20170823-14:45:56.775 : 8=FIXT.1.19=5035=034=1249=DBL52=20170823-14:45:56.77456=BME10=009
20170823-14:46:05.210 : 8=FIXT.1.19=6435=049=BME56=DBL52=20170823-14:46:05.20934=1650=TID57=SID10=020
20170823-14:46:26.038 : 8=FIXT.1.19=5035=034=1349=DBL52=20170823-14:46:26.03756=BME10=000
20170823-14:46:36.238 : 8=FIXT.1.19=6435=049=BME56=DBL52=20170823-14:46:36.23834=1750=TID57=SID10=027
20170823-14:46:56.035 : 8=FIXT.1.19=5035=034=1449=DBL52=20170823-14:46:56.03556=BME10=002
20170823-14:47:07.264 : 8=FIXT.1.19=6435=049=BME56=DBL52=20170823-14:47:07.26434=1850=TID57=SID10=026
20170823-14:47:26.061 : 8=FIXT.1.19=5035=034=1549=DBL52=20170823-14:47:26.06156=BME10=000
20170823-14:47:38.287 : 8=FIXT.1.19=6435=049=BME56=DBL52=20170823-14:47:38.28634=1950=TID57=SID10=035
20170823-14:47:56.037 : 8=FIXT.1.19=5035=034=1649=DBL52=20170823-14:47:56.03756=BME10=007
20170823-14:48:09.313 : 8=FIXT.1.19=6435=049=BME56=DBL52=20170823-14:48:09.31334=2050=TID57=SID10=017
20170823-14:48:26.976 : 8=FIXT.1.19=5035=034=1749=DBL52=20170823-14:48:26.97656=BME10=018
20170823-14:48:40.338 : 8=FIXT.1.19=6435=049=BME56=DBL52=20170823-14:48:40.33834=2150=TID57=SID10=020
20170823-14:48:56.180 : 8=FIXT.1.19=5035=034=1849=DBL52=20170823-14:48:56.17956=BME10=017
20170823-14:49:11.361 : 8=FIXT.1.19=6435=049=BME56=DBL52=20170823-14:49:11.36134=2250=TID57=SID10=016
20170823-14:49:26.286 : 8=FIXT.1.19=5035=034=1949=DBL52=20170823-14:49:26.28656=BME10=015
20170823-14:49:42.384 : 8=FIXT.1.19=6435=049=BME56=DBL52=20170823-14:49:42.38434=2350=TID57=SID10=026
20170823-14:49:56.001 : 8=FIXT.1.19=5035=034=2049=DBL52=20170823-14:49:56.00156=BME10=251
20170823-14:50:13.405 : 8=FIXT.1.19=6435=049=BME56=DBL52=20170823-14:50:13.40534=2450=TID57=SID10=011
20170823-14:50:26.300 : 8=FIXT.1.19=5035=034=2149=DBL52=20170823-14:50:26.30056=BME10=243
20170823-14:50:44.430 : 8=FIXT.1.19=6435=049=BME56=DBL52=20170823-14:50:44.43034=2550=TID57=SID10=014
20170823-14:50:56.966 : 8=FIXT.1.19=5035=034=2249=DBL52=20170823-14:50:56.96256=BME10=005
20170823-14:51:15.467 : 8=FIXT.1.19=6435=049=BME56=DBL52=20170823-14:51:15.46734=2650=TID57=SID10=024
20170823-14:51:26.603 : 8=FIXT.1.19=5035=034=2349=DBL52=20170823-14:51:26.60256=BME10=251
20170823-14:51:46.491 : 8=FIXT.1.19=6435=049=BME56=DBL52=20170823-14:51:46.49034=2750=TID57=SID10=025
20170823-14:51:56.470 : 8=FIXT.1.19=5035=034=2449=DBL52=20170823-14:51:56.47056=BME10=002
20170823-14:52:17.519 : 8=FIXT.1.19=6435=049=BME56=DBL52=20170823-14:52:17.51934=2850=TID57=SID10=027
20170823-14:52:26.343 : 8=FIXT.1.19=5035=034=2549=DBL52=20170823-14:52:26.34356=BME10=000
20170823-14:52:48.539 : 8=FIXT.1.19=6435=049=BME56=DBL52=20170823-14:52:48.53934=2950=TID57=SID10=034
20170823-14:52:56.795 : 8=FIXT.1.19=5035=034=2649=DBL52=20170823-14:52:56.79556=BME10=015
20170823-14:53:19.569 : 8=FIXT.1.19=6435=049=BME56=DBL52=20170823-14:53:19.56834=3050=TID57=SID10=027
20170823-14:53:26.000 : 8=FIXT.1.19=5035=034=2749=DBL52=20170823-14:53:26.00056=BME10=249
20170823-14:53:50.598 : 8=FIXT.1.19=6435=049=BME56=DBL52=20170823-14:53:50.59834=3150=TID57=SID10=026
20170823-14:53:56.241 : 8=FIXT.1.19=5035=034=2849=DBL52=20170823-14:53:56.24156=BME10=004
20170823-14:54:21.623 : 8=FIXT.1.19=6435=049=BME56=DBL52=20170823-14:54:21.62334=3250=TID57=SID10=015
20170823-14:54:26.229 : 8=FIXT.1.19=5035=034=2949=DBL52=20170823-14:54:26.22956=BME10=009
20170823-14:54:52.651 : 8=FIXT.1.19=6435=049=BME56=DBL52=20170823-14:54:52.65134=3350=TID57=SID10=021
20170823-14:54:56.718 : 8=FIXT.1.19=5035=034=3049=DBL52=20170823-14:54:56.71856=BME10=007
20170823-14:55:23.677 : 8=FIXT.1.19=6435=049=BME56=DBL52=20170823-14:55:23.67734=3450=TID57=SID10=029
20170823-14:55:26.974 : 8=FIXT.1.19=5035=034=3149=DBL52=20170823-14:55:26.97456=BME10=010
20170823-14:55:54.704 : 8=FIXT.1.19=6435=049=BME56=DBL52=20170823-14:55:54.70434=3550=TID57=SID10=025
20170823-14:55:56.177 : 8=FIXT.1.19=5035=034=3249=DBL52=20170823-14:55:56.17756=BME10=009
20170823-14:56:25.730 : 8=FIXT.1.19=6435=049=BME56=DBL52=20170823-14:56:25.73034=3650=TID57=SID10=024
20170823-14:56:26.035 : 8=FIXT.1.19=5035=034=3349=DBL52=20170823-14:56:26.03556=BME10=001
20170823-14:56:56.023 : 8=FIXT.1.19=5035=034=3449=DBL52=20170823-14:56:56.02356=BME10=002
20170823-14:56:56.758 : 8=FIXT.1.19=6435=049=BME56=DBL52=20170823-14:56:56.75834=3750=TID57=SID10=039
20170823-14:57:26.086 : 8=FIXT.1.19=5035=034=3549=DBL52=20170823-14:57:26.08656=BME10=010
20170823-14:57:27.789 : 8=FIXT.1.19=6435=049=BME56=DBL52=20170823-14:57:27.78934=3850=TID57=SID10=043
20170823-14:57:56.636 : 8=FIXT.1.19=5035=034=3649=DBL52=20170823-14:57:56.63556=BME10=014
20170823-14:57:58.822 : 8=FIXT.1.19=6435=049=BME56=DBL52=20170823-14:57:58.82234=3950=TID57=SID10=036
20170823-14:58:26.176 : 8=FIXT.1.19=5035=034=3749=DBL52=20170823-14:58:26.17556=BME10=012
20170823-14:58:29.851 : 8=FIXT.1.19=6435=049=BME56=DBL52=20170823-14:58:29.85134=4050=TID57=SID10=029
20170823-14:58:56.264 : 8=FIXT.1.19=5035=034=3849=DBL52=20170823-14:58:56.26456=BME10=015
20170823-14:59:00.882 : 8=FIXT.1.19=6435=049=BME56=DBL52=20170823-14:59:00.88234=4150=TID57=SID10=024
20170823-14:59:26.254 : 8=FIXT.1.19=5035=034=3949=DBL52=20170823-14:59:26.25256=BME10=011
20170823-14:59:31.910 : 8=FIXT.1.19=6435=049=BME56=DBL52=20170823-14:59:31.91034=4250=TID57=SID10=021
20170823-14:59:56.062 : 8=FIXT.1.19=5035=034=4049=DBL52=20170823-14:59:56.06156=BME10=004
20170823-15:00:02.937 : 8=FIXT.1.19=6435=049=BME56=DBL52=20170823-15:00:02.93734=4350=TID57=SID10=016
20170823-15:00:26.018 : 8=FIXT.1.19=5035=034=4149=DBL52=20170823-15:00:26.01256=BME10=241
20170823-15:00:33.966 : 8=FIXT.1.19=6435=049=BME56=DBL52=20170823-15:00:33.96634=4450=TID57=SID10=023
20170823-15:00:56.323 : 8=FIXT.1.19=5035=034=4249=DBL52=20170823-15:00:56.32356=BME10=250
20170823-15:01:04.990 : 8=FIXT.1.19=6435=049=BME56=DBL52=20170823-15:01:04.99034=4550=TID57=SID10=020
20170823-15:01:26.261 : 8=FIXT.1.19=5035=034=4349=DBL52=20170823-15:01:26.25356=BME10=251
20170823-15:01:35.016 : 8=FIXT.1.19=6435=049=BME56=DBL52=20170823-15:01:35.01634=4650=TID57=SID10=014
20170823-15:01:56.049 : 8=FIXT.1.19=5035=034=4449=DBL52=20170823-15:01:56.04956=BME10=002
20170823-15:02:06.045 : 8=FIXT.1.19=6435=049=BME56=DBL52=20170823-15:02:06.04534=4750=TID57=SID10=016
20170823-15:02:26.008 : 8=FIXT.1.19=5035=034=4549=DBL52=20170823-15:02:26.00856=BME10=252
20170823-15:02:37.075 : 8=FIXT.1.19=6435=049=BME56=DBL52=20170823-15:02:37.07534=4850=TID57=SID10=024
20170823-15:02:56.683 : 8=FIXT.1.19=5035=034=4649=DBL52=20170823-15:02:56.68356=BME10=009
20170823-15:03:08.101 : 8=FIXT.1.19=6435=049=BME56=DBL52=20170823-15:03:08.10134=4950=TID57=SID10=014
20170823-15:03:26.590 : 8=FIXT.1.19=5035=034=4749=DBL52=20170823-15:03:26.58556=BME10=009
20170823-15:03:39.128 : 8=FIXT.1.19=6435=049=BME56=DBL52=20170823-15:03:39.12834=5050=TID57=SID10=019
20170823-15:03:56.184 : 8=FIXT.1.19=5035=034=4849=DBL52=20170823-15:03:56.18456=BME10=008
20170823-15:04:10.161 : 8=FIXT.1.19=6435=049=BME56=DBL52=20170823-15:04:10.16134=5150=TID57=SID10=007
20170823-15:04:26.112 : 8=FIXT.1.19=5035=034=4949=DBL52=20170823-15:04:26.11256=BME10=254
20170823-15:04:41.191 : 8=FIXT.1.19=6435=049=BME56=DBL52=20170823-15:04:41.19134=5250=TID57=SID10=015
20170823-15:04:56.022 : 8=FIXT.1.19=5035=034=5049=DBL52=20170823-15:04:56.02256=BME10=249
20170823-15:05:12.220 : 8=FIXT.1.19=6435=049=BME56=DBL52=20170823-15:05:12.22034=5350=TID57=SID10=008
20170823-15:05:26.025 : 8=FIXT.1.19=5035=034=5149=DBL52=20170823-15:05:26.02556=BME10=251
20170823-15:05:43.248 : 8=FIXT.1.19=6435=049=BME56=DBL52=20170823-15:05:43.24834=5450=TID57=SID10=023
20170823-15:05:56.977 : 8=FIXT.1.19=5035=034=5249=DBL52=20170823-15:05:56.97656=BME10=014
20170823-15:06:14.275 : 8=FIXT.1.19=6435=049=BME56=DBL52=20170823-15:06:14.27534=5550=TID57=SID10=023
20170823-15:06:26.003 : 8=FIXT.1.19=5035=034=5349=DBL52=20170823-15:06:26.00056=BME10=247
20170823-15:06:45.306 : 8=FIXT.1.19=6435=049=BME56=DBL52=20170823-15:06:45.30634=5650=TID57=SID10=023
20170823-15:06:56.706 : 8=FIXT.1.19=5035=034=5449=DBL52=20170823-15:06:56.70656=BME10=008
20170823-15:07:16.336 : 8=FIXT.1.19=6435=049=BME56=DBL52=20170823-15:07:16.33634=5750=TID57=SID10=026
20170823-15:07:26.843 : 8=FIXT.1.19=5035=034=5549=DBL52=20170823-15:07:26.84356=BME10=009
20170823-15:07:47.365 : 8=FIXT.1.19=6435=049=BME56=DBL52=20170823-15:07:47.36534=5850=TID57=SID10=033
20170823-15:07:56.648 : 8=FIXT.1.19=5035=034=5649=DBL52=20170823-15:07:56.64756=BME10=015
20170823-15:08:18.393 : 8=FIXT.1.19=6435=049=BME56=DBL52=20170823-15:08:18.39334=5950=TID57=SID10=034
20170823-15:08:26.441 : 8=FIXT.1.19=5035=034=5749=DBL52=20170823-15:08:26.43956=BME10=013
20170823-15:08:49.424 : 8=FIXT.1.19=6435=049=BME56=DBL52=20170823-15:08:49.42434=6050=TID57=SID10=025
20170823-15:08:56.269 : 8=FIXT.1.19=5035=034=5849=DBL52=20170823-15:08:56.26956=BME10=018
20170823-15:09:20.457 : 8=FIXT.1.19=6435=049=BME56=DBL52=20170823-15:09:20.45734=6150=TID57=SID10=022
20170823-15:09:26.012 : 8=FIXT.1.19=5035=034=5949=DBL52=20170823-15:09:26.01156=BME10=002
20170823-15:09:51.485 : 8=FIXT.1.19=6435=049=BME56=DBL52=20170823-15:09:51.48434=6250=TID57=SID10=027
20170823-15:09:56.789 : 8=FIXT.1.19=5035=034=6049=DBL52=20170823-15:09:56.78956=BME10=019
20170823-15:10:22.510 : 8=FIXT.1.19=6435=049=BME56=DBL52=20170823-15:10:22.51034=6350=TID57=SID10=008
20170823-15:10:26.531 : 8=FIXT.1.19=5035=034=6149=DBL52=20170823-15:10:26.53156=BME10=250
20170823-15:10:53.538 : 8=FIXT.1.19=6435=049=BME56=DBL52=20170823-15:10:53.53834=6450=TID57=SID10=023
20170823-15:10:56.943 : 8=FIXT.1.19=5035=034=6249=DBL52=20170823-15:10:56.94356=BME10=005
20170823-15:11:24.565 : 8=FIXT.1.19=6435=049=BME56=DBL52=20170823-15:11:24.56434=6550=TID57=SID10=022
20170823-15:11:26.590 : 8=FIXT.1.19=5035=034=6349=DBL52=20170823-15:11:26.59056=BME10=002
20170823-15:11:55.595 : 8=FIXT.1.19=6435=049=BME56=DBL52=20170823-15:11:55.59534=6650=TID57=SID10=031
20170823-15:11:56.137 : 8=FIXT.1.19=5035=034=6449=DBL52=20170823-15:11:56.13656=BME10=002
20170823-15:12:26.624 : 8=FIXT.1.19=6435=049=BME56=DBL52=20170823-15:12:26.62434=6750=TID57=SID10=024
20170823-15:12:26.644 : 8=FIXT.1.19=5035=034=6549=DBL52=20170823-15:12:26.64456=BME10=005
20170823-15:12:56.464 : 8=FIXT.1.19=5035=034=6649=DBL52=20170823-15:12:56.46456=BME10=009
20170823-15:12:57.656 : 8=FIXT.1.19=6435=049=BME56=DBL52=20170823-15:12:57.65634=6850=TID57=SID10=034
20170823-15:13:26.188 : 8=FIXT.1.19=5035=034=6749=DBL52=20170823-15:13:26.18856=BME10=011
20170823-15:13:28.686 : 8=FIXT.1.19=6435=049=BME56=DBL52=20170823-15:13:28.68634=6950=TID57=SID10=037
20170823-15:13:56.006 : 8=FIXT.1.19=5035=034=6849=DBL52=20170823-15:13:56.00656=BME10=004
20170823-15:13:59.712 : 8=FIXT.1.19=6435=049=BME56=DBL52=20170823-15:13:59.71234=7050=TID57=SID10=023
20170823-15:14:26.575 : 8=FIXT.1.19=5035=034=6949=DBL52=20170823-15:14:26.57556=BME10=014
20170823-15:14:30.738 : 8=FIXT.1.19=6435=049=BME56=DBL52=20170823-15:14:30.73834=7150=TID57=SID10=022
20170823-15:14:56.467 : 8=FIXT.1.19=5035=034=7049=DBL52=20170823-15:14:56.46756=BME10=009
20170823-15:15:01.771 : 8=FIXT.1.19=6435=049=BME56=DBL52=20170823-15:15:01.77134=7250=TID57=SID10=019
20170823-15:15:26.106 : 8=FIXT.1.19=5035=034=7149=DBL52=20170823-15:15:26.10456=BME10=252
20170823-15:15:32.800 : 8=FIXT.1.19=6435=049=BME56=DBL52=20170823-15:15:32.79934=7350=TID57=SID10=034
20170823-15:15:56.041 : 8=FIXT.1.19=5035=034=7249=DBL52=20170823-15:15:56.04156=BME10=000
20170823-15:16:03.828 : 8=FIXT.1.19=6435=049=BME56=DBL52=20170823-15:16:03.82734=7450=TID57=SID10=026
20170823-15:16:26.255 : 8=FIXT.1.19=5035=034=7349=DBL52=20170823-15:16:26.25556=BME10=006
20170823-15:16:34.862 : 8=FIXT.1.19=6435=049=BME56=DBL52=20170823-15:16:34.86234=7550=TID57=SID10=030
20170823-15:16:56.992 : 8=FIXT.1.19=5035=034=7449=DBL52=20170823-15:16:56.99256=BME10=018
20170823-15:17:05.893 : 8=FIXT.1.19=6435=049=BME56=DBL52=20170823-15:17:05.89234=7650=TID57=SID10=033
20170823-15:17:26.132 : 8=FIXT.1.19=5035=034=7549=DBL52=20170823-15:17:26.13256=BME10=003
20170823-15:17:36.924 : 8=FIXT.1.19=6435=049=BME56=DBL52=20170823-15:17:36.92434=7750=TID57=SID10=034
20170823-15:17:56.672 : 8=FIXT.1.19=5035=034=7649=DBL52=20170823-15:17:56.67256=BME10=016
20170823-15:18:07.952 : 8=FIXT.1.19=6435=049=BME56=DBL52=20170823-15:18:07.95134=7850=TID57=SID10=034
20170823-15:18:26.708 : 8=FIXT.1.19=5035=034=7749=DBL52=20170823-15:18:26.70856=BME10=015
20170823-15:18:38.986 : 8=FIXT.1.19=6435=049=BME56=DBL52=20170823-15:18:38.98534=7950=TID57=SID10=046
20170823-15:18:56.159 : 8=FIXT.1.19=5035=034=7849=DBL52=20170823-15:18:56.15856=BME10=018
20170823-15:19:09.013 : 8=FIXT.1.19=6435=049=BME56=DBL52=20170823-15:19:09.01334=8050=TID57=SID10=019
20170823-15:19:26.104 : 8=FIXT.1.19=5035=034=7949=DBL52=20170823-15:19:26.10456=BME10=008
20170823-15:19:40.046 : 8=FIXT.1.19=6435=049=BME56=DBL52=20170823-15:19:40.04634=8150=TID57=SID10=021
20170823-15:19:56.613 : 8=FIXT.1.19=5035=034=8049=DBL52=20170823-15:19:56.60856=BME10=012
20170823-15:20:11.080 : 8=FIXT.1.19=6435=049=BME56=DBL52=20170823-15:20:11.08034=8250=TID57=SID10=010
20170823-15:20:26.256 : 8=FIXT.1.19=5035=034=8149=DBL52=20170823-15:20:26.25656=BME10=001
20170823-15:20:42.112 : 8=FIXT.1.19=6435=049=BME56=DBL52=20170823-15:20:42.11234=8350=TID57=SID10=011
20170823-15:20:56.003 : 8=FIXT.1.19=5035=034=8249=DBL52=20170823-15:20:56.00356=BME10=251
20170823-15:21:13.143 : 8=FIXT.1.19=6435=049=BME56=DBL52=20170823-15:21:13.14234=8450=TID57=SID10=014
20170823-15:21:26.884 : 8=FIXT.1.19=5035=034=8349=DBL52=20170823-15:21:26.88456=BME10=011
20170823-15:21:44.175 : 8=FIXT.1.19=6435=049=BME56=DBL52=20170823-15:21:44.17534=8550=TID57=SID10=025
20170823-15:21:56.480 : 8=FIXT.1.19=5035=034=8449=DBL52=20170823-15:21:56.47556=BME10=011
20170823-15:22:15.207 : 8=FIXT.1.19=6435=049=BME56=DBL52=20170823-15:22:15.20734=8650=TID57=SID10=021
20170823-15:22:26.233 : 8=FIXT.1.19=5035=034=8549=DBL52=20170823-15:22:26.23056=BME10=255
20170823-15:22:46.235 : 8=FIXT.1.19=6435=049=BME56=DBL52=20170823-15:22:46.23534=8750=TID57=SID10=027
20170823-15:22:56.988 : 8=FIXT.1.19=5035=034=8649=DBL52=20170823-15:22:56.98856=BME10=023
20170823-15:23:17.267 : 8=FIXT.1.19=6435=049=BME56=DBL52=20170823-15:23:17.26734=8850=TID57=SID10=032
20170823-15:23:26.816 : 8=FIXT.1.19=5035=034=8749=DBL52=20170823-15:23:26.81256=BME10=008
20170823-15:23:48.305 : 8=FIXT.1.19=6435=049=BME56=DBL52=20170823-15:23:48.30534=8950=TID57=SID10=030
20170823-15:23:56.150 : 8=FIXT.1.19=5035=034=8849=DBL52=20170823-15:23:56.15056=BME10=007
20170823-15:24:19.338 : 8=FIXT.1.19=6435=049=BME56=DBL52=20170823-15:24:19.33834=9050=TID57=SID10=027
20170823-15:24:26.075 : 8=FIXT.1.19=5035=034=8949=DBL52=20170823-15:24:26.07556=BME10=012
20170823-15:24:50.372 : 8=FIXT.1.19=6435=049=BME56=DBL52=20170823-15:24:50.37234=9150=TID57=SID10=021
20170823-15:24:56.609 : 8=FIXT.1.19=5035=034=9049=DBL52=20170823-15:24:56.60856=BME10=009
20170823-15:25:21.402 : 8=FIXT.1.19=6435=049=BME56=DBL52=20170823-15:25:21.40234=9250=TID57=SID10=015
20170823-15:25:26.445 : 8=FIXT.1.19=5035=034=9149=DBL52=20170823-15:25:26.44356=BME10=005
20170823-15:25:52.436 : 8=FIXT.1.19=6435=049=BME56=DBL52=20170823-15:25:52.43634=9350=TID57=SID10=027
20170823-15:25:56.188 : 8=FIXT.1.19=5035=034=9249=DBL52=20170823-15:25:56.18856=BME10=015
20170823-15:26:23.470 : 8=FIXT.1.19=6435=049=BME56=DBL52=20170823-15:26:23.47034=9450=TID57=SID10=025
20170823-15:26:26.962 : 8=FIXT.1.19=5035=034=9349=DBL52=20170823-15:26:26.96256=BME10=014
20170823-15:26:54.501 : 8=FIXT.1.19=6435=049=BME56=DBL52=20170823-15:26:54.50134=9550=TID57=SID10=025
20170823-15:26:56.684 : 8=FIXT.1.19=5035=034=9449=DBL52=20170823-15:26:56.68256=BME10=017
20170823-15:27:25.538 : 8=FIXT.1.19=6435=049=BME56=DBL52=20170823-15:27:25.53834=9650=TID57=SID10=035
20170823-15:27:26.412 : 8=FIXT.1.19=5035=034=9549=DBL52=20170823-15:27:26.41056=BME10=005
20170823-15:27:56.105 : 8=FIXT.1.19=5035=034=9649=DBL52=20170823-15:27:56.10556=BME10=010
20170823-15:27:56.573 : 8=FIXT.1.19=6435=049=BME56=DBL52=20170823-15:27:56.57334=9750=TID57=SID10=039
20170823-15:28:26.804 : 8=FIXT.1.19=5035=034=9749=DBL52=20170823-15:28:26.80456=BME10=015
20170823-15:28:27.609 : 8=FIXT.1.19=6435=049=BME56=DBL52=20170823-15:28:27.60934=9850=TID57=SID10=039
20170823-15:28:56.231 : 8=FIXT.1.19=5035=034=9849=DBL52=20170823-15:28:56.23156=BME10=013
20170823-15:28:58.650 : 8=FIXT.1.19=6435=049=BME56=DBL52=20170823-15:28:58.64934=9950=TID57=SID10=048
20170823-15:29:26.046 : 8=FIXT.1.19=5035=034=9949=DBL52=20170823-15:29:26.04656=BME10=016
20170823-15:29:29.681 : 8=FIXT.1.19=6535=049=BME56=DBL52=20170823-15:29:29.68134=10050=TID57=SID10=075
20170823-15:29:56.656 : 8=FIXT.1.19=5135=034=10049=DBL52=20170823-15:29:56.65656=BME10=058
20170823-15:30:00.710 : 8=FIXT.1.19=6535=049=BME56=DBL52=20170823-15:30:00.71034=10150=TID57=SID10=050
20170823-15:30:26.590 : 8=FIXT.1.19=5135=034=10149=DBL52=20170823-15:30:26.58756=BME10=051
20170823-15:30:31.736 : 8=FIXT.1.19=6535=049=BME56=DBL52=20170823-15:30:31.73634=10250=TID57=SID10=063
20170823-15:30:56.832 : 8=FIXT.1.19=5135=034=10249=DBL52=20170823-15:30:56.83256=BME10=048
20170823-15:31:02.780 : 8=FIXT.1.19=6535=049=BME56=DBL52=20170823-15:31:02.78034=10350=TID57=SID10=062
20170823-15:31:26.057 : 8=FIXT.1.19=5135=034=10349=DBL52=20170823-15:31:26.05756=BME10=046
20170823-15:31:33.808 : 8=FIXT.1.19=6535=049=BME56=DBL52=20170823-15:31:33.80834=10450=TID57=SID10=068
20170823-15:31:56.504 : 8=FIXT.1.19=5135=034=10449=DBL52=20170823-15:31:56.50456=BME10=047
20170823-15:32:04.835 : 8=FIXT.1.19=6535=049=BME56=DBL52=20170823-15:32:04.83534=10550=TID57=SID10=068
20170823-15:32:26.062 : 8=FIXT.1.19=5135=034=10549=DBL52=20170823-15:32:26.06256=BME10=045
20170823-15:32:35.862 : 8=FIXT.1.19=6535=049=BME56=DBL52=20170823-15:32:35.86234=10650=TID57=SID10=073
20170823-15:32:56.072 : 8=FIXT.1.19=5135=034=10649=DBL52=20170823-15:32:56.07256=BME10=050
20170823-15:33:06.887 : 8=FIXT.1.19=6535=049=BME56=DBL52=20170823-15:33:06.88734=10750=TID57=SID10=080
20170823-15:33:26.146 : 8=FIXT.1.19=5135=034=10749=DBL52=20170823-15:33:26.14456=BME10=049
20170823-15:33:37.909 : 8=FIXT.1.19=6535=049=BME56=DBL52=20170823-15:33:37.90834=10850=TID57=SID10=079
20170823-15:33:56.021 : 8=FIXT.1.19=5135=034=10849=DBL52=20170823-15:33:56.02156=BME10=047
20170823-15:34:08.932 : 8=FIXT.1.19=6535=049=BME56=DBL52=20170823-15:34:08.93234=10950=TID57=SID10=076
20170823-15:34:26.084 : 8=FIXT.1.19=5135=034=10949=DBL52=20170823-15:34:26.08456=BME10=055
20170823-15:34:39.956 : 8=FIXT.1.19=6535=049=BME56=DBL52=20170823-15:34:39.95534=11050=TID57=SID10=077
20170823-15:34:56.871 : 8=FIXT.1.19=5135=034=11049=DBL52=20170823-15:34:56.87156=BME10=054
20170823-15:35:10.983 : 8=FIXT.1.19=6535=049=BME56=DBL52=20170823-15:35:10.98234=11150=TID57=SID10=068
20170823-15:35:26.804 : 8=FIXT.1.19=5135=034=11149=DBL52=20170823-15:35:26.80356=BME10=048
20170823-15:35:41.007 : 8=FIXT.1.19=6535=049=BME56=DBL52=20170823-15:35:41.00734=11250=TID57=SID10=061
20170823-15:35:56.991 : 8=FIXT.1.19=5135=034=11249=DBL52=20170823-15:35:56.99156=BME10=060
20170823-15:36:12.029 : 8=FIXT.1.19=6535=049=BME56=DBL52=20170823-15:36:12.02934=11350=TID57=SID10=065
20170823-15:36:26.226 : 8=FIXT.1.19=5135=034=11349=DBL52=20170823-15:36:26.22656=BME10=050
20170823-15:36:43.056 : 8=FIXT.1.19=6535=049=BME56=DBL52=20170823-15:36:43.05634=11450=TID57=SID10=070
20170823-15:36:56.116 : 8=FIXT.1.19=5135=034=11449=DBL52=20170823-15:36:56.11656=BME10=052
20170823-15:37:14.081 : 8=FIXT.1.19=6535=049=BME56=DBL52=20170823-15:37:14.08034=11550=TID57=SID10=067
20170823-15:37:26.332 : 8=FIXT.1.19=5135=034=11549=DBL52=20170823-15:37:26.33256=BME10=051
20170823-15:37:45.106 : 8=FIXT.1.19=6535=049=BME56=DBL52=20170823-15:37:45.10634=11650=TID57=SID10=071
20170823-15:37:56.499 : 8=FIXT.1.19=5135=034=11649=DBL52=20170823-15:37:56.49856=BME10=068
20170823-15:38:16.131 : 8=FIXT.1.19=6535=049=BME56=DBL52=20170823-15:38:16.13134=11750=TID57=SID10=069
20170823-15:38:26.111 : 8=FIXT.1.19=5135=034=11749=DBL52=20170823-15:38:26.11156=BME10=049
20170823-15:38:47.154 : 8=FIXT.1.19=6535=049=BME56=DBL52=20170823-15:38:47.15434=11850=TID57=SID10=079
20170823-15:38:56.984 : 8=FIXT.1.19=5135=034=11849=DBL52=20170823-15:38:56.98456=BME10=071
20170823-15:39:18.175 : 8=FIXT.1.19=6535=049=BME56=DBL52=20170823-15:39:18.17534=11950=TID57=SID10=082
20170823-15:39:26.049 : 8=FIXT.1.19=5135=034=11949=DBL52=20170823-15:39:26.04956=BME10=062
20170823-15:39:49.197 : 8=FIXT.1.19=6535=049=BME56=DBL52=20170823-15:39:49.19734=12050=TID57=SID10=082
20170823-15:39:56.053 : 8=FIXT.1.19=5135=034=12049=DBL52=20170823-15:39:56.05356=BME10=052
20170823-15:40:20.224 : 8=FIXT.1.19=6535=049=BME56=DBL52=20170823-15:40:20.22434=12150=TID57=SID10=055
20170823-15:40:26.658 : 8=FIXT.1.19=5135=034=12149=DBL52=20170823-15:40:26.65856=BME10=053
20170823-15:40:51.249 : 8=FIXT.1.19=6535=049=BME56=DBL52=20170823-15:40:51.24934=12250=TID57=SID10=067
20170823-15:40:56.768 : 8=FIXT.1.19=5135=034=12249=DBL52=20170823-15:40:56.76756=BME10=058
20170823-15:41:22.278 : 8=FIXT.1.19=6535=049=BME56=DBL52=20170823-15:41:22.27834=12350=TID57=SID10=069
20170823-15:41:26.216 : 8=FIXT.1.19=5135=034=12349=DBL52=20170823-15:41:26.21656=BME10=046
20170823-15:41:53.301 : 8=FIXT.1.19=6535=049=BME56=DBL52=20170823-15:41:53.30134=12450=TID57=SID10=061
20170823-15:41:56.377 : 8=FIXT.1.19=5135=034=12449=DBL52=20170823-15:41:56.37656=BME10=057
20170823-15:42:24.326 : 8=FIXT.1.19=6535=049=BME56=DBL52=20170823-15:42:24.32634=12550=TID57=SID10=068
20170823-15:42:26.334 : 8=FIXT.1.19=5135=034=12549=DBL52=20170823-15:42:26.33456=BME10=050
20170823-15:42:55.356 : 8=FIXT.1.19=6535=049=BME56=DBL52=20170823-15:42:55.35434=12650=TID57=SID10=074
20170823-15:42:56.187 : 8=FIXT.1.19=5135=034=12649=DBL52=20170823-15:42:56.18756=BME10=060
20170823-15:43:26.078 : 8=FIXT.1.19=5135=034=12749=DBL52=20170823-15:43:26.07656=BME10=056
20170823-15:43:26.385 : 8=FIXT.1.19=6535=049=BME56=DBL52=20170823-15:43:26.38534=12750=TID57=SID10=078
20170823-15:43:56.135 : 8=FIXT.1.19=5135=034=12849=DBL52=20170823-15:43:56.13556=BME10=056
20170823-15:43:57.415 : 8=FIXT.1.19=6535=049=BME56=DBL52=20170823-15:43:57.41534=12850=TID57=SID10=077
20170823-15:44:26.157 : 8=FIXT.1.19=5135=034=12949=DBL52=20170823-15:44:26.15656=BME10=058
20170823-15:44:28.448 : 8=FIXT.1.19=6535=049=BME56=DBL52=20170823-15:44:28.44834=12950=TID57=SID10=083
20170823-15:44:56.640 : 8=FIXT.1.19=5135=034=13049=DBL52=20170823-15:44:56.64056=BME10=051
20170823-15:44:59.478 : 8=FIXT.1.19=6535=049=BME56=DBL52=20170823-15:44:59.47834=13050=TID57=SID10=082
20170823-15:45:26.076 : 8=FIXT.1.19=5135=034=13149=DBL52=20170823-15:45:26.07356=BME10=050
20170823-15:45:30.505 : 8=FIXT.1.19=6535=049=BME56=DBL52=20170823-15:45:30.50534=13150=TID57=SID10=064
20170823-15:45:56.218 : 8=FIXT.1.19=5135=034=13249=DBL52=20170823-15:45:56.21856=BME10=055
20170823-15:46:01.532 : 8=FIXT.1.19=6535=049=BME56=DBL52=20170823-15:46:01.53234=13250=TID57=SID10=064
20170823-15:46:26.298 : 8=FIXT.1.19=5135=034=13349=DBL52=20170823-15:46:26.29856=BME10=062
20170823-15:57:29.525 : 8=FIXT.1.19=9835=A34=149=DBL50=SID52=20170823-15:57:29.50156=BME57=TID98=0108=30141=Y1137=41408=T4.010=111
20170823-15:57:29.528 : 8=FIXT.1.19=9835=A49=BME56=DBL52=20170823-15:57:29.52634=150=TID57=SID98=0108=30141=Y1137=91408=T4.010=123
20170823-15:57:59.257 : 8=FIXT.1.19=4935=034=249=DBL52=20170823-15:57:59.25756=BME10=227
20170823-15:58:00.555 : 8=FIXT.1.19=6335=049=BME56=DBL52=20170823-15:58:00.55534=250=TID57=SID10=225
20170824-10:53:58.349 : 8=FIXT.1.19=9835=A34=149=DBL50=SID52=20170824-10:53:58.34256=BME57=TID98=0108=30141=Y1137=41408=T4.010=108
20170824-10:54:58.584 : 8=FIXT.1.19=9835=A34=149=DBL50=SID52=20170824-10:54:58.58356=BME57=TID98=0108=30141=Y1137=41408=T4.010=116
20170824-11:18:23.409 : 8=FIXT.1.19=9835=A34=149=DBL50=SID52=20170824-11:18:23.40656=BME57=TID98=0108=30141=Y1137=41408=T4.010=103
20170824-11:18:23.411 : 8=FIXT.1.19=9835=A49=BME56=DBL52=20170824-11:18:23.41134=150=TID57=SID98=0108=30141=Y1137=91408=T4.010=104
20170824-11:18:33.963 : 8=FIXT.1.19=4935=534=249=DBL52=20170824-11:18:33.96356=BME10=222
20170824-11:18:33.964 : 8=FIXT.1.19=6335=549=BME56=DBL52=20170824-11:18:33.96334=250=TID57=SID10=232
20170824-11:18:37.683 : 8=FIXT.1.19=9835=A34=149=DBL50=SID52=20170824-11:18:37.68256=BME57=TID98=0108=30141=Y1137=41408=T4.010=114
20170824-11:18:37.684 : 8=FIXT.1.19=9835=A49=BME56=DBL52=20170824-11:18:37.68334=150=TID57=SID98=0108=30141=Y1137=91408=T4.010=120
20170824-11:18:48.405 : 8=FIXT.1.19=17535=D34=249=DBL52=20170824-11:18:48.40556=BME1137=911=2017-08-24_d2ebe2ba-6fd4-42c8-a8dd-cb454678110721=138=940=244=2154=255=APPL60=20170824-11:18:48581=11030=I10=202
20170824-11:18:48.407 : 8=FIXT.1.19=20935=849=BME56=DBL52=20170824-11:18:48.40634=250=TID57=SID37=111=2017-08-24_d2ebe2ba-6fd4-42c8-a8dd-cb454678110717=0150=A39=A581=155=APPL54=238=940=244=21151=914=060=20170824-11:18:481030=I10=070
20170824-11:18:48.525 : 8=FIXT.1.19=20835=849=BME56=DBL52=20170824-11:18:48.40734=350=TID57=SID37=111=2017-08-24_d2ebe2ba-6fd4-42c8-a8dd-cb454678110717=1150=039=0581=155=APPL54=238=940=244=0151=914=060=20170824-11:18:481030=I10=243
20170824-11:19:18.770 : 8=FIXT.1.19=4935=034=349=DBL52=20170824-11:19:18.76256=BME10=219
20170824-11:19:19.728 : 8=FIXT.1.19=6335=049=BME56=DBL52=20170824-11:19:19.72834=450=TID57=SID10=233
20170824-11:19:48.955 : 8=FIXT.1.19=4935=034=449=DBL52=20170824-11:19:48.95456=BME10=226
20170824-11:19:50.761 : 8=FIXT.1.19=6335=049=BME56=DBL52=20170824-11:19:50.76134=550=TID57=SID10=226
20170824-11:20:18.012 : 8=FIXT.1.19=4935=034=549=DBL52=20170824-11:20:18.00956=BME10=207
20170824-11:20:21.793 : 8=FIXT.1.19=6335=049=BME56=DBL52=20170824-11:20:21.79234=650=TID57=SID10=221
20170824-11:20:48.104 : 8=FIXT.1.19=4935=034=649=DBL52=20170824-11:20:48.10456=BME10=207
20170824-11:20:52.832 : 8=FIXT.1.19=6335=049=BME56=DBL52=20170824-11:20:52.83134=750=TID57=SID10=220
20170824-11:21:18.405 : 8=FIXT.1.19=4935=034=749=DBL52=20170824-11:21:18.40556=BME10=210
20170824-11:21:23.876 : 8=FIXT.1.19=6335=049=BME56=DBL52=20170824-11:21:23.87634=850=TID57=SID10=229
20170824-12:16:38.189 : 8=FIXT.1.19=9835=A34=149=DBL50=SID52=20170824-12:16:38.18456=BME57=TID98=0108=30141=Y1137=41408=T4.010=111
20170824-12:16:38.190 : 8=FIXT.1.19=9835=A49=BME56=DBL52=20170824-12:16:38.19034=150=TID57=SID98=0108=30141=Y1137=91408=T4.010=113
20170824-12:16:42.039 : 8=FIXT.1.19=4935=534=249=DBL52=20170824-12:16:42.03856=BME10=214
20170824-12:16:42.039 : 8=FIXT.1.19=6335=549=BME56=DBL52=20170824-12:16:42.03934=250=TID57=SID10=225
20170824-12:28:29.219 : 8=FIXT.1.19=9835=A34=149=DBL50=SID52=20170824-12:28:29.21756=BME57=TID98=0108=30141=Y1137=41408=T4.010=111
20170824-12:28:29.220 : 8=FIXT.1.19=9835=A49=BME56=DBL52=20170824-12:28:29.21934=150=TID57=SID98=0108=30141=Y1137=91408=T4.010=118
20170824-12:28:32.534 : 8=FIXT.1.19=4935=534=249=DBL52=20170824-12:28:32.53456=BME10=217
20170824-12:28:32.535 : 8=FIXT.1.19=6335=549=BME56=DBL52=20170824-12:28:32.53534=250=TID57=SID10=228
20170824-12:42:33.496 : 8=FIXT.1.19=9835=A34=149=DBL50=SID52=20170824-12:42:33.49556=BME57=TID98=0108=30141=Y1137=41408=T4.010=110
20170824-12:42:33.498 : 8=FIXT.1.19=9835=A49=BME56=DBL52=20170824-12:42:33.49734=150=TID57=SID98=0108=30141=Y1137=91408=T4.010=117
20170824-12:42:35.712 : 8=FIXT.1.19=4935=534=249=DBL52=20170824-12:42:35.71256=BME10=214
20170824-12:42:35.717 : 8=FIXT.1.19=6335=549=BME56=DBL52=20170824-12:42:35.71334=250=TID57=SID10=225
20170824-12:43:26.499 : 8=FIXT.1.19=9835=A34=149=DBL50=SID52=20170824-12:43:26.49856=BME57=TID98=0108=30141=Y1137=41408=T4.010=116
20170824-12:43:26.501 : 8=FIXT.1.19=9835=A49=BME56=DBL52=20170824-12:43:26.50034=150=TID57=SID98=0108=30141=Y1137=91408=T4.010=105
20170824-12:43:32.008 : 8=FIXT.1.19=4935=534=249=DBL52=20170824-12:43:32.00856=BME10=210
20170824-12:43:32.008 : 8=FIXT.1.19=6335=549=BME56=DBL52=20170824-12:43:32.00834=250=TID57=SID10=220
20170824-12:43:50.538 : 8=FIXT.1.19=9835=A34=149=DBL50=SID52=20170824-12:43:50.52556=BME57=TID98=0108=30141=Y1137=41408=T4.010=104
20170824-12:43:50.539 : 8=FIXT.1.19=9835=A49=BME56=DBL52=20170824-12:43:50.53834=150=TID57=SID98=0108=30141=Y1137=91408=T4.010=113
20170824-12:44:07.987 : 8=FIXT.1.19=17635=D34=249=DBL52=20170824-12:44:07.98756=BME1137=911=2017-08-24_94a33df6-f703-42f7-85b5-73eec1c4da2c21=138=4340=244=1254=255=CSCO60=20170824-12:44:07581=11030=I10=208
20170824-12:44:07.989 : 8=FIXT.1.19=21135=849=BME56=DBL52=20170824-12:44:07.98734=250=TID57=SID37=111=2017-08-24_94a33df6-f703-42f7-85b5-73eec1c4da2c17=0150=A39=A581=155=CSCO54=238=4340=244=12151=4314=060=20170824-12:44:071030=I10=113
20170824-12:44:07.992 : 8=FIXT.1.19=17635=D34=349=DBL52=20170824-12:44:07.99256=BME1137=911=2017-08-24_04f274e8-0bcc-41e3-9071-10ea624dd7a221=138=4340=244=1254=155=CSCO60=20170824-12:44:07581=11030=I10=087
20170824-12:44:08.207 : 8=FIXT.1.19=21035=849=BME56=DBL52=20170824-12:44:07.98934=350=TID57=SID37=111=2017-08-24_94a33df6-f703-42f7-85b5-73eec1c4da2c17=1150=039=0581=155=CSCO54=238=4340=244=0151=4314=060=20170824-12:44:071030=I10=031
20170824-12:44:08.401 : 8=FIXT.1.19=21135=849=BME56=DBL52=20170824-12:44:07.99234=450=TID57=SID37=211=2017-08-24_04f274e8-0bcc-41e3-9071-10ea624dd7a217=2150=A39=A581=155=CSCO54=138=4340=244=12151=4314=060=20170824-12:44:071030=I10=252
20170824-12:44:08.603 : 8=FIXT.1.19=21035=849=BME56=DBL52=20170824-12:44:07.99334=550=TID57=SID37=211=2017-08-24_04f274e8-0bcc-41e3-9071-10ea624dd7a217=3150=039=0581=155=CSCO54=138=4340=244=0151=4314=060=20170824-12:44:071030=I10=169
20170824-12:44:08.780 : 8=FIXT.1.19=21135=849=BME56=DBL52=20170824-12:44:07.99334=650=TID57=SID37=211=2017-08-24_04f274e8-0bcc-41e3-9071-10ea624dd7a217=4150=F39=2581=155=CSCO54=138=4340=244=12151=014=4360=20170824-12:44:071030=I10=247
20170824-12:44:08.939 : 8=FIXT.1.19=21135=849=BME56=DBL52=20170824-12:44:07.99334=750=TID57=SID37=111=2017-08-24_94a33df6-f703-42f7-85b5-73eec1c4da2c17=5150=F39=2581=155=CSCO54=238=4340=244=12151=014=4360=20170824-12:44:071030=I10=110
20170824-12:44:37.971 : 8=FIXT.1.19=4935=034=449=DBL52=20170824-12:44:37.97156=BME10=222
20170824-12:44:38.582 : 8=FIXT.1.19=6335=049=BME56=DBL52=20170824-12:44:38.58234=850=TID57=SID10=235
20170824-12:45:07.421 : 8=FIXT.1.19=4935=034=549=DBL52=20170824-12:45:07.42156=BME10=211
20170824-12:45:09.607 : 8=FIXT.1.19=6335=049=BME56=DBL52=20170824-12:45:09.60734=950=TID57=SID10=233
20170824-12:45:37.685 : 8=FIXT.1.19=4935=034=649=DBL52=20170824-12:45:37.68556=BME10=227
20170824-12:45:38.776 : 8=FIXT.1.19=4935=534=749=DBL52=20170824-12:45:38.77656=BME10=235
20170824-12:45:38.777 : 8=FIXT.1.19=6435=549=BME56=DBL52=20170824-12:45:38.77734=1050=TID57=SID10=033
20170824-12:55:36.571 : 8=FIXT.1.19=9835=A34=149=DBL50=SID52=20170824-12:55:36.56456=BME57=TID98=0108=30141=Y1137=41408=T4.010=114
20170824-12:55:36.575 : 8=FIXT.1.19=9835=A49=BME56=DBL52=20170824-12:55:36.57434=150=TID57=SID98=0108=30141=Y1137=91408=T4.010=120
20170824-12:55:38.722 : 8=FIXT.1.19=4935=534=249=DBL52=20170824-12:55:38.72256=BME10=222
20170824-12:55:38.723 : 8=FIXT.1.19=6335=549=BME56=DBL52=20170824-12:55:38.72234=250=TID57=SID10=232
20170824-12:56:24.231 : 8=FIXT.1.19=9835=A34=149=DBL50=SID52=20170824-12:56:24.22856=BME57=TID98=0108=30141=Y1137=41408=T4.010=109
20170824-12:56:24.233 : 8=FIXT.1.19=9835=A49=BME56=DBL52=20170824-12:56:24.23234=150=TID57=SID98=0108=30141=Y1137=91408=T4.010=109
20170824-12:56:26.699 : 8=FIXT.1.19=4935=534=249=DBL52=20170824-12:56:26.69956=BME10=233
20170824-12:56:26.702 : 8=FIXT.1.19=6335=549=BME56=DBL52=20170824-12:56:26.69934=250=TID57=SID10=243
20170824-12:59:51.832 : 8=FIXT.1.19=9835=A34=149=DBL50=SID52=20170824-12:59:51.83156=BME57=TID98=0108=30141=Y1137=41408=T4.010=112
20170824-12:59:51.833 : 8=FIXT.1.19=9835=A49=BME56=DBL52=20170824-12:59:51.83334=150=TID57=SID98=0108=30141=Y1137=91408=T4.010=119
20170824-12:59:57.670 : 8=FIXT.1.19=4935=534=249=DBL52=20170824-12:59:57.67056=BME10=229
20170824-12:59:57.671 : 8=FIXT.1.19=6335=549=BME56=DBL52=20170824-12:59:57.67034=250=TID57=SID10=239
20170824-13:00:09.135 : 8=FIXT.1.19=9835=A34=149=DBL50=SID52=20170824-13:00:09.13256=BME57=TID98=0108=30141=Y1137=41408=T4.010=096
20170824-13:00:09.136 : 8=FIXT.1.19=9835=A49=BME56=DBL52=20170824-13:00:09.13534=150=TID57=SID98=0108=30141=Y1137=91408=T4.010=104
20170824-13:00:14.065 : 8=FIXT.1.19=4935=534=249=DBL52=20170824-13:00:14.06556=BME10=207
20170824-13:00:14.065 : 8=FIXT.1.19=6335=549=BME56=DBL52=20170824-13:00:14.06534=250=TID57=SID10=217
20170824-13:00:20.576 : 8=FIXT.1.19=9835=A34=149=DBL50=SID52=20170824-13:00:20.57656=BME57=TID98=0108=30141=Y1137=41408=T4.010=101
20170824-13:00:20.577 : 8=FIXT.1.19=9835=A49=BME56=DBL52=20170824-13:00:20.57634=150=TID57=SID98=0108=30141=Y1137=91408=T4.010=106
20170824-13:00:50.368 : 8=FIXT.1.19=4935=034=249=DBL52=20170824-13:00:50.36456=BME10=204
20170824-13:00:51.606 : 8=FIXT.1.19=6335=049=BME56=DBL52=20170824-13:00:51.60634=250=TID57=SID10=214
20170824-13:01:11.050 : 8=FIXT.1.19=4935=534=349=DBL52=20170824-13:01:11.05056=BME10=200
20170824-13:01:11.051 : 8=FIXT.1.19=6335=549=BME56=DBL52=20170824-13:01:11.05134=350=TID57=SID10=211
20170824-13:01:34.321 : 8=FIXT.1.19=9835=A34=149=DBL50=SID52=20170824-13:01:34.32056=BME57=TID98=0108=30141=Y1137=41408=T4.010=094
20170824-13:01:34.322 : 8=FIXT.1.19=9835=A49=BME56=DBL52=20170824-13:01:34.32134=150=TID57=SID98=0108=30141=Y1137=91408=T4.010=100
20170824-13:01:43.385 : 8=FIXT.1.19=4935=534=249=DBL52=20170824-13:01:43.38556=BME10=215
20170824-13:01:43.386 : 8=FIXT.1.19=6335=549=BME56=DBL52=20170824-13:01:43.38534=250=TID57=SID10=225
20170824-13:04:35.585 : 8=FIXT.1.19=9835=A34=149=DBL50=SID52=20170824-13:04:35.58356=BME57=TID98=0108=30141=Y1137=41408=T4.010=109
20170824-13:04:35.589 : 8=FIXT.1.19=9835=A49=BME56=DBL52=20170824-13:04:35.58534=150=TID57=SID98=0108=30141=Y1137=91408=T4.010=116
20170824-13:04:39.466 : 8=FIXT.1.19=4935=534=249=DBL52=20170824-13:04:39.46556=BME10=222
20170824-13:04:39.467 : 8=FIXT.1.19=6335=549=BME56=DBL52=20170824-13:04:39.46634=250=TID57=SID10=233
20170824-13:04:42.004 : 8=FIXT.1.19=9835=A34=149=DBL50=SID52=20170824-13:04:42.00456=BME57=TID98=0108=30141=Y1137=41408=T4.010=095
20170824-13:04:42.005 : 8=FIXT.1.19=9835=A49=BME56=DBL52=20170824-13:04:41.00534=150=TID57=SID98=0108=30141=Y1137=91408=T4.010=100
20170824-13:04:46.403 : 8=FIXT.1.19=4935=534=249=DBL52=20170824-13:04:46.40356=BME10=212
20170824-13:04:46.404 : 8=FIXT.1.19=6335=549=BME56=DBL52=20170824-13:04:46.40434=250=TID57=SID10=223
20170824-13:04:58.599 : 8=FIXT.1.19=9835=A34=149=DBL50=SID52=20170824-13:04:58.59556=BME57=TID98=0108=30141=Y1137=41408=T4.010=117
20170824-13:04:58.600 : 8=FIXT.1.19=9835=A49=BME56=DBL52=20170824-13:04:58.60034=150=TID57=SID98=0108=30141=Y1137=91408=T4.010=109
20170824-13:04:59.625 : 8=FIXT.1.19=4935=534=249=DBL52=20170824-13:04:59.62556=BME10=222
20170824-13:04:59.626 : 8=FIXT.1.19=6335=549=BME56=DBL52=20170824-13:04:59.62634=250=TID57=SID10=233
20170824-13:06:13.147 : 8=FIXT.1.19=9835=A34=149=DBL50=SID52=20170824-13:06:13.14356=BME57=TID98=0108=30141=Y1137=41408=T4.010=099
20170824-13:06:13.148 : 8=FIXT.1.19=9835=A49=BME56=DBL52=20170824-13:06:13.14834=150=TID57=SID98=0108=30141=Y1137=91408=T4.010=109
20170824-13:06:16.604 : 8=FIXT.1.19=4935=534=249=DBL52=20170824-13:06:16.60356=BME10=213
20170824-13:06:16.606 : 8=FIXT.1.19=6335=549=BME56=DBL52=20170824-13:06:16.60434=250=TID57=SID10=224
20170824-13:06:18.106 : 8=FIXT.1.19=9835=A34=149=DBL50=SID52=20170824-13:06:18.10156=BME57=TID98=0108=30141=Y1137=41408=T4.010=098
20170824-13:06:18.107 : 8=FIXT.1.19=9835=A49=BME56=DBL52=20170824-13:06:18.10634=150=TID57=SID98=0108=30141=Y1137=91408=T4.010=108
20170824-13:06:34.815 : 8=FIXT.1.19=4935=534=249=DBL52=20170824-13:06:34.81456=BME10=217
20170824-13:06:34.815 : 8=FIXT.1.19=6335=549=BME56=DBL52=20170824-13:06:34.81534=250=TID57=SID10=228
20170824-13:06:38.531 : 8=FIXT.1.19=9835=A34=149=DBL50=SID52=20170824-13:06:38.53156=BME57=TID98=0108=30141=Y1137=41408=T4.010=107
20170824-13:06:38.532 : 8=FIXT.1.19=9835=A49=BME56=DBL52=20170824-13:06:38.53134=150=TID57=SID98=0108=30141=Y1137=91408=T4.010=112
20170824-13:06:43.166 : 8=FIXT.1.19=4935=534=249=DBL52=20170824-13:06:43.16656=BME10=217
20170824-13:06:43.166 : 8=FIXT.1.19=6335=549=BME56=DBL52=20170824-13:06:43.16634=250=TID57=SID10=227
20170824-13:08:05.288 : 8=FIXT.1.19=9835=A34=149=DBL50=SID52=20170824-13:08:05.28456=BME57=TID98=0108=30141=Y1137=41408=T4.010=108
20170824-13:08:05.288 : 8=FIXT.1.19=9835=A49=BME56=DBL52=20170824-13:08:05.28834=150=TID57=SID98=0108=30141=Y1137=91408=T4.010=117
20170824-13:08:07.530 : 8=FIXT.1.19=4935=534=249=DBL52=20170824-13:08:07.53056=BME10=214
20170824-13:08:07.531 : 8=FIXT.1.19=6335=549=BME56=DBL52=20170824-13:08:07.53034=250=TID57=SID10=224
20170824-13:08:14.241 : 8=FIXT.1.19=9835=A34=149=DBL50=SID52=20170824-13:08:14.23256=BME57=TID98=0108=30141=Y1137=41408=T4.010=101
20170824-13:08:14.244 : 8=FIXT.1.19=9835=A49=BME56=DBL52=20170824-13:08:14.24234=150=TID57=SID98=0108=30141=Y1137=91408=T4.010=107
20170824-13:08:16.928 : 8=FIXT.1.19=4935=534=249=DBL52=20170824-13:08:16.92856=BME10=225
20170824-13:08:16.929 : 8=FIXT.1.19=6335=549=BME56=DBL52=20170824-13:08:16.92834=250=TID57=SID10=235
20170824-13:10:21.255 : 8=FIXT.1.19=9835=A34=149=DBL50=SID52=20170824-13:10:21.25356=BME57=TID98=0108=30141=Y1137=41408=T4.010=095
20170824-13:10:21.256 : 8=FIXT.1.19=9835=A49=BME56=DBL52=20170824-13:10:21.25534=150=TID57=SID98=0108=30141=Y1137=91408=T4.010=102
20170824-13:10:51.642 : 8=FIXT.1.19=4935=034=249=DBL52=20170824-13:10:51.64156=BME10=204
20170824-13:10:52.289 : 8=FIXT.1.19=6335=049=BME56=DBL52=20170824-13:10:52.28834=250=TID57=SID10=222
20170824-13:12:34.366 : 8=FIXT.1.19=9835=A34=149=DBL50=SID52=20170824-13:12:34.36356=BME57=TID98=0108=30141=Y1137=41408=T4.010=103
20170824-13:12:34.367 : 8=FIXT.1.19=9835=A49=BME56=DBL52=20170824-13:12:34.36734=150=TID57=SID98=0108=30141=Y1137=91408=T4.010=112
20170824-13:12:40.256 : 8=FIXT.1.19=4935=534=249=DBL52=20170824-13:12:40.25656=BME10=211
20170824-13:12:40.257 : 8=FIXT.1.19=6335=549=BME56=DBL52=20170824-13:12:40.25634=250=TID57=SID10=221
20170824-13:14:40.487 : 8=FIXT.1.19=9835=A34=149=DBL50=SID52=20170824-13:14:40.48456=BME57=TID98=0108=30141=Y1137=41408=T4.010=106
20170824-13:14:40.488 : 8=FIXT.1.19=9835=A49=BME56=DBL52=20170824-13:14:40.48834=150=TID57=SID98=0108=30141=Y1137=91408=T4.010=115
20170824-13:14:51.556 : 8=FIXT.1.19=4935=534=249=DBL52=20170824-13:14:51.55556=BME10=217
20170824-13:14:51.557 : 8=FIXT.1.19=6335=549=BME56=DBL52=20170824-13:14:51.55634=250=TID57=SID10=228
20170824-13:14:55.831 : 8=FIXT.1.19=9835=A34=149=DBL50=SID52=20170824-13:14:55.82956=BME57=TID98=0108=30141=Y1137=41408=T4.010=115
20170824-13:14:55.833 : 8=FIXT.1.19=9835=A49=BME56=DBL52=20170824-13:14:55.83234=150=TID57=SID98=0108=30141=Y1137=91408=T4.010=114
20170824-13:15:01.642 : 8=FIXT.1.19=4935=534=249=DBL52=20170824-13:15:01.64256=BME10=210
20170824-13:15:01.642 : 8=FIXT.1.19=6335=549=BME56=DBL52=20170824-13:15:01.64234=250=TID57=SID10=220
20170824-13:16:02.537 : 8=FIXT.1.19=9835=A34=149=DBL50=SID52=20170824-13:16:02.53656=BME57=TID98=0108=30141=Y1137=41408=T4.010=104
20170824-13:16:02.540 : 8=FIXT.1.19=9835=A49=BME56=DBL52=20170824-13:16:02.53834=150=TID57=SID98=0108=30141=Y1137=91408=T4.010=111
20170824-13:16:04.790 : 8=FIXT.1.19=4935=534=249=DBL52=20170824-13:16:04.78956=BME10=226
20170824-13:16:04.791 : 8=FIXT.1.19=6335=549=BME56=DBL52=20170824-13:16:04.79034=250=TID57=SID10=228
20170824-13:16:20.422 : 8=FIXT.1.19=9835=A34=149=DBL50=SID52=20170824-13:16:20.41856=BME57=TID98=0108=30141=Y1137=41408=T4.010=103
20170824-13:16:20.424 : 8=FIXT.1.19=9835=A49=BME56=DBL52=20170824-13:16:20.42334=150=TID57=SID98=0108=30141=Y1137=91408=T4.010=104
20170824-13:16:22.846 : 8=FIXT.1.19=4935=534=249=DBL52=20170824-13:16:22.84656=BME10=220
20170824-13:16:22.846 : 8=FIXT.1.19=6335=549=BME56=DBL52=20170824-13:16:22.84634=250=TID57=SID10=230
20170824-13:20:23.200 : 8=FIXT.1.19=9835=A34=149=DBL50=SID52=20170824-13:20:23.20056=BME57=TID98=0108=30141=Y1137=41408=T4.010=090
20170824-13:20:23.201 : 8=FIXT.1.19=9835=A49=BME56=DBL52=20170824-13:20:23.20134=150=TID57=SID98=0108=30141=Y1137=91408=T4.010=096
20170824-13:20:25.520 : 8=FIXT.1.19=4935=534=249=DBL52=20170824-13:20:25.51956=BME10=215
20170824-13:20:25.520 : 8=FIXT.1.19=6335=549=BME56=DBL52=20170824-13:20:25.52034=250=TID57=SID10=217
20170824-13:21:05.366 : 8=FIXT.1.19=9835=A34=149=DBL50=SID52=20170824-13:21:05.36456=BME57=TID98=0108=30141=Y1137=41408=T4.010=102
20170824-13:21:05.367 : 8=FIXT.1.19=9835=A49=BME56=DBL52=20170824-13:21:05.36634=150=TID57=SID98=0108=30141=Y1137=91408=T4.010=109
20170824-13:21:08.058 : 8=FIXT.1.19=17635=D34=249=DBL52=20170824-13:21:08.05856=BME1137=911=2017-08-24_fd6ef8db-acb3-44d1-a3fc-faf3609fb21621=138=2340=244=1254=255=CSCO60=20170824-13:21:08581=11030=I10=165
20170824-13:21:08.060 : 8=FIXT.1.19=21135=849=BME56=DBL52=20170824-13:21:08.05934=250=TID57=SID37=111=2017-08-24_fd6ef8db-acb3-44d1-a3fc-faf3609fb21617=0150=A39=A581=155=CSCO54=238=2340=244=12151=2314=060=20170824-13:21:081030=I10=069
20170824-13:21:08.062 : 8=FIXT.1.19=17635=D34=349=DBL52=20170824-13:21:08.06256=BME1137=911=2017-08-24_6ba46031-6e06-4499-ab32-233b82bd0e8521=138=2340=244=1254=155=CSCO60=20170824-13:21:08581=11030=I10=234
20170824-13:21:08.188 : 8=FIXT.1.19=21035=849=BME56=DBL52=20170824-13:21:08.06034=350=TID57=SID37=111=2017-08-24_fd6ef8db-acb3-44d1-a3fc-faf3609fb21617=1150=039=0581=155=CSCO54=238=2340=244=0151=2314=060=20170824-13:21:081030=I10=233
20170824-13:21:08.232 : 8=FIXT.1.19=21135=849=BME56=DBL52=20170824-13:21:08.06234=450=TID57=SID37=211=2017-08-24_6ba46031-6e06-4499-ab32-233b82bd0e8517=2150=A39=A581=155=CSCO54=138=2340=244=12151=2314=060=20170824-13:21:081030=I10=141
20170824-13:21:08.267 : 8=FIXT.1.19=21035=849=BME56=DBL52=20170824-13:21:08.06334=550=TID57=SID37=211=2017-08-24_6ba46031-6e06-4499-ab32-233b82bd0e8517=3150=039=0581=155=CSCO54=138=2340=244=0151=2314=060=20170824-13:21:081030=I10=058
20170824-13:21:08.295 : 8=FIXT.1.19=21135=849=BME56=DBL52=20170824-13:21:08.06334=650=TID57=SID37=211=2017-08-24_6ba46031-6e06-4499-ab32-233b82bd0e8517=4150=F39=2581=155=CSCO54=138=2340=244=12151=014=2360=20170824-13:21:081030=I10=136
20170824-13:21:08.319 : 8=FIXT.1.19=21135=849=BME56=DBL52=20170824-13:21:08.06334=750=TID57=SID37=111=2017-08-24_fd6ef8db-acb3-44d1-a3fc-faf3609fb21617=5150=F39=2581=155=CSCO54=238=2340=244=12151=014=2360=20170824-13:21:081030=I10=064
20170824-13:21:38.025 : 8=FIXT.1.19=4935=034=449=DBL52=20170824-13:21:38.02456=BME10=208
20170824-13:21:39.393 : 8=FIXT.1.19=6335=049=BME56=DBL52=20170824-13:21:39.39334=850=TID57=SID10=232
20170824-13:25:59.295 : 8=FIXT.1.19=9835=A34=149=DBL50=SID52=20170824-13:25:59.29256=BME57=TID98=0108=30141=Y1137=41408=T4.010=115
20170824-13:25:59.296 : 8=FIXT.1.19=9835=A49=BME56=DBL52=20170824-13:25:59.29534=150=TID57=SID98=0108=30141=Y1137=91408=T4.010=123
20170824-13:26:10.350 : 8=FIXT.1.19=17435=D34=249=DBL52=20170824-13:26:10.35056=BME1137=911=2017-08-24_4776b089-2d63-4530-935e-0bbb82a67faf21=138=340=244=354=255=APPL60=20170824-13:26:10581=11030=I10=200
20170824-13:26:10.352 : 8=FIXT.1.19=20835=849=BME56=DBL52=20170824-13:26:10.35134=250=TID57=SID37=111=2017-08-24_4776b089-2d63-4530-935e-0bbb82a67faf17=0150=A39=A581=155=APPL54=238=340=244=3151=314=060=20170824-13:26:101030=I10=062
20170824-13:26:10.354 : 8=FIXT.1.19=17435=D34=349=DBL52=20170824-13:26:10.35456=BME1137=911=2017-08-24_c9608374-31ba-480f-8636-4d56a179b4a121=138=340=244=354=155=APPL60=20170824-13:26:10581=11030=I10=106
20170824-13:26:10.431 : 8=FIXT.1.19=20835=849=BME56=DBL52=20170824-13:26:10.35234=350=TID57=SID37=111=2017-08-24_4776b089-2d63-4530-935e-0bbb82a67faf17=1150=039=0581=155=APPL54=238=340=244=0151=314=060=20170824-13:26:101030=I10=028
20170824-13:26:10.517 : 8=FIXT.1.19=20835=849=BME56=DBL52=20170824-13:26:10.35534=450=TID57=SID37=211=2017-08-24_c9608374-31ba-480f-8636-4d56a179b4a117=2150=A39=A581=155=APPL54=138=340=244=3151=314=060=20170824-13:26:101030=I10=228
20170824-13:26:10.662 : 8=FIXT.1.19=20835=849=BME56=DBL52=20170824-13:26:10.35734=550=TID57=SID37=211=2017-08-24_c9608374-31ba-480f-8636-4d56a179b4a117=3150=039=0581=155=APPL54=138=340=244=0151=314=060=20170824-13:26:101030=I10=195
20170824-13:26:10.800 : 8=FIXT.1.19=20835=849=BME56=DBL52=20170824-13:26:10.35834=650=TID57=SID37=211=2017-08-24_c9608374-31ba-480f-8636-4d56a179b4a117=4150=F39=2581=155=APPL54=138=340=244=3151=014=360=20170824-13:26:101030=I10=225
20170824-13:26:10.937 : 8=FIXT.1.19=20835=849=BME56=DBL52=20170824-13:26:10.36034=750=TID57=SID37=111=2017-08-24_4776b089-2d63-4530-935e-0bbb82a67faf17=5150=F39=2581=155=APPL54=238=340=244=3151=014=360=20170824-13:26:101030=I10=062
20170824-13:26:34.143 : 8=FIXT.1.19=17635=D34=449=DBL52=20170824-13:26:34.14356=BME1137=911=2017-08-24_581345e4-8655-44b5-aba1-d1986450c10d21=138=8940=244=8954=255=CSCO60=20170824-13:26:34581=11030=I10=228
20170824-13:26:34.145 : 8=FIXT.1.19=21135=849=BME56=DBL52=20170824-13:26:34.14434=850=TID57=SID37=311=2017-08-24_581345e4-8655-44b5-aba1-d1986450c10d17=6150=A39=A581=155=CSCO54=238=8940=244=89151=8914=060=20170824-13:26:341030=I10=156
20170824-13:26:34.147 : 8=FIXT.1.19=17635=D34=549=DBL52=20170824-13:26:34.14756=BME1137=911=2017-08-24_01acd38b-1368-4d4b-9364-eb63fc65a19621=138=8940=244=8954=155=CSCO60=20170824-13:26:34581=11030=I10=125
20170824-13:26:34.197 : 8=FIXT.1.19=21035=849=BME56=DBL52=20170824-13:26:34.14534=950=TID57=SID37=311=2017-08-24_581345e4-8655-44b5-aba1-d1986450c10d17=7150=039=0581=155=CSCO54=238=8940=244=0151=8914=060=20170824-13:26:341030=I10=059
20170824-13:26:34.232 : 8=FIXT.1.19=21235=849=BME56=DBL52=20170824-13:26:34.15034=1050=TID57=SID37=411=2017-08-24_01acd38b-1368-4d4b-9364-eb63fc65a19617=8150=A39=A581=155=CSCO54=138=8940=244=89151=8914=060=20170824-13:26:341030=I10=090
20170824-13:26:34.309 : 8=FIXT.1.19=21135=849=BME56=DBL52=20170824-13:26:34.15134=1150=TID57=SID37=411=2017-08-24_01acd38b-1368-4d4b-9364-eb63fc65a19617=9150=039=0581=155=CSCO54=138=8940=244=0151=8914=060=20170824-13:26:341030=I10=249
20170824-13:26:34.414 : 8=FIXT.1.19=21335=849=BME56=DBL52=20170824-13:26:34.15234=1250=TID57=SID37=411=2017-08-24_01acd38b-1368-4d4b-9364-eb63fc65a19617=10150=F39=2581=155=CSCO54=138=8940=244=89151=014=8960=20170824-13:26:341030=I10=126
20170824-13:26:34.510 : 8=FIXT.1.19=21335=849=BME56=DBL52=20170824-13:26:34.15334=1350=TID57=SID37=311=2017-08-24_581345e4-8655-44b5-aba1-d1986450c10d17=11150=F39=2581=155=CSCO54=238=8940=244=89151=014=8960=20170824-13:26:341030=I10=236
20170824-13:26:39.019 : 8=FIXT.1.19=4935=534=649=DBL52=20170824-13:26:39.01956=BME10=225
20170824-13:26:39.019 : 8=FIXT.1.19=6435=549=BME56=DBL52=20170824-13:26:39.01934=1450=TID57=SID10=027
20170824-13:51:50.628 : 8=FIXT.1.19=9835=A34=149=DBL50=SID52=20170824-13:51:50.62656=BME57=TID98=0108=30141=Y1137=41408=T4.010=106
20170824-13:51:50.629 : 8=FIXT.1.19=9835=A49=BME56=DBL52=20170824-13:51:50.62934=150=TID57=SID98=0108=30141=Y1137=91408=T4.010=114
20170824-13:51:56.219 : 8=FIXT.1.19=4935=534=249=DBL52=20170824-13:51:56.21856=BME10=219
20170824-13:51:56.219 : 8=FIXT.1.19=6335=549=BME56=DBL52=20170824-13:51:56.21934=250=TID57=SID10=230
20170824-13:52:23.780 : 8=FIXT.1.19=9835=A34=149=DBL50=SID52=20170824-13:52:23.78056=BME57=TID98=0108=30141=Y1137=41408=T4.010=108
20170824-13:52:23.781 : 8=FIXT.1.19=9835=A49=BME56=DBL52=20170824-13:52:23.78134=150=TID57=SID98=0108=30141=Y1137=91408=T4.010=114
20170824-13:52:47.179 : 8=FIXT.1.19=4935=534=249=DBL52=20170824-13:52:47.17956=BME10=226
20170824-13:52:47.179 : 8=FIXT.1.19=6335=549=BME56=DBL52=20170824-13:52:47.17934=250=TID57=SID10=236
20170824-14:08:14.084 : 8=FIXT.1.19=9835=A34=149=DBL50=SID52=20170824-14:08:14.08256=BME57=TID98=0108=30141=Y1137=41408=T4.010=105
20170824-14:08:14.088 : 8=FIXT.1.19=9835=A49=BME56=DBL52=20170824-14:08:14.08434=150=TID57=SID98=0108=30141=Y1137=91408=T4.010=112
20170824-14:08:25.818 : 8=FIXT.1.19=17435=D34=249=DBL52=20170824-14:08:25.81856=BME1137=911=2017-08-24_6b7dfe1e-94fe-4089-ad30-4311b8ff953b21=138=240=244=354=255=CSCO60=20170824-14:08:25581=11030=I10=109
20170824-14:08:25.819 : 8=FIXT.1.19=20835=849=BME56=DBL52=20170824-14:08:25.81834=250=TID57=SID37=111=2017-08-24_6b7dfe1e-94fe-4089-ad30-4311b8ff953b17=0150=A39=A581=155=CSCO54=238=240=244=3151=214=060=20170824-14:08:251030=I10=225
20170824-14:08:25.859 : 8=FIXT.1.19=20835=849=BME56=DBL52=20170824-14:08:25.81934=350=TID57=SID37=111=2017-08-24_6b7dfe1e-94fe-4089-ad30-4311b8ff953b17=1150=039=0581=155=CSCO54=238=240=244=0151=214=060=20170824-14:08:251030=I10=191
20170824-14:08:55.257 : 8=FIXT.1.19=4935=034=349=DBL52=20170824-14:08:55.25756=BME10=220
20170824-14:08:56.125 : 8=FIXT.1.19=6335=049=BME56=DBL52=20170824-14:08:56.12334=450=TID57=SID10=224
20170824-14:09:14.387 : 8=FIXT.1.19=17835=D34=449=DBL52=20170824-14:09:14.38656=BME1137=911=2017-08-24_64517ba0-85dd-4884-a6f5-4c2b4144b77821=138=2340=244=3.4454=155=APPL60=20170824-14:09:14581=11030=I10=124
20170824-14:09:14.389 : 8=FIXT.1.19=21335=849=BME56=DBL52=20170824-14:09:14.38834=550=TID57=SID37=211=2017-08-24_64517ba0-85dd-4884-a6f5-4c2b4144b77817=2150=A39=A581=155=APPL54=138=2340=244=3.44151=2314=060=20170824-14:09:141030=I10=033
20170824-14:09:14.451 : 8=FIXT.1.19=21035=849=BME56=DBL52=20170824-14:09:14.38934=650=TID57=SID37=211=2017-08-24_64517ba0-85dd-4884-a6f5-4c2b4144b77817=3150=039=0581=155=APPL54=138=2340=244=0151=2314=060=20170824-14:09:141030=I10=102
20170824-14:09:44.762 : 8=FIXT.1.19=4935=034=549=DBL52=20170824-14:09:44.76256=BME10=222
20170824-14:09:45.176 : 8=FIXT.1.19=6335=049=BME56=DBL52=20170824-14:09:45.17534=750=TID57=SID10=233
20170824-14:10:14.760 : 8=FIXT.1.19=4935=034=649=DBL52=20170824-14:10:14.76056=BME10=210
20170824-14:10:16.206 : 8=FIXT.1.19=6335=049=BME56=DBL52=20170824-14:10:16.20634=850=TID57=SID10=219
20170824-14:23:28.029 : 8=FIXT.1.19=9835=A34=149=DBL50=SID52=20170824-14:23:28.02456=BME57=TID98=0108=30141=Y1137=41408=T4.010=103
20170824-14:23:28.032 : 8=FIXT.1.19=9835=A49=BME56=DBL52=20170824-14:23:28.02934=150=TID57=SID98=0108=30141=Y1137=91408=T4.010=113
20170824-14:23:31.332 : 8=FIXT.1.19=4935=534=249=DBL52=20170824-14:23:31.33256=BME10=209
20170824-14:23:31.332 : 8=FIXT.1.19=6335=549=BME56=DBL52=20170824-14:23:31.33234=250=TID57=SID10=219
20170824-16:02:08.528 : 8=FIXT.1.19=9835=A34=149=DBL50=SID52=20170824-16:02:08.52756=BME57=TID98=0108=30141=Y1137=41408=T4.010=108
20170824-16:02:08.529 : 8=FIXT.1.19=9835=A49=BME56=DBL52=20170824-16:02:08.52834=150=TID57=SID98=0108=30141=Y1137=91408=T4.010=114
20170824-16:02:38.622 : 8=FIXT.1.19=4935=034=249=DBL52=20170824-16:02:38.62256=BME10=212
20170824-16:02:39.565 : 8=FIXT.1.19=6335=049=BME56=DBL52=20170824-16:02:39.56534=250=TID57=SID10=229
                                                                                                                                                  20170825-08:26:46.420 : 8=FIXT.1.19=9835=A34=149=DBL50=SID52=20170825-08:26:46.41756=BME57=TID98=0108=30141=Y1137=41408=T4.010=116
20170825-08:26:46.422 : 8=FIXT.1.19=9835=A49=BME56=DBL52=20170825-08:26:46.42234=150=TID57=SID98=0108=30141=Y1137=91408=T4.010=117
20170825-08:26:49.390 : 8=FIXT.1.19=4935=534=249=DBL52=20170825-08:26:49.38956=BME10=237
20170825-08:26:49.391 : 8=FIXT.1.19=6335=549=BME56=DBL52=20170825-08:26:49.39034=250=TID57=SID10=239
20170825-08:27:03.380 : 8=FIXT.1.19=9835=A34=149=DBL50=SID52=20170825-08:27:03.38056=BME57=TID98=0108=30141=Y1137=41408=T4.010=109
20170825-08:27:03.382 : 8=FIXT.1.19=9835=A49=BME56=DBL52=20170825-08:27:03.38234=150=TID57=SID98=0108=30141=Y1137=91408=T4.010=116
20170825-08:27:17.245 : 8=FIXT.1.19=4935=534=249=DBL52=20170825-08:27:17.24556=BME10=224
20170825-08:27:17.246 : 8=FIXT.1.19=6335=549=BME56=DBL52=20170825-08:27:17.24534=250=TID57=SID10=234
20170825-08:30:10.388 : 8=FIXT.1.19=9835=A34=149=DBL50=SID52=20170825-08:30:10.38856=BME57=TID98=0108=30141=Y1137=41408=T4.010=109
20170825-08:30:10.389 : 8=FIXT.1.19=9835=A49=BME56=DBL52=20170825-08:30:10.38834=150=TID57=SID98=0108=30141=Y1137=91408=T4.010=114
20170825-08:30:40.308 : 8=FIXT.1.19=4935=034=249=DBL52=20170825-08:30:40.30856=BME10=209
20170825-08:30:40.744 : 8=FIXT.1.19=17635=D34=349=DBL52=20170825-08:30:40.74456=BME1137=911=2017-08-25_25926b84-5d3f-4e49-8116-b3894ee2773921=138=7840=244=2154=155=CSCO60=20170825-08:30:40581=11030=I10=198
20170825-08:30:40.748 : 8=FIXT.1.19=21135=849=BME56=DBL52=20170825-08:30:40.74534=250=TID57=SID37=111=2017-08-25_25926b84-5d3f-4e49-8116-b3894ee2773917=0150=A39=A581=155=CSCO54=138=7840=244=21151=7814=060=20170825-08:30:401030=I10=111
20170825-08:30:40.748 : 8=FIXT.1.19=21035=849=BME56=DBL52=20170825-08:30:40.74734=350=TID57=SID37=111=2017-08-25_25926b84-5d3f-4e49-8116-b3894ee2773917=1150=039=0581=155=CSCO54=138=7840=244=0151=7814=060=20170825-08:30:401030=I10=029
20170825-08:38:41.900 : 8=FIXT.1.19=9835=A34=149=DBL50=SID52=20170825-08:38:41.89956=BME57=TID98=0108=30141=Y1137=41408=T4.010=128
20170825-08:38:41.901 : 8=FIXT.1.19=9835=A49=BME56=DBL52=20170825-08:38:41.90034=150=TID57=SID98=0108=30141=Y1137=91408=T4.010=116
20170825-08:38:50.431 : 8=FIXT.1.19=4935=534=249=DBL52=20170825-08:38:50.43056=BME10=219
20170825-08:38:50.434 : 8=FIXT.1.19=6335=549=BME56=DBL52=20170825-08:38:50.43134=250=TID57=SID10=230
20170825-08:47:44.059 : 8=FIXT.1.19=9835=A34=149=DBL50=SID52=20170825-08:47:44.05956=BME57=TID98=0108=30141=Y1137=41408=T4.010=119
20170825-08:47:44.060 : 8=FIXT.1.19=9835=A49=BME56=DBL52=20170825-08:47:44.05934=150=TID57=SID98=0108=30141=Y1137=91408=T4.010=124
20170825-08:47:49.899 : 8=FIXT.1.19=4935=534=249=DBL52=20170825-08:47:49.89956=BME10=246
20170825-08:47:49.899 : 8=FIXT.1.19=6335=549=BME56=DBL52=20170825-08:47:49.89934=250=TID57=SID10=000
20170825-08:54:13.026 : 8=FIXT.1.19=9835=A34=149=DBL50=SID52=20170825-08:54:13.02556=BME57=TID98=0108=30141=Y1137=41408=T4.010=106
20170825-08:54:13.027 : 8=FIXT.1.19=9835=A49=BME56=DBL52=20170825-08:54:13.02634=150=TID57=SID98=0108=30141=Y1137=91408=T4.010=112
20170825-08:54:22.535 : 8=FIXT.1.19=4935=534=249=DBL52=20170825-08:54:22.53556=BME10=222
20170825-08:54:22.536 : 8=FIXT.1.19=6335=549=BME56=DBL52=20170825-08:54:22.53534=250=TID57=SID10=232
20170825-08:54:37.909 : 8=FIXT.1.19=9835=A34=149=DBL50=SID52=20170825-08:54:37.90556=BME57=TID98=0108=30141=Y1137=41408=T4.010=119
20170825-08:54:37.910 : 8=FIXT.1.19=9835=A49=BME56=DBL52=20170825-08:54:37.91034=150=TID57=SID98=0108=30141=Y1137=91408=T4.010=120
20170825-08:55:07.128 : 8=FIXT.1.19=4935=034=249=DBL52=20170825-08:55:07.12756=BME10=218
20170825-08:55:08.949 : 8=FIXT.1.19=6335=049=BME56=DBL52=20170825-08:55:08.94934=250=TID57=SID10=241
20170825-08:55:37.196 : 8=FIXT.1.19=4935=034=349=DBL52=20170825-08:55:37.19656=BME10=228
20170825-08:55:39.987 : 8=FIXT.1.19=6335=049=BME56=DBL52=20170825-08:55:39.98734=350=TID57=SID10=248
20170825-08:55:57.611 : 8=FIXT.1.19=9835=A34=149=DBL50=SID52=20170825-08:55:57.61156=BME57=TID98=0108=30141=Y1137=41408=T4.010=116
20170825-08:55:57.612 : 8=FIXT.1.19=9835=A49=BME56=DBL52=20170825-08:55:57.61134=150=TID57=SID98=0108=30141=Y1137=91408=T4.010=121
20170825-08:56:11.616 : 8=FIXT.1.19=4935=534=249=DBL52=20170825-08:56:11.61656=BME10=222
20170825-08:56:11.617 : 8=FIXT.1.19=6335=549=BME56=DBL52=20170825-08:56:11.61634=250=TID57=SID10=232
20170825-09:00:39.977 : 8=FIXT.1.19=9835=A34=149=DBL50=SID52=20170825-09:00:39.97756=BME57=TID98=0108=30141=Y1137=41408=T4.010=122
20170825-09:00:39.978 : 8=FIXT.1.19=9835=A49=BME56=DBL52=20170825-09:00:39.97734=150=TID57=SID98=0108=30141=Y1137=91408=T4.010=127
20170825-09:01:09.152 : 8=FIXT.1.19=4935=034=249=DBL52=20170825-09:01:09.15256=BME10=210
20170825-09:01:10.021 : 8=FIXT.1.19=6335=049=BME56=DBL52=20170825-09:01:10.02134=250=TID57=SID10=207
20170825-09:01:39.104 : 8=FIXT.1.19=4935=034=349=DBL52=20170825-09:01:39.10356=BME10=210
20170825-09:01:41.057 : 8=FIXT.1.19=6335=049=BME56=DBL52=20170825-09:01:41.05734=350=TID57=SID10=221
20170825-09:02:09.713 : 8=FIXT.1.19=4935=034=449=DBL52=20170825-09:02:09.71356=BME10=216
20170825-09:02:12.089 : 8=FIXT.1.19=6335=049=BME56=DBL52=20170825-09:02:12.08934=450=TID57=SID10=226
20170825-09:02:39.082 : 8=FIXT.1.19=4935=034=549=DBL52=20170825-09:02:39.08256=BME10=219
20170825-09:02:43.124 : 8=FIXT.1.19=6335=049=BME56=DBL52=20170825-09:02:43.12434=550=TID57=SID10=221
20170825-09:03:09.096 : 8=FIXT.1.19=4935=034=649=DBL52=20170825-09:03:09.09656=BME10=223
20170825-09:03:14.168 : 8=FIXT.1.19=6335=049=BME56=DBL52=20170825-09:03:14.16734=650=TID57=SID10=228
20170825-09:03:39.119 : 8=FIXT.1.19=4935=034=749=DBL52=20170825-09:03:39.11956=BME10=223
20170825-09:03:45.213 : 8=FIXT.1.19=6335=049=BME56=DBL52=20170825-09:03:45.21334=750=TID57=SID10=225
20170825-09:04:09.271 : 8=FIXT.1.19=4935=034=849=DBL52=20170825-09:04:09.27056=BME10=220
20170825-09:04:16.252 : 8=FIXT.1.19=6335=049=BME56=DBL52=20170825-09:04:16.25234=850=TID57=SID10=228
20170825-09:04:39.094 : 8=FIXT.1.19=4935=034=949=DBL52=20170825-09:04:39.09456=BME10=228
20170825-09:04:47.301 : 8=FIXT.1.19=6335=049=BME56=DBL52=20170825-09:04:47.30134=950=TID57=SID10=228
20170825-09:05:09.254 : 8=FIXT.1.19=5035=034=1049=DBL52=20170825-09:05:09.25456=BME10=000
20170825-09:05:18.338 : 8=FIXT.1.19=6435=049=BME56=DBL52=20170825-09:05:18.33834=1050=TID57=SID10=022
20170825-09:05:39.161 : 8=FIXT.1.19=5035=034=1149=DBL52=20170825-09:05:39.16156=BME10=001
20170825-09:05:49.396 : 8=FIXT.1.19=6435=049=BME56=DBL52=20170825-09:05:49.39534=1150=TID57=SID10=030
20170825-09:06:09.102 : 8=FIXT.1.19=5035=034=1249=DBL52=20170825-09:06:09.10256=BME10=251
20170825-09:06:20.442 : 8=FIXT.1.19=6435=049=BME56=DBL52=20170825-09:06:20.44234=1250=TID57=SID10=014
20170825-09:06:39.307 : 8=FIXT.1.19=5035=034=1349=DBL52=20170825-09:06:39.30756=BME10=006
20170825-09:06:51.479 : 8=FIXT.1.19=6435=049=BME56=DBL52=20170825-09:06:51.47934=1350=TID57=SID10=029
20170825-09:07:09.101 : 8=FIXT.1.19=5035=034=1449=DBL52=20170825-09:07:09.10056=BME10=252
20170825-09:07:22.515 : 8=FIXT.1.19=6435=049=BME56=DBL52=20170825-09:07:22.51534=1450=TID57=SID10=020
20170825-09:07:39.078 : 8=FIXT.1.19=5035=034=1549=DBL52=20170825-09:07:39.07856=BME10=014
20170825-09:07:53.540 : 8=FIXT.1.19=6435=049=BME56=DBL52=20170825-09:07:53.54034=1550=TID57=SID10=023
20170825-09:08:09.179 : 8=FIXT.1.19=5035=034=1649=DBL52=20170825-09:08:09.17956=BME10=015
20170825-09:08:24.569 : 8=FIXT.1.19=6435=049=BME56=DBL52=20170825-09:08:24.56934=1650=TID57=SID10=034
20170825-09:08:39.260 : 8=FIXT.1.19=5035=034=1749=DBL52=20170825-09:08:39.25956=BME10=018
20170825-09:08:55.593 : 8=FIXT.1.19=6435=049=BME56=DBL52=20170825-09:08:55.59334=1750=TID57=SID10=036
20170825-09:09:09.018 : 8=FIXT.1.19=5035=034=1849=DBL52=20170825-09:09:09.01856=BME10=010
20170825-09:09:26.620 : 8=FIXT.1.19=6435=049=BME56=DBL52=20170825-09:09:26.61934=1850=TID57=SID10=035
20170825-09:09:39.357 : 8=FIXT.1.19=5035=034=1949=DBL52=20170825-09:09:39.35756=BME10=020
20170825-09:09:57.645 : 8=FIXT.1.19=6435=049=BME56=DBL52=20170825-09:09:57.64434=1950=TID57=SID10=038
20170825-09:10:09.009 : 8=FIXT.1.19=5035=034=2049=DBL52=20170825-09:10:09.00856=BME10=250
20170825-09:10:28.674 : 8=FIXT.1.19=6435=049=BME56=DBL52=20170825-09:10:28.67334=2050=TID57=SID10=022
20170825-09:10:39.183 : 8=FIXT.1.19=5035=034=2149=DBL52=20170825-09:10:39.18256=BME10=001
20170825-09:10:59.704 : 8=FIXT.1.19=6435=049=BME56=DBL52=20170825-09:10:59.70334=2150=TID57=SID10=021
20170825-09:11:09.018 : 8=FIXT.1.19=5035=034=2249=DBL52=20170825-09:11:09.01856=BME10=254
20170825-09:11:30.731 : 8=FIXT.1.19=6435=049=BME56=DBL52=20170825-09:11:30.73034=2250=TID57=SID10=012
20170825-09:11:39.059 : 8=FIXT.1.19=5035=034=2349=DBL52=20170825-09:11:39.05856=BME10=006
20170825-09:12:01.755 : 8=FIXT.1.19=6435=049=BME56=DBL52=20170825-09:12:01.75434=2350=TID57=SID10=018
20170825-09:12:09.090 : 8=FIXT.1.19=5035=034=2449=DBL52=20170825-09:12:09.08956=BME10=009
20170825-09:12:32.786 : 8=FIXT.1.19=6435=049=BME56=DBL52=20170825-09:12:32.78534=2450=TID57=SID10=027
20170825-09:12:39.265 : 8=FIXT.1.19=5035=034=2549=DBL52=20170825-09:12:39.26556=BME10=009
20170825-09:13:03.811 : 8=FIXT.1.19=6435=049=BME56=DBL52=20170825-09:13:03.81134=2550=TID57=SID10=017
20170825-09:13:09.038 : 8=FIXT.1.19=5035=034=2649=DBL52=20170825-09:13:09.03756=BME10=005
20170825-09:13:34.839 : 8=FIXT.1.19=6435=049=BME56=DBL52=20170825-09:13:34.83934=2650=TID57=SID10=032
20170825-09:13:39.386 : 8=FIXT.1.19=5035=034=2749=DBL52=20170825-09:13:39.38656=BME10=016
20170825-09:14:05.866 : 8=FIXT.1.19=6435=049=BME56=DBL52=20170825-09:14:05.86634=2750=TID57=SID10=032
20170825-09:14:09.281 : 8=FIXT.1.19=5035=034=2849=DBL52=20170825-09:14:09.28156=BME10=009
20170825-09:14:36.894 : 8=FIXT.1.19=6435=049=BME56=DBL52=20170825-09:14:36.89334=2850=TID57=SID10=037
20170825-09:14:39.715 : 8=FIXT.1.19=5035=034=2949=DBL52=20170825-09:14:39.71556=BME10=015
20170825-09:15:07.923 : 8=FIXT.1.19=6435=049=BME56=DBL52=20170825-09:15:07.92334=2950=TID57=SID10=031
20170825-09:15:09.462 : 8=FIXT.1.19=5035=034=3049=DBL52=20170825-09:15:09.46156=BME10=003
20170825-09:15:38.950 : 8=FIXT.1.19=6435=049=BME56=DBL52=20170825-09:15:38.94934=3050=TID57=SID10=035
20170825-09:15:39.044 : 8=FIXT.1.19=5035=034=3149=DBL52=20170825-09:15:39.04356=BME10=003
20170825-09:16:09.550 : 8=FIXT.1.19=5035=034=3249=DBL52=20170825-09:16:09.55056=BME10=005
20170825-09:16:09.977 : 8=FIXT.1.19=6435=049=BME56=DBL52=20170825-09:16:09.97634=3150=TID57=SID10=035
20170825-09:16:39.119 : 8=FIXT.1.19=5035=034=3349=DBL52=20170825-09:16:39.11956=BME10=010
20170825-09:16:41.004 : 8=FIXT.1.19=6435=049=BME56=DBL52=20170825-09:16:40.00334=3250=TID57=SID10=012
20170825-09:17:09.308 : 8=FIXT.1.19=5035=034=3449=DBL52=20170825-09:17:09.30856=BME10=009
20170825-09:17:11.030 : 8=FIXT.1.19=6435=049=BME56=DBL52=20170825-09:17:11.03034=3350=TID57=SID10=012
20170825-09:17:39.349 : 8=FIXT.1.19=5035=034=3549=DBL52=20170825-09:17:39.34856=BME10=017
20170825-09:17:42.057 : 8=FIXT.1.19=6435=049=BME56=DBL52=20170825-09:17:42.05634=3450=TID57=SID10=025
20170825-09:18:09.041 : 8=FIXT.1.19=5035=034=3649=DBL52=20170825-09:18:09.04156=BME10=006
20170825-09:18:13.084 : 8=FIXT.1.19=6435=049=BME56=DBL52=20170825-09:18:13.08434=3550=TID57=SID10=026
20170825-09:18:39.524 : 8=FIXT.1.19=5035=034=3749=DBL52=20170825-09:18:39.52456=BME10=016
20170825-09:18:44.115 : 8=FIXT.1.19=6435=049=BME56=DBL52=20170825-09:18:44.11434=3650=TID57=SID10=025
20170825-09:19:09.206 : 8=FIXT.1.19=5035=034=3849=DBL52=20170825-09:19:09.20656=BME10=012
20170825-09:19:15.145 : 8=FIXT.1.19=6435=049=BME56=DBL52=20170825-09:19:15.14534=3750=TID57=SID10=029
20170825-09:19:39.563 : 8=FIXT.1.19=5035=034=3949=DBL52=20170825-09:19:39.56356=BME10=022
20170825-09:19:46.172 : 8=FIXT.1.19=6435=049=BME56=DBL52=20170825-09:19:46.17234=3850=TID57=SID10=034
20170825-09:20:09.070 : 8=FIXT.1.19=5035=034=4049=DBL52=20170825-09:20:09.07056=BME10=252
20170825-09:20:17.199 : 8=FIXT.1.19=6435=049=BME56=DBL52=20170825-09:20:17.19934=3950=TID57=SID10=034
20170825-09:20:39.066 : 8=FIXT.1.19=5035=034=4149=DBL52=20170825-09:20:39.06556=BME10=004
20170825-09:20:48.222 : 8=FIXT.1.19=6435=049=BME56=DBL52=20170825-09:20:48.22234=4050=TID57=SID10=017
20170825-09:21:09.228 : 8=FIXT.1.19=5035=034=4249=DBL52=20170825-09:21:09.22856=BME10=004
20170825-09:21:19.247 : 8=FIXT.1.19=6435=049=BME56=DBL52=20170825-09:21:19.24734=4150=TID57=SID10=024
20170825-09:21:39.270 : 8=FIXT.1.19=5035=034=4349=DBL52=20170825-09:21:39.27056=BME10=005
20170825-09:21:50.276 : 8=FIXT.1.19=6435=049=BME56=DBL52=20170825-09:21:50.27534=4250=TID57=SID10=021
20170825-09:22:09.139 : 8=FIXT.1.19=5035=034=4449=DBL52=20170825-09:22:09.13956=BME10=008
20170825-09:22:21.301 : 8=FIXT.1.19=6435=049=BME56=DBL52=20170825-09:22:21.30134=4350=TID57=SID10=011
20170825-09:22:39.240 : 8=FIXT.1.19=5035=034=4549=DBL52=20170825-09:22:39.24056=BME10=005
20170825-09:22:52.329 : 8=FIXT.1.19=6435=049=BME56=DBL52=20170825-09:22:52.32934=4450=TID57=SID10=026
20170825-09:23:09.083 : 8=FIXT.1.19=5035=034=4649=DBL52=20170825-09:23:09.08356=BME10=009
20170825-09:23:23.359 : 8=FIXT.1.19=6435=049=BME56=DBL52=20170825-09:23:23.35934=4550=TID57=SID10=029
20170825-09:23:39.157 : 8=FIXT.1.19=5035=034=4749=DBL52=20170825-09:23:39.15756=BME10=015
20170825-09:23:54.392 : 8=FIXT.1.19=6435=049=BME56=DBL52=20170825-09:23:54.39134=4650=TID57=SID10=030
20170825-09:24:09.190 : 8=FIXT.1.19=5035=034=4849=DBL52=20170825-09:24:09.18956=BME10=019
20170825-09:24:25.421 : 8=FIXT.1.19=6435=049=BME56=DBL52=20170825-09:24:25.42034=4750=TID57=SID10=023
20170825-09:24:39.443 : 8=FIXT.1.19=5035=034=4949=DBL52=20170825-09:24:39.44356=BME10=016
20170825-09:24:56.449 : 8=FIXT.1.19=6435=049=BME56=DBL52=20170825-09:24:56.44834=4850=TID57=SID10=038
20170825-09:25:09.223 : 8=FIXT.1.19=5035=034=5049=DBL52=20170825-09:25:09.22356=BME10=002
20170825-09:25:27.477 : 8=FIXT.1.19=6435=049=BME56=DBL52=20170825-09:25:27.47734=4950=TID57=SID10=040
20170825-09:25:39.001 : 8=FIXT.1.19=5035=034=5149=DBL52=20170825-09:25:39.00156=BME10=000
20170825-09:25:58.505 : 8=FIXT.1.19=6435=049=BME56=DBL52=20170825-09:25:58.50534=5050=TID57=SID10=028
20170825-09:26:09.263 : 8=FIXT.1.19=5035=034=5249=DBL52=20170825-09:26:09.26256=BME10=008
20170825-09:26:29.532 : 8=FIXT.1.19=6435=049=BME56=DBL52=20170825-09:26:29.53234=5150=TID57=SID10=028
20170825-09:26:39.266 : 8=FIXT.1.19=5035=034=5349=DBL52=20170825-09:26:39.26556=BME10=015
20170825-09:27:00.559 : 8=FIXT.1.19=6435=049=BME56=DBL52=20170825-09:27:00.55934=5250=TID57=SID10=028
20170825-09:27:09.653 : 8=FIXT.1.19=5035=034=5449=DBL52=20170825-09:27:09.65356=BME10=015
20170825-09:27:31.585 : 8=FIXT.1.19=6435=049=BME56=DBL52=20170825-09:27:31.58434=5350=TID57=SID10=031
20170825-09:27:39.344 : 8=FIXT.1.19=5035=034=5549=DBL52=20170825-09:27:39.34456=BME10=016
20170825-09:28:02.617 : 8=FIXT.1.19=6435=049=BME56=DBL52=20170825-09:28:02.61634=5450=TID57=SID10=027
20170825-09:28:09.001 : 8=FIXT.1.19=5035=034=5649=DBL52=20170825-09:28:09.00156=BME10=005
20170825-09:28:33.645 : 8=FIXT.1.19=6435=049=BME56=DBL52=20170825-09:28:33.64534=5550=TID57=SID10=034
20170825-09:28:39.562 : 8=FIXT.1.19=5035=034=5749=DBL52=20170825-09:28:39.56256=BME10=021
20170825-09:29:04.677 : 8=FIXT.1.19=6435=049=BME56=DBL52=20170825-09:29:04.67734=5650=TID57=SID10=039
20170825-09:29:09.124 : 8=FIXT.1.19=5035=034=5849=DBL52=20170825-09:29:09.12456=BME10=014
20170825-09:29:35.704 : 8=FIXT.1.19=6435=049=BME56=DBL52=20170825-09:29:35.70434=5750=TID57=SID10=035
20170825-09:29:39.650 : 8=FIXT.1.19=5035=034=5949=DBL52=20170825-09:29:39.65056=BME10=022
20170825-09:30:06.731 : 8=FIXT.1.19=6435=049=BME56=DBL52=20170825-09:30:06.73034=5850=TID57=SID10=025
20170825-09:30:09.161 : 8=FIXT.1.19=5035=034=6049=DBL52=20170825-09:30:09.15556=BME10=003
20170825-09:30:37.757 : 8=FIXT.1.19=6435=049=BME56=DBL52=20170825-09:30:37.75734=5950=TID57=SID10=039
20170825-09:30:39.746 : 8=FIXT.1.19=5035=034=6149=DBL52=20170825-09:30:39.74656=BME10=013
20170825-09:31:08.786 : 8=FIXT.1.19=6435=049=BME56=DBL52=20170825-09:31:08.78634=6050=TID57=SID10=032
20170825-09:31:09.403 : 8=FIXT.1.19=5035=034=6249=DBL52=20170825-09:31:09.40256=BME10=001
20170825-09:31:39.019 : 8=FIXT.1.19=5035=034=6349=DBL52=20170825-09:31:39.01856=BME10=008
20170825-09:31:39.816 : 8=FIXT.1.19=6435=049=BME56=DBL52=20170825-09:31:39.81634=6150=TID57=SID10=031
20170825-09:32:09.465 : 8=FIXT.1.19=5035=034=6449=DBL52=20170825-09:32:09.46556=BME10=013
20170825-09:32:10.846 : 8=FIXT.1.19=6435=049=BME56=DBL52=20170825-09:32:10.84534=6250=TID57=SID10=024
20170825-09:32:39.328 : 8=FIXT.1.19=5035=034=6549=DBL52=20170825-09:32:39.32856=BME10=015
20170825-09:32:41.873 : 8=FIXT.1.19=6435=049=BME56=DBL52=20170825-09:32:41.87334=6350=TID57=SID10=030
20170825-09:33:09.162 : 8=FIXT.1.19=5035=034=6649=DBL52=20170825-09:33:09.16156=BME10=009
20170825-09:33:12.901 : 8=FIXT.1.19=6435=049=BME56=DBL52=20170825-09:33:12.90134=6450=TID57=SID10=022
20170825-09:33:39.009 : 8=FIXT.1.19=5035=034=6749=DBL52=20170825-09:33:39.00956=BME10=014
20170825-09:33:43.933 : 8=FIXT.1.19=6435=049=BME56=DBL52=20170825-09:33:43.93334=6550=TID57=SID10=032
20170825-09:34:09.139 : 8=FIXT.1.19=5035=034=6849=DBL52=20170825-09:34:09.13956=BME10=017
20170825-09:34:14.964 : 8=FIXT.1.19=6435=049=BME56=DBL52=20170825-09:34:14.96434=6650=TID57=SID10=036
20170825-09:34:39.418 : 8=FIXT.1.19=5035=034=6949=DBL52=20170825-09:34:39.41756=BME10=020
20170825-09:34:45.999 : 8=FIXT.1.19=6435=049=BME56=DBL52=20170825-09:34:45.99934=6750=TID57=SID10=049
20170825-09:35:09.265 : 8=FIXT.1.19=5035=034=7049=DBL52=20170825-09:35:09.26556=BME10=011
20170825-09:35:16.038 : 8=FIXT.1.19=6435=049=BME56=DBL52=20170825-09:35:16.03634=6850=TID57=SID10=031
20170825-09:35:39.802 : 8=FIXT.1.19=5035=034=7149=DBL52=20170825-09:35:39.80256=BME10=012
20170825-09:35:47.066 : 8=FIXT.1.19=6435=049=BME56=DBL52=20170825-09:35:47.06634=6950=TID57=SID10=039
20170825-09:36:09.181 : 8=FIXT.1.19=5035=034=7249=DBL52=20170825-09:36:09.18156=BME10=011
20170825-09:36:18.101 : 8=FIXT.1.19=6435=049=BME56=DBL52=20170825-09:36:18.10134=7050=TID57=SID10=020
20170825-09:36:39.048 : 8=FIXT.1.19=5035=034=7349=DBL52=20170825-09:36:39.04856=BME10=017
20170825-09:36:49.133 : 8=FIXT.1.19=6435=049=BME56=DBL52=20170825-09:36:49.13334=7150=TID57=SID10=030
20170825-09:37:09.182 : 8=FIXT.1.19=5035=034=7449=DBL52=20170825-09:37:09.18256=BME10=015
20170825-09:37:20.167 : 8=FIXT.1.19=6435=049=BME56=DBL52=20170825-09:37:20.16734=7250=TID57=SID10=028
20170825-09:37:39.006 : 8=FIXT.1.19=5035=034=7549=DBL52=20170825-09:37:39.00556=BME10=013
20170825-09:37:51.201 : 8=FIXT.1.19=6435=049=BME56=DBL52=20170825-09:37:51.20134=7350=TID57=SID10=022
20170825-09:38:09.025 : 8=FIXT.1.19=5035=034=7649=DBL52=20170825-09:38:09.02556=BME10=014
20170825-09:38:22.233 : 8=FIXT.1.19=6435=049=BME56=DBL52=20170825-09:38:22.23334=7450=TID57=SID10=027
20170825-09:38:39.107 : 8=FIXT.1.19=5035=034=7749=DBL52=20170825-09:38:39.10756=BME10=019
20170825-09:38:53.267 : 8=FIXT.1.19=6435=049=BME56=DBL52=20170825-09:38:53.26634=7550=TID57=SID10=038
20170825-09:39:09.145 : 8=FIXT.1.19=5035=034=7849=DBL52=20170825-09:39:09.14456=BME10=019
20170825-09:39:24.302 : 8=FIXT.1.19=6435=049=BME56=DBL52=20170825-09:39:24.30234=7650=TID57=SID10=029
20170825-09:39:39.182 : 8=FIXT.1.19=5035=034=7949=DBL52=20170825-09:39:39.18156=BME10=024
20170825-09:39:55.337 : 8=FIXT.1.19=6435=049=BME56=DBL52=20170825-09:39:55.33734=7750=TID57=SID10=042
20170825-09:40:09.747 : 8=FIXT.1.19=5035=034=8049=DBL52=20170825-09:40:09.74756=BME10=013
20170825-09:40:26.373 : 8=FIXT.1.19=6435=049=BME56=DBL52=20170825-09:40:26.37334=7850=TID57=SID10=033
20170825-09:40:39.233 : 8=FIXT.1.19=5035=034=8149=DBL52=20170825-09:40:39.23256=BME10=006
20170825-09:40:57.412 : 8=FIXT.1.19=6435=049=BME56=DBL52=20170825-09:40:57.41134=7950=TID57=SID10=031
20170825-09:41:09.021 : 8=FIXT.1.19=5035=034=8249=DBL52=20170825-09:41:09.02156=BME10=001
20170825-09:41:28.450 : 8=FIXT.1.19=6435=049=BME56=DBL52=20170825-09:41:28.44834=8050=TID57=SID10=032
20170829-10:58:12.747 : 8=FIXT.1.19=9835=A34=149=DBL50=SID52=20170829-10:58:12.73756=BME57=TID98=0108=30141=Y1137=41408=T4.010=116
20170829-10:58:12.760 : 8=FIXT.1.19=9835=A49=BME56=DBL52=20170829-10:58:12.76034=150=TID57=SID98=0108=30141=Y1137=91408=T4.010=117
20170829-10:58:19.711 : 8=FIXT.1.19=4935=534=249=DBL52=20170829-10:58:19.71156=BME10=225
20170829-10:58:19.711 : 8=FIXT.1.19=6335=549=BME56=DBL52=20170829-10:58:19.71134=250=TID57=SID10=235
20170829-10:58:27.049 : 8=FIXT.1.19=9835=A34=149=DBL50=SID52=20170829-10:58:27.04956=BME57=TID98=0108=30141=Y1137=41408=T4.010=118
20170829-10:58:27.059 : 8=FIXT.1.19=9835=A49=BME56=DBL52=20170829-10:58:27.05134=150=TID57=SID98=0108=30141=Y1137=91408=T4.010=116
20170829-10:58:57.008 : 8=FIXT.1.19=4935=034=249=DBL52=20170829-10:58:57.00856=BME10=221
20170829-10:58:58.080 : 8=FIXT.1.19=6335=049=BME56=DBL52=20170829-10:58:58.07934=250=TID57=SID10=240
20170829-10:59:27.351 : 8=FIXT.1.19=4935=034=349=DBL52=20170829-10:59:27.35156=BME10=221
20170829-10:59:29.109 : 8=FIXT.1.19=6335=049=BME56=DBL52=20170829-10:59:29.10934=350=TID57=SID10=234
20170829-10:59:57.229 : 8=FIXT.1.19=4935=034=449=DBL52=20170829-10:59:57.22956=BME10=229
20170829-11:00:00.137 : 8=FIXT.1.19=6335=049=BME56=DBL52=20170829-11:00:00.13734=450=TID57=SID10=212
20170829-11:00:27.051 : 8=FIXT.1.19=4935=034=549=DBL52=20170829-11:00:27.05056=BME10=206
20170829-11:00:31.164 : 8=FIXT.1.19=6335=049=BME56=DBL52=20170829-11:00:31.16434=550=TID57=SID10=217
20170829-11:00:57.641 : 8=FIXT.1.19=4935=034=649=DBL52=20170829-11:00:57.64156=BME10=216
20170829-11:01:02.191 : 8=FIXT.1.19=6335=049=BME56=DBL52=20170829-11:01:02.19034=650=TID57=SID10=216
20170829-11:01:27.218 : 8=FIXT.1.19=4935=034=749=DBL52=20170829-11:01:27.21856=BME10=215
20170829-11:01:33.219 : 8=FIXT.1.19=6335=049=BME56=DBL52=20170829-11:01:33.21834=750=TID57=SID10=222
20170829-11:01:57.224 : 8=FIXT.1.19=4935=034=849=DBL52=20170829-11:01:57.22456=BME10=216
20170829-11:02:04.244 : 8=FIXT.1.19=6335=049=BME56=DBL52=20170829-11:02:04.24434=850=TID57=SID10=221
20170829-11:02:12.161 : 8=FIXT.1.19=4935=534=949=DBL52=20170829-11:02:12.16156=BME10=214
20170829-11:02:12.161 : 8=FIXT.1.19=6335=549=BME56=DBL52=20170829-11:02:12.16134=950=TID57=SID10=224
20170829-11:58:58.852 : 8=FIXT.1.19=9835=A34=149=DBL50=SID52=20170829-11:58:58.85256=BME57=TID98=0108=30141=Y1137=41408=T4.010=125
20170829-11:58:58.854 : 8=FIXT.1.19=9835=A49=BME56=DBL52=20170829-11:58:58.85234=150=TID57=SID98=0108=30141=Y1137=91408=T4.010=130
20170829-11:59:28.362 : 8=FIXT.1.19=4935=034=249=DBL52=20170829-11:59:28.36256=BME10=224
20170829-11:59:29.895 : 8=FIXT.1.19=6335=049=BME56=DBL52=20170829-11:59:29.89534=250=TID57=SID10=246
20170829-11:59:35.242 : 8=FIXT.1.19=4935=534=349=DBL52=20170829-11:59:35.24256=BME10=225
20170829-11:59:35.243 : 8=FIXT.1.19=6335=549=BME56=DBL52=20170829-11:59:35.24334=350=TID57=SID10=236
20170829-12:00:04.206 : 8=FIXT.1.19=9835=A34=149=DBL50=SID52=20170829-12:00:04.20556=BME57=TID98=0108=30141=Y1137=41408=T4.010=096
20170829-12:00:04.206 : 8=FIXT.1.19=9835=A49=BME56=DBL52=20170829-12:00:04.20634=150=TID57=SID98=0108=30141=Y1137=91408=T4.010=102
20170829-12:00:13.881 : 8=FIXT.1.19=4935=534=249=DBL52=20170829-12:00:13.88156=BME10=216
20170829-12:00:13.882 : 8=FIXT.1.19=6335=549=BME56=DBL52=20170829-12:00:13.88234=250=TID57=SID10=227
20170829-12:00:18.014 : 8=FIXT.1.19=9835=A34=149=DBL50=SID52=20170829-12:00:18.01456=BME57=TID98=0108=30141=Y1137=41408=T4.010=099
20170829-12:00:18.015 : 8=FIXT.1.19=9835=A49=BME56=DBL52=20170829-12:00:18.01534=150=TID57=SID98=0108=30141=Y1137=91408=T4.010=105
20170829-12:00:25.789 : 8=FIXT.1.19=4935=534=249=DBL52=20170829-12:00:25.78956=BME10=226
20170829-12:00:25.790 : 8=FIXT.1.19=6335=549=BME56=DBL52=20170829-12:00:25.79034=250=TID57=SID10=228
20170829-12:00:33.110 : 8=FIXT.1.19=9835=A34=149=DBL50=SID52=20170829-12:00:33.11056=BME57=TID98=0108=30141=Y1137=41408=T4.010=093
20170829-12:00:33.111 : 8=FIXT.1.19=9835=A49=BME56=DBL52=20170829-12:00:33.11134=150=TID57=SID98=0108=30141=Y1137=91408=T4.010=099
20170829-12:01:03.652 : 8=FIXT.1.19=4935=034=249=DBL52=20170829-12:01:03.65256=BME10=207
20170829-12:01:04.149 : 8=FIXT.1.19=6335=049=BME56=DBL52=20170829-12:01:04.14934=250=TID57=SID10=219
20170829-12:01:23.168 : 8=FIXT.1.19=4935=534=349=DBL52=20170829-12:01:23.16756=BME10=216
20170829-12:01:23.168 : 8=FIXT.1.19=6335=549=BME56=DBL52=20170829-12:01:23.16834=350=TID57=SID10=227
20170829-12:04:29.488 : 8=FIXT.1.19=9835=A34=149=DBL50=SID52=20170829-12:04:29.48756=BME57=TID98=0108=30141=Y1137=41408=T4.010=119
20170829-12:04:29.489 : 8=FIXT.1.19=9835=A49=BME56=DBL52=20170829-12:04:29.48834=150=TID57=SID98=0108=30141=Y1137=91408=T4.010=125
20170829-12:04:59.164 : 8=FIXT.1.19=4935=034=249=DBL52=20170829-12:04:59.16356=BME10=218
20170829-12:05:00.517 : 8=FIXT.1.19=6335=049=BME56=DBL52=20170829-12:05:00.51734=250=TID57=SID10=218
20170829-12:05:29.131 : 8=FIXT.1.19=4935=034=349=DBL52=20170829-12:05:29.13156=BME10=212
20170829-12:05:31.544 : 8=FIXT.1.19=6335=049=BME56=DBL52=20170829-12:05:31.54334=350=TID57=SID10=222
20170829-12:05:59.236 : 8=FIXT.1.19=4935=034=449=DBL52=20170829-12:05:59.23656=BME10=222
20170829-12:06:02.568 : 8=FIXT.1.19=6335=049=BME56=DBL52=20170829-12:06:02.56834=450=TID57=SID10=229
20170829-12:06:29.230 : 8=FIXT.1.19=4935=034=549=DBL52=20170829-12:06:29.22956=BME10=223
20170829-12:06:33.590 : 8=FIXT.1.19=6335=049=BME56=DBL52=20170829-12:06:33.59034=550=TID57=SID10=229
20170829-12:06:59.076 : 8=FIXT.1.19=4935=034=649=DBL52=20170829-12:06:59.07656=BME10=227
20170829-12:07:04.635 : 8=FIXT.1.19=6335=049=BME56=DBL52=20170829-12:07:04.63534=650=TID57=SID10=229
20170829-12:07:29.177 : 8=FIXT.1.19=4935=034=749=DBL52=20170829-12:07:29.17756=BME10=228
20170829-12:07:35.665 : 8=FIXT.1.19=6335=049=BME56=DBL52=20170829-12:07:35.66534=750=TID57=SID10=237
20170829-12:07:59.041 : 8=FIXT.1.19=4935=034=849=DBL52=20170829-12:07:59.04156=BME10=222
20170829-12:08:06.691 : 8=FIXT.1.19=6335=049=BME56=DBL52=20170829-12:08:06.69134=850=TID57=SID10=236
20170829-12:08:29.352 : 8=FIXT.1.19=4935=034=949=DBL52=20170829-12:08:29.35156=BME10=225
20170829-12:08:37.722 : 8=FIXT.1.19=6335=049=BME56=DBL52=20170829-12:08:37.72234=950=TID57=SID10=236
20170829-12:08:59.448 : 8=FIXT.1.19=5035=034=1049=DBL52=20170829-12:08:59.44856=BME10=011
20170829-12:09:08.750 : 8=FIXT.1.19=6435=049=BME56=DBL52=20170829-12:09:08.75034=1050=TID57=SID10=021
20170829-12:09:29.137 : 8=FIXT.1.19=5035=034=1149=DBL52=20170829-12:09:29.13756=BME10=005
20170829-12:09:39.779 : 8=FIXT.1.19=6435=049=BME56=DBL52=20170829-12:09:39.77834=1150=TID57=SID10=036
20170829-12:09:59.072 : 8=FIXT.1.19=5035=034=1249=DBL52=20170829-12:09:59.07256=BME10=007
20170829-12:10:10.813 : 8=FIXT.1.19=6435=049=BME56=DBL52=20170829-12:10:10.81334=1250=TID57=SID10=008
20170829-12:10:29.483 : 8=FIXT.1.19=5035=034=1349=DBL52=20170829-12:10:29.48356=BME10=003
20170829-12:10:41.839 : 8=FIXT.1.19=6435=049=BME56=DBL52=20170829-12:10:41.83834=1350=TID57=SID10=020
20170829-12:10:59.630 : 8=FIXT.1.19=5035=034=1449=DBL52=20170829-12:10:59.63056=BME10=001
20170829-12:11:12.864 : 8=FIXT.1.19=6435=049=BME56=DBL52=20170829-12:11:12.86334=1450=TID57=SID10=018
20170829-12:11:29.304 : 8=FIXT.1.19=5035=034=1549=DBL52=20170829-12:11:29.30456=BME10=254
20170829-12:11:43.890 : 8=FIXT.1.19=6435=049=BME56=DBL52=20170829-12:11:43.88934=1550=TID57=SID10=031
20170829-12:11:59.023 : 8=FIXT.1.19=5035=034=1649=DBL52=20170829-12:11:59.02356=BME10=000
20170829-12:12:14.922 : 8=FIXT.1.19=6435=049=BME56=DBL52=20170829-12:12:14.92234=1650=TID57=SID10=019
20170829-12:12:29.051 : 8=FIXT.1.19=5035=034=1749=DBL52=20170829-12:12:29.05156=BME10=000
20170829-12:12:45.951 : 8=FIXT.1.19=6435=049=BME56=DBL52=20170829-12:12:45.95134=1750=TID57=SID10=026
20170829-12:12:59.395 : 8=FIXT.1.19=5035=034=1849=DBL52=20170829-12:12:59.39556=BME10=015
20170829-12:13:16.980 : 8=FIXT.1.19=6435=049=BME56=DBL52=20170829-12:13:16.98034=1850=TID57=SID10=028
20170829-12:13:29.369 : 8=FIXT.1.19=5035=034=1949=DBL52=20170829-12:13:29.36956=BME10=015
20170829-12:13:47.009 : 8=FIXT.1.19=6435=049=BME56=DBL52=20170829-12:13:47.00834=1950=TID57=SID10=024
20170829-12:13:59.158 : 8=FIXT.1.19=5035=034=2049=DBL52=20170829-12:13:59.15756=BME10=005
20170829-12:14:18.037 : 8=FIXT.1.19=6435=049=BME56=DBL52=20170829-12:14:18.03634=2050=TID57=SID10=016
20170829-12:14:29.046 : 8=FIXT.1.19=5035=034=2149=DBL52=20170829-12:14:29.04656=BME10=001
20170829-12:14:49.066 : 8=FIXT.1.19=6435=049=BME56=DBL52=20170829-12:14:49.06634=2150=TID57=SID10=024
20170829-12:14:59.962 : 8=FIXT.1.19=5035=034=2249=DBL52=20170829-12:14:59.96256=BME10=012
20170829-12:15:19.936 : 8=FIXT.1.19=5035=534=2349=DBL52=20170829-12:15:19.93556=BME10=015
20170829-12:15:19.937 : 8=FIXT.1.19=6435=549=BME56=DBL52=20170829-12:15:19.93634=2250=TID57=SID10=034
20170829-12:15:23.819 : 8=FIXT.1.19=9835=A34=149=DBL50=SID52=20170829-12:15:23.81956=BME57=TID98=0108=30141=Y1137=41408=T4.010=114
20170829-12:15:23.820 : 8=FIXT.1.19=9835=A49=BME56=DBL52=20170829-12:15:23.81934=150=TID57=SID98=0108=30141=Y1137=91408=T4.010=119
20170829-12:15:53.462 : 8=FIXT.1.19=4935=034=249=DBL52=20170829-12:15:53.46256=BME10=216
20170829-12:15:54.850 : 8=FIXT.1.19=6335=049=BME56=DBL52=20170829-12:15:54.85034=250=TID57=SID10=228
20170829-12:16:23.216 : 8=FIXT.1.19=4935=034=349=DBL52=20170829-12:16:23.21556=BME10=211
20170829-12:16:25.877 : 8=FIXT.1.19=6335=049=BME56=DBL52=20170829-12:16:25.87634=350=TID57=SID10=236
20170829-12:16:53.385 : 8=FIXT.1.19=4935=034=449=DBL52=20170829-12:16:53.38556=BME10=223
20170829-12:16:56.905 : 8=FIXT.1.19=6335=049=BME56=DBL52=20170829-12:16:56.90434=450=TID57=SID10=233
20170829-12:17:23.031 : 8=FIXT.1.19=4935=034=549=DBL52=20170829-12:17:23.03056=BME10=209
20170829-12:17:27.933 : 8=FIXT.1.19=6335=049=BME56=DBL52=20170829-12:17:27.93334=550=TID57=SID10=235
20170829-12:17:53.547 : 8=FIXT.1.19=4935=034=649=DBL52=20170829-12:17:53.54756=BME10=226
20170829-12:17:58.960 : 8=FIXT.1.19=6335=049=BME56=DBL52=20170829-12:17:58.96034=650=TID57=SID10=240
20170829-12:18:00.887 : 8=FIXT.1.19=4935=534=749=DBL52=20170829-12:18:00.88756=BME10=232
20170829-12:18:00.888 : 8=FIXT.1.19=6335=549=BME56=DBL52=20170829-12:18:00.88734=750=TID57=SID10=242
20170829-12:23:12.999 : 8=FIXT.1.19=9835=A34=149=DBL50=SID52=20170829-12:23:12.99956=BME57=TID98=0108=30141=Y1137=41408=T4.010=120
20170829-12:23:13.001 : 8=FIXT.1.19=9835=A49=BME56=DBL52=20170829-12:23:12.00034=150=TID57=SID98=0108=30141=Y1137=91408=T4.010=098
20170829-12:23:42.172 : 8=FIXT.1.19=4935=034=249=DBL52=20170829-12:23:42.17256=BME10=211
20170829-12:23:43.036 : 8=FIXT.1.19=6335=049=BME56=DBL52=20170829-12:23:43.03634=250=TID57=SID10=221
20170829-12:24:12.289 : 8=FIXT.1.19=4935=034=349=DBL52=20170829-12:24:12.28956=BME10=219
20170829-12:24:14.071 : 8=FIXT.1.19=6335=049=BME56=DBL52=20170829-12:24:14.07034=350=TID57=SID10=219
20170829-12:24:42.384 : 8=FIXT.1.19=4935=034=449=DBL52=20170829-12:24:42.38456=BME10=219
20170829-12:24:45.104 : 8=FIXT.1.19=6335=049=BME56=DBL52=20170829-12:24:45.10434=450=TID57=SID10=222
20170829-12:24:52.183 : 8=FIXT.1.19=4935=534=549=DBL52=20170829-12:24:52.18356=BME10=223
20170829-12:24:52.186 : 8=FIXT.1.19=6335=549=BME56=DBL52=20170829-12:24:52.18434=550=TID57=SID10=234
20170829-13:11:07.496 : 8=FIXT.1.19=9835=A34=149=DBL50=SID52=20170829-13:11:07.49356=BME57=TID98=0108=30141=Y1137=41408=T4.010=111
20170829-13:11:07.498 : 8=FIXT.1.19=9835=A49=BME56=DBL52=20170829-13:11:07.49834=150=TID57=SID98=0108=30141=Y1137=91408=T4.010=121
20170829-13:11:23.863 : 8=FIXT.1.19=4935=534=249=DBL52=20170829-13:11:23.86356=BME10=220
20170829-13:11:23.863 : 8=FIXT.1.19=6335=549=BME56=DBL52=20170829-13:11:23.86334=250=TID57=SID10=230
20170829-13:11:29.647 : 8=FIXT.1.19=9835=A34=149=DBL50=SID52=20170829-13:11:29.64756=BME57=TID98=0108=30141=Y1137=41408=T4.010=116
20170829-13:11:29.649 : 8=FIXT.1.19=9835=A49=BME56=DBL52=20170829-13:11:29.64834=150=TID57=SID98=0108=30141=Y1137=91408=T4.010=122
20170829-13:11:59.705 : 8=FIXT.1.19=4935=034=249=DBL52=20170829-13:11:59.70456=BME10=218
20170829-13:12:00.685 : 8=FIXT.1.19=6335=049=BME56=DBL52=20170829-13:12:00.68534=250=TID57=SID10=223
20170829-13:12:29.290 : 8=FIXT.1.19=4935=034=349=DBL52=20170829-13:12:29.29056=BME10=217
20170829-13:12:31.723 : 8=FIXT.1.19=6335=049=BME56=DBL52=20170829-13:12:31.72334=350=TID57=SID10=221
20170829-13:12:59.110 : 8=FIXT.1.19=4935=034=449=DBL52=20170829-13:12:59.11056=BME10=212
20170829-13:13:02.762 : 8=FIXT.1.19=6335=049=BME56=DBL52=20170829-13:13:02.76234=450=TID57=SID10=224
20170829-13:13:29.873 : 8=FIXT.1.19=4935=034=549=DBL52=20170829-13:13:29.87156=BME10=225
20170829-13:13:33.799 : 8=FIXT.1.19=6335=049=BME56=DBL52=20170829-13:13:33.79934=550=TID57=SID10=239
20170829-13:13:50.124 : 8=FIXT.1.19=4935=534=649=DBL52=20170829-13:13:50.12356=BME10=215
20170829-13:13:50.125 : 8=FIXT.1.19=6335=549=BME56=DBL52=20170829-13:13:50.12434=650=TID57=SID10=226
20170829-13:15:36.051 : 8=FIXT.1.19=9835=A34=149=DBL50=SID52=20170829-13:15:36.05156=BME57=TID98=0108=30141=Y1137=41408=T4.010=107
20170829-13:15:36.052 : 8=FIXT.1.19=9835=A49=BME56=DBL52=20170829-13:15:36.05234=150=TID57=SID98=0108=30141=Y1137=91408=T4.010=113
20170829-13:15:40.012 : 8=FIXT.1.19=4935=534=249=DBL52=20170829-13:15:40.01256=BME10=209
20170829-13:15:40.012 : 8=FIXT.1.19=6335=549=BME56=DBL52=20170829-13:15:40.01234=250=TID57=SID10=219
20170829-13:25:05.459 : 8=FIXT.1.19=9835=A34=149=DBL50=SID52=20170829-13:25:05.45956=BME57=TID98=0108=30141=Y1137=41408=T4.010=116
20170829-13:25:05.460 : 8=FIXT.1.19=9835=A49=BME56=DBL52=20170829-13:25:05.45934=150=TID57=SID98=0108=30141=Y1137=91408=T4.010=121
20170829-13:25:35.473 : 8=FIXT.1.19=4935=034=249=DBL52=20170829-13:25:35.47156=BME10=218
20170829-13:25:36.495 : 8=FIXT.1.19=6335=049=BME56=DBL52=20170829-13:25:36.49534=250=TID57=SID10=235
20170829-13:26:05.347 : 8=FIXT.1.19=4935=034=349=DBL52=20170829-13:26:05.34756=BME10=219
20170829-13:26:07.529 : 8=FIXT.1.19=6335=049=BME56=DBL52=20170829-13:26:07.52934=350=TID57=SID10=233
20170829-13:26:25.903 : 8=FIXT.1.19=4935=534=449=DBL52=20170829-13:26:25.90356=BME10=225
20170829-13:26:25.903 : 8=FIXT.1.19=6335=549=BME56=DBL52=20170829-13:26:25.90334=450=TID57=SID10=235
20170829-13:42:00.601 : 8=FIXT.1.19=9835=A34=149=DBL50=SID52=20170829-13:42:00.60156=BME57=TID98=0108=30141=Y1137=41408=T4.010=099
20170829-13:42:00.602 : 8=FIXT.1.19=9835=A49=BME56=DBL52=20170829-13:42:00.60234=150=TID57=SID98=0108=30141=Y1137=91408=T4.010=105
20170829-13:42:30.619 : 8=FIXT.1.19=4935=034=249=DBL52=20170829-13:42:30.61956=BME10=216
20170829-13:42:31.627 : 8=FIXT.1.19=6335=049=BME56=DBL52=20170829-13:42:31.62734=250=TID57=SID10=226
20170829-13:43:00.077 : 8=FIXT.1.19=4935=034=349=DBL52=20170829-13:43:00.07656=BME10=212
20170829-13:43:02.664 : 8=FIXT.1.19=6335=049=BME56=DBL52=20170829-13:43:02.66434=350=TID57=SID10=227
20170829-13:43:30.118 : 8=FIXT.1.19=4935=034=449=DBL52=20170829-13:43:30.11856=BME10=213
20170829-13:43:33.693 : 8=FIXT.1.19=6335=049=BME56=DBL52=20170829-13:43:33.69334=450=TID57=SID10=234
20170829-13:44:00.448 : 8=FIXT.1.19=4935=034=549=DBL52=20170829-13:44:00.44856=BME10=218
20170829-13:44:04.720 : 8=FIXT.1.19=6335=049=BME56=DBL52=20170829-13:44:04.72034=550=TID57=SID10=225
20170829-13:44:14.886 : 8=FIXT.1.19=4935=534=649=DBL52=20170829-13:44:14.88656=BME10=235
20170829-13:44:14.887 : 8=FIXT.1.19=6335=549=BME56=DBL52=20170829-13:44:14.88634=650=TID57=SID10=245
20170829-13:58:33.605 : 8=FIXT.1.19=9835=A34=149=DBL50=SID52=20170829-13:58:33.60556=BME57=TID98=0108=30141=Y1137=41408=T4.010=116
20170829-13:58:33.606 : 8=FIXT.1.19=9835=A49=BME56=DBL52=20170829-13:58:33.60534=150=TID57=SID98=0108=30141=Y1137=91408=T4.010=121
20170829-13:59:03.176 : 8=FIXT.1.19=4935=034=249=DBL52=20170829-13:59:03.17656=BME10=222
20170829-13:59:04.638 : 8=FIXT.1.19=6335=049=BME56=DBL52=20170829-13:59:04.63734=250=TID57=SID10=235
20170829-13:59:33.091 : 8=FIXT.1.19=4935=034=349=DBL52=20170829-13:59:33.09156=BME10=222
20170829-13:59:35.671 : 8=FIXT.1.19=6335=049=BME56=DBL52=20170829-13:59:35.67034=350=TID57=SID10=237
20170829-14:00:03.126 : 8=FIXT.1.19=4935=034=449=DBL52=20170829-14:00:03.12656=BME10=206
20170829-14:00:06.698 : 8=FIXT.1.19=6335=049=BME56=DBL52=20170829-14:00:06.69834=450=TID57=SID10=233
20170829-14:00:33.291 : 8=FIXT.1.19=4935=034=549=DBL52=20170829-14:00:33.29156=BME10=213
20170829-14:00:37.732 : 8=FIXT.1.19=6335=049=BME56=DBL52=20170829-14:00:37.73234=550=TID57=SID10=227
20170829-14:01:03.172 : 8=FIXT.1.19=4935=034=649=DBL52=20170829-14:01:03.17256=BME10=210
20170829-14:01:08.769 : 8=FIXT.1.19=6335=049=BME56=DBL52=20170829-14:01:08.76934=650=TID57=SID10=237
20170829-14:01:27.176 : 8=FIXT.1.19=4935=534=749=DBL52=20170829-14:01:27.17556=BME10=225
20170829-14:01:27.177 : 8=FIXT.1.19=6335=549=BME56=DBL52=20170829-14:01:27.17634=750=TID57=SID10=236
20170829-14:01:31.335 : 8=FIXT.1.19=9835=A34=149=DBL50=SID52=20170829-14:01:31.33456=BME57=TID98=0108=30141=Y1137=41408=T4.010=102
20170829-14:01:31.336 : 8=FIXT.1.19=9835=A49=BME56=DBL52=20170829-14:01:31.33534=150=TID57=SID98=0108=30141=Y1137=91408=T4.010=108
20170829-14:02:01.652 : 8=FIXT.1.19=4935=034=249=DBL52=20170829-14:02:01.65256=BME10=208
20170829-14:02:02.369 : 8=FIXT.1.19=6335=049=BME56=DBL52=20170829-14:02:02.36934=250=TID57=SID10=224
20170829-14:02:31.165 : 8=FIXT.1.19=4935=034=349=DBL52=20170829-14:02:31.16556=BME10=211
20170829-14:02:33.404 : 8=FIXT.1.19=6335=049=BME56=DBL52=20170829-14:02:33.40434=350=TID57=SID10=219
20170829-14:03:01.020 : 8=FIXT.1.19=4935=034=449=DBL52=20170829-14:03:01.01956=BME10=208
20170829-14:03:04.448 : 8=FIXT.1.19=6335=049=BME56=DBL52=20170829-14:03:04.44734=450=TID57=SID10=226
20170829-14:03:31.824 : 8=FIXT.1.19=4935=034=549=DBL52=20170829-14:03:31.82456=BME10=216
20170829-14:03:35.490 : 8=FIXT.1.19=6335=049=BME56=DBL52=20170829-14:03:35.49034=550=TID57=SID10=229
20170829-14:03:49.458 : 8=FIXT.1.19=4935=534=649=DBL52=20170829-14:03:49.45856=BME10=234
20170829-14:03:49.458 : 8=FIXT.1.19=6335=549=BME56=DBL52=20170829-14:03:49.45834=650=TID57=SID10=244
20170829-14:08:17.356 : 8=FIXT.1.19=9835=A34=149=DBL50=SID52=20170829-14:08:17.35556=BME57=TID98=0108=30141=Y1137=41408=T4.010=116
20170829-14:08:17.357 : 8=FIXT.1.19=9835=A49=BME56=DBL52=20170829-14:08:17.35634=150=TID57=SID98=0108=30141=Y1137=91408=T4.010=122
20170829-14:08:47.655 : 8=FIXT.1.19=4935=034=249=DBL52=20170829-14:08:47.65556=BME10=227
20170829-14:08:48.390 : 8=FIXT.1.19=6335=049=BME56=DBL52=20170829-14:08:48.38934=250=TID57=SID10=242
20170829-14:09:17.028 : 8=FIXT.1.19=4935=034=349=DBL52=20170829-14:09:17.02856=BME10=220
20170829-14:09:19.426 : 8=FIXT.1.19=6335=049=BME56=DBL52=20170829-14:09:19.42634=350=TID57=SID10=234
20170829-14:09:38.964 : 8=FIXT.1.19=4935=534=449=DBL52=20170829-14:09:38.96456=BME10=238
20170829-14:09:38.965 : 8=FIXT.1.19=6335=549=BME56=DBL52=20170829-14:09:38.96534=450=TID57=SID10=249
20170829-14:26:06.666 : 8=FIXT.1.19=9835=A34=149=DBL50=SID52=20170829-14:26:06.66656=BME57=TID98=0108=30141=Y1137=41408=T4.010=119
20170829-14:26:06.667 : 8=FIXT.1.19=9835=A49=BME56=DBL52=20170829-14:26:06.66734=150=TID57=SID98=0108=30141=Y1137=91408=T4.010=125
20170829-14:26:36.377 : 8=FIXT.1.19=4935=034=249=DBL52=20170829-14:26:36.37656=BME10=225
20170829-14:26:37.701 : 8=FIXT.1.19=6335=049=BME56=DBL52=20170829-14:26:37.70134=250=TID57=SID10=228
20170829-14:26:40.669 : 8=FIXT.1.19=4935=534=349=DBL52=20170829-14:26:40.66956=BME10=231
20170829-14:26:40.669 : 8=FIXT.1.19=6335=549=BME56=DBL52=20170829-14:26:40.66934=350=TID57=SID10=241
20170829-14:26:43.561 : 8=FIXT.1.19=9835=A34=149=DBL50=SID52=20170829-14:26:43.56156=BME57=TID98=0108=30141=Y1137=41408=T4.010=114
20170829-14:26:43.563 : 8=FIXT.1.19=9835=A49=BME56=DBL52=20170829-14:26:43.56234=150=TID57=SID98=0108=30141=Y1137=91408=T4.010=120
20170829-14:27:13.349 : 8=FIXT.1.19=4935=034=249=DBL52=20170829-14:27:13.34956=BME10=221
20170829-14:27:14.595 : 8=FIXT.1.19=6335=049=BME56=DBL52=20170829-14:27:14.59534=250=TID57=SID10=235
20170829-14:27:43.048 : 8=FIXT.1.19=4935=034=349=DBL52=20170829-14:27:43.04856=BME10=221
20170829-14:27:45.632 : 8=FIXT.1.19=6335=049=BME56=DBL52=20170829-14:27:45.63134=350=TID57=SID10=231
20170829-14:28:13.131 : 8=FIXT.1.19=4935=034=449=DBL52=20170829-14:28:13.13156=BME10=213
20170829-14:28:16.668 : 8=FIXT.1.19=6335=049=BME56=DBL52=20170829-14:28:16.66834=450=TID57=SID10=241
20170829-14:28:43.697 : 8=FIXT.1.19=4935=034=549=DBL52=20170829-14:28:43.69756=BME10=234
20170829-14:28:47.700 : 8=FIXT.1.19=6335=049=BME56=DBL52=20170829-14:28:47.70034=550=TID57=SID10=233
20170829-14:29:13.537 : 8=FIXT.1.19=4935=034=649=DBL52=20170829-14:29:13.53756=BME10=226
20170829-14:29:18.739 : 8=FIXT.1.19=6335=049=BME56=DBL52=20170829-14:29:18.73934=650=TID57=SID10=245
20170829-14:29:43.407 : 8=FIXT.1.19=4935=034=749=DBL52=20170829-14:29:43.40756=BME10=226
20170829-14:29:49.775 : 8=FIXT.1.19=6335=049=BME56=DBL52=20170829-14:29:49.77434=750=TID57=SID10=249
20170829-14:30:13.102 : 8=FIXT.1.19=4935=034=849=DBL52=20170829-14:30:13.10156=BME10=207
20170829-14:30:20.809 : 8=FIXT.1.19=6335=049=BME56=DBL52=20170829-14:30:20.80934=850=TID57=SID10=230
20170829-14:30:43.343 : 8=FIXT.1.19=4935=034=949=DBL52=20170829-14:30:43.34356=BME10=219
20170829-14:30:51.836 : 8=FIXT.1.19=6335=049=BME56=DBL52=20170829-14:30:51.83634=950=TID57=SID10=235
20170829-14:31:13.594 : 8=FIXT.1.19=5035=034=1049=DBL52=20170829-14:31:13.59456=BME10=001
20170829-14:31:22.859 : 8=FIXT.1.19=6435=049=BME56=DBL52=20170829-14:31:22.85934=1050=TID57=SID10=024
20170829-14:31:43.229 : 8=FIXT.1.19=5035=034=1149=DBL52=20170829-14:31:43.22756=BME10=254
20170829-14:31:53.883 : 8=FIXT.1.19=6435=049=BME56=DBL52=20170829-14:31:53.88334=1150=TID57=SID10=026
20170829-14:32:13.095 : 8=FIXT.1.19=5035=034=1249=DBL52=20170829-14:32:13.09456=BME10=255
20170829-14:32:16.820 : 8=FIXT.1.19=17535=D34=1349=DBL52=20170829-14:32:16.81956=BME1137=911=2017-08-29_dfec7049-cf1b-46c4-b5f0-2d53cd34c74d21=138=240=244=254=155=APPL60=20170829-14:32:16581=11030=I10=000
20170829-14:32:16.822 : 8=FIXT.1.19=20935=849=BME56=DBL52=20170829-14:32:16.82034=1250=TID57=SID37=111=2017-08-29_dfec7049-cf1b-46c4-b5f0-2d53cd34c74d17=0150=A39=A581=155=APPL54=138=240=244=2151=214=060=20170829-14:32:161030=I10=107
20170829-14:32:16.868 : 8=FIXT.1.19=20935=849=BME56=DBL52=20170829-14:32:16.82134=1350=TID57=SID37=111=2017-08-29_dfec7049-cf1b-46c4-b5f0-2d53cd34c74d17=1150=039=0581=155=APPL54=138=240=244=0151=214=060=20170829-14:32:161030=I10=074
20170829-14:32:46.008 : 8=FIXT.1.19=5035=034=1449=DBL52=20170829-14:32:46.00756=BME10=001
20170829-14:32:47.929 : 8=FIXT.1.19=6435=049=BME56=DBL52=20170829-14:32:47.92934=1450=TID57=SID10=034
20170829-14:33:00.702 : 8=FIXT.1.19=17535=D34=1549=DBL52=20170829-14:33:00.70256=BME1137=911=2017-08-29_f81be788-c2fe-4ad3-9d77-2c52c53b74a021=138=240=244=254=155=APPL60=20170829-14:33:00581=11030=I10=152
20170829-14:33:00.704 : 8=FIXT.1.19=20935=849=BME56=DBL52=20170829-14:33:00.70334=1550=TID57=SID37=211=2017-08-29_f81be788-c2fe-4ad3-9d77-2c52c53b74a017=2150=A39=A581=155=APPL54=138=240=244=2151=214=060=20170829-14:33:001030=I10=016
20170829-14:33:00.755 : 8=FIXT.1.19=20935=849=BME56=DBL52=20170829-14:33:00.70434=1650=TID57=SID37=211=2017-08-29_f81be788-c2fe-4ad3-9d77-2c52c53b74a017=3150=039=0581=155=APPL54=138=240=244=0151=214=060=20170829-14:33:001030=I10=239
20170829-14:33:25.883 : 8=FIXT.1.19=5035=534=1649=DBL52=20170829-14:33:25.88356=BME10=018
20170829-14:33:25.884 : 8=FIXT.1.19=6435=549=BME56=DBL52=20170829-14:33:25.88434=1750=TID57=SID10=039
20170829-14:33:27.470 : 8=FIXT.1.19=9835=A34=149=DBL50=SID52=20170829-14:33:27.46956=BME57=TID98=0108=30141=Y1137=41408=T4.010=121
20170829-14:33:27.476 : 8=FIXT.1.19=9835=A49=BME56=DBL52=20170829-14:33:27.47434=150=TID57=SID98=0108=30141=Y1137=91408=T4.010=122
20170829-14:33:57.563 : 8=FIXT.1.19=4935=034=249=DBL52=20170829-14:33:57.56356=BME10=224
20170829-14:33:58.502 : 8=FIXT.1.19=6335=049=BME56=DBL52=20170829-14:33:58.50234=250=TID57=SID10=228
20170829-14:34:27.413 : 8=FIXT.1.19=4935=034=349=DBL52=20170829-14:34:27.41256=BME10=216
20170829-14:34:29.534 : 8=FIXT.1.19=6335=049=BME56=DBL52=20170829-14:34:29.53434=350=TID57=SID10=233
20170829-14:34:57.169 : 8=FIXT.1.19=4935=034=449=DBL52=20170829-14:34:57.16956=BME10=229
20170829-14:35:00.571 : 8=FIXT.1.19=6335=049=BME56=DBL52=20170829-14:35:00.57134=450=TID57=SID10=225
20170829-14:35:27.526 : 8=FIXT.1.19=4935=034=549=DBL52=20170829-14:35:27.52656=BME10=225
20170829-14:35:31.615 : 8=FIXT.1.19=6335=049=BME56=DBL52=20170829-14:35:31.61534=550=TID57=SID10=229
20170829-14:35:40.076 : 8=FIXT.1.19=17135=D34=649=DBL52=20170829-14:35:40.07656=BME1137=911=2017-08-29_5f335260-3182-40fe-9db4-0ce219594f8b21=138=240=244=254=155=a60=20170829-14:35:40581=11030=I10=227
20170829-14:35:40.083 : 8=FIXT.1.19=9235=349=BME56=DBL52=20170829-14:35:40.07634=650=TID57=SID45=6373=558=unknown symbol10=074
20170829-14:36:10.367 : 8=FIXT.1.19=4935=034=749=DBL52=20170829-14:36:10.36656=BME10=222
20170829-14:36:11.667 : 8=FIXT.1.19=6335=049=BME56=DBL52=20170829-14:36:11.66634=750=TID57=SID10=236
20170829-14:36:40.148 : 8=FIXT.1.19=4935=034=849=DBL52=20170829-14:36:40.14856=BME10=224
20170829-14:36:42.700 : 8=FIXT.1.19=6335=049=BME56=DBL52=20170829-14:36:42.70034=850=TID57=SID10=230
20170829-14:37:10.616 : 8=FIXT.1.19=4935=034=949=DBL52=20170829-14:37:10.61656=BME10=223
20170829-14:37:13.734 : 8=FIXT.1.19=6335=049=BME56=DBL52=20170829-14:37:13.73334=950=TID57=SID10=236
20170829-14:37:40.028 : 8=FIXT.1.19=5035=034=1049=DBL52=20170829-14:37:40.02856=BME10=255
20170829-14:37:44.770 : 8=FIXT.1.19=6435=049=BME56=DBL52=20170829-14:37:44.77034=1050=TID57=SID10=026
20170829-14:38:10.042 : 8=FIXT.1.19=5035=034=1149=DBL52=20170829-14:38:10.04256=BME10=250
20170829-14:38:15.807 : 8=FIXT.1.19=6435=049=BME56=DBL52=20170829-14:38:15.80534=1150=TID57=SID10=025
20170829-14:38:40.054 : 8=FIXT.1.19=5035=034=1249=DBL52=20170829-14:38:40.05456=BME10=001
20170829-14:38:46.848 : 8=FIXT.1.19=6435=049=BME56=DBL52=20170829-14:38:46.84734=1250=TID57=SID10=036
20170829-14:39:10.087 : 8=FIXT.1.19=5035=034=1349=DBL52=20170829-14:39:10.08756=BME10=006
20170829-14:39:17.904 : 8=FIXT.1.19=6435=049=BME56=DBL52=20170829-14:39:17.90334=1350=TID57=SID10=029
20170829-14:39:40.306 : 8=FIXT.1.19=5035=034=1449=DBL52=20170829-14:39:40.30656=BME10=004
20170829-14:39:48.953 : 8=FIXT.1.19=6435=049=BME56=DBL52=20170829-14:39:48.95334=1450=TID57=SID10=039
20170829-14:40:10.033 : 8=FIXT.1.19=5035=034=1549=DBL52=20170829-14:40:10.03356=BME10=247
20170829-14:40:19.988 : 8=FIXT.1.19=6435=049=BME56=DBL52=20170829-14:40:19.98834=1550=TID57=SID10=038
20170829-14:40:40.190 : 8=FIXT.1.19=5035=034=1649=DBL52=20170829-14:40:40.19056=BME10=255
20170829-14:40:50.022 : 8=FIXT.1.19=6435=049=BME56=DBL52=20170829-14:40:50.02234=1650=TID57=SID10=013
20170829-14:41:10.249 : 8=FIXT.1.19=5035=034=1749=DBL52=20170829-14:41:10.24856=BME10=002
20170829-14:41:21.058 : 8=FIXT.1.19=6435=049=BME56=DBL52=20170829-14:41:21.05834=1750=TID57=SID10=022
20170829-14:41:40.022 : 8=FIXT.1.19=5035=034=1849=DBL52=20170829-14:41:40.02256=BME10=252
20170829-14:41:52.094 : 8=FIXT.1.19=6435=049=BME56=DBL52=20170829-14:41:52.09434=1850=TID57=SID10=027
20170829-14:42:10.306 : 8=FIXT.1.19=5035=034=1949=DBL52=20170829-14:42:10.30556=BME10=255
20170829-14:42:23.131 : 8=FIXT.1.19=6435=049=BME56=DBL52=20170829-14:42:23.13034=1950=TID57=SID10=018
20170829-14:42:40.012 : 8=FIXT.1.19=5035=034=2049=DBL52=20170829-14:42:40.01256=BME10=245
20170829-14:42:54.165 : 8=FIXT.1.19=6435=049=BME56=DBL52=20170829-14:42:54.16434=2050=TID57=SID10=021
20170829-14:43:10.012 : 8=FIXT.1.19=5035=034=2149=DBL52=20170829-14:43:10.01256=BME10=244
20170829-14:43:25.197 : 8=FIXT.1.19=6435=049=BME56=DBL52=20170829-14:43:25.19734=2150=TID57=SID10=027
20170829-14:43:40.491 : 8=FIXT.1.19=5035=034=2249=DBL52=20170829-14:43:40.49056=BME10=002
20170829-14:43:56.232 : 8=FIXT.1.19=6435=049=BME56=DBL52=20170829-14:43:56.23234=2250=TID57=SID10=022
20170829-14:44:10.330 : 8=FIXT.1.19=5035=034=2349=DBL52=20170829-14:44:10.32956=BME10=002
20170829-14:44:27.268 : 8=FIXT.1.19=6435=049=BME56=DBL52=20170829-14:44:27.26734=2350=TID57=SID10=030
20170829-14:44:40.073 : 8=FIXT.1.19=5035=034=2449=DBL52=20170829-14:44:40.07356=BME10=002
20170829-14:44:58.299 : 8=FIXT.1.19=6435=049=BME56=DBL52=20170829-14:44:58.29734=2450=TID57=SID10=038
20170829-14:45:10.125 : 8=FIXT.1.19=5035=034=2549=DBL52=20170829-14:45:10.12456=BME10=254
20170829-14:45:29.321 : 8=FIXT.1.19=6435=049=BME56=DBL52=20170829-14:45:29.32134=2550=TID57=SID10=026
20170829-14:45:40.267 : 8=FIXT.1.19=5035=034=2649=DBL52=20170829-14:45:40.26756=BME10=010
20170829-14:46:00.343 : 8=FIXT.1.19=6435=049=BME56=DBL52=20170829-14:46:00.34334=2650=TID57=SID10=021
20170829-14:46:10.268 : 8=FIXT.1.19=5035=034=2749=DBL52=20170829-14:46:10.26856=BME10=010
20170829-14:46:31.369 : 8=FIXT.1.19=6435=049=BME56=DBL52=20170829-14:46:31.36834=2750=TID57=SID10=033
20170829-14:46:40.048 : 8=FIXT.1.19=5035=034=2849=DBL52=20170829-14:46:40.04856=BME10=010
20170829-14:47:02.393 : 8=FIXT.1.19=6435=049=BME56=DBL52=20170829-14:47:02.39334=2850=TID57=SID10=031
20170829-14:47:10.518 : 8=FIXT.1.19=5035=034=2949=DBL52=20170829-14:47:10.51756=BME10=010
20170829-14:47:33.418 : 8=FIXT.1.19=6435=049=BME56=DBL52=20170829-14:47:33.41834=2950=TID57=SID10=034
20170829-14:47:40.068 : 8=FIXT.1.19=5035=034=3049=DBL52=20170829-14:47:40.06856=BME10=006
20170829-14:48:04.446 : 8=FIXT.1.19=6435=049=BME56=DBL52=20170829-14:48:04.44534=3050=TID57=SID10=025
20170829-14:48:10.162 : 8=FIXT.1.19=5035=034=3149=DBL52=20170829-14:48:10.16156=BME10=255
20170829-14:48:35.473 : 8=FIXT.1.19=6435=049=BME56=DBL52=20170829-14:48:35.47334=3150=TID57=SID10=031
20170829-14:48:40.002 : 8=FIXT.1.19=5035=034=3249=DBL52=20170829-14:48:40.00256=BME10=253
20170829-14:49:06.507 : 8=FIXT.1.19=6435=049=BME56=DBL52=20170829-14:49:06.50734=3250=TID57=SID10=029
20170829-14:49:10.428 : 8=FIXT.1.19=5035=034=3349=DBL52=20170829-14:49:10.42856=BME10=008
20170829-14:49:37.532 : 8=FIXT.1.19=6435=049=BME56=DBL52=20170829-14:49:37.53134=3350=TID57=SID10=031
20170829-14:49:40.007 : 8=FIXT.1.19=5035=034=3449=DBL52=20170829-14:49:40.00756=BME10=005
20170829-14:50:08.560 : 8=FIXT.1.19=6435=049=BME56=DBL52=20170829-14:50:08.56034=3450=TID57=SID10=024
20170829-14:50:10.078 : 8=FIXT.1.19=5035=034=3549=DBL52=20170829-14:50:10.07756=BME10=002
20170829-14:50:38.249 : 8=FIXT.1.19=17535=D34=3649=DBL52=20170829-14:50:38.24856=BME1137=911=2017-08-29_4076045c-99c0-4133-a2ac-87aac89d3c9e21=138=540=244=554=155=APPL60=20170829-14:50:38581=11030=I10=082
20170829-14:50:38.250 : 8=FIXT.1.19=20935=849=BME56=DBL52=20170829-14:50:38.24934=3550=TID57=SID37=211=2017-08-29_4076045c-99c0-4133-a2ac-87aac89d3c9e17=0150=A39=A581=155=APPL54=138=540=244=5151=514=060=20170829-14:50:381030=I10=202
20170829-14:50:38.293 : 8=FIXT.1.19=20935=849=BME56=DBL52=20170829-14:50:38.25034=3650=TID57=SID37=211=2017-08-29_4076045c-99c0-4133-a2ac-87aac89d3c9e17=1150=039=0581=155=APPL54=138=540=244=0151=514=060=20170829-14:50:381030=I10=157
20170829-14:51:08.146 : 8=FIXT.1.19=5035=034=3749=DBL52=20170829-14:51:08.14556=BME10=008
20170829-14:51:09.608 : 8=FIXT.1.19=6435=049=BME56=DBL52=20170829-14:51:09.60834=3750=TID57=SID10=032
20170829-14:51:38.145 : 8=FIXT.1.19=5035=034=3849=DBL52=20170829-14:51:38.14556=BME10=012
20170829-14:51:40.633 : 8=FIXT.1.19=6435=049=BME56=DBL52=20170829-14:51:40.63334=3850=TID57=SID10=026
20170829-14:52:08.054 : 8=FIXT.1.19=5035=034=3949=DBL52=20170829-14:52:08.05456=BME10=010
20170829-14:52:11.659 : 8=FIXT.1.19=6435=049=BME56=DBL52=20170829-14:52:11.65934=3950=TID57=SID10=034
20170829-14:52:38.284 : 8=FIXT.1.19=5035=034=4049=DBL52=20170829-14:52:38.28456=BME10=010
20170829-14:52:42.682 : 8=FIXT.1.19=6435=049=BME56=DBL52=20170829-14:52:42.68234=4050=TID57=SID10=026
20170829-14:53:08.470 : 8=FIXT.1.19=5035=034=4149=DBL52=20170829-14:53:08.46956=BME10=014
20170829-14:53:13.712 : 8=FIXT.1.19=6435=049=BME56=DBL52=20170829-14:53:13.71234=4150=TID57=SID10=020
20170829-14:53:38.219 : 8=FIXT.1.19=5035=034=4249=DBL52=20170829-14:53:38.21956=BME10=011
20170829-14:53:44.740 : 8=FIXT.1.19=6435=049=BME56=DBL52=20170829-14:53:44.74034=4250=TID57=SID10=026
20170829-14:54:08.016 : 8=FIXT.1.19=5035=034=4349=DBL52=20170829-14:54:08.01656=BME10=005
20170829-14:54:15.771 : 8=FIXT.1.19=6435=049=BME56=DBL52=20170829-14:54:15.77134=4350=TID57=SID10=030
20170829-14:54:38.078 : 8=FIXT.1.19=5035=034=4449=DBL52=20170829-14:54:38.07856=BME10=017
20170829-14:54:46.798 : 8=FIXT.1.19=6435=049=BME56=DBL52=20170829-14:54:46.79834=4450=TID57=SID10=044
20170829-14:55:08.432 : 8=FIXT.1.19=5035=034=4549=DBL52=20170829-14:55:08.43256=BME10=010
20170829-14:55:17.823 : 8=FIXT.1.19=6435=049=BME56=DBL52=20170829-14:55:17.82334=4550=TID57=SID10=033
20170829-15:02:11.663 : 8=FIXT.1.19=9835=A34=149=DBL50=SID52=20170829-15:02:11.66356=BME57=TID98=0108=30141=Y1137=41408=T4.010=107
20170829-15:02:11.664 : 8=FIXT.1.19=9835=A49=BME56=DBL52=20170829-15:02:11.66434=150=TID57=SID98=0108=30141=Y1137=91408=T4.010=113
20170829-15:02:15.610 : 8=FIXT.1.19=4935=534=249=DBL52=20170829-15:02:15.60956=BME10=221
20170829-15:02:15.610 : 8=FIXT.1.19=6335=549=BME56=DBL52=20170829-15:02:15.61034=250=TID57=SID10=223
20170829-15:02:28.516 : 8=FIXT.1.19=9835=A34=149=DBL50=SID52=20170829-15:02:28.51556=BME57=TID98=0108=30141=Y1137=41408=T4.010=111
20170829-15:02:28.517 : 8=FIXT.1.19=9835=A49=BME56=DBL52=20170829-15:02:28.51634=150=TID57=SID98=0108=30141=Y1137=91408=T4.010=117
20170829-15:02:58.215 : 8=FIXT.1.19=4935=034=249=DBL52=20170829-15:02:58.21456=BME10=215
20170829-15:02:59.548 : 8=FIXT.1.19=6335=049=BME56=DBL52=20170829-15:02:59.54834=250=TID57=SID10=236
20170829-15:03:28.271 : 8=FIXT.1.19=4935=034=349=DBL52=20170829-15:03:28.26956=BME10=224
20170829-15:08:37.835 : 8=FIXT.1.19=9835=A34=149=DBL50=SID52=20170829-15:08:37.83456=BME57=TID98=0108=30141=Y1137=41408=T4.010=121
20170829-15:08:37.836 : 8=FIXT.1.19=9835=A49=BME56=DBL52=20170829-15:08:37.83534=150=TID57=SID98=0108=30141=Y1137=91408=T4.010=127
20170829-15:09:07.200 : 8=FIXT.1.19=4935=034=249=DBL52=20170829-15:09:07.20056=BME10=211
20170829-15:09:08.868 : 8=FIXT.1.19=6335=049=BME56=DBL52=20170829-15:09:08.86834=250=TID57=SID10=242
20170829-15:09:37.132 : 8=FIXT.1.19=4935=034=349=DBL52=20170829-15:09:37.13156=BME10=218
20170829-15:09:39.906 : 8=FIXT.1.19=6335=049=BME56=DBL52=20170829-15:09:39.90534=350=TID57=SID10=239
20170829-15:09:51.500 : 8=FIXT.1.19=4935=534=449=DBL52=20170829-15:09:51.49956=BME10=237
20170829-15:09:51.500 : 8=FIXT.1.19=6335=549=BME56=DBL52=20170829-15:09:51.50034=450=TID57=SID10=230
20170829-15:09:57.153 : 8=FIXT.1.19=9835=A34=149=DBL50=SID52=20170829-15:09:57.15356=BME57=TID98=0108=30141=Y1137=41408=T4.010=118
20170829-15:09:57.154 : 8=FIXT.1.19=9835=A49=BME56=DBL52=20170829-15:09:57.15434=150=TID57=SID98=0108=30141=Y1137=91408=T4.010=124
20170829-15:10:27.437 : 8=FIXT.1.19=4935=034=249=DBL52=20170829-15:10:27.43756=BME10=217
20170829-15:10:28.190 : 8=FIXT.1.19=6335=049=BME56=DBL52=20170829-15:10:28.18934=250=TID57=SID10=232
20170829-15:10:57.303 : 8=FIXT.1.19=4935=034=349=DBL52=20170829-15:10:57.30356=BME10=213
20170829-15:10:59.238 : 8=FIXT.1.19=6335=049=BME56=DBL52=20170829-15:10:59.23834=350=TID57=SID10=232
20170829-15:11:27.069 : 8=FIXT.1.19=4935=034=449=DBL52=20170829-15:11:27.06956=BME10=221
20170829-15:11:30.274 : 8=FIXT.1.19=6335=049=BME56=DBL52=20170829-15:11:30.27334=450=TID57=SID10=222
20170829-15:11:57.517 : 8=FIXT.1.19=4935=034=549=DBL52=20170829-15:11:57.51756=BME10=223
20170829-15:12:01.305 : 8=FIXT.1.19=6335=049=BME56=DBL52=20170829-15:12:01.30534=550=TID57=SID10=218
20170829-15:12:27.067 : 8=FIXT.1.19=4935=034=649=DBL52=20170829-15:12:27.06756=BME10=222
20170829-15:12:32.341 : 8=FIXT.1.19=6335=049=BME56=DBL52=20170829-15:12:32.34034=650=TID57=SID10=222
20170829-15:12:57.125 : 8=FIXT.1.19=4935=034=749=DBL52=20170829-15:12:57.12556=BME10=221
20170829-15:13:03.373 : 8=FIXT.1.19=6335=049=BME56=DBL52=20170829-15:13:03.37334=750=TID57=SID10=228
20170829-15:13:27.000 : 8=FIXT.1.19=4935=034=849=DBL52=20170829-15:13:27.00056=BME10=212
20170829-15:13:34.415 : 8=FIXT.1.19=6335=049=BME56=DBL52=20170829-15:13:34.41534=850=TID57=SID10=230
20170829-15:13:57.443 : 8=FIXT.1.19=7835=149=BME56=DBL52=20170829-15:13:57.44334=950=TID57=SID112=150401963710=202
20170829-15:13:57.458 : 8=FIXT.1.19=6435=034=949=DBL52=20170829-15:13:57.45856=BME112=150401963710=188
20170829-15:14:27.003 : 8=FIXT.1.19=5035=034=1049=DBL52=20170829-15:14:27.00356=BME10=249
20170829-15:14:28.477 : 8=FIXT.1.19=6435=049=BME56=DBL52=20170829-15:14:28.47734=1050=TID57=SID10=028
20170829-15:14:57.031 : 8=FIXT.1.19=5035=034=1149=DBL52=20170829-15:14:57.03156=BME10=254
20170829-15:14:59.514 : 8=FIXT.1.19=6435=049=BME56=DBL52=20170829-15:14:59.51234=1150=TID57=SID10=023
20170829-15:15:27.468 : 8=FIXT.1.19=5035=034=1249=DBL52=20170829-15:15:27.46856=BME10=011
20170829-15:15:30.544 : 8=FIXT.1.19=6435=049=BME56=DBL52=20170829-15:15:30.54434=1250=TID57=SID10=019
20170829-15:15:57.356 : 8=FIXT.1.19=5035=034=1349=DBL52=20170829-15:15:57.35556=BME10=010
20170829-15:16:01.583 : 8=FIXT.1.19=6435=049=BME56=DBL52=20170829-15:16:01.58234=1350=TID57=SID10=021
20170829-15:16:27.095 : 8=FIXT.1.19=5035=034=1449=DBL52=20170829-15:16:27.09556=BME10=010
20170829-15:16:32.616 : 8=FIXT.1.19=6435=049=BME56=DBL52=20170829-15:16:32.61634=1450=TID57=SID10=024
20170829-15:16:57.921 : 8=FIXT.1.19=5035=034=1549=DBL52=20170829-15:16:57.92056=BME10=011
20170829-15:17:03.650 : 8=FIXT.1.19=6435=049=BME56=DBL52=20170829-15:17:03.65034=1550=TID57=SID10=022
20170829-15:17:27.441 : 8=FIXT.1.19=5035=034=1649=DBL52=20170829-15:17:27.44156=BME10=008
20170829-15:17:34.689 : 8=FIXT.1.19=6435=049=BME56=DBL52=20170829-15:17:34.68834=1650=TID57=SID10=038
20170829-15:17:57.203 : 8=FIXT.1.19=5035=034=1749=DBL52=20170829-15:17:57.20256=BME10=007
20170829-15:18:05.716 : 8=FIXT.1.19=6435=049=BME56=DBL52=20170829-15:18:05.71534=1750=TID57=SID10=029
20170829-15:18:27.009 : 8=FIXT.1.19=5035=034=1849=DBL52=20170829-15:18:27.00856=BME10=010
20170829-15:18:36.745 : 8=FIXT.1.19=6435=049=BME56=DBL52=20170829-15:18:36.74334=1850=TID57=SID10=035
20170829-15:18:57.061 : 8=FIXT.1.19=5035=034=1949=DBL52=20170829-15:18:57.06156=BME10=013
20170829-15:19:07.769 : 8=FIXT.1.19=6435=049=BME56=DBL52=20170829-15:19:07.76834=1950=TID57=SID10=042
20170829-15:19:27.326 : 8=FIXT.1.19=5035=034=2049=DBL52=20170829-15:19:27.32656=BME10=007
20170829-15:19:38.797 : 8=FIXT.1.19=6435=049=BME56=DBL52=20170829-15:19:38.79734=2050=TID57=SID10=040
20170829-15:19:57.041 : 8=FIXT.1.19=5035=034=2149=DBL52=20170829-15:19:57.04156=BME10=005
20170829-15:20:09.824 : 8=FIXT.1.19=6435=049=BME56=DBL52=20170829-15:20:09.82434=2150=TID57=SID10=022
20170829-15:20:27.348 : 8=FIXT.1.19=5035=034=2249=DBL52=20170829-15:20:27.34856=BME10=005
20170829-15:23:10.711 : 8=FIXT.1.19=9835=A34=149=DBL50=SID52=20170829-15:23:10.71156=BME57=TID98=0108=30141=Y1137=41408=T4.010=103
20170829-15:23:10.713 : 8=FIXT.1.19=9835=A49=BME56=DBL52=20170829-15:23:10.71234=150=TID57=SID98=0108=30141=Y1137=91408=T4.010=109
20170829-15:23:40.062 : 8=FIXT.1.19=4935=034=249=DBL52=20170829-15:23:40.06256=BME10=210
20170829-15:23:41.743 : 8=FIXT.1.19=6335=049=BME56=DBL52=20170829-15:23:41.74334=250=TID57=SID10=227
20170829-15:24:10.027 : 8=FIXT.1.19=4935=034=349=DBL52=20170829-15:24:10.02756=BME10=210
20170829-15:24:12.777 : 8=FIXT.1.19=6335=049=BME56=DBL52=20170829-15:24:12.77634=350=TID57=SID10=233
20170829-15:24:40.044 : 8=FIXT.1.19=4935=034=449=DBL52=20170829-15:24:40.04456=BME10=213
20170829-15:24:43.814 : 8=FIXT.1.19=6335=049=BME56=DBL52=20170829-15:24:43.81334=450=TID57=SID10=230
20170829-15:25:10.139 : 8=FIXT.1.19=4935=034=549=DBL52=20170829-15:25:10.13856=BME10=216
20170829-15:25:14.844 : 8=FIXT.1.19=6335=049=BME56=DBL52=20170829-15:25:14.84434=550=TID57=SID10=234
20170829-15:25:23.949 : 8=FIXT.1.19=14435=D34=649=DBL52=20170829-15:25:23.94956=BME1137=911=20170829-162523886321=138=240=244=354=155=ew60=20170829-15:25:23581=11030=I10=002
20170829-15:25:23.950 : 8=FIXT.1.19=9235=349=BME56=DBL52=20170829-15:25:23.95034=650=TID57=SID45=6373=558=unknown symbol10=076
20170829-15:25:53.234 : 8=FIXT.1.19=4935=034=749=DBL52=20170829-15:25:53.23356=BME10=221
20170829-15:25:54.893 : 8=FIXT.1.19=6335=049=BME56=DBL52=20170829-15:25:54.89334=750=TID57=SID10=244
20170829-15:26:23.220 : 8=FIXT.1.19=4935=034=849=DBL52=20170829-15:26:23.22056=BME10=216
20170829-15:26:25.931 : 8=FIXT.1.19=6335=049=BME56=DBL52=20170829-15:26:25.93034=850=TID57=SID10=236
20170829-15:26:53.104 : 8=FIXT.1.19=4935=034=949=DBL52=20170829-15:26:53.10356=BME10=220
20170829-15:26:56.965 : 8=FIXT.1.19=6335=049=BME56=DBL52=20170829-15:26:56.96534=950=TID57=SID10=249
20170829-15:27:23.351 : 8=FIXT.1.19=5035=034=1049=DBL52=20170829-15:27:23.35156=BME10=255
20170829-15:27:28.001 : 8=FIXT.1.19=6435=049=BME56=DBL52=20170829-15:27:28.00134=1050=TID57=SID10=015
20170829-15:27:51.239 : 8=FIXT.1.19=14635=D34=1149=DBL52=20170829-15:27:51.23856=BME1137=911=20170829-162751821221=138=240=244=254=155=ddw60=20170829-15:27:51581=11030=I10=134
20170829-15:27:51.240 : 8=FIXT.1.19=9435=349=BME56=DBL52=20170829-15:27:51.23934=1150=TID57=SID45=11373=558=unknown symbol10=169
20170829-15:28:21.062 : 8=FIXT.1.19=5035=034=1249=DBL52=20170829-15:28:21.06256=BME10=255
20170829-15:28:22.065 : 8=FIXT.1.19=6435=049=BME56=DBL52=20170829-15:28:22.06534=1250=TID57=SID10=022
20170829-15:28:51.586 : 8=FIXT.1.19=5035=034=1349=DBL52=20170829-15:28:51.58656=BME10=014
20170829-15:28:53.099 : 8=FIXT.1.19=6435=049=BME56=DBL52=20170829-15:28:53.09834=1350=TID57=SID10=033
20170829-15:29:21.532 : 8=FIXT.1.19=5035=034=1449=DBL52=20170829-15:29:21.53256=BME10=004
20170829-15:29:24.125 : 8=FIXT.1.19=6435=049=BME56=DBL52=20170829-15:29:24.12534=1450=TID57=SID10=024
20170829-15:29:51.148 : 8=FIXT.1.19=5035=034=1549=DBL52=20170829-15:29:51.14856=BME10=011
20170829-15:29:55.149 : 8=FIXT.1.19=6435=049=BME56=DBL52=20170829-15:29:55.14834=1550=TID57=SID10=034
20170829-15:30:21.003 : 8=FIXT.1.19=5035=034=1649=DBL52=20170829-15:30:21.00256=BME10=246
20170829-15:30:26.180 : 8=FIXT.1.19=6435=049=BME56=DBL52=20170829-15:30:26.18034=1650=TID57=SID10=021
20170829-15:30:51.060 : 8=FIXT.1.19=5035=034=1749=DBL52=20170829-15:30:51.05956=BME10=006
20170829-15:30:57.209 : 8=FIXT.1.19=6435=049=BME56=DBL52=20170829-15:30:57.20934=1750=TID57=SID10=028
20170829-15:31:21.115 : 8=FIXT.1.19=5035=034=1849=DBL52=20170829-15:31:21.11556=BME10=254
20170829-15:31:28.239 : 8=FIXT.1.19=6435=049=BME56=DBL52=20170829-15:31:28.23834=1850=TID57=SID10=030
20170829-15:31:40.471 : 8=FIXT.1.19=14735=D34=1949=DBL52=20170829-15:31:40.47156=BME1137=911=20170829-163140923921=138=240=244=554=155=APPL60=20170829-15:31:40581=11030=I10=116
20170829-15:31:40.472 : 8=FIXT.1.19=18135=849=BME56=DBL52=20170829-15:31:40.47134=1950=TID57=SID37=311=20170829-163140923917=0150=A39=A581=155=APPL54=138=240=244=5151=214=060=20170829-15:31:401030=I10=234
20170829-15:31:40.517 : 8=FIXT.1.19=18135=849=BME56=DBL52=20170829-15:31:40.47234=2050=TID57=SID37=311=20170829-163140923917=1150=039=0581=155=APPL54=138=240=244=0151=214=060=20170829-15:31:401030=I10=189
20170829-15:32:10.609 : 8=FIXT.1.19=5035=034=2049=DBL52=20170829-15:32:10.60956=BME10=254
20170829-15:32:11.275 : 8=FIXT.1.19=6435=049=BME56=DBL52=20170829-15:32:11.27534=2150=TID57=SID10=018
20170829-15:32:40.331 : 8=FIXT.1.19=5035=034=2149=DBL52=20170829-15:32:40.33156=BME10=250
20170829-15:32:42.305 : 8=FIXT.1.19=6435=049=BME56=DBL52=20170829-15:32:42.30534=2250=TID57=SID10=017
20170829-15:32:55.495 : 8=FIXT.1.19=14435=D34=2249=DBL52=20170829-15:32:55.49456=BME1137=911=20170829-1632553121=138=240=244=454=155=dwd60=20170829-15:32:55581=11030=I10=035
20170829-15:32:55.496 : 8=FIXT.1.19=9435=349=BME56=DBL52=20170829-15:32:55.49534=2350=TID57=SID45=22373=558=unknown symbol10=178
20170829-15:33:09.793 : 8=FIXT.1.19=14435=D34=2349=DBL52=20170829-15:33:09.79256=BME1137=911=20170829-1633092321=138=240=244=454=155=dwd60=20170829-15:33:09581=11030=I10=038
20170829-15:33:09.795 : 8=FIXT.1.19=9435=349=BME56=DBL52=20170829-15:33:09.79434=2450=TID57=SID45=23373=558=unknown symbol10=182
20170829-15:33:17.688 : 8=FIXT.1.19=14735=D34=2449=DBL52=20170829-15:33:17.68856=BME1137=911=20170829-163317858021=138=240=244=454=155=APPL60=20170829-15:33:17581=11030=I10=137
20170829-15:33:17.689 : 8=FIXT.1.19=18135=849=BME56=DBL52=20170829-15:33:17.68834=2550=TID57=SID37=611=20170829-163317858017=2150=A39=A581=155=APPL54=138=240=244=4151=214=060=20170829-15:33:171030=I10=005
20170829-15:33:17.739 : 8=FIXT.1.19=18135=849=BME56=DBL52=20170829-15:33:17.68934=2650=TID57=SID37=611=20170829-163317858017=3150=039=0581=155=APPL54=138=240=244=0151=214=060=20170829-15:33:171030=I10=226
20170829-15:33:19.304 : 8=FIXT.1.19=14735=D34=2549=DBL52=20170829-15:33:19.30356=BME1137=911=20170829-163319985421=138=240=244=454=155=APPL60=20170829-15:33:19581=11030=I10=133
20170829-15:33:19.305 : 8=FIXT.1.19=18135=849=BME56=DBL52=20170829-15:33:19.30434=2750=TID57=SID37=711=20170829-163319985417=4150=A39=A581=155=APPL54=138=240=244=4151=214=060=20170829-15:33:191030=I10=006
20170829-15:33:19.388 : 8=FIXT.1.19=18135=849=BME56=DBL52=20170829-15:33:19.30534=2850=TID57=SID37=711=20170829-163319985417=5150=039=0581=155=APPL54=138=240=244=0151=214=060=20170829-15:33:191030=I10=227
20170829-15:33:42.502 : 8=FIXT.1.19=14735=D34=2649=DBL52=20170829-15:33:42.50156=BME1137=911=20170829-163342606321=138=940=244=354=255=CSCO60=20170829-15:33:42581=11030=I10=113
20170829-15:33:42.504 : 8=FIXT.1.19=18135=849=BME56=DBL52=20170829-15:33:42.50334=2950=TID57=SID37=811=20170829-163342606317=6150=A39=A581=155=CSCO54=238=940=244=3151=914=060=20170829-15:33:421030=I10=254
20170829-15:33:42.556 : 8=FIXT.1.19=18135=849=BME56=DBL52=20170829-15:33:42.50434=3050=TID57=SID37=811=20170829-163342606317=7150=039=0581=155=CSCO54=238=940=244=0151=914=060=20170829-15:33:421030=I10=211
20170829-15:34:12.068 : 8=FIXT.1.19=5035=034=2749=DBL52=20170829-15:34:12.06756=BME10=007
20170829-15:34:13.398 : 8=FIXT.1.19=6435=049=BME56=DBL52=20170829-15:34:13.39734=3150=TID57=SID10=028
20170829-15:34:42.382 : 8=FIXT.1.19=5035=034=2849=DBL52=20170829-15:34:42.38156=BME10=010
20170829-15:34:44.425 : 8=FIXT.1.19=6435=049=BME56=DBL52=20170829-15:34:44.42534=3250=TID57=SID10=025
20170829-15:35:12.054 : 8=FIXT.1.19=5035=034=2949=DBL52=20170829-15:35:12.05456=BME10=006
20170829-15:35:15.456 : 8=FIXT.1.19=6435=049=BME56=DBL52=20170829-15:35:15.45534=3350=TID57=SID10=028
20170829-15:35:29.436 : 8=FIXT.1.19=15135=D34=3049=DBL52=20170829-15:35:29.43556=BME1137=911=20170829-163529703221=138=5640=244=4.3354=155=APPL60=20170829-15:35:29581=11030=I10=074
20170829-15:35:29.438 : 8=FIXT.1.19=18635=849=BME56=DBL52=20170829-15:35:29.43634=3450=TID57=SID37=911=20170829-163529703217=8150=A39=A581=155=APPL54=138=5640=244=4.33151=5614=060=20170829-15:35:291030=I10=022
20170829-15:35:29.481 : 8=FIXT.1.19=18335=849=BME56=DBL52=20170829-15:35:29.43734=3550=TID57=SID37=911=20170829-163529703217=9150=039=0581=155=APPL54=138=5640=244=0151=5614=060=20170829-15:35:291030=I10=092
20170829-15:35:59.395 : 8=FIXT.1.19=5035=034=3149=DBL52=20170829-15:35:59.39556=BME10=018
20170829-15:36:00.498 : 8=FIXT.1.19=6435=049=BME56=DBL52=20170829-15:36:00.49834=3650=TID57=SID10=033
20170829-15:36:29.008 : 8=FIXT.1.19=5035=034=3249=DBL52=20170829-15:36:29.00856=BME10=008
20170829-15:36:31.526 : 8=FIXT.1.19=6435=049=BME56=DBL52=20170829-15:36:31.52534=3750=TID57=SID10=029
20170829-15:36:51.685 : 8=FIXT.1.19=14835=D34=3349=DBL52=20170829-15:36:51.68556=BME1137=911=20170829-163651776321=138=3440=244=254=155=APPL60=20170829-15:36:51581=11030=I10=191
20170829-15:36:51.687 : 8=FIXT.1.19=18535=849=BME56=DBL52=20170829-15:36:51.68534=3850=TID57=SID37=1011=20170829-163651776317=10150=A39=A581=155=APPL54=138=3440=244=2151=3414=060=20170829-15:36:511030=I10=209
20170829-15:36:51.729 : 8=FIXT.1.19=18535=849=BME56=DBL52=20170829-15:36:51.68734=3950=TID57=SID37=1011=20170829-163651776317=11150=039=0581=155=APPL54=138=3440=244=0151=3414=060=20170829-15:36:511030=I10=177
20170829-15:36:54.913 : 8=FIXT.1.19=14835=D34=3449=DBL52=20170829-15:36:54.91356=BME1137=911=20170829-163654445121=138=3440=244=254=155=APPL60=20170829-15:36:54581=11030=I10=186
20170829-15:36:54.914 : 8=FIXT.1.19=18535=849=BME56=DBL52=20170829-15:36:54.91334=4050=TID57=SID37=1111=20170829-163654445117=12150=A39=A581=155=APPL54=138=3440=244=2151=3414=060=20170829-15:36:541030=I10=199
20170829-15:36:54.951 : 8=FIXT.1.19=18535=849=BME56=DBL52=20170829-15:36:54.91434=4150=TID57=SID37=1111=20170829-163654445117=13150=039=0581=155=APPL54=138=3440=244=0151=3414=060=20170829-15:36:541030=I10=166
20170829-15:37:24.284 : 8=FIXT.1.19=5035=034=3549=DBL52=20170829-15:37:24.28456=BME10=013
20170829-15:37:25.573 : 8=FIXT.1.19=6435=049=BME56=DBL52=20170829-15:37:25.57334=4250=TID57=SID10=032
20170829-15:37:54.343 : 8=FIXT.1.19=5035=034=3649=DBL52=20170829-15:37:54.34356=BME10=013
20170829-15:37:56.598 : 8=FIXT.1.19=6435=049=BME56=DBL52=20170829-15:37:56.59734=4350=TID57=SID10=043
20170829-15:38:30.204 : 8=FIXT.1.19=9835=A34=149=DBL50=SID52=20170829-15:38:30.20356=BME57=TID98=0108=30141=Y1137=41408=T4.010=107
20170829-15:38:30.205 : 8=FIXT.1.19=9835=A49=BME56=DBL52=20170829-15:38:30.20434=150=TID57=SID98=0108=30141=Y1137=91408=T4.010=113
20170829-15:39:00.731 : 8=FIXT.1.19=4935=034=249=DBL52=20170829-15:39:00.73156=BME10=216
20170829-15:39:01.264 : 8=FIXT.1.19=6335=049=BME56=DBL52=20170829-15:39:01.26434=250=TID57=SID10=228
20170829-15:39:30.368 : 8=FIXT.1.19=4935=034=349=DBL52=20170829-15:39:30.36856=BME10=226
20170829-15:39:32.301 : 8=FIXT.1.19=6335=049=BME56=DBL52=20170829-15:39:32.30034=350=TID57=SID10=224
20170829-15:40:00.134 : 8=FIXT.1.19=4935=034=449=DBL52=20170829-15:40:00.13356=BME10=206
20170829-15:40:03.334 : 8=FIXT.1.19=6335=049=BME56=DBL52=20170829-15:40:03.33434=450=TID57=SID10=222
20170829-15:40:30.256 : 8=FIXT.1.19=4935=034=549=DBL52=20170829-15:40:30.25656=BME10=216
20170829-15:40:34.368 : 8=FIXT.1.19=6335=049=BME56=DBL52=20170829-15:40:34.36734=550=TID57=SID10=233
20170829-15:41:00.363 : 8=FIXT.1.19=4935=034=649=DBL52=20170829-15:41:00.36356=BME10=214
20170829-15:41:05.403 : 8=FIXT.1.19=6335=049=BME56=DBL52=20170829-15:41:05.40334=650=TID57=SID10=224
20170829-15:41:30.327 : 8=FIXT.1.19=4935=034=749=DBL52=20170829-15:41:30.32756=BME10=218
20170829-15:41:36.441 : 8=FIXT.1.19=6335=049=BME56=DBL52=20170829-15:41:36.44034=750=TID57=SID10=230
20170829-15:42:00.114 : 8=FIXT.1.19=4935=034=849=DBL52=20170829-15:42:00.11456=BME10=211
20170829-15:42:07.482 : 8=FIXT.1.19=6335=049=BME56=DBL52=20170829-15:42:07.48234=850=TID57=SID10=236
20170829-15:42:30.659 : 8=FIXT.1.19=4935=034=949=DBL52=20170829-15:42:30.65856=BME10=228
20170829-15:43:01.798 : 8=FIXT.1.19=9835=A34=149=DBL50=SID52=20170829-15:43:01.79856=BME57=TID98=0108=30141=Y1137=41408=T4.010=120
20170829-15:43:01.799 : 8=FIXT.1.19=9835=A49=BME56=DBL52=20170829-15:43:01.79834=150=TID57=SID98=0108=30141=Y1137=91408=T4.010=125
20170829-15:43:07.578 : 8=FIXT.1.19=4935=534=249=DBL52=20170829-15:43:07.57856=BME10=232
20170829-15:43:07.579 : 8=FIXT.1.19=6335=549=BME56=DBL52=20170829-15:43:07.57834=250=TID57=SID10=242
20170829-15:43:23.480 : 8=FIXT.1.19=9835=A34=149=DBL50=SID52=20170829-15:43:23.47956=BME57=TID98=0108=30141=Y1137=41408=T4.010=120
20170829-15:43:23.481 : 8=FIXT.1.19=9835=A49=BME56=DBL52=20170829-15:43:23.48034=150=TID57=SID98=0108=30141=Y1137=91408=T4.010=117
20170829-15:43:30.286 : 8=FIXT.1.19=14535=D34=249=DBL52=20170829-15:43:30.28656=BME1137=911=20170829-16433081221=138=140=244=554=155=APPL60=20170829-15:43:30581=11030=I10=007
20170829-15:43:30.287 : 8=FIXT.1.19=17935=849=BME56=DBL52=20170829-15:43:30.28634=250=TID57=SID37=111=20170829-16433081217=0150=A39=A581=155=APPL54=138=140=244=5151=114=060=20170829-15:43:301030=I10=131
20170829-15:43:30.333 : 8=FIXT.1.19=17935=849=BME56=DBL52=20170829-15:43:30.28734=350=TID57=SID37=111=20170829-16433081217=1150=039=0581=155=APPL54=138=140=244=0151=114=060=20170829-15:43:301030=I10=095
20170829-15:44:00.160 : 8=FIXT.1.19=4935=034=349=DBL52=20170829-15:44:00.15956=BME10=217
20170829-15:44:01.528 : 8=FIXT.1.19=6335=049=BME56=DBL52=20170829-15:44:01.52834=450=TID57=SID10=229
20170829-15:44:30.001 : 8=FIXT.1.19=4935=034=449=DBL52=20170829-15:44:30.00156=BME10=207
20170829-15:44:32.562 : 8=FIXT.1.19=6335=049=BME56=DBL52=20170829-15:44:32.56134=550=TID57=SID10=231
20170829-15:45:00.014 : 8=FIXT.1.19=4935=034=549=DBL52=20170829-15:45:00.01456=BME10=210
20170829-15:45:03.596 : 8=FIXT.1.19=6335=049=BME56=DBL52=20170829-15:45:03.59634=650=TID57=SID10=239
20170829-15:45:30.210 : 8=FIXT.1.19=4935=034=649=DBL52=20170829-15:45:30.20956=BME10=220
20170829-15:45:34.633 : 8=FIXT.1.19=6335=049=BME56=DBL52=20170829-15:45:34.63334=750=TID57=SID10=236
20170829-15:46:00.349 : 8=FIXT.1.19=4935=034=749=DBL52=20170829-15:46:00.34956=BME10=224
20170829-15:46:05.670 : 8=FIXT.1.19=6335=049=BME56=DBL52=20170829-15:46:05.67034=850=TID57=SID10=237
20170829-15:46:30.021 : 8=FIXT.1.19=4935=034=849=DBL52=20170829-15:46:30.02156=BME10=215
20170829-15:46:36.700 : 8=FIXT.1.19=6335=049=BME56=DBL52=20170829-15:46:36.70034=950=TID57=SID10=236
20170829-15:47:00.706 : 8=FIXT.1.19=4935=034=949=DBL52=20170829-15:47:00.70656=BME10=224
20170829-15:47:07.736 : 8=FIXT.1.19=6435=049=BME56=DBL52=20170829-15:47:07.73634=1050=TID57=SID10=029
20170829-15:47:30.284 : 8=FIXT.1.19=5035=034=1049=DBL52=20170829-15:47:30.28456=BME10=004
20170829-15:47:38.775 : 8=FIXT.1.19=6435=049=BME56=DBL52=20170829-15:47:38.77534=1150=TID57=SID10=037
20170829-15:48:00.080 : 8=FIXT.1.19=5035=034=1149=DBL52=20170829-15:48:00.08056=BME10=253
20170829-15:48:09.807 : 8=FIXT.1.19=6435=049=BME56=DBL52=20170829-15:48:09.80734=1250=TID57=SID10=033
20170829-15:48:30.078 : 8=FIXT.1.19=5035=034=1249=DBL52=20170829-15:48:30.07856=BME10=008
20170829-15:48:40.831 : 8=FIXT.1.19=6435=049=BME56=DBL52=20170829-15:48:40.83134=1350=TID57=SID10=026
20170829-15:49:00.158 : 8=FIXT.1.19=5035=034=1349=DBL52=20170829-15:49:00.15856=BME10=006
20170829-15:49:11.860 : 8=FIXT.1.19=6435=049=BME56=DBL52=20170829-15:49:11.86034=1450=TID57=SID10=028
20170829-15:49:30.062 : 8=FIXT.1.19=5035=034=1449=DBL52=20170829-15:49:30.06256=BME10=004
20170829-15:49:42.885 : 8=FIXT.1.19=6435=049=BME56=DBL52=20170829-15:49:42.88534=1550=TID57=SID10=040
20170829-15:50:36.287 : 8=FIXT.1.19=9835=A34=149=DBL50=SID52=20170829-15:50:36.28656=BME57=TID98=0108=30141=Y1137=41408=T4.010=118
20170829-15:50:36.288 : 8=FIXT.1.19=9835=A49=BME56=DBL52=20170829-15:50:36.28734=150=TID57=SID98=0108=30141=Y1137=91408=T4.010=124
20170829-15:50:40.221 : 8=FIXT.1.19=4935=534=249=DBL52=20170829-15:50:40.22056=BME10=211
20170829-15:50:40.221 : 8=FIXT.1.19=6335=549=BME56=DBL52=20170829-15:50:40.22134=250=TID57=SID10=222
20170830-08:37:11.720 : 8=FIXT.1.19=9835=A34=149=DBL50=SID52=20170830-08:37:11.71456=BME57=TID98=0108=30141=Y1137=41408=T4.010=106
20170830-08:37:11.724 : 8=FIXT.1.19=9835=A49=BME56=DBL52=20170830-08:37:11.72334=150=TID57=SID98=0108=30141=Y1137=91408=T4.010=111
20170830-08:37:16.652 : 8=FIXT.1.19=4935=534=249=DBL52=20170830-08:37:16.65156=BME10=221
20170830-08:37:16.652 : 8=FIXT.1.19=6335=549=BME56=DBL52=20170830-08:37:16.65234=250=TID57=SID10=232
20170830-08:40:48.812 : 8=FIXT.1.19=9835=A34=149=DBL50=SID52=20170830-08:40:48.81256=BME57=TID98=0108=30141=Y1137=41408=T4.010=109
20170830-08:40:48.813 : 8=FIXT.1.19=9835=A49=BME56=DBL52=20170830-08:40:48.81334=150=TID57=SID98=0108=30141=Y1137=91408=T4.010=115
20170830-08:40:51.793 : 8=FIXT.1.19=4935=534=249=DBL52=20170830-08:40:51.79356=BME10=221
20170830-08:40:51.795 : 8=FIXT.1.19=6335=549=BME56=DBL52=20170830-08:40:51.79434=250=TID57=SID10=232
20170830-08:41:43.411 : 8=FIXT.1.19=9835=A34=149=DBL50=SID52=20170830-08:41:43.40656=BME57=TID98=0108=30141=Y1137=41408=T4.010=104
20170830-08:41:43.415 : 8=FIXT.1.19=9835=A49=BME56=DBL52=20170830-08:41:43.41134=150=TID57=SID98=0108=30141=Y1137=91408=T4.010=105
20170830-08:42:13.409 : 8=FIXT.1.19=4935=034=249=DBL52=20170830-08:42:13.40956=BME10=210
20170830-08:42:14.447 : 8=FIXT.1.19=6335=049=BME56=DBL52=20170830-08:42:14.44734=250=TID57=SID10=223
20170830-08:42:43.395 : 8=FIXT.1.19=4935=034=349=DBL52=20170830-08:42:43.39456=BME10=217
20170830-08:42:45.482 : 8=FIXT.1.19=6335=049=BME56=DBL52=20170830-08:42:45.48234=350=TID57=SID10=227
20170830-08:43:13.039 : 8=FIXT.1.19=4935=034=449=DBL52=20170830-08:43:13.03956=BME10=212
20170830-08:43:16.520 : 8=FIXT.1.19=6335=049=BME56=DBL52=20170830-08:43:16.52034=450=TID57=SID10=220
20170830-08:43:20.881 : 8=FIXT.1.19=4935=534=549=DBL52=20170830-08:43:20.88156=BME10=221
20170830-08:43:20.881 : 8=FIXT.1.19=6335=549=BME56=DBL52=20170830-08:43:20.88134=550=TID57=SID10=231
20170830-08:46:07.177 : 8=FIXT.1.19=9835=A34=149=DBL50=SID52=20170830-08:46:07.16756=BME57=TID98=0108=30141=Y1137=41408=T4.010=113
20170830-08:46:07.180 : 8=FIXT.1.19=9835=A49=BME56=DBL52=20170830-08:46:07.17834=150=TID57=SID98=0108=30141=Y1137=91408=T4.010=120
20170830-08:46:37.217 : 8=FIXT.1.19=4935=034=249=DBL52=20170830-08:46:37.21756=BME10=217
20170830-08:46:38.217 : 8=FIXT.1.19=6335=049=BME56=DBL52=20170830-08:46:38.21734=250=TID57=SID10=228
20170830-08:47:07.036 : 8=FIXT.1.19=4935=034=349=DBL52=20170830-08:47:07.03656=BME10=215
20170830-08:47:09.252 : 8=FIXT.1.19=6335=049=BME56=DBL52=20170830-08:47:09.25234=350=TID57=SID10=227
20170830-08:47:37.132 : 8=FIXT.1.19=4935=034=449=DBL52=20170830-08:47:37.13156=BME10=215
20170830-08:47:40.289 : 8=FIXT.1.19=6335=049=BME56=DBL52=20170830-08:47:40.28934=450=TID57=SID10=233
20170830-08:48:07.294 : 8=FIXT.1.19=4935=034=549=DBL52=20170830-08:48:07.29456=BME10=224
20170830-08:48:11.324 : 8=FIXT.1.19=6335=049=BME56=DBL52=20170830-08:48:11.32434=550=TID57=SID10=223
20170830-08:48:28.628 : 8=FIXT.1.19=4935=534=649=DBL52=20170830-08:48:28.62856=BME10=234
20170830-08:48:28.629 : 8=FIXT.1.19=6335=549=BME56=DBL52=20170830-08:48:28.62834=650=TID57=SID10=244
20170830-09:13:25.524 : 8=FIXT.1.19=9835=A34=149=DBL50=SID52=20170830-09:13:25.52456=BME57=TID98=0108=30141=Y1137=41408=T4.010=105
20170830-09:13:25.525 : 8=FIXT.1.19=9835=A49=BME56=DBL52=20170830-09:13:25.52534=150=TID57=SID98=0108=30141=Y1137=91408=T4.010=111
20170830-09:13:29.461 : 8=FIXT.1.19=4935=534=249=DBL52=20170830-09:13:29.46156=BME10=219
20170830-09:13:29.462 : 8=FIXT.1.19=6335=549=BME56=DBL52=20170830-09:13:29.46134=250=TID57=SID10=229
20170830-09:13:32.945 : 8=FIXT.1.19=9835=A34=149=DBL50=SID52=20170830-09:13:32.94556=BME57=TID98=0108=30141=Y1137=41408=T4.010=110
20170830-09:13:32.946 : 8=FIXT.1.19=9835=A49=BME56=DBL52=20170830-09:13:32.94534=150=TID57=SID98=0108=30141=Y1137=91408=T4.010=115
20170830-09:14:02.274 : 8=FIXT.1.19=4935=034=249=DBL52=20170830-09:14:02.27456=BME10=208
20170830-09:14:03.987 : 8=FIXT.1.19=6335=049=BME56=DBL52=20170830-09:14:03.98634=250=TID57=SID10=229
20170830-09:14:32.141 : 8=FIXT.1.19=4935=034=349=DBL52=20170830-09:14:32.14156=BME10=205
20170830-09:14:34.026 : 8=FIXT.1.19=6335=049=BME56=DBL52=20170830-09:14:34.02634=350=TID57=SID10=219
20170830-09:14:43.223 : 8=FIXT.1.19=4935=534=449=DBL52=20170830-09:14:43.22256=BME10=213
20170830-09:14:43.223 : 8=FIXT.1.19=6335=549=BME56=DBL52=20170830-09:14:43.22334=450=TID57=SID10=224
20170830-10:56:54.672 : 8=FIXT.1.19=9835=A34=149=DBL50=SID52=20170830-10:56:54.67256=BME57=TID98=0108=30141=Y1137=41408=T4.010=110
20170830-10:56:54.674 : 8=FIXT.1.19=9835=A49=BME56=DBL52=20170830-10:56:54.67334=150=TID57=SID98=0108=30141=Y1137=91408=T4.010=116
20170830-10:57:01.148 : 8=FIXT.1.19=19735=F34=249=DBL52=20170830-10:57:01.14856=BME1137=911=20170830-115701395621=138=240=241=2017-08-29_dfec7049-cf1b-46c4-b5f0-2d53cd34c74d44=254=155=APPL60=20170830-10:57:01581=11030=I10=036
20170830-10:57:01.150 : 8=FIXT.1.19=17735=949=BME56=DBL52=20170830-10:57:01.14934=250=TID57=SID37=NONE11=20170830-115701395641=2017-08-29_dfec7049-cf1b-46c4-b5f0-2d53cd34c74d39=860=20170830-10:57:01434=110=071
20170830-10:57:31.460 : 8=FIXT.1.19=4935=034=349=DBL52=20170830-10:57:31.46056=BME10=207
20170830-10:57:32.720 : 8=FIXT.1.19=6335=049=BME56=DBL52=20170830-10:57:32.72034=350=TID57=SID10=217
20170830-10:58:01.067 : 8=FIXT.1.19=4935=034=449=DBL52=20170830-10:58:01.06756=BME10=209
20170830-10:58:03.754 : 8=FIXT.1.19=6335=049=BME56=DBL52=20170830-10:58:03.75434=450=TID57=SID10=224
20170830-10:58:31.040 : 8=FIXT.1.19=4935=034=549=DBL52=20170830-10:58:31.04056=BME10=204
20170830-10:58:34.789 : 8=FIXT.1.19=6335=049=BME56=DBL52=20170830-10:58:34.78934=550=TID57=SID10=237
20170830-10:59:01.420 : 8=FIXT.1.19=4935=034=649=DBL52=20170830-10:59:01.41956=BME10=213
20170830-10:59:05.837 : 8=FIXT.1.19=6335=049=BME56=DBL52=20170830-10:59:05.83634=650=TID57=SID10=230
20170830-10:59:31.111 : 8=FIXT.1.19=4935=034=749=DBL52=20170830-10:59:31.11156=BME10=206
20170830-10:59:36.891 : 8=FIXT.1.19=6335=049=BME56=DBL52=20170830-10:59:36.89034=750=TID57=SID10=235
20170830-11:00:01.550 : 8=FIXT.1.19=4935=034=849=DBL52=20170830-11:00:01.54956=BME10=206
20170830-11:00:07.922 : 8=FIXT.1.19=6335=049=BME56=DBL52=20170830-11:00:07.92134=850=TID57=SID10=216
20170830-11:00:31.383 : 8=FIXT.1.19=4935=034=949=DBL52=20170830-11:00:31.38356=BME10=206
20170830-11:00:38.957 : 8=FIXT.1.19=6335=049=BME56=DBL52=20170830-11:00:38.95734=950=TID57=SID10=230
20170830-11:01:01.006 : 8=FIXT.1.19=5035=034=1049=DBL52=20170830-11:01:01.00656=BME10=228
20170830-11:01:09.996 : 8=FIXT.1.19=6435=049=BME56=DBL52=20170830-11:01:09.99534=1050=TID57=SID10=016
20170830-11:01:31.600 : 8=FIXT.1.19=5035=034=1149=DBL52=20170830-11:01:31.59956=BME10=249
20170830-11:01:40.027 : 8=FIXT.1.19=6435=049=BME56=DBL52=20170830-11:01:40.02634=1150=TID57=SID10=253
20170830-11:02:01.086 : 8=FIXT.1.19=5035=034=1249=DBL52=20170830-11:02:01.08556=BME10=238
20170830-11:02:11.063 : 8=FIXT.1.19=6435=049=BME56=DBL52=20170830-11:02:11.06234=1250=TID57=SID10=253
20170830-11:02:31.364 : 8=FIXT.1.19=5035=034=1349=DBL52=20170830-11:02:31.36456=BME10=242
20170830-11:02:42.101 : 8=FIXT.1.19=6435=049=BME56=DBL52=20170830-11:02:42.10134=1350=TID57=SID10=252
20170830-11:03:01.276 : 8=FIXT.1.19=5035=034=1449=DBL52=20170830-11:03:01.27656=BME10=243
20170830-11:03:13.141 : 8=FIXT.1.19=6435=049=BME56=DBL52=20170830-11:03:13.14134=1450=TID57=SID10=000
20170830-11:03:31.581 : 8=FIXT.1.19=5035=034=1549=DBL52=20170830-11:03:31.58156=BME10=246
20170830-11:03:44.179 : 8=FIXT.1.19=6435=049=BME56=DBL52=20170830-11:03:44.17934=1550=TID57=SID10=016
20170830-11:04:01.295 : 8=FIXT.1.19=5035=034=1649=DBL52=20170830-11:04:01.29556=BME10=247
20170830-11:04:15.218 : 8=FIXT.1.19=6435=049=BME56=DBL52=20170830-11:04:15.21834=1650=TID57=SID10=010
20170830-11:04:31.069 : 8=FIXT.1.19=5035=034=1749=DBL52=20170830-11:04:31.06956=BME10=250
20170830-11:04:46.252 : 8=FIXT.1.19=6435=049=BME56=DBL52=20170830-11:04:46.25234=1750=TID57=SID10=013
20170830-11:05:01.239 : 8=FIXT.1.19=5035=034=1849=DBL52=20170830-11:05:01.23956=BME10=248
20170830-11:05:17.288 : 8=FIXT.1.19=6435=049=BME56=DBL52=20170830-11:05:17.28834=1850=TID57=SID10=022
20170830-11:05:31.275 : 8=FIXT.1.19=5035=034=1949=DBL52=20170830-11:05:31.27456=BME10=251
20170830-11:05:48.323 : 8=FIXT.1.19=6435=049=BME56=DBL52=20170830-11:05:48.32334=1950=TID57=SID10=017
20170830-11:06:01.115 : 8=FIXT.1.19=5035=034=2049=DBL52=20170830-11:06:01.11556=BME10=235
20170830-11:06:19.359 : 8=FIXT.1.19=6435=049=BME56=DBL52=20170830-11:06:19.35834=2050=TID57=SID10=016
20170830-11:06:31.166 : 8=FIXT.1.19=5035=034=2149=DBL52=20170830-11:06:31.16656=BME10=245
20170830-11:06:50.400 : 8=FIXT.1.19=6435=049=BME56=DBL52=20170830-11:06:50.40034=2150=TID57=SID10=000
20170830-11:07:01.047 : 8=FIXT.1.19=5035=034=2249=DBL52=20170830-11:07:01.04756=BME10=242
20170830-11:07:21.444 : 8=FIXT.1.19=6435=049=BME56=DBL52=20170830-11:07:21.44334=2250=TID57=SID10=007
20170830-11:07:31.408 : 8=FIXT.1.19=5035=034=2349=DBL52=20170830-11:07:31.40856=BME10=247
20170830-11:07:52.483 : 8=FIXT.1.19=6435=049=BME56=DBL52=20170830-11:07:52.48234=2350=TID57=SID10=015
20170830-11:08:01.201 : 8=FIXT.1.19=5035=034=2449=DBL52=20170830-11:08:01.20156=BME10=237
20170830-11:08:23.522 : 8=FIXT.1.19=6435=049=BME56=DBL52=20170830-11:08:23.52134=2450=TID57=SID10=009
20170830-11:08:31.767 : 8=FIXT.1.19=5035=034=2549=DBL52=20170830-11:08:31.76756=BME10=002
20170830-11:08:54.562 : 8=FIXT.1.19=6435=049=BME56=DBL52=20170830-11:08:54.56134=2550=TID57=SID10=018
20170830-11:09:01.086 : 8=FIXT.1.19=5035=034=2649=DBL52=20170830-11:09:01.08656=BME10=251
20170830-11:09:25.609 : 8=FIXT.1.19=6435=049=BME56=DBL52=20170830-11:09:25.60934=2650=TID57=SID10=021
20170830-11:09:31.020 : 8=FIXT.1.19=5035=034=2749=DBL52=20170830-11:09:31.01956=BME10=251
20170830-11:09:56.651 : 8=FIXT.1.19=6435=049=BME56=DBL52=20170830-11:09:56.65134=2750=TID57=SID10=023
20170830-11:10:01.625 : 8=FIXT.1.19=5035=034=2849=DBL52=20170830-11:10:01.62556=BME10=244
20170830-11:10:27.688 : 8=FIXT.1.19=6435=049=BME56=DBL52=20170830-11:10:27.68834=2850=TID57=SID10=024
20170830-11:10:31.170 : 8=FIXT.1.19=5035=034=2949=DBL52=20170830-11:10:31.17056=BME10=243
20170830-11:10:58.728 : 8=FIXT.1.19=6435=049=BME56=DBL52=20170830-11:10:58.72834=2950=TID57=SID10=024
20170830-11:11:01.051 : 8=FIXT.1.19=5035=034=3049=DBL52=20170830-11:11:01.04956=BME10=238
20170830-11:11:29.759 : 8=FIXT.1.19=6435=049=BME56=DBL52=20170830-11:11:29.75834=3050=TID57=SID10=018
20170830-11:11:31.342 : 8=FIXT.1.19=5035=034=3149=DBL52=20170830-11:11:31.34256=BME10=238
20170830-11:12:00.788 : 8=FIXT.1.19=6435=049=BME56=DBL52=20170830-11:12:00.78834=3150=TID57=SID10=012
20170830-11:12:01.187 : 8=FIXT.1.19=5035=034=3249=DBL52=20170830-11:12:01.18656=BME10=243
20170830-11:12:31.817 : 8=FIXT.1.19=6435=049=BME56=DBL52=20170830-11:12:31.81734=3250=TID57=SID10=010
20170830-11:12:31.855 : 8=FIXT.1.19=5035=034=3349=DBL52=20170830-11:12:31.85456=BME10=249
20170830-11:13:01.352 : 8=FIXT.1.19=5035=034=3449=DBL52=20170830-11:13:01.35056=BME10=239
20170830-11:13:02.845 : 8=FIXT.1.19=6435=049=BME56=DBL52=20170830-11:13:02.84534=3350=TID57=SID10=011
20170830-11:13:31.131 : 8=FIXT.1.19=5035=034=3549=DBL52=20170830-11:13:31.13156=BME10=240
20170830-11:13:33.876 : 8=FIXT.1.19=6435=049=BME56=DBL52=20170830-11:13:33.87634=3450=TID57=SID10=020
20170830-11:14:01.004 : 8=FIXT.1.19=5035=034=3649=DBL52=20170830-11:14:01.00456=BME10=238
20170830-11:14:04.902 : 8=FIXT.1.19=6435=049=BME56=DBL52=20170830-11:14:04.90234=3550=TID57=SID10=010
20170830-11:14:31.402 : 8=FIXT.1.19=5035=034=3749=DBL52=20170830-11:14:31.40256=BME10=244
20170830-11:14:35.959 : 8=FIXT.1.19=6435=049=BME56=DBL52=20170830-11:14:35.95934=3650=TID57=SID10=027
20170830-11:15:01.020 : 8=FIXT.1.19=5035=034=3849=DBL52=20170830-11:15:01.02056=BME10=239
20170830-11:15:06.986 : 8=FIXT.1.19=6435=049=BME56=DBL52=20170830-11:15:06.98634=3750=TID57=SID10=027
20170830-11:15:31.086 : 8=FIXT.1.19=5035=034=3949=DBL52=20170830-11:15:31.08656=BME10=255
20170830-11:15:37.022 : 8=FIXT.1.19=6435=049=BME56=DBL52=20170830-11:15:37.02034=3850=TID57=SID10=011
20170830-11:16:01.737 : 8=FIXT.1.19=5035=034=4049=DBL52=20170830-11:16:01.73756=BME10=248
20170830-11:16:08.049 : 8=FIXT.1.19=6435=049=BME56=DBL52=20170830-11:16:08.04934=3950=TID57=SID10=022
20170830-11:16:31.001 : 8=FIXT.1.19=5035=034=4149=DBL52=20170830-11:16:31.00156=BME10=236
20170830-11:16:39.080 : 8=FIXT.1.19=6435=049=BME56=DBL52=20170830-11:16:39.08034=4050=TID57=SID10=013
20170830-11:17:01.105 : 8=FIXT.1.19=7935=149=BME56=DBL52=20170830-11:17:01.10534=4150=TID57=SID112=150409182110=218
20170830-11:17:01.126 : 8=FIXT.1.19=6535=034=4249=DBL52=20170830-11:17:01.12656=BME112=150409182110=202
20170830-11:17:31.014 : 8=FIXT.1.19=5035=034=4349=DBL52=20170830-11:17:31.01456=BME10=243
20170830-11:17:32.132 : 8=FIXT.1.19=6435=049=BME56=DBL52=20170830-11:17:32.13234=4250=TID57=SID10=007
20170830-11:18:01.568 : 8=FIXT.1.19=5035=034=4449=DBL52=20170830-11:18:01.56756=BME10=255
20170830-11:18:03.165 : 8=FIXT.1.19=6435=049=BME56=DBL52=20170830-11:18:03.16534=4350=TID57=SID10=013
20170830-11:18:31.227 : 8=FIXT.1.19=5035=034=4549=DBL52=20170830-11:18:31.22656=BME10=251
20170830-11:18:34.193 : 8=FIXT.1.19=6435=049=BME56=DBL52=20170830-11:18:34.19234=4450=TID57=SID10=018
20170830-11:19:01.198 : 8=FIXT.1.19=5035=034=4649=DBL52=20170830-11:19:01.19856=BME10=002
20170830-11:19:05.220 : 8=FIXT.1.19=6435=049=BME56=DBL52=20170830-11:19:05.22034=4550=TID57=SID10=010
20170830-11:19:31.112 : 8=FIXT.1.19=5035=034=4749=DBL52=20170830-11:19:31.11156=BME10=247
20170830-11:19:36.249 : 8=FIXT.1.19=6435=049=BME56=DBL52=20170830-11:19:36.24934=4650=TID57=SID10=026
20170830-11:20:01.607 : 8=FIXT.1.19=5035=034=4849=DBL52=20170830-11:20:01.60756=BME10=247
20170830-11:20:07.280 : 8=FIXT.1.19=6435=049=BME56=DBL52=20170830-11:20:07.28034=4750=TID57=SID10=012
20170830-11:20:31.165 : 8=FIXT.1.19=5035=034=4949=DBL52=20170830-11:20:31.16556=BME10=250
20170830-11:20:38.308 : 8=FIXT.1.19=6435=049=BME56=DBL52=20170830-11:20:38.30734=4850=TID57=SID10=017
20170830-11:21:01.011 : 8=FIXT.1.19=5035=034=5049=DBL52=20170830-11:21:01.01156=BME10=230
20170830-11:21:09.337 : 8=FIXT.1.19=6435=049=BME56=DBL52=20170830-11:21:09.33734=4950=TID57=SID10=020
20170830-11:21:31.053 : 8=FIXT.1.19=5035=034=5149=DBL52=20170830-11:21:31.05356=BME10=240
20170830-11:21:40.367 : 8=FIXT.1.19=6435=049=BME56=DBL52=20170830-11:21:40.36734=5050=TID57=SID10=010
20170830-11:22:01.299 : 8=FIXT.1.19=5035=034=5249=DBL52=20170830-11:22:01.29956=BME10=251
20170830-11:22:11.404 : 8=FIXT.1.19=6435=049=BME56=DBL52=20170830-11:22:11.40434=5150=TID57=SID10=002
20170830-11:22:31.109 : 8=FIXT.1.19=5035=034=5349=DBL52=20170830-11:22:31.10956=BME10=245
20170830-11:22:42.439 : 8=FIXT.1.19=6435=049=BME56=DBL52=20170830-11:22:42.43834=5250=TID57=SID10=014
20170830-11:23:01.306 : 8=FIXT.1.19=5035=034=5449=DBL52=20170830-11:23:01.30656=BME10=243
20170830-11:23:13.468 : 8=FIXT.1.19=6435=049=BME56=DBL52=20170830-11:23:13.46834=5350=TID57=SID10=017
20170830-11:23:31.508 : 8=FIXT.1.19=5035=034=5549=DBL52=20170830-11:23:31.50856=BME10=251
20170830-11:23:44.501 : 8=FIXT.1.19=6435=049=BME56=DBL52=20170830-11:23:44.50134=5450=TID57=SID10=010
20170830-11:24:01.043 : 8=FIXT.1.19=5035=034=5649=DBL52=20170830-11:24:01.04356=BME10=244
20170830-11:24:15.538 : 8=FIXT.1.19=6435=049=BME56=DBL52=20170830-11:24:15.53834=5550=TID57=SID10=020
20170830-11:24:31.094 : 8=FIXT.1.19=5035=034=5749=DBL52=20170830-11:24:31.09456=BME10=254
20170830-11:24:46.570 : 8=FIXT.1.19=6435=049=BME56=DBL52=20170830-11:24:46.56934=5650=TID57=SID10=029
20170830-11:25:01.768 : 8=FIXT.1.19=5035=034=5849=DBL52=20170830-11:25:01.76856=BME10=005
20170830-11:25:17.599 : 8=FIXT.1.19=6435=049=BME56=DBL52=20170830-11:25:17.59934=5750=TID57=SID10=032
20170830-11:25:31.400 : 8=FIXT.1.19=5035=034=5949=DBL52=20170830-11:25:31.39956=BME10=009
20170830-11:25:48.634 : 8=FIXT.1.19=6435=049=BME56=DBL52=20170830-11:25:48.63334=5850=TID57=SID10=026
20170830-11:26:01.149 : 8=FIXT.1.19=5035=034=6049=DBL52=20170830-11:26:01.14956=BME10=248
20170830-11:26:19.669 : 8=FIXT.1.19=6435=049=BME56=DBL52=20170830-11:26:19.66834=5950=TID57=SID10=034
20170830-11:26:31.196 : 8=FIXT.1.19=5035=034=6149=DBL52=20170830-11:26:31.19656=BME10=254
20170830-11:26:50.706 : 8=FIXT.1.19=6435=049=BME56=DBL52=20170830-11:26:50.70534=6050=TID57=SID10=013
20170830-11:27:01.212 : 8=FIXT.1.19=5035=034=6249=DBL52=20170830-11:27:01.21256=BME10=242
20170830-11:27:21.746 : 8=FIXT.1.19=6435=049=BME56=DBL52=20170830-11:27:21.74534=6150=TID57=SID10=017
20170830-11:27:31.096 : 8=FIXT.1.19=5035=034=6349=DBL52=20170830-11:27:31.09656=BME10=000
20170830-11:27:52.778 : 8=FIXT.1.19=6435=049=BME56=DBL52=20170830-11:27:52.77834=6250=TID57=SID10=028
20170830-11:28:01.146 : 8=FIXT.1.19=5035=034=6449=DBL52=20170830-11:28:01.14556=BME10=250
20170830-11:28:23.816 : 8=FIXT.1.19=6435=049=BME56=DBL52=20170830-11:28:23.81634=6350=TID57=SID10=021
20170830-11:28:31.085 : 8=FIXT.1.19=5035=034=6549=DBL52=20170830-11:28:31.08556=BME10=001
20170830-11:28:54.853 : 8=FIXT.1.19=6435=049=BME56=DBL52=20170830-11:28:54.85234=6450=TID57=SID10=026
20170830-11:29:01.187 : 8=FIXT.1.19=5035=034=6649=DBL52=20170830-11:29:01.18756=BME10=003
20170830-11:29:25.892 : 8=FIXT.1.19=6435=049=BME56=DBL52=20170830-11:29:25.89234=6550=TID57=SID10=030
20170830-11:29:31.243 : 8=FIXT.1.19=5035=034=6749=DBL52=20170830-11:29:31.24356=BME10=000
20170830-11:29:56.926 : 8=FIXT.1.19=6435=049=BME56=DBL52=20170830-11:29:56.92634=6650=TID57=SID10=033
20170830-11:30:01.018 : 8=FIXT.1.19=5035=034=6849=DBL52=20170830-11:30:01.01856=BME10=246
20170830-11:30:27.963 : 8=FIXT.1.19=6435=049=BME56=DBL52=20170830-11:30:27.96334=6750=TID57=SID10=025
20170830-11:30:31.174 : 8=FIXT.1.19=5035=034=6949=DBL52=20170830-11:30:31.17356=BME10=252
20170830-11:30:58.998 : 8=FIXT.1.19=6435=049=BME56=DBL52=20170830-11:30:58.99734=6850=TID57=SID10=037
20170830-11:31:01.133 : 8=FIXT.1.19=5035=034=7049=DBL52=20170830-11:31:01.13356=BME10=238
20170830-11:31:29.034 : 8=FIXT.1.19=6435=049=BME56=DBL52=20170830-11:31:29.03434=6950=TID57=SID10=019
20170830-11:31:31.042 : 8=FIXT.1.19=5035=034=7149=DBL52=20170830-11:31:31.04256=BME10=241
20170830-11:32:00.073 : 8=FIXT.1.19=6435=049=BME56=DBL52=20170830-11:32:00.07334=7050=TID57=SID10=004
20170830-11:32:01.084 : 8=FIXT.1.19=5035=034=7249=DBL52=20170830-11:32:01.08456=BME10=246
20170830-11:32:31.113 : 8=FIXT.1.19=6435=049=BME56=DBL52=20170830-11:32:31.11334=7150=TID57=SID10=004
20170830-11:32:31.130 : 8=FIXT.1.19=5035=034=7349=DBL52=20170830-11:32:31.13056=BME10=242
20170830-11:33:01.071 : 8=FIXT.1.19=5035=034=7449=DBL52=20170830-11:33:01.07156=BME10=245
20170830-11:33:02.150 : 8=FIXT.1.19=6435=049=BME56=DBL52=20170830-11:33:02.15034=7250=TID57=SID10=005
20170830-11:33:31.008 : 8=FIXT.1.19=5035=034=7549=DBL52=20170830-11:33:31.00856=BME10=249
20170830-11:33:33.189 : 8=FIXT.1.19=6435=049=BME56=DBL52=20170830-11:33:33.18834=7350=TID57=SID10=021
20170830-11:34:01.599 : 8=FIXT.1.19=5035=034=7649=DBL52=20170830-11:34:01.59756=BME10=005
20170830-11:34:04.223 : 8=FIXT.1.19=6435=049=BME56=DBL52=20170830-11:34:04.22334=7450=TID57=SID10=011
20170830-11:34:31.363 : 8=FIXT.1.19=5035=034=7749=DBL52=20170830-11:34:31.36356=BME10=000
20170830-11:34:35.259 : 8=FIXT.1.19=6435=049=BME56=DBL52=20170830-11:34:35.25834=7550=TID57=SID10=024
20170830-11:35:01.087 : 8=FIXT.1.19=5035=034=7849=DBL52=20170830-11:35:01.08756=BME10=002
20170830-11:35:06.296 : 8=FIXT.1.19=6435=049=BME56=DBL52=20170830-11:35:06.29534=7650=TID57=SID10=025
20170830-11:35:31.034 : 8=FIXT.1.19=5035=034=7949=DBL52=20170830-11:35:31.03456=BME10=254
20170830-11:35:37.330 : 8=FIXT.1.19=6435=049=BME56=DBL52=20170830-11:35:37.33034=7750=TID57=SID10=020
20170830-11:36:01.408 : 8=FIXT.1.19=5035=034=8049=DBL52=20170830-11:36:01.40856=BME10=249
20170830-11:36:08.368 : 8=FIXT.1.19=6435=049=BME56=DBL52=20170830-11:36:08.36834=7850=TID57=SID10=031
20170830-11:36:31.140 : 8=FIXT.1.19=5035=034=8149=DBL52=20170830-11:36:31.13856=BME10=253
20170830-11:36:39.409 : 8=FIXT.1.19=6435=049=BME56=DBL52=20170830-11:36:39.40934=7950=TID57=SID10=032
20170830-11:37:01.013 : 8=FIXT.1.19=5035=034=8249=DBL52=20170830-11:37:01.01356=BME10=244
20170830-11:37:10.449 : 8=FIXT.1.19=6435=049=BME56=DBL52=20170830-11:37:10.44934=8050=TID57=SID10=018
20170830-11:37:31.649 : 8=FIXT.1.19=5035=034=8349=DBL52=20170830-11:37:31.64856=BME10=006
20170830-11:37:41.487 : 8=FIXT.1.19=6435=049=BME56=DBL52=20170830-11:37:41.48734=8150=TID57=SID10=025
20170830-11:38:01.252 : 8=FIXT.1.19=5035=034=8449=DBL52=20170830-11:38:01.25256=BME10=252
20170830-11:38:12.529 : 8=FIXT.1.19=6435=049=BME56=DBL52=20170830-11:38:12.52834=8250=TID57=SID10=021
20170830-11:38:31.010 : 8=FIXT.1.19=5035=034=8549=DBL52=20170830-11:38:31.00956=BME10=000
20170830-11:38:43.566 : 8=FIXT.1.19=6435=049=BME56=DBL52=20170830-11:38:43.56534=8350=TID57=SID10=027
20170830-11:39:01.133 : 8=FIXT.1.19=5035=034=8649=DBL52=20170830-11:39:01.13356=BME10=253
20170830-11:39:14.604 : 8=FIXT.1.19=6435=049=BME56=DBL52=20170830-11:39:14.60434=8450=TID57=SID10=021
20170830-11:39:31.048 : 8=FIXT.1.19=5035=034=8749=DBL52=20170830-11:39:31.04756=BME10=005
20170830-11:39:45.643 : 8=FIXT.1.19=6435=049=BME56=DBL52=20170830-11:39:45.64334=8550=TID57=SID10=029
20170830-11:40:01.247 : 8=FIXT.1.19=5035=034=8849=DBL52=20170830-11:40:01.24656=BME10=252
20170830-11:40:16.689 : 8=FIXT.1.19=6435=049=BME56=DBL52=20170830-11:40:16.68834=8650=TID57=SID10=029
20170830-11:40:31.155 : 8=FIXT.1.19=5035=034=8949=DBL52=20170830-11:40:31.15456=BME10=254
20170830-11:40:47.728 : 8=FIXT.1.19=6435=049=BME56=DBL52=20170830-11:40:47.72734=8750=TID57=SID10=028
20170830-11:41:01.668 : 8=FIXT.1.19=5035=034=9049=DBL52=20170830-11:41:01.66856=BME10=254
20170830-11:41:18.772 : 8=FIXT.1.19=6435=049=BME56=DBL52=20170830-11:41:18.77034=8850=TID57=SID10=026
20170830-11:41:31.068 : 8=FIXT.1.19=5035=034=9149=DBL52=20170830-11:41:31.06756=BME10=251
20170830-11:41:49.812 : 8=FIXT.1.19=6435=049=BME56=DBL52=20170830-11:41:49.81134=8950=TID57=SID10=027
20170830-11:42:01.261 : 8=FIXT.1.19=5035=034=9249=DBL52=20170830-11:42:01.26156=BME10=246
20170830-11:42:20.849 : 8=FIXT.1.19=6435=049=BME56=DBL52=20170830-11:42:20.84934=9050=TID57=SID10=020
20170830-11:42:31.014 : 8=FIXT.1.19=5035=034=9349=DBL52=20170830-11:42:31.01256=BME10=244
20170830-11:42:51.887 : 8=FIXT.1.19=6435=049=BME56=DBL52=20170830-11:42:51.88734=9150=TID57=SID10=027
20170830-11:43:01.599 : 8=FIXT.1.19=5035=034=9449=DBL52=20170830-11:43:01.59956=BME10=007
20170830-11:43:22.927 : 8=FIXT.1.19=6435=049=BME56=DBL52=20170830-11:43:22.92634=9250=TID57=SID10=021
20170830-11:43:31.353 : 8=FIXT.1.19=5035=034=9549=DBL52=20170830-11:43:31.35356=BME10=255
20170830-11:43:53.969 : 8=FIXT.1.19=6435=049=BME56=DBL52=20170830-11:43:53.96934=9350=TID57=SID10=033
20170830-11:44:01.108 : 8=FIXT.1.19=5035=034=9649=DBL52=20170830-11:44:01.10856=BME10=252
20170830-11:44:25.005 : 8=FIXT.1.19=6435=049=BME56=DBL52=20170830-11:44:25.00534=9450=TID57=SID10=015
20170830-11:44:31.652 : 8=FIXT.1.19=5035=034=9749=DBL52=20170830-11:44:31.65256=BME10=004
20170830-11:44:56.037 : 8=FIXT.1.19=6435=049=BME56=DBL52=20170830-11:44:56.03734=9550=TID57=SID10=025
20170830-11:45:01.482 : 8=FIXT.1.19=5035=034=9849=DBL52=20170830-11:45:01.48256=BME10=004
20170830-11:45:27.076 : 8=FIXT.1.19=6435=049=BME56=DBL52=20170830-11:45:27.07634=9650=TID57=SID10=028
20170830-11:45:31.096 : 8=FIXT.1.19=5035=034=9949=DBL52=20170830-11:45:31.09656=BME10=009
20170830-11:45:58.120 : 8=FIXT.1.19=6435=049=BME56=DBL52=20170830-11:45:58.12034=9750=TID57=SID10=023
20170830-11:46:01.111 : 8=FIXT.1.19=5135=034=10049=DBL52=20170830-11:46:01.11156=BME10=027
20170830-11:46:29.156 : 8=FIXT.1.19=6435=049=BME56=DBL52=20170830-11:46:29.15634=9850=TID57=SID10=032
20170830-11:46:31.693 : 8=FIXT.1.19=5135=034=10149=DBL52=20170830-11:46:31.69356=BME10=046
20170830-11:47:00.186 : 8=FIXT.1.19=6435=049=BME56=DBL52=20170830-11:47:00.18634=9950=TID57=SID10=026
20170830-11:47:01.334 : 8=FIXT.1.19=5135=034=10249=DBL52=20170830-11:47:01.33456=BME10=037
20170830-11:47:31.167 : 8=FIXT.1.19=5135=034=10349=DBL52=20170830-11:47:31.16656=BME10=044
20170830-11:47:31.220 : 8=FIXT.1.19=6535=049=BME56=DBL52=20170830-11:47:31.22034=10050=TID57=SID10=051
20170830-11:48:01.002 : 8=FIXT.1.19=5135=034=10449=DBL52=20170830-11:48:01.00156=BME10=031
20170830-11:48:02.251 : 8=FIXT.1.19=6535=049=BME56=DBL52=20170830-11:48:02.25034=10150=TID57=SID10=054
20170830-11:48:31.278 : 8=FIXT.1.19=8035=149=BME56=DBL52=20170830-11:48:31.27834=10250=TID57=SID112=150409371110=018
20170830-11:48:31.301 : 8=FIXT.1.19=6635=034=10549=DBL52=20170830-11:48:31.30156=BME112=150409371110=253
20170830-11:49:01.123 : 8=FIXT.1.19=5135=034=10649=DBL52=20170830-11:49:01.12156=BME10=037
20170830-11:49:02.311 : 8=FIXT.1.19=6535=049=BME56=DBL52=20170830-11:49:02.31034=10350=TID57=SID10=054
20170830-11:49:31.151 : 8=FIXT.1.19=5135=034=10749=DBL52=20170830-11:49:31.14956=BME10=051
20170830-11:49:33.336 : 8=FIXT.1.19=6535=049=BME56=DBL52=20170830-11:49:33.33634=10450=TID57=SID10=067
20170830-11:50:01.485 : 8=FIXT.1.19=5135=034=10849=DBL52=20170830-11:50:01.48556=BME10=044
20170830-11:50:04.364 : 8=FIXT.1.19=6535=049=BME56=DBL52=20170830-11:50:04.36434=10550=TID57=SID10=059
20170830-11:50:31.201 : 8=FIXT.1.19=5135=034=10949=DBL52=20170830-11:50:31.20156=BME10=034
20170830-11:50:35.392 : 8=FIXT.1.19=6535=049=BME56=DBL52=20170830-11:50:35.39234=10650=TID57=SID10=065
20170830-11:51:01.244 : 8=FIXT.1.19=5135=034=11049=DBL52=20170830-11:51:01.24456=BME10=031
20170830-11:51:06.426 : 8=FIXT.1.19=6535=049=BME56=DBL52=20170830-11:51:06.42634=10750=TID57=SID10=063
20170830-11:51:31.047 : 8=FIXT.1.19=5135=034=11149=DBL52=20170830-11:51:31.04756=BME10=036
20170830-11:51:37.454 : 8=FIXT.1.19=6535=049=BME56=DBL52=20170830-11:51:37.45334=10850=TID57=SID10=068
20170830-11:52:01.252 : 8=FIXT.1.19=5135=034=11249=DBL52=20170830-11:52:01.25256=BME10=033
20170830-11:52:08.485 : 8=FIXT.1.19=6535=049=BME56=DBL52=20170830-11:52:08.48434=10950=TID57=SID10=072
20170830-11:52:31.220 : 8=FIXT.1.19=5135=034=11349=DBL52=20170830-11:52:31.22056=BME10=032
20170830-11:52:39.515 : 8=FIXT.1.19=6535=049=BME56=DBL52=20170830-11:52:39.51434=11050=TID57=SID10=062
20170830-11:53:01.030 : 8=FIXT.1.19=5135=034=11449=DBL52=20170830-11:53:01.03056=BME10=030
20170830-11:53:10.545 : 8=FIXT.1.19=6535=049=BME56=DBL52=20170830-11:53:10.54434=11150=TID57=SID10=056
20170830-11:53:31.053 : 8=FIXT.1.19=5135=034=11549=DBL52=20170830-11:53:31.05256=BME10=038
20170830-11:53:41.573 : 8=FIXT.1.19=6535=049=BME56=DBL52=20170830-11:53:41.57334=11250=TID57=SID10=063
20170830-11:54:01.047 : 8=FIXT.1.19=5135=034=11649=DBL52=20170830-11:54:01.04656=BME10=040
20170830-11:54:12.604 : 8=FIXT.1.19=6535=049=BME56=DBL52=20170830-11:54:12.60334=11350=TID57=SID10=057
20170830-11:54:31.199 : 8=FIXT.1.19=5135=034=11749=DBL52=20170830-11:54:31.19956=BME10=053
20170830-11:54:43.635 : 8=FIXT.1.19=6535=049=BME56=DBL52=20170830-11:54:43.63534=11450=TID57=SID10=067
20170830-11:55:01.072 : 8=FIXT.1.19=5135=034=11849=DBL52=20170830-11:55:01.07256=BME10=042
20170830-11:55:14.662 : 8=FIXT.1.19=6535=049=BME56=DBL52=20170830-11:55:14.66134=11550=TID57=SID10=066
20170830-11:55:31.130 : 8=FIXT.1.19=5135=034=11949=DBL52=20170830-11:55:31.13056=BME10=041
20170830-11:55:45.695 : 8=FIXT.1.19=6535=049=BME56=DBL52=20170830-11:55:45.69234=11650=TID57=SID10=075
20170830-11:56:01.273 : 8=FIXT.1.19=5135=034=12049=DBL52=20170830-11:56:01.27356=BME10=039
20170830-11:56:16.725 : 8=FIXT.1.19=6535=049=BME56=DBL52=20170830-11:56:16.72434=11750=TID57=SID10=071
20170830-11:56:31.064 : 8=FIXT.1.19=5135=034=12149=DBL52=20170830-11:56:31.06456=BME10=041
20170830-11:56:47.752 : 8=FIXT.1.19=6535=049=BME56=DBL52=20170830-11:56:47.75234=11850=TID57=SID10=077
20170830-11:57:01.930 : 8=FIXT.1.19=5135=034=12249=DBL52=20170830-11:57:01.93056=BME10=042
20170830-11:57:18.787 : 8=FIXT.1.19=6535=049=BME56=DBL52=20170830-11:57:18.78734=11950=TID57=SID10=085
20170830-11:57:31.256 : 8=FIXT.1.19=5135=034=12349=DBL52=20170830-11:57:31.25656=BME10=047
20170830-11:57:49.818 : 8=FIXT.1.19=6535=049=BME56=DBL52=20170830-11:57:49.81834=12050=TID57=SID10=076
20170830-11:58:01.046 : 8=FIXT.1.19=5135=034=12449=DBL52=20170830-11:58:01.04556=BME10=042
20170830-11:58:20.845 : 8=FIXT.1.19=6535=049=BME56=DBL52=20170830-11:58:20.84434=12150=TID57=SID10=066
20170830-11:58:31.089 : 8=FIXT.1.19=5135=034=12549=DBL52=20170830-11:58:31.08956=BME10=054
20170830-11:58:51.909 : 8=FIXT.1.19=6535=049=BME56=DBL52=20170830-11:58:51.90934=12250=TID57=SID10=073
20170830-11:59:01.506 : 8=FIXT.1.19=5135=034=12649=DBL52=20170830-11:59:01.50656=BME10=047
20170830-11:59:22.948 : 8=FIXT.1.19=6535=049=BME56=DBL52=20170830-11:59:22.94734=12350=TID57=SID10=075
20170830-11:59:31.032 : 8=FIXT.1.19=5135=034=12749=DBL52=20170830-11:59:31.03256=BME10=045
20170830-11:59:53.976 : 8=FIXT.1.19=6535=049=BME56=DBL52=20170830-11:59:53.97634=12450=TID57=SID10=082
20170830-12:00:01.364 : 8=FIXT.1.19=5135=034=12849=DBL52=20170830-12:00:01.36356=BME10=037
20170830-12:00:24.005 : 8=FIXT.1.19=6535=049=BME56=DBL52=20170830-12:00:24.00534=12550=TID57=SID10=051
20170830-12:00:31.318 : 8=FIXT.1.19=5135=034=12949=DBL52=20170830-12:00:31.31856=BME10=041
20170830-12:00:55.040 : 8=FIXT.1.19=6535=049=BME56=DBL52=20170830-12:00:55.04034=12650=TID57=SID10=055
20170830-12:01:01.178 : 8=FIXT.1.19=5135=034=13049=DBL52=20170830-12:01:01.17856=BME10=035
20170830-12:01:26.074 : 8=FIXT.1.19=6535=049=BME56=DBL52=20170830-12:01:26.07334=12750=TID57=SID10=061
20170830-12:01:31.621 : 8=FIXT.1.19=5135=034=13149=DBL52=20170830-12:01:31.62056=BME10=031
20170830-12:01:57.104 : 8=FIXT.1.19=6535=049=BME56=DBL52=20170830-12:01:57.10334=12850=TID57=SID10=060
20170830-12:02:01.050 : 8=FIXT.1.19=5135=034=13249=DBL52=20170830-12:02:01.04956=BME10=035
20170830-12:02:28.134 : 8=FIXT.1.19=6535=049=BME56=DBL52=20170830-12:02:28.13434=12950=TID57=SID10=064
20170830-12:02:31.029 : 8=FIXT.1.19=5135=034=13349=DBL52=20170830-12:02:31.02856=BME10=036
20170830-12:02:59.178 : 8=FIXT.1.19=6535=049=BME56=DBL52=20170830-12:02:59.17734=13050=TID57=SID10=067
20170830-12:03:01.318 : 8=FIXT.1.19=5135=034=13449=DBL52=20170830-12:03:01.31656=BME10=035
20170830-12:03:30.211 : 8=FIXT.1.19=6535=049=BME56=DBL52=20170830-12:03:30.21134=13150=TID57=SID10=047
20170830-12:03:31.211 : 8=FIXT.1.19=5135=034=13549=DBL52=20170830-12:03:31.20956=BME10=040
20170830-12:04:01.275 : 8=FIXT.1.19=6535=049=BME56=DBL52=20170830-12:04:01.27434=13250=TID57=SID10=056
20170830-12:04:01.346 : 8=FIXT.1.19=5135=034=13649=DBL52=20170830-12:04:01.34656=BME10=041
20170830-12:04:31.350 : 8=FIXT.1.19=5135=034=13749=DBL52=20170830-12:04:31.35056=BME10=040
20170830-12:04:32.309 : 8=FIXT.1.19=6535=049=BME56=DBL52=20170830-12:04:32.30934=13350=TID57=SID10=060
20170830-12:05:01.023 : 8=FIXT.1.19=5135=034=13849=DBL52=20170830-12:05:01.02356=BME10=036
20170830-12:05:03.344 : 8=FIXT.1.19=6535=049=BME56=DBL52=20170830-12:05:03.34434=13450=TID57=SID10=059
20170830-12:05:31.245 : 8=FIXT.1.19=5135=034=13949=DBL52=20170830-12:05:31.24556=BME10=046
20170830-12:05:34.376 : 8=FIXT.1.19=6535=049=BME56=DBL52=20170830-12:05:34.37634=13550=TID57=SID10=069
20170830-12:06:01.039 : 8=FIXT.1.19=5135=034=14049=DBL52=20170830-12:06:01.03956=BME10=037
20170830-12:06:05.411 : 8=FIXT.1.19=6535=049=BME56=DBL52=20170830-12:06:05.41134=13650=TID57=SID10=059
20170830-12:06:31.179 : 8=FIXT.1.19=5135=034=14149=DBL52=20170830-12:06:31.17856=BME10=045
20170830-12:06:36.446 : 8=FIXT.1.19=6535=049=BME56=DBL52=20170830-12:06:36.44634=13750=TID57=SID10=072
20170830-12:07:01.071 : 8=FIXT.1.19=5135=034=14249=DBL52=20170830-12:07:01.06956=BME10=043
20170830-12:07:07.483 : 8=FIXT.1.19=6535=049=BME56=DBL52=20170830-12:07:07.48334=13850=TID57=SID10=073
20170830-12:07:31.273 : 8=FIXT.1.19=5135=034=14349=DBL52=20170830-12:07:31.27356=BME10=044
20170830-12:07:38.516 : 8=FIXT.1.19=6535=049=BME56=DBL52=20170830-12:07:38.51634=13950=TID57=SID10=075
20170830-12:08:01.175 : 8=FIXT.1.19=5135=034=14449=DBL52=20170830-12:08:01.17556=BME10=044
20170830-12:08:09.558 : 8=FIXT.1.19=6535=049=BME56=DBL52=20170830-12:08:09.55734=14050=TID57=SID10=071
20170830-12:08:31.006 : 8=FIXT.1.19=5135=034=14549=DBL52=20170830-12:08:31.00556=BME10=040
20170830-12:08:40.594 : 8=FIXT.1.19=6535=049=BME56=DBL52=20170830-12:08:40.59434=14150=TID57=SID10=068
20170830-12:09:01.294 : 8=FIXT.1.19=5135=034=14649=DBL52=20170830-12:09:01.29456=BME10=049
20170830-12:09:11.630 : 8=FIXT.1.19=6535=049=BME56=DBL52=20170830-12:09:11.62934=14250=TID57=SID10=067
20170830-12:09:31.128 : 8=FIXT.1.19=5135=034=14749=DBL52=20170830-12:09:31.12756=BME10=048
20170830-12:09:42.664 : 8=FIXT.1.19=6535=049=BME56=DBL52=20170830-12:09:42.66434=14350=TID57=SID10=071
20170830-12:10:01.141 : 8=FIXT.1.19=5135=034=14849=DBL52=20170830-12:10:01.14156=BME10=034
20170830-12:10:13.701 : 8=FIXT.1.19=6535=049=BME56=DBL52=20170830-12:10:13.70134=14450=TID57=SID10=054
20170830-12:10:31.347 : 8=FIXT.1.19=5135=034=14949=DBL52=20170830-12:10:31.34756=BME10=046
20170830-12:10:44.731 : 8=FIXT.1.19=6535=049=BME56=DBL52=20170830-12:10:44.73134=14550=TID57=SID10=062
20170830-12:11:01.483 : 8=FIXT.1.19=5135=034=15049=DBL52=20170830-12:11:01.48356=BME10=037
20170830-12:11:15.770 : 8=FIXT.1.19=6535=049=BME56=DBL52=20170830-12:11:15.77034=14650=TID57=SID10=065
20170830-12:11:31.056 : 8=FIXT.1.19=5135=034=15149=DBL52=20170830-12:11:31.05656=BME10=037
20170830-12:11:46.805 : 8=FIXT.1.19=6535=049=BME56=DBL52=20170830-12:11:46.80534=14750=TID57=SID10=069
20170830-12:12:01.026 : 8=FIXT.1.19=5135=034=15249=DBL52=20170830-12:12:01.02656=BME10=033
20170830-12:12:17.842 : 8=FIXT.1.19=6535=049=BME56=DBL52=20170830-12:12:17.84134=14850=TID57=SID10=069
20170830-12:12:31.247 : 8=FIXT.1.19=5135=034=15349=DBL52=20170830-12:12:31.24756=BME10=042
20170830-12:12:48.876 : 8=FIXT.1.19=6535=049=BME56=DBL52=20170830-12:12:48.87634=14950=TID57=SID10=082
20170830-12:13:01.339 : 8=FIXT.1.19=5135=034=15449=DBL52=20170830-12:13:01.33856=BME10=042
20170830-12:13:19.916 : 8=FIXT.1.19=6535=049=BME56=DBL52=20170830-12:13:19.91634=15050=TID57=SID10=068
20170830-12:13:31.017 : 8=FIXT.1.19=5135=034=15549=DBL52=20170830-12:13:31.01756=BME10=040
20170830-12:13:50.957 : 8=FIXT.1.19=6535=049=BME56=DBL52=20170830-12:13:50.95734=15150=TID57=SID10=069
20170830-12:14:01.032 : 8=FIXT.1.19=5135=034=15649=DBL52=20170830-12:14:01.03156=BME10=035
20170830-12:14:21.992 : 8=FIXT.1.19=6535=049=BME56=DBL52=20170830-12:14:21.99234=15250=TID57=SID10=068
20170830-12:14:31.437 : 8=FIXT.1.19=5135=034=15749=DBL52=20170830-12:14:31.43756=BME10=049
20170830-12:14:52.036 : 8=FIXT.1.19=6535=049=BME56=DBL52=20170830-12:14:52.03634=15350=TID57=SID10=062
20170830-12:15:01.157 : 8=FIXT.1.19=5135=034=15849=DBL52=20170830-12:15:01.15656=BME10=046
20170830-12:15:23.074 : 8=FIXT.1.19=6535=049=BME56=DBL52=20170830-12:15:23.07234=15450=TID57=SID10=062
20170830-12:15:31.493 : 8=FIXT.1.19=5135=034=15949=DBL52=20170830-12:15:31.49356=BME10=054
20170830-12:15:54.110 : 8=FIXT.1.19=6535=049=BME56=DBL52=20170830-12:15:54.11034=15550=TID57=SID10=060
20170830-12:16:01.287 : 8=FIXT.1.19=5135=034=16049=DBL52=20170830-12:16:01.28656=BME10=044
20170830-12:16:25.146 : 8=FIXT.1.19=6535=049=BME56=DBL52=20170830-12:16:25.14534=15650=TID57=SID10=068
20170830-12:16:31.130 : 8=FIXT.1.19=5135=034=16149=DBL52=20170830-12:16:31.13056=BME10=036
20170830-12:16:56.183 : 8=FIXT.1.19=6535=049=BME56=DBL52=20170830-12:16:56.18234=15750=TID57=SID10=074
20170830-12:17:01.085 : 8=FIXT.1.19=5135=034=16249=DBL52=20170830-12:17:01.08556=BME10=044
20170830-12:17:27.223 : 8=FIXT.1.19=6535=049=BME56=DBL52=20170830-12:17:27.22334=15850=TID57=SID10=070
20170830-12:17:31.324 : 8=FIXT.1.19=5135=034=16349=DBL52=20170830-12:17:31.32456=BME10=044
20170830-12:17:58.262 : 8=FIXT.1.19=6535=049=BME56=DBL52=20170830-12:17:58.26134=15950=TID57=SID10=077
20170830-12:18:01.525 : 8=FIXT.1.19=5135=034=16449=DBL52=20170830-12:18:01.52456=BME10=045
20170830-12:18:29.305 : 8=FIXT.1.19=6535=049=BME56=DBL52=20170830-12:18:29.30534=16050=TID57=SID10=067
20170830-12:18:31.101 : 8=FIXT.1.19=5135=034=16549=DBL52=20170830-12:18:31.10056=BME10=039
20170830-12:19:00.349 : 8=FIXT.1.19=6535=049=BME56=DBL52=20170830-12:19:00.34934=16150=TID57=SID10=066
20170830-12:19:01.289 : 8=FIXT.1.19=5135=034=16649=DBL52=20170830-12:19:01.28956=BME10=056
20170830-12:19:31.085 : 8=FIXT.1.19=5135=034=16749=DBL52=20170830-12:19:31.08456=BME10=053
20170830-12:19:31.387 : 8=FIXT.1.19=6535=049=BME56=DBL52=20170830-12:19:31.38734=16250=TID57=SID10=073
20170830-12:20:01.355 : 8=FIXT.1.19=5135=034=16849=DBL52=20170830-12:20:01.35556=BME10=044
20170830-12:20:02.430 : 8=FIXT.1.19=6535=049=BME56=DBL52=20170830-12:20:02.43034=16350=TID57=SID10=053
20170830-12:20:31.044 : 8=FIXT.1.19=5135=034=16949=DBL52=20170830-12:20:31.04456=BME10=043
20170830-12:20:33.467 : 8=FIXT.1.19=6535=049=BME56=DBL52=20170830-12:20:33.46634=16450=TID57=SID10=067
20170830-12:21:01.514 : 8=FIXT.1.19=5135=034=17049=DBL52=20170830-12:21:01.51256=BME10=033
20170830-12:21:04.508 : 8=FIXT.1.19=6535=049=BME56=DBL52=20170830-12:21:04.50734=16550=TID57=SID10=063
20170830-12:21:31.070 : 8=FIXT.1.19=5135=034=17149=DBL52=20170830-12:21:31.07056=BME10=036
20170830-12:21:35.544 : 8=FIXT.1.19=6535=049=BME56=DBL52=20170830-12:21:35.54434=16650=TID57=SID10=069
20170830-12:22:01.163 : 8=FIXT.1.19=5135=034=17249=DBL52=20170830-12:22:01.16156=BME10=036
20170830-12:22:06.584 : 8=FIXT.1.19=6535=049=BME56=DBL52=20170830-12:22:06.58434=16750=TID57=SID10=073
20170830-12:22:31.091 : 8=FIXT.1.19=5135=034=17349=DBL52=20170830-12:22:31.09056=BME10=041
20170830-12:22:37.627 : 8=FIXT.1.19=6535=049=BME56=DBL52=20170830-12:22:37.62734=16850=TID57=SID10=076
20170830-12:23:01.485 : 8=FIXT.1.19=5135=034=17449=DBL52=20170830-12:23:01.48556=BME10=048
20170830-12:23:08.664 : 8=FIXT.1.19=6535=049=BME56=DBL52=20170830-12:23:08.66434=16950=TID57=SID10=077
20170830-12:23:31.002 : 8=FIXT.1.19=5135=034=17549=DBL52=20170830-12:23:31.00256=BME10=037
20170830-12:23:39.701 : 8=FIXT.1.19=6535=049=BME56=DBL52=20170830-12:23:39.70134=17050=TID57=SID10=065
20170830-12:24:01.558 : 8=FIXT.1.19=5135=034=17649=DBL52=20170830-12:24:01.55856=BME10=052
20170830-12:24:10.739 : 8=FIXT.1.19=6535=049=BME56=DBL52=20170830-12:24:10.73834=17150=TID57=SID10=066
20170830-12:29:29.617 : 8=FIXT.1.19=9835=A34=149=DBL50=SID52=20170830-12:29:29.61756=BME57=TID98=0108=30141=Y1137=41408=T4.010=113
20170830-12:29:29.618 : 8=FIXT.1.19=9835=A49=BME56=DBL52=20170830-12:29:29.61834=150=TID57=SID98=0108=30141=Y1137=91408=T4.010=119
20170830-12:29:49.599 : 8=FIXT.1.19=4935=534=249=DBL52=20170830-12:29:49.59956=BME10=234
20170830-12:29:49.600 : 8=FIXT.1.19=6335=549=BME56=DBL52=20170830-12:29:49.59934=250=TID57=SID10=244
20170830-12:29:54.266 : 8=FIXT.1.19=9835=A34=149=DBL50=SID52=20170830-12:29:54.26556=BME57=TID98=0108=30141=Y1137=41408=T4.010=110
20170830-12:29:54.267 : 8=FIXT.1.19=9835=A49=BME56=DBL52=20170830-12:29:54.26634=150=TID57=SID98=0108=30141=Y1137=91408=T4.010=116
20170830-12:30:24.399 : 8=FIXT.1.19=4935=034=249=DBL52=20170830-12:30:24.39956=BME10=212
20170830-12:30:25.296 : 8=FIXT.1.19=6335=049=BME56=DBL52=20170830-12:30:25.29534=250=TID57=SID10=218
20170830-12:30:54.161 : 8=FIXT.1.19=4935=034=349=DBL52=20170830-12:30:54.16156=BME10=203
20170830-12:30:56.327 : 8=FIXT.1.19=6335=049=BME56=DBL52=20170830-12:30:56.32634=350=TID57=SID10=218
20170830-12:31:09.424 : 8=FIXT.1.19=4935=534=449=DBL52=20170830-12:31:09.42356=BME10=211
20170830-12:31:09.425 : 8=FIXT.1.19=6335=549=BME56=DBL52=20170830-12:31:09.42434=450=TID57=SID10=222
20170830-12:31:20.913 : 8=FIXT.1.19=9835=A34=149=DBL50=SID52=20170830-12:31:20.91356=BME57=TID98=0108=30141=Y1137=41408=T4.010=096
20170830-12:31:20.914 : 8=FIXT.1.19=9835=A49=BME56=DBL52=20170830-12:31:20.91434=150=TID57=SID98=0108=30141=Y1137=91408=T4.010=102
20170830-12:31:50.234 : 8=FIXT.1.19=4935=034=249=DBL52=20170830-12:31:50.23356=BME10=199
20170830-12:31:51.956 : 8=FIXT.1.19=6335=049=BME56=DBL52=20170830-12:31:51.95634=250=TID57=SID10=222
20170830-12:32:20.279 : 8=FIXT.1.19=4935=034=349=DBL52=20170830-12:32:20.27956=BME10=208
20170830-12:32:22.990 : 8=FIXT.1.19=6335=049=BME56=DBL52=20170830-12:32:22.99034=350=TID57=SID10=220
20170830-12:32:43.836 : 8=FIXT.1.19=14435=D34=449=DBL52=20170830-12:32:43.83656=BME1137=911=20170830-1332438721=138=940=244=954=155=APPL60=20170830-12:32:43581=11030=I10=206
20170830-12:32:43.838 : 8=FIXT.1.19=17835=849=BME56=DBL52=20170830-12:32:43.83734=450=TID57=SID37=111=20170830-1332438717=0150=A39=A581=155=APPL54=138=940=244=9151=914=060=20170830-12:32:431030=I10=083
20170830-12:32:43.887 : 8=FIXT.1.19=17835=849=BME56=DBL52=20170830-12:32:43.83834=550=TID57=SID37=111=20170830-1332438717=1150=039=0581=155=APPL54=138=940=244=0151=914=060=20170830-12:32:431030=I10=043
20170830-12:33:13.210 : 8=FIXT.1.19=4935=034=549=DBL52=20170830-12:33:13.21056=BME10=198
20170830-12:33:14.055 : 8=FIXT.1.19=6335=049=BME56=DBL52=20170830-12:33:14.05434=650=TID57=SID10=216
20170830-12:33:43.021 : 8=FIXT.1.19=4935=034=649=DBL52=20170830-12:33:43.02156=BME10=202
20170830-12:33:45.090 : 8=FIXT.1.19=6335=049=BME56=DBL52=20170830-12:33:45.09034=750=TID57=SID10=221
20170830-12:36:22.165 : 8=FIXT.1.19=9835=A34=149=DBL50=SID52=20170830-12:36:22.16556=BME57=TID98=0108=30141=Y1137=41408=T4.010=102
20170830-12:36:22.166 : 8=FIXT.1.19=9835=A49=BME56=DBL52=20170830-12:36:22.16634=150=TID57=SID98=0108=30141=Y1137=91408=T4.010=108
20170830-12:36:52.554 : 8=FIXT.1.19=4935=034=249=DBL52=20170830-12:36:52.55356=BME10=211
20170830-12:36:53.203 : 8=FIXT.1.19=6335=049=BME56=DBL52=20170830-12:36:53.20234=250=TID57=SID10=213
20170830-12:37:22.323 : 8=FIXT.1.19=4935=034=349=DBL52=20170830-12:37:22.32356=BME10=205
20170830-12:37:24.242 : 8=FIXT.1.19=6335=049=BME56=DBL52=20170830-12:37:24.24234=350=TID57=SID10=217
20170830-12:37:52.003 : 8=FIXT.1.19=4935=034=449=DBL52=20170830-12:37:52.00356=BME10=204
20170830-12:37:55.276 : 8=FIXT.1.19=6335=049=BME56=DBL52=20170830-12:37:55.27534=450=TID57=SID10=228
20170830-12:38:22.302 : 8=FIXT.1.19=7835=149=BME56=DBL52=20170830-12:38:22.30234=550=TID57=SID112=150409670210=178
20170830-12:38:22.351 : 8=FIXT.1.19=6435=034=549=DBL52=20170830-12:38:22.35156=BME112=150409670210=162
20170830-12:38:52.120 : 8=FIXT.1.19=4935=034=649=DBL52=20170830-12:38:52.12056=BME10=207
20170830-12:38:53.348 : 8=FIXT.1.19=6335=049=BME56=DBL52=20170830-12:38:53.34734=650=TID57=SID10=229
20170830-12:39:22.092 : 8=FIXT.1.19=4935=034=749=DBL52=20170830-12:39:22.09156=BME10=213
20170830-12:39:24.378 : 8=FIXT.1.19=6335=049=BME56=DBL52=20170830-12:39:24.37834=750=TID57=SID10=233
20170830-12:39:52.036 : 8=FIXT.1.19=4935=034=849=DBL52=20170830-12:39:52.03656=BME10=216
20170830-12:39:55.417 : 8=FIXT.1.19=6335=049=BME56=DBL52=20170830-12:39:55.41734=850=TID57=SID10=232
20170830-12:40:22.258 : 8=FIXT.1.19=4935=034=949=DBL52=20170830-12:40:22.25756=BME10=211
20170830-12:40:26.452 : 8=FIXT.1.19=6335=049=BME56=DBL52=20170830-12:40:26.45234=950=TID57=SID10=222
20170830-12:40:52.795 : 8=FIXT.1.19=5035=034=1049=DBL52=20170830-12:40:52.79556=BME10=253
20170830-12:40:57.487 : 8=FIXT.1.19=6435=049=BME56=DBL52=20170830-12:40:57.48634=1050=TID57=SID10=018
20170830-12:41:22.120 : 8=FIXT.1.19=5035=034=1149=DBL52=20170830-12:41:22.12056=BME10=234
20170830-12:41:28.528 : 8=FIXT.1.19=6435=049=BME56=DBL52=20170830-12:41:28.52734=1150=TID57=SID10=014
20170830-12:41:52.098 : 8=FIXT.1.19=5035=034=1249=DBL52=20170830-12:41:52.09756=BME10=251
20170830-12:41:59.565 : 8=FIXT.1.19=6435=049=BME56=DBL52=20170830-12:41:59.56434=1250=TID57=SID10=020
20170830-12:42:22.095 : 8=FIXT.1.19=5035=034=1349=DBL52=20170830-12:42:22.09456=BME10=247
20170830-12:42:30.601 : 8=FIXT.1.19=6435=049=BME56=DBL52=20170830-12:42:30.60034=1350=TID57=SID10=002
20170830-12:42:52.104 : 8=FIXT.1.19=5035=034=1449=DBL52=20170830-12:42:52.10356=BME10=242
20170830-12:43:01.637 : 8=FIXT.1.19=6435=049=BME56=DBL52=20170830-12:43:01.63734=1450=TID57=SID10=012
20170830-12:43:22.021 : 8=FIXT.1.19=5035=034=1549=DBL52=20170830-12:43:22.02156=BME10=240
20170830-12:43:32.672 : 8=FIXT.1.19=6435=049=BME56=DBL52=20170830-12:43:32.67234=1550=TID57=SID10=016
20170830-12:43:52.819 : 8=FIXT.1.19=5035=034=1649=DBL52=20170830-12:43:52.81956=BME10=003
20170830-12:44:03.699 : 8=FIXT.1.19=6435=049=BME56=DBL52=20170830-12:44:03.69934=1650=TID57=SID10=025
20170830-12:44:22.231 : 8=FIXT.1.19=5035=034=1749=DBL52=20170830-12:44:22.23056=BME10=245
20170830-12:44:34.733 : 8=FIXT.1.19=6435=049=BME56=DBL52=20170830-12:44:34.73234=1750=TID57=SID10=018
20170830-12:44:52.186 : 8=FIXT.1.19=5035=034=1849=DBL52=20170830-12:44:52.18656=BME10=003
20170830-12:45:05.765 : 8=FIXT.1.19=6435=049=BME56=DBL52=20170830-12:45:05.76234=1850=TID57=SID10=021
20170830-12:45:47.421 : 8=FIXT.1.19=9835=A34=149=DBL50=SID52=20170830-12:45:47.42056=BME57=TID98=0108=30141=Y1137=41408=T4.010=103
20170830-12:45:47.422 : 8=FIXT.1.19=9835=A49=BME56=DBL52=20170830-12:45:47.42134=150=TID57=SID98=0108=30141=Y1137=91408=T4.010=109
20170830-12:45:56.095 : 8=FIXT.1.19=4935=534=249=DBL52=20170830-12:45:56.09556=BME10=221
20170830-12:45:56.096 : 8=FIXT.1.19=6335=549=BME56=DBL52=20170830-12:45:56.09634=250=TID57=SID10=232
20170830-12:46:03.784 : 8=FIXT.1.19=9835=A34=149=DBL50=SID52=20170830-12:46:03.78456=BME57=TID98=0108=30141=Y1137=41408=T4.010=109
20170830-12:46:03.785 : 8=FIXT.1.19=9835=A49=BME56=DBL52=20170830-12:46:03.78434=150=TID57=SID98=0108=30141=Y1137=91408=T4.010=114
20170830-12:46:17.223 : 8=FIXT.1.19=15035=D34=249=DBL52=20170830-12:46:17.22256=BME1137=911=20170830-134617119221=138=909040=244=9054=155=CSCo60=20170830-12:46:17581=11030=I10=018
20170830-12:46:17.224 : 8=FIXT.1.19=18735=849=BME56=DBL52=20170830-12:46:17.22334=250=TID57=SID37=111=20170830-134617119217=0150=A39=A581=155=CSCo54=138=909040=244=90151=909014=060=20170830-12:46:171030=I10=051
20170830-12:46:17.277 : 8=FIXT.1.19=18635=849=BME56=DBL52=20170830-12:46:17.22434=350=TID57=SID37=111=20170830-134617119217=1150=039=0581=155=CSCo54=138=909040=244=0151=909014=060=20170830-12:46:171030=I10=218
20170830-12:46:47.189 : 8=FIXT.1.19=4935=034=349=DBL52=20170830-12:46:47.18956=BME10=222
20170830-12:46:48.828 : 8=FIXT.1.19=6335=049=BME56=DBL52=20170830-12:46:48.82734=450=TID57=SID10=233
20170830-12:47:07.942 : 8=FIXT.1.19=9835=A34=149=DBL50=SID52=20170830-12:47:07.93956=BME57=TID98=0108=30141=Y1137=41408=T4.010=116
20170830-12:47:07.943 : 8=FIXT.1.19=9835=A49=BME56=DBL52=20170830-12:47:07.94334=150=TID57=SID98=0108=30141=Y1137=91408=T4.010=116
20170830-12:47:19.219 : 8=FIXT.1.19=16735=F34=249=DBL52=20170830-12:47:19.21856=BME1137=911=20170830-134719250521=138=940=241=20170830-1332438744=954=155=APPL60=20170830-12:47:19581=11030=I10=073
20170830-12:47:19.220 : 8=FIXT.1.19=14735=949=BME56=DBL52=20170830-12:47:19.22034=250=TID57=SID37=NONE11=20170830-134719250541=20170830-1332438739=860=20170830-12:47:19434=110=086
20170830-12:47:49.307 : 8=FIXT.1.19=4935=034=349=DBL52=20170830-12:47:49.30756=BME10=217
20170830-12:47:50.981 : 8=FIXT.1.19=6335=049=BME56=DBL52=20170830-12:47:50.98134=350=TID57=SID10=227
20170830-12:48:19.096 : 8=FIXT.1.19=4935=034=449=DBL52=20170830-12:48:19.09656=BME10=221
20170830-12:48:22.004 : 8=FIXT.1.19=6335=049=BME56=DBL52=20170830-12:48:21.00334=450=TID57=SID10=212
20170830-12:48:49.569 : 8=FIXT.1.19=4935=034=549=DBL52=20170830-12:48:49.56856=BME10=229
20170830-12:48:52.030 : 8=FIXT.1.19=6335=049=BME56=DBL52=20170830-12:48:52.03034=550=TID57=SID10=217
20170830-12:49:19.239 : 8=FIXT.1.19=4935=034=649=DBL52=20170830-12:49:19.23956=BME10=223
20170830-12:49:23.056 : 8=FIXT.1.19=6335=049=BME56=DBL52=20170830-12:49:23.05634=650=TID57=SID10=225
20170830-12:49:49.015 : 8=FIXT.1.19=4935=034=749=DBL52=20170830-12:49:49.01456=BME10=218
20170830-12:49:54.079 : 8=FIXT.1.19=6335=049=BME56=DBL52=20170830-12:49:54.07934=750=TID57=SID10=235
20170830-12:50:19.260 : 8=FIXT.1.19=4935=034=849=DBL52=20170830-12:50:19.26056=BME10=211
20170830-12:50:25.105 : 8=FIXT.1.19=6335=049=BME56=DBL52=20170830-12:50:25.10534=850=TID57=SID10=216
20170830-12:50:49.187 : 8=FIXT.1.19=4935=034=949=DBL52=20170830-12:50:49.18656=BME10=222
20170830-12:50:56.133 : 8=FIXT.1.19=6335=049=BME56=DBL52=20170830-12:50:56.13334=950=TID57=SID10=222
20170830-12:51:19.270 : 8=FIXT.1.19=5035=034=1049=DBL52=20170830-12:51:19.27056=BME10=246
20170830-12:51:27.162 : 8=FIXT.1.19=6435=049=BME56=DBL52=20170830-12:51:27.16134=1050=TID57=SID10=007
20170830-12:51:49.330 : 8=FIXT.1.19=5035=034=1149=DBL52=20170830-12:51:49.33056=BME10=247
20170830-12:51:58.193 : 8=FIXT.1.19=6435=049=BME56=DBL52=20170830-12:51:58.19234=1150=TID57=SID10=016
20170830-12:52:19.086 : 8=FIXT.1.19=5035=034=1249=DBL52=20170830-12:52:19.08556=BME10=253
20170830-12:52:29.220 : 8=FIXT.1.19=6435=049=BME56=DBL52=20170830-12:52:29.22034=1250=TID57=SID10=008
20170830-12:52:49.721 : 8=FIXT.1.19=5035=034=1349=DBL52=20170830-12:52:49.72156=BME10=254
20170830-12:53:00.250 : 8=FIXT.1.19=6435=049=BME56=DBL52=20170830-12:53:00.24934=1350=TID57=SID10=010
20170830-12:53:19.391 : 8=FIXT.1.19=5035=034=1449=DBL52=20170830-12:53:19.39056=BME10=255
20170830-12:53:31.282 : 8=FIXT.1.19=6435=049=BME56=DBL52=20170830-12:53:31.28234=1450=TID57=SID10=012
20170830-12:53:49.014 : 8=FIXT.1.19=5035=034=1549=DBL52=20170830-12:53:49.01456=BME10=252
20170830-12:54:02.309 : 8=FIXT.1.19=6435=049=BME56=DBL52=20170830-12:54:02.30934=1550=TID57=SID10=012
20170830-12:54:19.179 : 8=FIXT.1.19=5035=034=1649=DBL52=20170830-12:54:19.17856=BME10=006
20170830-12:54:33.338 : 8=FIXT.1.19=6435=049=BME56=DBL52=20170830-12:54:33.33734=1650=TID57=SID10=018
20170830-12:54:49.004 : 8=FIXT.1.19=5035=034=1749=DBL52=20170830-12:54:49.00456=BME10=254
20170830-12:55:04.371 : 8=FIXT.1.19=6435=049=BME56=DBL52=20170830-12:55:04.37034=1750=TID57=SID10=015
20170830-12:55:19.388 : 8=FIXT.1.19=7935=149=BME56=DBL52=20170830-12:55:19.38834=1850=TID57=SID112=150409771910=003
20170830-12:55:19.425 : 8=FIXT.1.19=6535=034=1849=DBL52=20170830-12:55:19.42556=BME112=150409771910=231
20170830-12:55:49.091 : 8=FIXT.1.19=5035=034=1949=DBL52=20170830-12:55:49.09156=BME10=007
20170830-12:55:50.415 : 8=FIXT.1.19=6435=049=BME56=DBL52=20170830-12:55:50.41534=1950=TID57=SID10=018
20170830-12:56:19.249 : 8=FIXT.1.19=5035=034=2049=DBL52=20170830-12:56:19.24956=BME10=002
20170830-12:56:21.632 : 8=FIXT.1.19=6435=049=BME56=DBL52=20170830-12:56:21.63234=2050=TID57=SID10=010
20170830-12:56:49.451 : 8=FIXT.1.19=5035=034=2149=DBL52=20170830-12:56:49.45156=BME10=001
20170830-12:56:52.667 : 8=FIXT.1.19=6435=049=BME56=DBL52=20170830-12:56:52.66734=2150=TID57=SID10=023
20170830-12:57:19.200 : 8=FIXT.1.19=5035=034=2249=DBL52=20170830-12:57:19.20056=BME10=248
20170830-12:57:23.702 : 8=FIXT.1.19=6435=049=BME56=DBL52=20170830-12:57:23.70134=2250=TID57=SID10=012
20170830-12:57:49.128 : 8=FIXT.1.19=5035=034=2349=DBL52=20170830-12:57:49.12856=BME10=005
20170830-12:57:54.733 : 8=FIXT.1.19=6435=049=BME56=DBL52=20170830-12:57:54.73334=2350=TID57=SID10=022
20170830-14:13:51.748 : 8=FIXT.1.19=9835=A34=149=DBL50=SID52=20170830-14:13:51.74756=BME57=TID98=0108=30141=Y1137=41408=T4.010=107
20170830-14:13:51.749 : 8=FIXT.1.19=9835=A49=BME56=DBL52=20170830-14:13:51.74834=150=TID57=SID98=0108=30141=Y1137=91408=T4.010=113
20170830-14:14:21.148 : 8=FIXT.1.19=4935=034=249=DBL52=20170830-14:14:21.14756=BME10=204
20170830-14:14:22.791 : 8=FIXT.1.19=6335=049=BME56=DBL52=20170830-14:14:22.79034=250=TID57=SID10=219
20170830-14:14:51.132 : 8=FIXT.1.19=4935=034=349=DBL52=20170830-14:14:51.13156=BME10=201
20170830-14:14:53.840 : 8=FIXT.1.19=6335=049=BME56=DBL52=20170830-14:14:53.84034=350=TID57=SID10=220
20170830-14:15:21.070 : 8=FIXT.1.19=4935=034=449=DBL52=20170830-14:15:21.07056=BME10=202
20170830-14:15:24.871 : 8=FIXT.1.19=6335=049=BME56=DBL52=20170830-14:15:24.87134=450=TID57=SID10=224
20170830-14:15:30.208 : 8=FIXT.1.19=14835=D34=549=DBL52=20170830-14:15:30.20856=BME1137=911=20170830-151530825121=138=9040=244=9054=155=APPL60=20170830-14:15:30581=11030=I10=138
20170830-14:15:30.210 : 8=FIXT.1.19=18335=849=BME56=DBL52=20170830-14:15:30.20834=550=TID57=SID37=111=20170830-151530825117=0150=A39=A581=155=APPL54=138=9040=244=90151=9014=060=20170830-14:15:301030=I10=054
20170830-14:15:30.253 : 8=FIXT.1.19=18235=849=BME56=DBL52=20170830-14:15:30.20934=650=TID57=SID37=111=20170830-151530825117=1150=039=0581=155=APPL54=138=9040=244=0151=9014=060=20170830-14:15:301030=I10=221
20170830-14:16:00.311 : 8=FIXT.1.19=4935=034=649=DBL52=20170830-14:16:00.31056=BME10=199
20170830-14:16:01.913 : 8=FIXT.1.19=6335=049=BME56=DBL52=20170830-14:16:01.91334=750=TID57=SID10=220
20170830-14:16:30.250 : 8=FIXT.1.19=4935=034=749=DBL52=20170830-14:16:30.25056=BME10=206
20170830-14:16:32.946 : 8=FIXT.1.19=6335=049=BME56=DBL52=20170830-14:16:32.94634=850=TID57=SID10=231
20170830-14:17:00.024 : 8=FIXT.1.19=4935=034=849=DBL52=20170830-14:17:00.02456=BME10=204
20170830-14:17:03.011 : 8=FIXT.1.19=6335=049=BME56=DBL52=20170830-14:17:03.00934=950=TID57=SID10=221
20170830-14:17:30.590 : 8=FIXT.1.19=4935=034=949=DBL52=20170830-14:17:30.59056=BME10=216
20170830-14:17:34.041 : 8=FIXT.1.19=6435=049=BME56=DBL52=20170830-14:17:34.04034=1050=TID57=SID10=005
20170830-14:18:00.204 : 8=FIXT.1.19=5035=034=1049=DBL52=20170830-14:18:00.20456=BME10=238
20170830-14:18:05.069 : 8=FIXT.1.19=6435=049=BME56=DBL52=20170830-14:18:05.06834=1150=TID57=SID10=015
20170830-14:18:08.628 : 8=FIXT.1.19=15035=D34=1149=DBL52=20170830-14:18:08.62756=BME1137=911=20170830-151808596721=138=9040=244=9054=155=SHAUN60=20170830-14:18:08581=11030=I10=042
20170830-14:18:08.629 : 8=FIXT.1.19=18535=849=BME56=DBL52=20170830-14:18:08.62834=1250=TID57=SID37=211=20170830-151808596717=2150=A39=A581=155=SHAUN54=138=9040=244=90151=9014=060=20170830-14:18:081030=I10=228
20170830-14:18:08.670 : 8=FIXT.1.19=18435=849=BME56=DBL52=20170830-14:18:08.62934=1350=TID57=SID37=211=20170830-151808596717=3150=039=0581=155=SHAUN54=138=9040=244=0151=9014=060=20170830-14:18:081030=I10=139
20170830-14:18:38.390 : 8=FIXT.1.19=5035=034=1249=DBL52=20170830-14:18:38.39056=BME10=001
20170830-14:18:39.101 : 8=FIXT.1.19=6435=049=BME56=DBL52=20170830-14:18:39.10134=1450=TID57=SID10=013
20170830-14:18:56.694 : 8=FIXT.1.19=5035=534=1349=DBL52=20170830-14:18:56.69456=BME10=014
20170830-14:18:56.694 : 8=FIXT.1.19=6435=549=BME56=DBL52=20170830-14:18:56.69434=1550=TID57=SID10=035
20170830-14:19:01.488 : 8=FIXT.1.19=9835=A34=149=DBL50=SID52=20170830-14:19:01.48856=BME57=TID98=0108=30141=Y1137=41408=T4.010=110
20170830-14:19:01.489 : 8=FIXT.1.19=9835=A49=BME56=DBL52=20170830-14:19:01.48934=150=TID57=SID98=0108=30141=Y1137=91408=T4.010=116
20170830-14:19:31.527 : 8=FIXT.1.19=4935=034=249=DBL52=20170830-14:19:31.52756=BME10=212
20170830-14:19:32.525 : 8=FIXT.1.19=6335=049=BME56=DBL52=20170830-14:19:32.52534=250=TID57=SID10=221
20170830-14:20:01.281 : 8=FIXT.1.19=4935=034=349=DBL52=20170830-14:20:01.28156=BME10=199
20170830-14:20:03.557 : 8=FIXT.1.19=6335=049=BME56=DBL52=20170830-14:20:03.55634=350=TID57=SID10=216
20170830-14:20:31.218 : 8=FIXT.1.19=4935=034=449=DBL52=20170830-14:20:31.21756=BME10=202
20170830-14:20:34.618 : 8=FIXT.1.19=6335=049=BME56=DBL52=20170830-14:20:34.61834=450=TID57=SID10=220
20170830-14:21:01.463 : 8=FIXT.1.19=4935=034=549=DBL52=20170830-14:21:01.46256=BME10=203
20170830-14:21:05.654 : 8=FIXT.1.19=6335=049=BME56=DBL52=20170830-14:21:05.65434=550=TID57=SID10=220
20170830-14:21:31.267 : 8=FIXT.1.19=4935=034=649=DBL52=20170830-14:21:31.26756=BME10=210
20170830-14:21:36.688 : 8=FIXT.1.19=6335=049=BME56=DBL52=20170830-14:21:36.68834=650=TID57=SID10=232
20170830-14:22:01.933 : 8=FIXT.1.19=4935=034=749=DBL52=20170830-14:22:01.93356=BME10=209
20170830-14:22:07.723 : 8=FIXT.1.19=6335=049=BME56=DBL52=20170830-14:22:07.72234=750=TID57=SID10=221
20170830-14:22:31.581 : 8=FIXT.1.19=4935=034=849=DBL52=20170830-14:22:31.58156=BME10=212
20170830-14:22:38.756 : 8=FIXT.1.19=6335=049=BME56=DBL52=20170830-14:22:38.75634=850=TID57=SID10=233
20170830-14:23:13.323 : 8=FIXT.1.19=9835=A34=149=DBL50=SID52=20170830-14:23:13.32356=BME57=TID98=0108=30141=Y1137=41408=T4.010=096
20170830-14:23:13.324 : 8=FIXT.1.19=9835=A49=BME56=DBL52=20170830-14:23:13.32434=150=TID57=SID98=0108=30141=Y1137=91408=T4.010=102
20170830-14:23:35.738 : 8=FIXT.1.19=14835=D34=249=DBL52=20170830-14:23:35.73756=BME1137=911=20170830-152335211921=138=8940=244=8954=155=uouo60=20170830-14:23:35581=11030=I10=066
20170830-14:23:35.739 : 8=FIXT.1.19=9235=349=BME56=DBL52=20170830-14:23:35.73834=250=TID57=SID45=2373=558=unknown symbol10=064
20170830-14:24:05.160 : 8=FIXT.1.19=4935=034=349=DBL52=20170830-14:24:05.16056=BME10=203
20170830-14:24:05.359 : 8=FIXT.1.19=17135=F34=449=DBL52=20170830-14:24:05.35956=BME1137=911=20170830-152405399521=138=9040=241=20170830-151808596744=054=155=SHAUN60=20170830-14:24:05581=11030=I10=046
20170830-14:24:05.360 : 8=FIXT.1.19=14935=949=BME56=DBL52=20170830-14:24:05.35934=350=TID57=SID37=NONE11=20170830-152405399541=20170830-151808596739=860=20170830-14:24:05434=110=207
20170830-14:24:35.063 : 8=FIXT.1.19=4935=034=549=DBL52=20170830-14:24:35.06356=BME10=210
20170830-14:24:36.016 : 8=FIXT.1.19=17135=F34=649=DBL52=20170830-14:24:36.01656=BME1137=911=20170830-152436569621=138=9040=241=20170830-151808596744=054=155=SHAUN60=20170830-14:24:36581=11030=I10=050
20170830-14:24:36.018 : 8=FIXT.1.19=14935=949=BME56=DBL52=20170830-14:24:36.01734=450=TID57=SID37=NONE11=20170830-152436569641=20170830-151808596739=860=20170830-14:24:36434=110=211
20170830-14:25:06.051 : 8=FIXT.1.19=4935=034=749=DBL52=20170830-14:25:06.05156=BME10=208
20170830-14:25:07.423 : 8=FIXT.1.19=6335=049=BME56=DBL52=20170830-14:25:07.42334=550=TID57=SID10=220
20170830-14:25:21.966 : 8=FIXT.1.19=4935=534=849=DBL52=20170830-14:25:21.96656=BME10=226
20170830-14:25:21.967 : 8=FIXT.1.19=6335=549=BME56=DBL52=20170830-14:25:21.96634=650=TID57=SID10=234
20170830-14:25:27.395 : 8=FIXT.1.19=9835=A34=149=DBL50=SID52=20170830-14:25:27.39556=BME57=TID98=0108=30141=Y1137=41408=T4.010=112
20170830-14:25:27.396 : 8=FIXT.1.19=9835=A49=BME56=DBL52=20170830-14:25:27.39534=150=TID57=SID98=0108=30141=Y1137=91408=T4.010=117
20170830-14:25:57.683 : 8=FIXT.1.19=4935=034=249=DBL52=20170830-14:25:57.68356=BME10=220
20170830-14:25:58.432 : 8=FIXT.1.19=6335=049=BME56=DBL52=20170830-14:25:58.43134=250=TID57=SID10=222
20170830-14:26:27.356 : 8=FIXT.1.19=4935=034=349=DBL52=20170830-14:26:27.35656=BME10=216
20170830-14:26:29.465 : 8=FIXT.1.19=6335=049=BME56=DBL52=20170830-14:26:29.46434=350=TID57=SID10=228
20170830-14:26:57.058 : 8=FIXT.1.19=4935=034=449=DBL52=20170830-14:26:57.05656=BME10=217
20170830-14:27:00.492 : 8=FIXT.1.19=6335=049=BME56=DBL52=20170830-14:27:00.49134=450=TID57=SID10=219
20170830-14:27:27.088 : 8=FIXT.1.19=4935=034=549=DBL52=20170830-14:27:27.08856=BME10=221
20170830-14:27:31.518 : 8=FIXT.1.19=6335=049=BME56=DBL52=20170830-14:27:31.51834=550=TID57=SID10=224
20170830-14:27:57.035 : 8=FIXT.1.19=4935=034=649=DBL52=20170830-14:27:57.03556=BME10=217
20170830-14:28:02.557 : 8=FIXT.1.19=6335=049=BME56=DBL52=20170830-14:28:02.55634=650=TID57=SID10=226
20170830-14:28:27.033 : 8=FIXT.1.19=4935=034=749=DBL52=20170830-14:28:27.03156=BME10=212
20170830-14:28:33.587 : 8=FIXT.1.19=6335=049=BME56=DBL52=20170830-14:28:33.58734=750=TID57=SID10=235
20170830-14:28:57.007 : 8=FIXT.1.19=4935=034=849=DBL52=20170830-14:28:57.00756=BME10=219
20170830-14:29:04.615 : 8=FIXT.1.19=6335=049=BME56=DBL52=20170830-14:29:04.61434=850=TID57=SID10=226
20170830-14:29:27.345 : 8=FIXT.1.19=9835=A34=149=DBL50=SID52=20170830-14:29:27.34556=BME57=TID98=0108=30141=Y1137=41408=T4.010=111
20170830-14:29:27.351 : 8=FIXT.1.19=9835=A49=BME56=DBL52=20170830-14:29:27.35134=150=TID57=SID98=0108=30141=Y1137=91408=T4.010=113
20170830-14:32:16.153 : 8=FIXT.1.19=9835=A34=149=DBL50=SID52=20170830-14:32:16.15356=BME57=TID98=0108=30141=Y1137=41408=T4.010=100
20170830-14:32:16.154 : 8=FIXT.1.19=9835=A49=BME56=DBL52=20170830-14:32:16.15434=150=TID57=SID98=0108=30141=Y1137=91408=T4.010=106
20170830-14:32:36.501 : 8=FIXT.1.19=14735=D34=249=DBL52=20170830-14:32:36.50056=BME1137=911=20170830-15323664221=138=9040=244=9054=155=APPL60=20170830-14:32:36581=11030=I10=092
20170830-14:32:36.503 : 8=FIXT.1.19=18235=849=BME56=DBL52=20170830-14:32:36.50134=250=TID57=SID37=111=20170830-15323664217=0150=A39=A581=155=APPL54=138=9040=244=90151=9014=060=20170830-14:32:361030=I10=009
20170830-14:32:36.538 : 8=FIXT.1.19=18135=849=BME56=DBL52=20170830-14:32:36.50234=350=TID57=SID37=111=20170830-15323664217=1150=039=0581=155=APPL54=138=9040=244=0151=9014=060=20170830-14:32:361030=I10=176
20170830-14:33:06.191 : 8=FIXT.1.19=4935=034=349=DBL52=20170830-14:33:06.19056=BME10=207
20170830-14:33:07.207 : 8=FIXT.1.19=6335=049=BME56=DBL52=20170830-14:33:07.20734=450=TID57=SID10=218
20170830-15:24:28.950 : 8=FIXT.1.19=9835=A34=149=DBL50=SID52=20170830-15:24:28.95056=BME57=TID98=0108=30141=Y1137=41408=T4.010=110
20170830-15:24:28.952 : 8=FIXT.1.19=9835=A49=BME56=DBL52=20170830-15:24:28.95134=150=TID57=SID98=0108=30141=Y1137=91408=T4.010=116
20170830-15:24:45.126 : 8=FIXT.1.19=14835=D34=249=DBL52=20170830-15:24:45.12656=BME1137=911=20170830-162445644221=138=2340=244=2354=155=uouo60=20170830-15:24:45581=11030=I10=046
20170830-15:24:45.127 : 8=FIXT.1.19=9235=349=BME56=DBL52=20170830-15:24:45.12634=250=TID57=SID45=2373=558=unknown symbol10=058
20170830-15:24:58.985 : 8=FIXT.1.19=17035=F34=349=DBL52=20170830-15:24:58.98556=BME1137=911=20170830-162458169921=138=9040=241=20170830-15323664244=9054=155=APPL60=20170830-15:24:58581=11030=I10=240
20170830-15:24:58.986 : 8=FIXT.1.19=14835=949=BME56=DBL52=20170830-15:24:58.98634=350=TID57=SID37=NONE11=20170830-162458169941=20170830-15323664239=860=20170830-15:24:58434=110=172
20170830-15:25:03.347 : 8=FIXT.1.19=4935=534=449=DBL52=20170830-15:25:03.34756=BME10=216
20170830-15:25:03.348 : 8=FIXT.1.19=6335=549=BME56=DBL52=20170830-15:25:03.34734=450=TID57=SID10=226
20170830-15:29:50.695 : 8=FIXT.1.19=9835=A34=149=DBL50=SID52=20170830-15:29:50.69556=BME57=TID98=0108=30141=Y1137=41408=T4.010=116
20170830-15:29:50.711 : 8=FIXT.1.19=9835=A49=BME56=DBL52=20170830-15:29:50.69534=150=TID57=SID98=0108=30141=Y1137=91408=T4.010=121
20170830-15:30:07.330 : 8=FIXT.1.19=9835=A34=149=DBL50=SID52=20170830-15:30:07.33056=BME57=TID98=0108=30141=Y1137=41408=T4.010=096
20170830-15:30:07.331 : 8=FIXT.1.19=9835=A49=BME56=DBL52=20170830-15:30:07.33034=150=TID57=SID98=0108=30141=Y1137=91408=T4.010=101
20170830-15:30:37.692 : 8=FIXT.1.19=4935=034=249=DBL52=20170830-15:30:37.69256=BME10=215
20170830-15:30:38.357 : 8=FIXT.1.19=6335=049=BME56=DBL52=20170830-15:30:38.35734=250=TID57=SID10=224
20170830-15:31:07.158 : 8=FIXT.1.19=4935=034=349=DBL52=20170830-15:31:07.15856=BME10=211
20170830-15:31:09.388 : 8=FIXT.1.19=6335=049=BME56=DBL52=20170830-15:31:09.38834=350=TID57=SID10=228
20170830-15:31:37.180 : 8=FIXT.1.19=4935=034=449=DBL52=20170830-15:31:37.17956=BME10=218
20170830-15:31:40.426 : 8=FIXT.1.19=6335=049=BME56=DBL52=20170830-15:31:40.42534=450=TID57=SID10=216
20170830-15:32:07.049 : 8=FIXT.1.19=4935=034=549=DBL52=20170830-15:32:07.04956=BME10=213
20170830-15:32:11.462 : 8=FIXT.1.19=6335=049=BME56=DBL52=20170830-15:32:11.46134=550=TID57=SID10=216
20170830-15:32:37.015 : 8=FIXT.1.19=4935=034=649=DBL52=20170830-15:32:37.01156=BME10=206
20170830-15:32:42.495 : 8=FIXT.1.19=6335=049=BME56=DBL52=20170830-15:32:42.49434=650=TID57=SID10=227
20170830-15:33:07.322 : 8=FIXT.1.19=4935=034=749=DBL52=20170830-15:33:07.32256=BME10=210
20170830-15:33:13.528 : 8=FIXT.1.19=6335=049=BME56=DBL52=20170830-15:33:13.52834=750=TID57=SID10=225
20170830-15:33:37.183 : 8=FIXT.1.19=4935=034=849=DBL52=20170830-15:33:37.18356=BME10=219
20170830-15:33:44.560 : 8=FIXT.1.19=6335=049=BME56=DBL52=20170830-15:33:44.56034=850=TID57=SID10=226
20170830-15:34:07.174 : 8=FIXT.1.19=4935=034=949=DBL52=20170830-15:34:07.17356=BME10=217
20170830-15:34:15.591 : 8=FIXT.1.19=6335=049=BME56=DBL52=20170830-15:34:15.59034=950=TID57=SID10=229
20170830-15:34:37.085 : 8=FIXT.1.19=5035=034=1049=DBL52=20170830-15:34:37.08556=BME10=254
20170830-15:34:46.630 : 8=FIXT.1.19=6435=049=BME56=DBL52=20170830-15:34:46.63034=1050=TID57=SID10=013
20170830-15:35:07.088 : 8=FIXT.1.19=5035=034=1149=DBL52=20170830-15:35:07.08856=BME10=000
20170830-15:35:17.661 : 8=FIXT.1.19=6435=049=BME56=DBL52=20170830-15:35:17.66134=1150=TID57=SID10=017
20170830-15:35:37.127 : 8=FIXT.1.19=5035=034=1249=DBL52=20170830-15:35:37.12656=BME10=253
20170830-15:35:48.694 : 8=FIXT.1.19=6435=049=BME56=DBL52=20170830-15:35:48.69434=1250=TID57=SID10=028
20170830-15:35:59.766 : 8=FIXT.1.19=17135=F34=1349=DBL52=20170830-15:35:59.76656=BME1137=911=20170830-163559520821=138=9040=241=20170830-15323664244=9054=155=APPL60=20170830-15:35:59581=11030=I10=030
20170830-15:35:59.767 : 8=FIXT.1.19=14935=949=BME56=DBL52=20170830-15:35:59.76634=1350=TID57=SID37=NONE11=20170830-163559520841=20170830-15323664239=860=20170830-15:35:59434=110=217
20170830-15:36:29.655 : 8=FIXT.1.19=5035=034=1449=DBL52=20170830-15:36:29.65556=BME10=008
20170830-15:36:30.738 : 8=FIXT.1.19=6435=049=BME56=DBL52=20170830-15:36:30.73834=1450=TID57=SID10=021
20170830-15:36:59.332 : 8=FIXT.1.19=5035=034=1549=DBL52=20170830-15:36:59.33256=BME10=004
20170830-15:37:01.772 : 8=FIXT.1.19=6435=049=BME56=DBL52=20170830-15:37:01.77134=1550=TID57=SID10=018
20170830-15:37:24.725 : 8=FIXT.1.19=9835=A34=149=DBL50=SID52=20170830-15:37:24.72556=BME57=TID98=0108=30141=Y1137=41408=T4.010=110
20170830-15:37:24.726 : 8=FIXT.1.19=9835=A49=BME56=DBL52=20170830-15:37:24.72534=150=TID57=SID98=0108=30141=Y1137=91408=T4.010=115
20170830-15:37:31.998 : 8=FIXT.1.19=17035=F34=249=DBL52=20170830-15:37:31.99856=BME1137=911=20170830-163731611421=138=9040=241=20170830-15323664244=9054=155=APPL60=20170830-15:37:31581=11030=I10=215
20170830-15:37:31.999 : 8=FIXT.1.19=14835=949=BME56=DBL52=20170830-15:37:31.99934=250=TID57=SID37=NONE11=20170830-163731611441=20170830-15323664239=860=20170830-15:37:31434=110=147
20170830-15:37:53.350 : 8=FIXT.1.19=14835=D34=349=DBL52=20170830-15:37:53.35056=BME1137=911=20170830-163753278221=138=1040=244=2054=155=APPL60=20170830-15:37:53581=11030=I10=152
20170830-15:37:53.352 : 8=FIXT.1.19=18335=849=BME56=DBL52=20170830-15:37:53.35134=350=TID57=SID37=111=20170830-163753278217=0150=A39=A581=155=APPL54=138=1040=244=20151=1014=060=20170830-15:37:531030=I10=061
20170830-15:37:53.421 : 8=FIXT.1.19=18235=849=BME56=DBL52=20170830-15:37:53.35234=450=TID57=SID37=111=20170830-163753278217=1150=039=0581=155=APPL54=138=1040=244=0151=1014=060=20170830-15:37:531030=I10=235
20170830-15:38:03.667 : 8=FIXT.1.19=17035=F34=449=DBL52=20170830-15:38:03.66756=BME1137=911=20170830-163803687621=138=9040=241=20170830-15323664244=9054=155=APPL60=20170830-15:38:03581=11030=I10=225
20170830-15:38:03.668 : 8=FIXT.1.19=14835=949=BME56=DBL52=20170830-15:38:03.66734=550=TID57=SID37=NONE11=20170830-163803687641=20170830-15323664239=860=20170830-15:38:03434=110=157
20170830-15:38:17.909 : 8=FIXT.1.19=17135=F34=549=DBL52=20170830-15:38:17.90656=BME1137=911=20170830-163817210021=138=1040=241=20170830-163753278244=2054=155=APPL60=20170830-15:38:17581=11030=I10=003
20170830-15:38:17.913 : 8=FIXT.1.19=20935=849=BME56=DBL52=20170830-15:38:17.91034=650=TID57=SID37=NONE11=20170830-163817210041=20170830-163753278217=2150=639=6581=155=APPL54=138=1040=244=20151=1014=060=20170830-15:38:171030=I10=143
20170830-15:38:17.964 : 8=FIXT.1.19=18135=849=BME56=DBL52=20170830-15:38:17.91234=750=TID57=SID37=111=20170830-163753278217=3150=439=4581=155=APPL54=138=1040=244=0151=014=060=20170830-15:37:531030=I10=201
20170830-15:38:47.149 : 8=FIXT.1.19=4935=034=649=DBL52=20170830-15:38:47.14956=BME10=225
20170830-15:38:48.811 : 8=FIXT.1.19=6335=049=BME56=DBL52=20170830-15:38:48.81134=850=TID57=SID10=234
20170830-15:39:17.006 : 8=FIXT.1.19=4935=034=749=DBL52=20170830-15:39:17.00656=BME10=216
20170830-15:39:19.842 : 8=FIXT.1.19=6335=049=BME56=DBL52=20170830-15:39:19.84234=950=TID57=SID10=238
20170830-15:39:47.108 : 8=FIXT.1.19=4935=034=849=DBL52=20170830-15:39:47.10756=BME10=222
20170830-15:39:50.872 : 8=FIXT.1.19=6435=049=BME56=DBL52=20170830-15:39:50.87234=1050=TID57=SID10=021
20170830-15:40:17.120 : 8=FIXT.1.19=4935=034=949=DBL52=20170830-15:40:17.11856=BME10=214
20170830-15:40:21.900 : 8=FIXT.1.19=6435=049=BME56=DBL52=20170830-15:40:21.90034=1150=TID57=SID10=004
20170830-15:40:47.599 : 8=FIXT.1.19=5035=034=1049=DBL52=20170830-15:40:47.59956=BME10=006
20170830-15:41:41.425 : 8=FIXT.1.19=9835=A34=149=DBL50=SID52=20170830-15:41:41.42456=BME57=TID98=0108=30141=Y1137=41408=T4.010=100
20170830-15:41:41.428 : 8=FIXT.1.19=9835=A49=BME56=DBL52=20170830-15:41:41.42634=150=TID57=SID98=0108=30141=Y1137=91408=T4.010=107
20170830-15:41:55.626 : 8=FIXT.1.19=14635=D34=249=DBL52=20170830-15:41:55.62656=BME1137=911=20170830-164155510821=138=340=244=354=155=APPL60=20170830-15:41:55581=11030=I10=048
20170830-15:41:55.628 : 8=FIXT.1.19=18035=849=BME56=DBL52=20170830-15:41:55.62734=250=TID57=SID37=111=20170830-164155510817=0150=A39=A581=155=APPL54=138=340=244=3151=314=060=20170830-15:41:551030=I10=166
20170830-15:41:55.679 : 8=FIXT.1.19=18035=849=BME56=DBL52=20170830-15:41:55.62834=350=TID57=SID37=111=20170830-164155510817=1150=039=0581=155=APPL54=138=340=244=0151=314=060=20170830-15:41:551030=I10=132
20170830-15:42:07.239 : 8=FIXT.1.19=16835=F34=349=DBL52=20170830-15:42:07.23956=BME1137=911=20170830-16420778621=138=340=241=20170830-164155510844=354=155=APPL60=20170830-15:42:07581=11030=I10=113
20170830-15:42:07.241 : 8=FIXT.1.19=20535=849=BME56=DBL52=20170830-15:42:07.23934=450=TID57=SID37=NONE11=20170830-16420778641=20170830-164155510817=2150=639=6581=155=APPL54=138=340=244=3151=314=060=20170830-15:42:071030=I10=202
20170830-15:42:07.297 : 8=FIXT.1.19=18035=849=BME56=DBL52=20170830-15:42:07.24034=550=TID57=SID37=111=20170830-164155510817=3150=439=4581=155=APPL54=138=340=244=0151=014=060=20170830-15:41:551030=I10=129
20170830-15:42:25.681 : 8=FIXT.1.19=4935=534=449=DBL52=20170830-15:42:25.68056=BME10=219
20170830-15:42:25.682 : 8=FIXT.1.19=6335=549=BME56=DBL52=20170830-15:42:25.68134=650=TID57=SID10=232
20170830-15:42:30.679 : 8=FIXT.1.19=9835=A34=149=DBL50=SID52=20170830-15:42:30.67956=BME57=TID98=0108=30141=Y1137=41408=T4.010=111
20170830-15:42:30.680 : 8=FIXT.1.19=9835=A49=BME56=DBL52=20170830-15:42:30.68034=150=TID57=SID98=0108=30141=Y1137=91408=T4.010=108
20170830-15:43:00.470 : 8=FIXT.1.19=4935=034=249=DBL52=20170830-15:43:00.46856=BME10=210
20170830-15:43:01.711 : 8=FIXT.1.19=6335=049=BME56=DBL52=20170830-15:43:01.71134=250=TID57=SID10=212
20170830-15:44:56.096 : 8=FIXT.1.19=9835=A34=149=DBL50=SID52=20170830-15:44:56.09556=BME57=TID98=0108=30141=Y1137=41408=T4.010=113
20170830-15:44:56.097 : 8=FIXT.1.19=9835=A49=BME56=DBL52=20170830-15:44:56.09634=150=TID57=SID98=0108=30141=Y1137=91408=T4.010=119
20170830-15:45:17.247 : 8=FIXT.1.19=14735=D34=249=DBL52=20170830-15:45:17.24756=BME1137=911=20170830-16451743121=138=9040=244=9054=155=CSCO60=20170830-15:45:17581=11030=I10=103
20170830-15:45:17.249 : 8=FIXT.1.19=18235=849=BME56=DBL52=20170830-15:45:17.24834=250=TID57=SID37=111=20170830-16451743117=0150=A39=A581=155=CSCO54=138=9040=244=90151=9014=060=20170830-15:45:171030=I10=020
20170830-15:45:17.306 : 8=FIXT.1.19=18135=849=BME56=DBL52=20170830-15:45:17.24934=350=TID57=SID37=111=20170830-16451743117=1150=039=0581=155=CSCO54=138=9040=244=0151=9014=060=20170830-15:45:171030=I10=187
20170830-15:45:37.158 : 8=FIXT.1.19=17035=F34=349=DBL52=20170830-15:45:37.15356=BME1137=911=20170830-164537690021=138=9040=241=20170830-16451743144=9054=155=CSCO60=20170830-15:45:37581=11030=I10=212
20170830-15:45:37.160 : 8=FIXT.1.19=20835=849=BME56=DBL52=20170830-15:45:37.15834=450=TID57=SID37=NONE11=20170830-164537690041=20170830-16451743117=2150=639=6581=155=CSCO54=138=9040=244=90151=9014=060=20170830-15:45:371030=I10=114
20170830-15:45:37.208 : 8=FIXT.1.19=18035=849=BME56=DBL52=20170830-15:45:37.15934=550=TID57=SID37=111=20170830-16451743117=3150=439=4581=155=CSCO54=138=9040=244=0151=014=060=20170830-15:45:171030=I10=143
20170830-15:45:43.765 : 8=FIXT.1.19=4935=534=449=DBL52=20170830-15:45:43.76556=BME10=226
20170830-15:45:43.766 : 8=FIXT.1.19=6335=549=BME56=DBL52=20170830-15:45:43.76534=650=TID57=SID10=238
20170830-15:45:48.116 : 8=FIXT.1.19=9835=A34=149=DBL50=SID52=20170830-15:45:48.11656=BME57=TID98=0108=30141=Y1137=41408=T4.010=109
20170830-15:45:48.117 : 8=FIXT.1.19=9835=A49=BME56=DBL52=20170830-15:45:48.11734=150=TID57=SID98=0108=30141=Y1137=91408=T4.010=115
20170830-15:46:18.503 : 8=FIXT.1.19=4935=034=249=DBL52=20170830-15:46:18.50356=BME10=212
20170830-15:46:19.150 : 8=FIXT.1.19=6335=049=BME56=DBL52=20170830-15:46:19.15034=250=TID57=SID10=221
20170830-15:46:36.612 : 8=FIXT.1.19=4935=534=349=DBL52=20170830-15:46:36.61156=BME10=218
20170830-15:46:36.613 : 8=FIXT.1.19=6335=549=BME56=DBL52=20170830-15:46:36.61234=350=TID57=SID10=229
20170830-18:27:05.753 : 8=FIXT.1.19=9835=A34=149=DBL50=SID52=20170830-18:27:05.75056=BME57=TID98=0108=30141=Y1137=41408=T4.010=109
20170830-18:27:05.757 : 8=FIXT.1.19=9835=A49=BME56=DBL52=20170830-18:27:05.75734=150=TID57=SID98=0108=30141=Y1137=91408=T4.010=121
20170830-18:27:35.444 : 8=FIXT.1.19=4935=034=249=DBL52=20170830-18:27:35.44456=BME10=217
20170830-18:27:36.783 : 8=FIXT.1.19=6335=049=BME56=DBL52=20170830-18:27:36.78334=250=TID57=SID10=234
20170830-18:28:05.316 : 8=FIXT.1.19=4935=034=349=DBL52=20170830-18:28:05.31556=BME10=213
20170830-18:28:07.811 : 8=FIXT.1.19=6335=049=BME56=DBL52=20170830-18:28:07.81134=350=TID57=SID10=226
20170830-18:28:35.006 : 8=FIXT.1.19=4935=034=449=DBL52=20170830-18:28:35.00656=BME10=214
20170830-18:28:38.844 : 8=FIXT.1.19=6335=049=BME56=DBL52=20170830-18:28:38.84434=450=TID57=SID10=237
20170830-18:28:50.034 : 8=FIXT.1.19=4935=534=549=DBL52=20170830-18:28:50.03456=BME10=218
20170830-18:28:50.035 : 8=FIXT.1.19=6335=549=BME56=DBL52=20170830-18:28:50.03534=550=TID57=SID10=229
20170901-08:24:30.192 : 8=FIXT.1.19=9835=A34=149=DBL50=SID52=20170901-08:24:30.18656=BME57=TID98=0108=30141=Y1137=41408=T4.010=105
20170901-08:24:30.195 : 8=FIXT.1.19=9835=A49=BME56=DBL52=20170901-08:24:30.19534=150=TID57=SID98=0108=30141=Y1137=91408=T4.010=110
20170901-08:24:50.238 : 8=FIXT.1.19=14835=D34=249=DBL52=20170901-08:24:50.23856=BME1137=911=20170901-092450665321=138=2340=244=9854=155=APPL60=20170901-08:24:50581=11030=I10=158
20170901-08:24:50.240 : 8=FIXT.1.19=18335=849=BME56=DBL52=20170901-08:24:50.23834=250=TID57=SID37=111=20170901-092450665317=0150=A39=A581=155=APPL54=138=2340=244=98151=2314=060=20170901-08:24:501030=I10=070
20170901-08:24:50.295 : 8=FIXT.1.19=18235=849=BME56=DBL52=20170901-08:24:50.24034=350=TID57=SID37=111=20170901-092450665317=1150=039=0581=155=APPL54=138=2340=244=0151=2314=060=20170901-08:24:501030=I10=221
20170901-08:25:20.578 : 8=FIXT.1.19=4935=034=349=DBL52=20170901-08:25:20.57756=BME10=215
20170901-08:25:21.253 : 8=FIXT.1.19=6335=049=BME56=DBL52=20170901-08:25:21.25334=450=TID57=SID10=218
20170901-08:25:37.749 : 8=FIXT.1.19=16935=F34=449=DBL52=20170901-08:25:37.74856=BME1137=911=20170901-09253767721=138=2340=241=20170901-092450665344=054=155=APPL60=20170901-08:25:37581=11030=I10=184
20170901-08:25:37.750 : 8=FIXT.1.19=20835=849=BME56=DBL52=20170901-08:25:37.74934=550=TID57=SID37=NONE11=20170901-09253767741=20170901-092450665317=2150=639=6581=155=APPL54=138=2340=244=98151=2314=060=20170901-08:25:371030=I10=135
20170901-08:25:37.797 : 8=FIXT.1.19=18135=849=BME56=DBL52=20170901-08:25:37.75034=650=TID57=SID37=111=20170901-092450665317=3150=439=4581=155=APPL54=138=2340=244=0151=014=060=20170901-08:24:501030=I10=192
20170901-08:26:07.027 : 8=FIXT.1.19=4935=034=549=DBL52=20170901-08:26:07.02756=BME10=213
20170901-08:26:08.308 : 8=FIXT.1.19=6335=049=BME56=DBL52=20170901-08:26:08.30834=750=TID57=SID10=228
20170901-08:26:16.417 : 8=FIXT.1.19=14835=D34=649=DBL52=20170901-08:26:16.41756=BME1137=911=20170901-092616432121=138=1240=244=1254=155=CSCO60=20170901-08:26:16581=11030=I10=142
20170901-08:26:16.419 : 8=FIXT.1.19=18335=849=BME56=DBL52=20170901-08:26:16.41834=850=TID57=SID37=211=20170901-092616432117=4150=A39=A581=155=CSCO54=138=1240=244=12151=1214=060=20170901-08:26:161030=I10=060
20170901-08:26:16.510 : 8=FIXT.1.19=18235=849=BME56=DBL52=20170901-08:26:16.41834=950=TID57=SID37=211=20170901-092616432117=5150=039=0581=155=CSCO54=138=1240=244=0151=1214=060=20170901-08:26:161030=I10=232
20170901-08:26:46.646 : 8=FIXT.1.19=4935=034=749=DBL52=20170901-08:26:46.64556=BME10=224
20170901-08:26:47.345 : 8=FIXT.1.19=6435=049=BME56=DBL52=20170901-08:26:47.34534=1050=TID57=SID10=019
20170901-08:26:55.847 : 8=FIXT.1.19=17135=F34=849=DBL52=20170901-08:26:55.84756=BME1137=911=20170901-092655280021=138=1240=241=20170901-092616432144=1254=155=CSCO60=20170901-08:26:55581=11030=I10=004
20170901-08:26:55.848 : 8=FIXT.1.19=21035=849=BME56=DBL52=20170901-08:26:55.84734=1150=TID57=SID37=NONE11=20170901-092655280041=20170901-092616432117=6150=639=6581=155=CSCO54=138=1240=244=12151=1214=060=20170901-08:26:551030=I10=188
20170901-08:26:55.895 : 8=FIXT.1.19=18235=849=BME56=DBL52=20170901-08:26:55.84834=1250=TID57=SID37=211=20170901-092616432117=7150=439=4581=155=CSCO54=138=1240=244=0151=014=060=20170901-08:26:161030=I10=243
20170901-08:27:25.330 : 8=FIXT.1.19=4935=034=949=DBL52=20170901-08:27:25.33056=BME10=215
20170901-08:27:26.395 : 8=FIXT.1.19=6435=049=BME56=DBL52=20170901-08:27:26.39534=1350=TID57=SID10=025
20170901-08:58:04.446 : 8=FIXT.1.19=9835=A34=149=DBL50=SID52=20170901-08:58:04.44556=BME57=TID98=0108=30141=Y1137=41408=T4.010=111
20170901-08:58:04.448 : 8=FIXT.1.19=9835=A49=BME56=DBL52=20170901-08:58:04.44734=150=TID57=SID98=0108=30141=Y1137=91408=T4.010=118
20170901-08:58:20.274 : 8=FIXT.1.19=4935=534=249=DBL52=20170901-08:58:20.27456=BME10=219
20170901-08:58:20.275 : 8=FIXT.1.19=6335=549=BME56=DBL52=20170901-08:58:20.27534=250=TID57=SID10=230
20170901-09:05:01.636 : 8=FIXT.1.19=9835=A34=149=DBL50=SID52=20170901-09:05:01.63356=BME57=TID98=0108=30141=Y1137=41408=T4.010=100
20170901-09:05:01.638 : 8=FIXT.1.19=9835=A49=BME56=DBL52=20170901-09:05:01.63734=150=TID57=SID98=0108=30141=Y1137=91408=T4.010=109
20170901-09:05:10.578 : 8=FIXT.1.19=14835=D34=249=DBL52=20170901-09:05:10.57756=BME1137=911=20170901-100510965121=138=1240=244=1254=155=APPL60=20170901-09:05:10581=11030=I10=128
20170901-09:05:10.585 : 8=FIXT.1.19=18335=849=BME56=DBL52=20170901-09:05:10.58234=250=TID57=SID37=111=20170901-100510965117=0150=A39=A581=155=APPL54=138=1240=244=12151=1214=060=20170901-09:05:101030=I10=034
20170901-09:05:10.706 : 8=FIXT.1.19=18235=849=BME56=DBL52=20170901-09:05:10.58334=350=TID57=SID37=111=20170901-100510965117=1150=039=0581=155=APPL54=138=1240=244=0151=1214=060=20170901-09:05:101030=I10=207
20170901-09:05:40.115 : 8=FIXT.1.19=4935=034=349=DBL52=20170901-09:05:40.11356=BME10=202
20170901-09:05:41.697 : 8=FIXT.1.19=6335=049=BME56=DBL52=20170901-09:05:41.69734=450=TID57=SID10=231
20170901-09:06:10.463 : 8=FIXT.1.19=4935=034=449=DBL52=20170901-09:06:10.46256=BME10=208
20170901-09:06:12.732 : 8=FIXT.1.19=6335=049=BME56=DBL52=20170901-09:06:12.73134=550=TID57=SID10=220
20170901-09:06:40.138 : 8=FIXT.1.19=4935=034=549=DBL52=20170901-09:06:40.13856=BME10=212
20170901-09:06:43.769 : 8=FIXT.1.19=6335=049=BME56=DBL52=20170901-09:06:43.76834=650=TID57=SID10=235
20170901-09:07:10.763 : 8=FIXT.1.19=4935=034=649=DBL52=20170901-09:07:10.76356=BME10=215
20170901-09:07:14.813 : 8=FIXT.1.19=6335=049=BME56=DBL52=20170901-09:07:14.81234=750=TID57=SID10=225
20170901-09:07:40.267 : 8=FIXT.1.19=4935=034=749=DBL52=20170901-09:07:40.26156=BME10=212
20170901-09:07:45.850 : 8=FIXT.1.19=6335=049=BME56=DBL52=20170901-09:07:45.84934=850=TID57=SID10=240
20170901-09:08:10.621 : 8=FIXT.1.19=4935=034=849=DBL52=20170901-09:08:10.62156=BME10=211
20170901-09:08:16.885 : 8=FIXT.1.19=6335=049=BME56=DBL52=20170901-09:08:16.88434=950=TID57=SID10=239
20170901-09:08:40.191 : 8=FIXT.1.19=4935=034=949=DBL52=20170901-09:08:40.19056=BME10=216
20170901-09:08:47.928 : 8=FIXT.1.19=6435=049=BME56=DBL52=20170901-09:08:47.92734=1050=TID57=SID10=026
20170901-09:09:10.667 : 8=FIXT.1.19=5035=034=1049=DBL52=20170901-09:09:10.66656=BME10=254
20170901-09:09:18.964 : 8=FIXT.1.19=6435=049=BME56=DBL52=20170901-09:09:18.96434=1150=TID57=SID10=027
20170901-09:10:12.276 : 8=FIXT.1.19=9835=A34=149=DBL50=SID52=20170901-09:10:12.27556=BME57=TID98=0108=30141=Y1137=41408=T4.010=100
20170901-09:10:12.277 : 8=FIXT.1.19=9835=A49=BME56=DBL52=20170901-09:10:12.27734=150=TID57=SID98=0108=30141=Y1137=91408=T4.010=107
20170901-09:10:21.680 : 8=FIXT.1.19=14635=D34=249=DBL52=20170901-09:10:21.68056=BME1137=911=20170901-101021544921=138=840=244=854=155=APPL60=20170901-09:10:21581=11030=I10=030
20170901-09:10:21.686 : 8=FIXT.1.19=18035=849=BME56=DBL52=20170901-09:10:21.68134=250=TID57=SID37=111=20170901-101021544917=0150=A39=A581=155=APPL54=138=840=244=8151=814=060=20170901-09:10:211030=I10=153
20170901-09:10:21.754 : 8=FIXT.1.19=18035=849=BME56=DBL52=20170901-09:10:21.68434=350=TID57=SID37=111=20170901-101021544917=1150=039=0581=155=APPL54=138=840=244=0151=814=060=20170901-09:10:211030=I10=116
20170901-09:10:37.454 : 8=FIXT.1.19=4935=534=349=DBL52=20170901-09:10:37.45456=BME10=217
20170901-09:10:37.456 : 8=FIXT.1.19=6335=549=BME56=DBL52=20170901-09:10:37.45534=450=TID57=SID10=229
20170901-09:11:42.591 : 8=FIXT.1.19=9835=A34=149=DBL50=SID52=20170901-09:11:42.59056=BME57=TID98=0108=30141=Y1137=41408=T4.010=104
20170901-09:11:42.594 : 8=FIXT.1.19=9835=A49=BME56=DBL52=20170901-09:11:42.59234=150=TID57=SID98=0108=30141=Y1137=91408=T4.010=111
20170901-09:11:51.288 : 8=FIXT.1.19=14635=D34=249=DBL52=20170901-09:11:51.28856=BME1137=911=20170901-101151747021=138=240=244=254=155=APPL60=20170901-09:11:51581=11030=I10=030
20170901-09:11:51.295 : 8=FIXT.1.19=18035=849=BME56=DBL52=20170901-09:11:51.28934=250=TID57=SID37=111=20170901-101151747017=0150=A39=A581=155=APPL54=138=240=244=2151=214=060=20170901-09:11:511030=I10=147
20170901-09:11:51.347 : 8=FIXT.1.19=18035=849=BME56=DBL52=20170901-09:11:51.29434=350=TID57=SID37=111=20170901-101151747017=1150=039=0581=155=APPL54=138=240=244=0151=214=060=20170901-09:11:511030=I10=109
20170901-09:12:00.485 : 8=FIXT.1.19=14635=D34=349=DBL52=20170901-09:12:00.48456=BME1137=911=20170901-101200716421=138=240=244=254=155=CSCO60=20170901-09:12:00581=11030=I10=009
20170901-09:12:00.498 : 8=FIXT.1.19=18035=849=BME56=DBL52=20170901-09:12:00.49434=450=TID57=SID37=211=20170901-101200716417=2150=A39=A581=155=CSCO54=138=240=244=2151=214=060=20170901-09:12:001030=I10=130
20170901-09:12:00.625 : 8=FIXT.1.19=18035=849=BME56=DBL52=20170901-09:12:00.50434=550=TID57=SID37=211=20170901-101200716417=3150=039=0581=155=CSCO54=138=240=244=0151=214=060=20170901-09:12:001030=I10=088
20170901-09:12:30.146 : 8=FIXT.1.19=4935=034=449=DBL52=20170901-09:12:30.14556=BME10=205
20170901-09:12:31.650 : 8=FIXT.1.19=6335=049=BME56=DBL52=20170901-09:12:31.64934=650=TID57=SID10=227
20170901-09:13:00.209 : 8=FIXT.1.19=4935=034=549=DBL52=20170901-09:13:00.20856=BME10=204
20170901-09:13:02.695 : 8=FIXT.1.19=6335=049=BME56=DBL52=20170901-09:13:02.69434=750=TID57=SID10=227
20170901-09:14:15.705 : 8=FIXT.1.19=9835=A34=149=DBL50=SID52=20170901-09:14:15.70556=BME57=TID98=0108=30141=Y1137=41408=T4.010=105
20170901-09:14:15.706 : 8=FIXT.1.19=9835=A49=BME56=DBL52=20170901-09:14:15.70634=150=TID57=SID98=0108=30141=Y1137=91408=T4.010=111
20170901-09:14:24.168 : 8=FIXT.1.19=14635=D34=249=DBL52=20170901-09:14:24.16856=BME1137=911=20170901-101424703621=138=540=244=554=155=APPL60=20170901-09:14:24581=11030=I10=040
20170901-09:14:24.173 : 8=FIXT.1.19=18035=849=BME56=DBL52=20170901-09:14:24.16934=250=TID57=SID37=111=20170901-101424703617=0150=A39=A581=155=APPL54=138=540=244=5151=514=060=20170901-09:14:241030=I10=160
20170901-09:14:24.252 : 8=FIXT.1.19=18035=849=BME56=DBL52=20170901-09:14:24.17234=350=TID57=SID37=111=20170901-101424703617=1150=039=0581=155=APPL54=138=540=244=0151=514=060=20170901-09:14:241030=I10=117
20170901-10:32:10.340 : 8=FIXT.1.19=9835=A34=149=DBL50=SID52=20170901-10:32:10.34056=BME57=TID98=0108=30141=Y1137=41408=T4.010=087
20170901-10:32:10.342 : 8=FIXT.1.19=9835=A49=BME56=DBL52=20170901-10:32:10.34134=150=TID57=SID98=0108=30141=Y1137=91408=T4.010=093
20170901-10:32:40.603 : 8=FIXT.1.19=4935=034=249=DBL52=20170901-10:32:40.60356=BME10=197
20170901-10:32:41.372 : 8=FIXT.1.19=6335=049=BME56=DBL52=20170901-10:32:41.37234=250=TID57=SID10=211
20170901-10:33:10.116 : 8=FIXT.1.19=4935=034=349=DBL52=20170901-10:33:10.11056=BME10=189
20170901-10:33:12.422 : 8=FIXT.1.19=6335=049=BME56=DBL52=20170901-10:33:12.42134=350=TID57=SID10=206
20170901-10:33:40.567 : 8=FIXT.1.19=4935=034=449=DBL52=20170901-10:33:40.56556=BME10=207
20170901-10:33:43.458 : 8=FIXT.1.19=6335=049=BME56=DBL52=20170901-10:33:43.45734=450=TID57=SID10=220
20170901-10:34:10.016 : 8=FIXT.1.19=4935=034=549=DBL52=20170901-10:34:10.01656=BME10=197
20170901-10:34:14.493 : 8=FIXT.1.19=6335=049=BME56=DBL52=20170901-10:34:14.49334=550=TID57=SID10=220
20170901-10:34:40.068 : 8=FIXT.1.19=4935=034=649=DBL52=20170901-10:34:40.06756=BME10=207
20170901-10:34:45.528 : 8=FIXT.1.19=6335=049=BME56=DBL52=20170901-10:34:45.52734=650=TID57=SID10=223
20170901-10:35:10.380 : 8=FIXT.1.19=4935=034=749=DBL52=20170901-10:35:10.38056=BME10=204
20170901-10:35:16.557 : 8=FIXT.1.19=6335=049=BME56=DBL52=20170901-10:35:16.55734=750=TID57=SID10=226
20170901-10:35:40.076 : 8=FIXT.1.19=4935=034=849=DBL52=20170901-10:35:40.07556=BME10=209
20170901-10:35:47.588 : 8=FIXT.1.19=6335=049=BME56=DBL52=20170901-10:35:47.58834=850=TID57=SID10=235
20170901-10:36:10.014 : 8=FIXT.1.19=4935=034=949=DBL52=20170901-10:36:10.01356=BME10=200
20170901-10:36:18.624 : 8=FIXT.1.19=6335=049=BME56=DBL52=20170901-10:36:18.62434=950=TID57=SID10=226
20170901-10:36:40.006 : 8=FIXT.1.19=5035=034=1049=DBL52=20170901-10:36:40.00556=BME10=236
20170901-10:36:49.661 : 8=FIXT.1.19=6435=049=BME56=DBL52=20170901-10:36:49.66134=1050=TID57=SID10=016
20170901-10:37:10.020 : 8=FIXT.1.19=5035=034=1149=DBL52=20170901-10:37:10.01956=BME10=240
20170901-10:37:20.696 : 8=FIXT.1.19=6435=049=BME56=DBL52=20170901-10:37:20.69634=1150=TID57=SID10=015
20170901-10:37:40.268 : 8=FIXT.1.19=5035=034=1249=DBL52=20170901-10:37:40.26856=BME10=250
20170901-10:37:51.730 : 8=FIXT.1.19=6435=049=BME56=DBL52=20170901-10:37:51.73034=1250=TID57=SID10=009
20170901-10:38:10.082 : 8=FIXT.1.19=5035=034=1349=DBL52=20170901-10:38:10.07956=BME10=249
20170901-10:38:22.759 : 8=FIXT.1.19=6435=049=BME56=DBL52=20170901-10:38:22.75934=1350=TID57=SID10=020
20170901-10:38:40.191 : 8=FIXT.1.19=5035=034=1449=DBL52=20170901-10:38:40.19156=BME10=248
20170901-10:38:53.785 : 8=FIXT.1.19=6435=049=BME56=DBL52=20170901-10:38:53.78534=1450=TID57=SID10=024
20170901-10:39:10.514 : 8=FIXT.1.19=5035=034=1549=DBL52=20170901-10:39:10.51456=BME10=246
20170901-10:39:24.813 : 8=FIXT.1.19=6435=049=BME56=DBL52=20170901-10:39:24.81334=1550=TID57=SID10=016
20170901-10:39:40.182 : 8=FIXT.1.19=5035=034=1649=DBL52=20170901-10:39:40.18156=BME10=250
20170901-10:39:55.836 : 8=FIXT.1.19=6435=049=BME56=DBL52=20170901-10:39:55.83634=1650=TID57=SID10=026
20170901-10:40:10.077 : 8=FIXT.1.19=5035=034=1749=DBL52=20170901-10:40:10.07656=BME10=243
20170901-10:40:26.861 : 8=FIXT.1.19=6435=049=BME56=DBL52=20170901-10:40:26.86034=1750=TID57=SID10=014
20170901-10:40:40.336 : 8=FIXT.1.19=5035=034=1849=DBL52=20170901-10:40:40.33456=BME10=244
20170901-10:40:57.889 : 8=FIXT.1.19=6435=049=BME56=DBL52=20170901-10:40:57.88834=1850=TID57=SID10=029
                                                                                                  20170901-12:19:08.224 : 8=FIXT.1.19=9835=A34=149=DBL50=SID52=20170901-12:19:08.22156=BME57=TID98=0108=30141=Y1137=41408=T4.010=099
20170901-12:19:08.227 : 8=FIXT.1.19=9835=A49=BME56=DBL52=20170901-12:19:08.22734=150=TID57=SID98=0108=30141=Y1137=91408=T4.010=110
20170901-12:19:25.273 : 8=FIXT.1.19=14835=D34=249=DBL52=20170901-12:19:25.27356=BME1137=911=20170901-131925420221=138=8940=244=1154=155=APPL60=20170901-12:19:25581=11030=I10=145
20170901-12:19:25.275 : 8=FIXT.1.19=18335=849=BME56=DBL52=20170901-12:19:25.27434=250=TID57=SID37=111=20170901-131925420217=0150=A39=A581=155=APPL54=138=8940=244=11151=8914=060=20170901-12:19:251030=I10=070
20170901-12:19:25.340 : 8=FIXT.1.19=18235=849=BME56=DBL52=20170901-12:19:25.27534=350=TID57=SID37=111=20170901-131925420217=1150=039=0581=155=APPL54=138=8940=244=0151=8914=060=20170901-12:19:251030=I10=244
20170901-12:19:55.465 : 8=FIXT.1.19=4935=034=349=DBL52=20170901-12:19:55.46556=BME10=217
20170901-12:19:56.274 : 8=FIXT.1.19=6335=049=BME56=DBL52=20170901-12:19:56.27434=450=TID57=SID10=227
20170901-12:20:25.183 : 8=FIXT.1.19=4935=034=449=DBL52=20170901-12:20:25.18356=BME10=204
20170901-12:20:27.307 : 8=FIXT.1.19=6335=049=BME56=DBL52=20170901-12:20:27.30734=550=TID57=SID10=215
20170901-12:20:55.922 : 8=FIXT.1.19=4935=034=549=DBL52=20170901-12:20:55.92256=BME10=209
20170901-12:20:58.339 : 8=FIXT.1.19=6335=049=BME56=DBL52=20170901-12:20:58.33834=650=TID57=SID10=224
20170901-12:21:25.400 : 8=FIXT.1.19=4935=034=649=DBL52=20170901-12:21:25.40056=BME10=199
20170901-12:21:29.372 : 8=FIXT.1.19=6335=049=BME56=DBL52=20170901-12:21:29.37234=750=TID57=SID10=222
20170901-12:21:55.021 : 8=FIXT.1.19=4935=034=749=DBL52=20170901-12:21:55.02156=BME10=202
20170901-12:22:00.405 : 8=FIXT.1.19=6335=049=BME56=DBL52=20170901-12:22:00.40434=850=TID57=SID10=209
20170901-12:22:25.090 : 8=FIXT.1.19=4935=034=849=DBL52=20170901-12:22:25.09056=BME10=207
20170901-12:22:31.439 : 8=FIXT.1.19=6335=049=BME56=DBL52=20170901-12:22:31.43834=950=TID57=SID10=221
20170901-12:22:55.107 : 8=FIXT.1.19=4935=034=949=DBL52=20170901-12:22:55.10756=BME10=210
20170901-12:23:02.486 : 8=FIXT.1.19=6435=049=BME56=DBL52=20170901-12:23:02.48634=1050=TID57=SID10=008
20170901-12:23:25.019 : 8=FIXT.1.19=5035=034=1049=DBL52=20170901-12:23:25.01956=BME10=242
20170901-12:23:33.521 : 8=FIXT.1.19=6435=049=BME56=DBL52=20170901-12:23:33.52134=1150=TID57=SID10=003
20170901-12:23:55.258 : 8=FIXT.1.19=5035=034=1149=DBL52=20170901-12:23:55.25856=BME10=251
20170901-12:24:04.581 : 8=FIXT.1.19=6435=049=BME56=DBL52=20170901-12:24:04.58034=1250=TID57=SID10=008
20170901-12:24:25.048 : 8=FIXT.1.19=5035=034=1249=DBL52=20170901-12:24:25.04856=BME10=247
20170901-12:24:35.618 : 8=FIXT.1.19=6435=049=BME56=DBL52=20170901-12:24:35.61834=1350=TID57=SID10=015
20170901-12:24:55.455 : 8=FIXT.1.19=5035=034=1349=DBL52=20170901-12:24:55.45456=BME10=252
20170901-12:25:06.674 : 8=FIXT.1.19=6435=049=BME56=DBL52=20170901-12:25:06.67134=1450=TID57=SID10=014
20170901-12:25:25.127 : 8=FIXT.1.19=5035=034=1449=DBL52=20170901-12:25:25.12656=BME10=247
20170901-12:25:37.706 : 8=FIXT.1.19=6435=049=BME56=DBL52=20170901-12:25:37.70634=1550=TID57=SID10=018
20170901-12:25:55.389 : 8=FIXT.1.19=5035=034=1549=DBL52=20170901-12:25:55.38856=BME10=005
20170901-12:26:08.743 : 8=FIXT.1.19=6435=049=BME56=DBL52=20170901-12:26:08.74334=1650=TID57=SID10=019
20170901-12:26:25.279 : 8=FIXT.1.19=5035=034=1649=DBL52=20170901-12:26:25.27856=BME10=002
20170901-12:26:39.780 : 8=FIXT.1.19=6435=049=BME56=DBL52=20170901-12:26:39.78034=1750=TID57=SID10=025
20170901-12:26:55.158 : 8=FIXT.1.19=5035=034=1749=DBL52=20170901-12:26:55.15856=BME10=003
20170901-12:27:10.813 : 8=FIXT.1.19=6435=049=BME56=DBL52=20170901-12:27:10.81334=1850=TID57=SID10=013
20170901-12:27:25.444 : 8=FIXT.1.19=5035=034=1849=DBL52=20170901-12:27:25.44356=BME10=255
20170901-12:27:41.850 : 8=FIXT.1.19=6435=049=BME56=DBL52=20170901-12:27:41.85034=1950=TID57=SID10=019
20170901-12:27:55.140 : 8=FIXT.1.19=5035=034=1949=DBL52=20170901-12:27:55.14056=BME10=253
20170901-12:28:02.716 : 8=FIXT.1.19=5035=534=2049=DBL52=20170901-12:28:02.71656=BME10=252
20170901-12:28:02.716 : 8=FIXT.1.19=6435=549=BME56=DBL52=20170901-12:28:02.71634=2050=TID57=SID10=015
20170901-12:28:06.393 : 8=FIXT.1.19=9835=A34=149=DBL50=SID52=20170901-12:28:06.39356=BME57=TID98=0108=30141=Y1137=41408=T4.010=107
20170901-12:28:06.394 : 8=FIXT.1.19=9835=A49=BME56=DBL52=20170901-12:28:06.39434=150=TID57=SID98=0108=30141=Y1137=91408=T4.010=113
20170901-12:28:18.918 : 8=FIXT.1.19=14635=D34=249=DBL52=20170901-12:28:18.91756=BME1137=911=20170901-132818523121=138=940=244=954=155=CSCO60=20170901-12:28:18581=11030=I10=055
20170901-12:28:18.919 : 8=FIXT.1.19=18035=849=BME56=DBL52=20170901-12:28:18.91834=250=TID57=SID37=111=20170901-132818523117=0150=A39=A581=155=CSCO54=138=940=244=9151=914=060=20170901-12:28:181030=I10=179
20170901-12:28:18.983 : 8=FIXT.1.19=18035=849=BME56=DBL52=20170901-12:28:18.91934=350=TID57=SID37=111=20170901-132818523117=1150=039=0581=155=CSCO54=138=940=244=0151=914=060=20170901-12:28:181030=I10=139
20170901-12:28:48.463 : 8=FIXT.1.19=4935=034=349=DBL52=20170901-12:28:48.46356=BME10=217
20170901-12:28:49.434 : 8=FIXT.1.19=6335=049=BME56=DBL52=20170901-12:28:49.43434=450=TID57=SID10=227
20170901-12:29:18.055 : 8=FIXT.1.19=4935=034=449=DBL52=20170901-12:29:18.05556=BME10=213
20170901-12:29:20.464 : 8=FIXT.1.19=6335=049=BME56=DBL52=20170901-12:29:20.46434=550=TID57=SID10=221
20170901-12:29:54.650 : 8=FIXT.1.19=9835=A34=149=DBL50=SID52=20170901-12:29:54.64956=BME57=TID98=0108=30141=Y1137=41408=T4.010=115
20170901-12:29:54.650 : 8=FIXT.1.19=9835=A49=BME56=DBL52=20170901-12:29:54.65034=150=TID57=SID98=0108=30141=Y1137=91408=T4.010=112
20170901-12:30:06.558 : 8=FIXT.1.19=14635=D34=249=DBL52=20170901-12:30:06.55756=BME1137=911=20170901-133006534321=138=540=244=654=155=APPL60=20170901-12:30:06581=11030=I10=027
20170901-12:30:06.559 : 8=FIXT.1.19=18035=849=BME56=DBL52=20170901-12:30:06.55834=250=TID57=SID37=111=20170901-133006534317=0150=A39=A581=155=APPL54=138=540=244=6151=514=060=20170901-12:30:061030=I10=147
20170901-12:30:06.590 : 8=FIXT.1.19=18035=849=BME56=DBL52=20170901-12:30:06.55934=350=TID57=SID37=111=20170901-133006534317=1150=039=0581=155=APPL54=138=540=244=0151=514=060=20170901-12:30:061030=I10=110
20170901-12:30:36.208 : 8=FIXT.1.19=4935=034=349=DBL52=20170901-12:30:36.20756=BME10=203
20170901-12:30:37.697 : 8=FIXT.1.19=6335=049=BME56=DBL52=20170901-12:30:37.69634=450=TID57=SID10=227
20170901-12:30:50.984 : 8=FIXT.1.19=16935=F34=449=DBL52=20170901-12:30:50.98356=BME1137=911=20170901-133050582121=138=540=241=20170901-133006534344=054=155=APPL60=20170901-12:30:50581=11030=I10=127
20170901-12:30:50.985 : 8=FIXT.1.19=20635=849=BME56=DBL52=20170901-12:30:50.98434=550=TID57=SID37=NONE11=20170901-133050582141=20170901-133006534317=2150=639=6581=155=APPL54=138=540=244=6151=514=060=20170901-12:30:501030=I10=225
20170901-12:30:51.033 : 8=FIXT.1.19=18035=849=BME56=DBL52=20170901-12:30:50.98534=650=TID57=SID37=111=20170901-133006534317=3150=439=4581=155=APPL54=138=540=244=0151=014=060=20170901-12:30:061030=I10=120
20170901-12:31:20.193 : 8=FIXT.1.19=4935=034=549=DBL52=20170901-12:31:20.19356=BME10=203
20170901-12:31:21.743 : 8=FIXT.1.19=6335=049=BME56=DBL52=20170901-12:31:21.74334=750=TID57=SID10=217
20170901-12:31:50.088 : 8=FIXT.1.19=4935=034=649=DBL52=20170901-12:31:50.08856=BME10=210
20170901-12:31:52.781 : 8=FIXT.1.19=6335=049=BME56=DBL52=20170901-12:31:52.78034=850=TID57=SID10=223
20170901-12:32:20.612 : 8=FIXT.1.19=4935=034=749=DBL52=20170901-12:32:20.61256=BME10=202
20170901-12:32:23.818 : 8=FIXT.1.19=6335=049=BME56=DBL52=20170901-12:32:23.81834=950=TID57=SID10=225
20170901-12:32:50.049 : 8=FIXT.1.19=4935=034=849=DBL52=20170901-12:32:50.04956=BME10=210
20170901-12:32:54.847 : 8=FIXT.1.19=6435=049=BME56=DBL52=20170901-12:32:54.84734=1050=TID57=SID10=016
20170901-12:33:20.226 : 8=FIXT.1.19=4935=034=949=DBL52=20170901-12:33:20.22556=BME10=205
20170901-12:33:25.884 : 8=FIXT.1.19=6435=049=BME56=DBL52=20170901-12:33:25.88434=1150=TID57=SID10=017
20170901-12:33:50.042 : 8=FIXT.1.19=5035=034=1049=DBL52=20170901-12:33:50.04156=BME10=236
20170901-12:33:56.921 : 8=FIXT.1.19=6435=049=BME56=DBL52=20170901-12:33:56.92034=1250=TID57=SID10=013
20170901-12:34:20.269 : 8=FIXT.1.19=5035=034=1149=DBL52=20170901-12:34:20.26956=BME10=247
20170901-12:34:27.955 : 8=FIXT.1.19=6435=049=BME56=DBL52=20170901-12:34:27.95434=1350=TID57=SID10=020
20170901-12:34:50.461 : 8=FIXT.1.19=5035=034=1249=DBL52=20170901-12:34:50.46156=BME10=245
20170901-12:34:58.990 : 8=FIXT.1.19=6435=049=BME56=DBL52=20170901-12:34:58.99034=1450=TID57=SID10=025
20170901-12:35:20.133 : 8=FIXT.1.19=5035=034=1349=DBL52=20170901-12:35:20.13356=BME10=240
20170901-12:35:29.030 : 8=FIXT.1.19=6435=049=BME56=DBL52=20170901-12:35:29.03034=1550=TID57=SID10=010
20170901-12:35:50.328 : 8=FIXT.1.19=5035=034=1449=DBL52=20170901-12:35:50.32856=BME10=250
20170901-12:36:00.069 : 8=FIXT.1.19=6435=049=BME56=DBL52=20170901-12:36:00.06834=1650=TID57=SID10=012
20170901-12:36:20.087 : 8=FIXT.1.19=5035=034=1549=DBL52=20170901-12:36:20.08656=BME10=250
20170901-12:36:31.107 : 8=FIXT.1.19=6435=049=BME56=DBL52=20170901-12:36:31.10634=1750=TID57=SID10=010
20170901-12:36:50.002 : 8=FIXT.1.19=5035=034=1649=DBL52=20170901-12:36:50.00256=BME10=242
20170901-12:37:02.170 : 8=FIXT.1.19=6435=049=BME56=DBL52=20170901-12:37:02.17034=1850=TID57=SID10=011
20170901-12:37:20.004 : 8=FIXT.1.19=5035=034=1749=DBL52=20170901-12:37:20.00456=BME10=243
20170901-12:37:33.205 : 8=FIXT.1.19=6435=049=BME56=DBL52=20170901-12:37:33.20534=1950=TID57=SID10=015
20170901-12:37:50.537 : 8=FIXT.1.19=5035=034=1849=DBL52=20170901-12:37:50.53656=BME10=001
20170901-12:38:04.251 : 8=FIXT.1.19=6435=049=BME56=DBL52=20170901-12:38:04.25034=2050=TID57=SID10=006
20170901-12:38:20.055 : 8=FIXT.1.19=5035=034=1949=DBL52=20170901-12:38:20.05556=BME10=252
20170901-12:38:35.311 : 8=FIXT.1.19=6435=049=BME56=DBL52=20170901-12:38:35.31134=2150=TID57=SID10=009
20170901-12:38:50.939 : 8=FIXT.1.19=5035=034=2049=DBL52=20170901-12:38:50.93956=BME10=002
20170901-12:39:06.352 : 8=FIXT.1.19=6435=049=BME56=DBL52=20170901-12:39:06.35234=2250=TID57=SID10=014
20170901-12:39:20.166 : 8=FIXT.1.19=5035=034=2149=DBL52=20170901-12:39:20.16656=BME10=249
20170901-12:39:37.392 : 8=FIXT.1.19=6435=049=BME56=DBL52=20170901-12:39:37.39234=2350=TID57=SID10=023
20170901-12:39:50.045 : 8=FIXT.1.19=5035=034=2249=DBL52=20170901-12:39:50.04456=BME10=248
20170901-12:40:08.428 : 8=FIXT.1.19=6435=049=BME56=DBL52=20170901-12:40:08.42734=2450=TID57=SID10=013
20170901-12:40:20.856 : 8=FIXT.1.19=5035=034=2349=DBL52=20170901-12:40:20.85656=BME10=249
20170901-12:40:39.469 : 8=FIXT.1.19=6435=049=BME56=DBL52=20170901-12:40:39.46834=2550=TID57=SID10=023
20170901-12:40:50.505 : 8=FIXT.1.19=5035=034=2449=DBL52=20170901-12:40:50.50456=BME10=243
20170901-12:41:10.509 : 8=FIXT.1.19=6435=049=BME56=DBL52=20170901-12:41:10.50534=2650=TID57=SID10=006
20170901-12:41:20.139 : 8=FIXT.1.19=5035=034=2549=DBL52=20170901-12:41:20.13956=BME10=246
20170901-12:41:41.550 : 8=FIXT.1.19=6435=049=BME56=DBL52=20170901-12:41:41.54934=2750=TID57=SID10=019
20170901-12:41:50.523 : 8=FIXT.1.19=5035=034=2649=DBL52=20170901-12:41:50.52256=BME10=246
20170901-12:42:12.594 : 8=FIXT.1.19=6435=049=BME56=DBL52=20170901-12:42:12.59334=2850=TID57=SID10=018
20170901-12:42:20.173 : 8=FIXT.1.19=5035=034=2749=DBL52=20170901-12:42:20.17356=BME10=247
20170901-12:42:43.628 : 8=FIXT.1.19=6435=049=BME56=DBL52=20170901-12:42:43.62734=2950=TID57=SID10=021
20170901-12:42:50.019 : 8=FIXT.1.19=5035=034=2849=DBL52=20170901-12:42:50.01856=BME10=249
20170901-12:43:14.668 : 8=FIXT.1.19=6435=049=BME56=DBL52=20170901-12:43:14.66734=3050=TID57=SID10=016
20170901-12:43:20.270 : 8=FIXT.1.19=5035=034=2949=DBL52=20170901-12:43:20.26956=BME10=000
20170901-12:43:45.706 : 8=FIXT.1.19=6435=049=BME56=DBL52=20170901-12:43:45.70534=3150=TID57=SID10=014
20170901-12:43:50.038 : 8=FIXT.1.19=5035=034=3049=DBL52=20170901-12:43:50.03856=BME10=245
20170901-12:44:16.738 : 8=FIXT.1.19=6435=049=BME56=DBL52=20170901-12:44:16.73834=3250=TID57=SID10=020
20170901-12:44:20.015 : 8=FIXT.1.19=5035=034=3149=DBL52=20170901-12:44:20.01556=BME10=239
20170901-12:44:47.766 : 8=FIXT.1.19=6435=049=BME56=DBL52=20170901-12:44:47.76534=3350=TID57=SID10=025
20170901-12:44:50.158 : 8=FIXT.1.19=5035=034=3249=DBL52=20170901-12:44:50.15756=BME10=250
20170901-12:45:18.795 : 8=FIXT.1.19=6435=049=BME56=DBL52=20170901-12:45:18.79534=3450=TID57=SID10=028
20170901-12:45:20.481 : 8=FIXT.1.19=5035=034=3349=DBL52=20170901-12:45:20.48156=BME10=249
20170901-12:45:49.824 : 8=FIXT.1.19=6435=049=BME56=DBL52=20170901-12:45:49.82434=3550=TID57=SID10=026
20170901-12:45:50.066 : 8=FIXT.1.19=5035=034=3449=DBL52=20170901-12:45:50.06656=BME10=252
20170901-12:46:20.472 : 8=FIXT.1.19=5035=034=3549=DBL52=20170901-12:46:20.47256=BME10=252
20170901-12:46:20.852 : 8=FIXT.1.19=6435=049=BME56=DBL52=20170901-12:46:20.85234=3650=TID57=SID10=018
20170901-12:46:50.175 : 8=FIXT.1.19=5035=034=3649=DBL52=20170901-12:46:50.17456=BME10=255
20170901-12:46:51.883 : 8=FIXT.1.19=6435=049=BME56=DBL52=20170901-12:46:51.88334=3750=TID57=SID10=027
20170901-12:47:20.178 : 8=FIXT.1.19=5035=034=3749=DBL52=20170901-12:47:20.17856=BME10=002
20170901-12:47:22.913 : 8=FIXT.1.19=6435=049=BME56=DBL52=20170901-12:47:22.91234=3850=TID57=SID10=020
20170901-12:47:50.057 : 8=FIXT.1.19=5035=034=3849=DBL52=20170901-12:47:50.05756=BME10=002
20170901-12:47:53.937 : 8=FIXT.1.19=6435=049=BME56=DBL52=20170901-12:47:53.93634=3950=TID57=SID10=031
20170901-12:48:20.155 : 8=FIXT.1.19=5035=034=3949=DBL52=20170901-12:48:20.15556=BME10=000
20170901-12:48:24.967 : 8=FIXT.1.19=6435=049=BME56=DBL52=20170901-12:48:24.96634=4050=TID57=SID10=025
20170901-12:48:50.098 : 8=FIXT.1.19=5035=034=4049=DBL52=20170901-12:48:50.09856=BME10=001
20170901-12:48:55.992 : 8=FIXT.1.19=6435=049=BME56=DBL52=20170901-12:48:55.99234=4150=TID57=SID10=029
20170901-12:49:20.027 : 8=FIXT.1.19=5035=034=4149=DBL52=20170901-12:49:20.02656=BME10=247
20170901-12:49:26.017 : 8=FIXT.1.19=6435=049=BME56=DBL52=20170901-12:49:26.01734=4250=TID57=SID10=017
20170901-12:49:50.575 : 8=FIXT.1.19=5035=034=4249=DBL52=20170901-12:49:50.57556=BME10=004
20170901-12:49:57.046 : 8=FIXT.1.19=6435=049=BME56=DBL52=20170901-12:49:57.04634=4350=TID57=SID10=024
20170901-12:50:20.176 : 8=FIXT.1.19=5035=034=4349=DBL52=20170901-12:50:20.17656=BME10=247
20170901-12:50:28.078 : 8=FIXT.1.19=6435=049=BME56=DBL52=20170901-12:50:28.07734=4450=TID57=SID10=019
20170901-12:50:50.267 : 8=FIXT.1.19=5035=034=4449=DBL52=20170901-12:50:50.26756=BME10=252
20170901-12:50:59.104 : 8=FIXT.1.19=6435=049=BME56=DBL52=20170901-12:50:59.10334=4550=TID57=SID10=014
20170901-12:51:20.519 : 8=FIXT.1.19=5035=034=4549=DBL52=20170901-12:51:20.51956=BME10=251
20170901-12:51:30.132 : 8=FIXT.1.19=6435=049=BME56=DBL52=20170901-12:51:30.13234=4650=TID57=SID10=007
20170901-12:51:50.121 : 8=FIXT.1.19=5035=034=4649=DBL52=20170901-12:51:50.12156=BME10=244
20170901-12:52:01.165 : 8=FIXT.1.19=6435=049=BME56=DBL52=20170901-12:52:01.16434=4750=TID57=SID10=012
20170901-12:52:20.175 : 8=FIXT.1.19=5035=034=4749=DBL52=20170901-12:52:20.17456=BME10=251
20170901-12:52:32.192 : 8=FIXT.1.19=6435=049=BME56=DBL52=20170901-12:52:32.19234=4850=TID57=SID10=018
20170901-12:52:50.520 : 8=FIXT.1.19=5035=034=4849=DBL52=20170901-12:52:50.52056=BME10=250
20170901-12:53:03.217 : 8=FIXT.1.19=6435=049=BME56=DBL52=20170901-12:53:03.21734=4950=TID57=SID10=016
20170901-12:53:20.164 : 8=FIXT.1.19=5035=034=4949=DBL52=20170901-12:53:20.16456=BME10=253
20170901-12:53:34.244 : 8=FIXT.1.19=6435=049=BME56=DBL52=20170901-12:53:34.24434=5050=TID57=SID10=012
20170901-12:53:50.171 : 8=FIXT.1.19=5035=034=5049=DBL52=20170901-12:53:50.17156=BME10=246
20170901-12:54:05.275 : 8=FIXT.1.19=6435=049=BME56=DBL52=20170901-12:54:05.27434=5150=TID57=SID10=015
20170901-12:54:20.176 : 8=FIXT.1.19=5035=034=5149=DBL52=20170901-12:54:20.17556=BME10=249
20170901-12:54:36.304 : 8=FIXT.1.19=6435=049=BME56=DBL52=20170901-12:54:36.30334=5250=TID57=SID10=013
20170901-12:54:50.037 : 8=FIXT.1.19=5035=034=5249=DBL52=20170901-12:54:50.03656=BME10=249
20170901-12:55:07.334 : 8=FIXT.1.19=6435=049=BME56=DBL52=20170901-12:55:07.33434=5350=TID57=SID10=017
20170901-12:55:20.636 : 8=FIXT.1.19=5035=034=5349=DBL52=20170901-12:55:20.63656=BME10=254
20170901-12:55:38.365 : 8=FIXT.1.19=6435=049=BME56=DBL52=20170901-12:55:38.36534=5450=TID57=SID10=026
20170901-12:55:50.140 : 8=FIXT.1.19=5035=034=5449=DBL52=20170901-12:55:50.14056=BME10=248
20170901-12:56:09.395 : 8=FIXT.1.19=6435=049=BME56=DBL52=20170901-12:56:09.39534=5550=TID57=SID10=029
20170901-12:56:20.011 : 8=FIXT.1.19=5035=034=5549=DBL52=20170901-12:56:20.01156=BME10=244
20170901-12:56:40.426 : 8=FIXT.1.19=6435=049=BME56=DBL52=20170901-12:56:40.42534=5650=TID57=SID10=019
20170901-12:56:50.543 : 8=FIXT.1.19=5035=034=5649=DBL52=20170901-12:56:50.54256=BME10=001
20170901-12:57:11.454 : 8=FIXT.1.19=6435=049=BME56=DBL52=20170901-12:57:11.45434=5750=TID57=SID10=021
20170901-12:57:20.142 : 8=FIXT.1.19=5035=034=5749=DBL52=20170901-12:57:20.14256=BME10=252
20170901-12:57:42.486 : 8=FIXT.1.19=6435=049=BME56=DBL52=20170901-12:57:42.48634=5850=TID57=SID10=031
20170901-12:57:50.465 : 8=FIXT.1.19=5035=034=5849=DBL52=20170901-12:57:50.46456=BME10=007
20170901-12:58:13.520 : 8=FIXT.1.19=6435=049=BME56=DBL52=20170901-12:58:13.51934=5950=TID57=SID10=028
20170901-12:58:20.102 : 8=FIXT.1.19=5035=034=5949=DBL52=20170901-12:58:20.10156=BME10=250
20170901-12:58:44.548 : 8=FIXT.1.19=6435=049=BME56=DBL52=20170901-12:58:44.54834=6050=TID57=SID10=026
20170901-12:58:50.125 : 8=FIXT.1.19=5035=034=6049=DBL52=20170901-12:58:50.12056=BME10=246
20170901-12:59:15.580 : 8=FIXT.1.19=6435=049=BME56=DBL52=20170901-12:59:15.58034=6150=TID57=SID10=022
20170901-12:59:20.338 : 8=FIXT.1.19=5035=034=6149=DBL52=20170901-12:59:20.33856=BME10=000
20170901-12:59:46.612 : 8=FIXT.1.19=6435=049=BME56=DBL52=20170901-12:59:46.61234=6250=TID57=SID10=023
20170901-12:59:50.161 : 8=FIXT.1.19=5035=034=6249=DBL52=20170901-12:59:50.16156=BME10=254
20170901-13:00:17.641 : 8=FIXT.1.19=6435=049=BME56=DBL52=20170901-13:00:17.64134=6350=TID57=SID10=011
20170901-13:00:20.378 : 8=FIXT.1.19=5035=034=6349=DBL52=20170901-13:00:20.37856=BME10=249
20170901-13:00:48.671 : 8=FIXT.1.19=6435=049=BME56=DBL52=20170901-13:00:48.67134=6450=TID57=SID10=019
20170901-13:00:50.603 : 8=FIXT.1.19=5035=034=6449=DBL52=20170901-13:00:50.60256=BME10=243
20170901-13:01:19.700 : 8=FIXT.1.19=6435=049=BME56=DBL52=20170901-13:01:19.69934=6550=TID57=SID10=029
20170901-13:01:20.252 : 8=FIXT.1.19=5035=034=6549=DBL52=20170901-13:01:20.25256=BME10=243
20170901-13:01:50.386 : 8=FIXT.1.19=5035=034=6649=DBL52=20170901-13:01:50.38656=BME10=255
20170901-13:01:50.730 : 8=FIXT.1.19=6435=049=BME56=DBL52=20170901-13:01:50.72934=6650=TID57=SID10=019
20170901-13:02:20.373 : 8=FIXT.1.19=5035=034=6749=DBL52=20170901-13:02:20.37256=BME10=249
20170901-13:02:21.758 : 8=FIXT.1.19=6435=049=BME56=DBL52=20170901-13:02:21.75834=6750=TID57=SID10=021
20170901-13:02:50.093 : 8=FIXT.1.19=5035=034=6849=DBL52=20170901-13:02:50.09256=BME10=252
20170901-13:02:52.785 : 8=FIXT.1.19=6435=049=BME56=DBL52=20170901-13:02:52.78534=6850=TID57=SID10=026
20170901-13:03:20.306 : 8=FIXT.1.19=5035=034=6949=DBL52=20170901-13:03:20.30656=BME10=249
20170901-13:03:23.819 : 8=FIXT.1.19=6435=049=BME56=DBL52=20170901-13:03:23.81934=6950=TID57=SID10=024
20170901-13:03:50.397 : 8=FIXT.1.19=5035=034=7049=DBL52=20170901-13:03:50.39756=BME10=254
20170901-13:03:54.845 : 8=FIXT.1.19=6435=049=BME56=DBL52=20170901-13:03:54.84534=7050=TID57=SID10=019
20170901-13:04:20.108 : 8=FIXT.1.19=5035=034=7149=DBL52=20170901-13:04:20.10856=BME10=243
20170901-13:04:25.878 : 8=FIXT.1.19=6435=049=BME56=DBL52=20170901-13:04:25.87734=7150=TID57=SID10=024
20170901-13:04:50.411 : 8=FIXT.1.19=5035=034=7249=DBL52=20170901-13:04:50.41156=BME10=244
20170901-13:04:56.911 : 8=FIXT.1.19=6435=049=BME56=DBL52=20170901-13:04:56.91034=7250=TID57=SID10=017
20170901-13:05:20.035 : 8=FIXT.1.19=5035=034=7349=DBL52=20170901-13:05:20.03156=BME10=241
20170901-13:05:27.943 : 8=FIXT.1.19=6435=049=BME56=DBL52=20170901-13:05:27.94334=7350=TID57=SID10=023
20170901-13:05:50.091 : 8=FIXT.1.19=5035=034=7449=DBL52=20170901-13:05:50.09056=BME10=250
20170901-13:05:58.973 : 8=FIXT.1.19=6435=049=BME56=DBL52=20170901-13:05:58.97234=7450=TID57=SID10=030
20170901-13:06:20.143 : 8=FIXT.1.19=5035=034=7549=DBL52=20170901-13:06:20.14356=BME10=248
20170901-13:06:30.001 : 8=FIXT.1.19=6435=049=BME56=DBL52=20170901-13:06:29.00034=7550=TID57=SID10=012
20170901-13:06:50.134 : 8=FIXT.1.19=5035=034=7649=DBL52=20170901-13:06:50.13456=BME10=252
20170901-13:07:00.029 : 8=FIXT.1.19=6435=049=BME56=DBL52=20170901-13:07:00.02934=7650=TID57=SID10=014
20170901-13:07:20.284 : 8=FIXT.1.19=5035=034=7749=DBL52=20170901-13:07:20.28456=BME10=001
20170901-13:07:31.057 : 8=FIXT.1.19=6435=049=BME56=DBL52=20170901-13:07:31.05634=7750=TID57=SID10=019
20170901-13:07:50.027 : 8=FIXT.1.19=5035=034=7849=DBL52=20170901-13:07:50.02756=BME10=000
20170901-13:08:02.090 : 8=FIXT.1.19=6435=049=BME56=DBL52=20170901-13:08:02.09034=7850=TID57=SID10=017
20170901-13:08:20.204 : 8=FIXT.1.19=5035=034=7949=DBL52=20170901-13:08:20.20456=BME10=252
20170901-13:08:33.126 : 8=FIXT.1.19=6435=049=BME56=DBL52=20170901-13:08:33.12634=7950=TID57=SID10=022
20170901-13:08:50.308 : 8=FIXT.1.19=5035=034=8049=DBL52=20170901-13:08:50.30856=BME10=252
20170901-13:09:04.157 : 8=FIXT.1.19=6435=049=BME56=DBL52=20170901-13:09:04.15734=8050=TID57=SID10=017
20170901-13:09:20.012 : 8=FIXT.1.19=5035=034=8149=DBL52=20170901-13:09:20.01156=BME10=242
20170901-13:09:35.184 : 8=FIXT.1.19=6435=049=BME56=DBL52=20170901-13:09:35.18434=8150=TID57=SID10=022
20170901-13:09:50.056 : 8=FIXT.1.19=5035=034=8249=DBL52=20170901-13:09:50.05656=BME10=255
20170901-13:10:06.215 : 8=FIXT.1.19=6435=049=BME56=DBL52=20170901-13:10:06.21534=8250=TID57=SID10=008
20170901-13:10:20.385 : 8=FIXT.1.19=5035=034=8349=DBL52=20170901-13:10:20.38456=BME10=249
20170901-13:10:37.248 : 8=FIXT.1.19=6435=049=BME56=DBL52=20170901-13:10:37.24834=8350=TID57=SID10=019
20170901-13:10:50.043 : 8=FIXT.1.19=5035=034=8449=DBL52=20170901-13:10:50.04356=BME10=245
20170901-13:11:08.281 : 8=FIXT.1.19=6435=049=BME56=DBL52=20170901-13:11:08.28134=8450=TID57=SID10=016
20170901-13:11:20.651 : 8=FIXT.1.19=5035=034=8549=DBL52=20170901-13:11:20.65156=BME10=249
20170901-13:11:39.315 : 8=FIXT.1.19=6435=049=BME56=DBL52=20170901-13:11:39.31534=8550=TID57=SID10=019
20170901-13:11:50.282 : 8=FIXT.1.19=5035=034=8649=DBL52=20170901-13:11:50.28156=BME10=252
20170901-13:12:10.349 : 8=FIXT.1.19=6435=049=BME56=DBL52=20170901-13:12:10.34934=8650=TID57=SID10=017
20170901-13:12:20.126 : 8=FIXT.1.19=5035=034=8749=DBL52=20170901-13:12:20.12156=BME10=244
20170901-13:12:41.384 : 8=FIXT.1.19=6435=049=BME56=DBL52=20170901-13:12:41.38434=8750=TID57=SID10=021
20170901-13:12:50.055 : 8=FIXT.1.19=5035=034=8849=DBL52=20170901-13:12:50.05456=BME10=253
20170901-13:13:12.547 : 8=FIXT.1.19=6435=049=BME56=DBL52=20170901-13:13:12.53734=8850=TID57=SID10=021
20170901-13:13:20.034 : 8=FIXT.1.19=5035=034=8949=DBL52=20170901-13:13:20.03256=BME10=248
20170901-13:13:43.646 : 8=FIXT.1.19=6435=049=BME56=DBL52=20170901-13:13:43.64534=8950=TID57=SID10=026
20170901-13:13:50.043 : 8=FIXT.1.19=5035=034=9049=DBL52=20170901-13:13:50.04356=BME10=245
20170901-13:14:14.682 : 8=FIXT.1.19=6435=049=BME56=DBL52=20170901-13:14:14.68234=9050=TID57=SID10=018
20170901-13:14:20.026 : 8=FIXT.1.19=5035=034=9149=DBL52=20170901-13:14:20.02656=BME10=245
20170901-13:14:45.723 : 8=FIXT.1.19=6435=049=BME56=DBL52=20170901-13:14:45.72234=9150=TID57=SID10=018
20170901-13:14:50.396 : 8=FIXT.1.19=5035=034=9249=DBL52=20170901-13:14:50.39656=BME10=003
20170901-13:15:16.755 : 8=FIXT.1.19=6435=049=BME56=DBL52=20170901-13:15:16.75534=9250=TID57=SID10=024
20170901-13:15:20.187 : 8=FIXT.1.19=5035=034=9349=DBL52=20170901-13:15:20.18656=BME10=255
20170901-13:15:47.794 : 8=FIXT.1.19=6435=049=BME56=DBL52=20170901-13:15:47.79334=9350=TID57=SID10=031
20170901-13:15:50.641 : 8=FIXT.1.19=5035=034=9449=DBL52=20170901-13:15:50.64156=BME10=255
20170901-13:16:18.830 : 8=FIXT.1.19=6435=049=BME56=DBL52=20170901-13:16:18.82934=9450=TID57=SID10=031
20170901-13:16:20.447 : 8=FIXT.1.19=5035=034=9549=DBL52=20170901-13:16:20.44756=BME10=002
20170901-13:16:49.866 : 8=FIXT.1.19=6435=049=BME56=DBL52=20170901-13:16:49.86634=9550=TID57=SID10=037
20170901-13:16:50.048 : 8=FIXT.1.19=5035=034=9649=DBL52=20170901-13:16:50.04856=BME10=003
20170901-13:17:20.203 : 8=FIXT.1.19=5035=034=9749=DBL52=20170901-13:17:20.20256=BME10=250
20170901-13:17:20.905 : 8=FIXT.1.19=6435=049=BME56=DBL52=20170901-13:17:20.90434=9650=TID57=SID10=021
20170901-13:17:50.214 : 8=FIXT.1.19=5035=034=9849=DBL52=20170901-13:17:50.21456=BME10=001
20170901-13:17:51.944 : 8=FIXT.1.19=6435=049=BME56=DBL52=20170901-13:17:51.94334=9750=TID57=SID10=029
20170901-13:18:20.117 : 8=FIXT.1.19=5035=034=9949=DBL52=20170901-13:18:20.11656=BME10=001
20170901-13:18:22.979 : 8=FIXT.1.19=6435=049=BME56=DBL52=20170901-13:18:22.97934=9850=TID57=SID10=038
20170901-13:18:50.028 : 8=FIXT.1.19=5135=034=10049=DBL52=20170901-13:18:50.02856=BME10=038
20170901-13:18:53.016 : 8=FIXT.1.19=6435=049=BME56=DBL52=20170901-13:18:53.01634=9950=TID57=SID10=025
20170901-13:19:20.019 : 8=FIXT.1.19=5135=034=10149=DBL52=20170901-13:19:20.01856=BME10=036
20170901-13:19:24.052 : 8=FIXT.1.19=6535=049=BME56=DBL52=20170901-13:19:24.05134=10050=TID57=SID10=055
20170901-13:19:50.238 : 8=FIXT.1.19=5135=034=10249=DBL52=20170901-13:19:50.23756=BME10=043
20170901-13:19:55.085 : 8=FIXT.1.19=6535=049=BME56=DBL52=20170901-13:19:55.08534=10150=TID57=SID10=067
20170901-13:20:20.042 : 8=FIXT.1.19=5135=034=10349=DBL52=20170901-13:20:20.04156=BME10=026
20170901-13:20:26.122 : 8=FIXT.1.19=6535=049=BME56=DBL52=20170901-13:20:26.12234=10250=TID57=SID10=050
20170901-13:20:50.601 : 8=FIXT.1.19=5135=034=10449=DBL52=20170901-13:20:50.60156=BME10=032
20170901-13:20:57.159 : 8=FIXT.1.19=6535=049=BME56=DBL52=20170901-13:20:57.15834=10350=TID57=SID10=064
20170901-13:21:20.286 : 8=FIXT.1.19=5135=034=10549=DBL52=20170901-13:21:20.28656=BME10=040
20170901-13:21:28.200 : 8=FIXT.1.19=6535=049=BME56=DBL52=20170901-13:21:28.19934=10450=TID57=SID10=069
20170901-13:21:50.053 : 8=FIXT.1.19=5135=034=10649=DBL52=20170901-13:21:50.05256=BME10=035
20170901-13:21:59.241 : 8=FIXT.1.19=6535=049=BME56=DBL52=20170901-13:21:59.24134=10550=TID57=SID10=062
20170901-13:22:20.414 : 8=FIXT.1.19=5135=034=10749=DBL52=20170901-13:22:20.41456=BME10=036
20170901-13:22:30.279 : 8=FIXT.1.19=6535=049=BME56=DBL52=20170901-13:22:30.27934=10650=TID57=SID10=064
20170901-13:22:50.185 : 8=FIXT.1.19=5135=034=10849=DBL52=20170901-13:22:50.18456=BME10=044
20170901-13:23:01.317 : 8=FIXT.1.19=6535=049=BME56=DBL52=20170901-13:23:01.31734=10750=TID57=SID10=057
20170901-13:23:20.353 : 8=FIXT.1.19=5135=034=10949=DBL52=20170901-13:23:20.35356=BME10=041
20170901-13:23:32.359 : 8=FIXT.1.19=6535=049=BME56=DBL52=20170901-13:23:32.35734=10850=TID57=SID10=066
20170901-13:23:50.340 : 8=FIXT.1.19=5135=034=11049=DBL52=20170901-13:23:50.34056=BME10=032
20170901-13:24:03.400 : 8=FIXT.1.19=6535=049=BME56=DBL52=20170901-13:24:03.39934=10950=TID57=SID10=072
20170901-13:24:20.089 : 8=FIXT.1.19=5135=034=11149=DBL52=20170901-13:24:20.08956=BME10=041
20170901-13:24:34.434 : 8=FIXT.1.19=6535=049=BME56=DBL52=20170901-13:24:34.43434=11050=TID57=SID10=058
20170901-13:24:50.752 : 8=FIXT.1.19=5135=034=11249=DBL52=20170901-13:24:50.75256=BME10=042
20170901-13:25:05.461 : 8=FIXT.1.19=6535=049=BME56=DBL52=20170901-13:25:05.46134=11150=TID57=SID10=058
20170901-13:25:20.101 : 8=FIXT.1.19=5135=034=11349=DBL52=20170901-13:25:20.10156=BME10=029
20170901-13:25:36.492 : 8=FIXT.1.19=6535=049=BME56=DBL52=20170901-13:25:36.49134=11250=TID57=SID10=066
20170901-13:25:50.122 : 8=FIXT.1.19=5135=034=11449=DBL52=20170901-13:25:50.12056=BME10=034
20170901-13:26:07.524 : 8=FIXT.1.19=6535=049=BME56=DBL52=20170901-13:26:07.52334=11350=TID57=SID10=062
20170901-13:26:20.306 : 8=FIXT.1.19=5135=034=11549=DBL52=20170901-13:26:20.30656=BME10=039
20170901-13:26:38.548 : 8=FIXT.1.19=6535=049=BME56=DBL52=20170901-13:26:38.54734=11450=TID57=SID10=073
20170901-13:26:50.143 : 8=FIXT.1.19=5135=034=11649=DBL52=20170901-13:26:50.14356=BME10=042
20170901-13:27:09.574 : 8=FIXT.1.19=6535=049=BME56=DBL52=20170901-13:27:09.57434=11550=TID57=SID10=073
20170901-13:27:20.176 : 8=FIXT.1.19=5135=034=11749=DBL52=20170901-13:27:20.17556=BME10=046
20170901-13:27:40.602 : 8=FIXT.1.19=6535=049=BME56=DBL52=20170901-13:27:40.60134=11650=TID57=SID10=060
20170901-13:27:50.256 : 8=FIXT.1.19=5135=034=11849=DBL52=20170901-13:27:50.25656=BME10=050
20170901-13:28:11.628 : 8=FIXT.1.19=6535=049=BME56=DBL52=20170901-13:28:11.62834=11750=TID57=SID10=069
20170901-13:28:20.110 : 8=FIXT.1.19=5135=034=11949=DBL52=20170901-13:28:20.10956=BME10=046
20170901-13:28:42.656 : 8=FIXT.1.19=6535=049=BME56=DBL52=20170901-13:28:42.65634=11850=TID57=SID10=075
20170901-13:28:50.130 : 8=FIXT.1.19=5135=034=12049=DBL52=20170901-13:28:50.12956=BME10=043
20170901-13:29:13.685 : 8=FIXT.1.19=6535=049=BME56=DBL52=20170901-13:29:13.68434=11950=TID57=SID10=076
20170901-13:29:20.034 : 8=FIXT.1.19=5135=034=12149=DBL52=20170901-13:29:20.03456=BME10=037
20170901-13:29:44.710 : 8=FIXT.1.19=6535=049=BME56=DBL52=20170901-13:29:44.71034=12050=TID57=SID10=062
20170901-13:29:50.458 : 8=FIXT.1.19=5135=034=12249=DBL52=20170901-13:29:50.45856=BME10=051
20170901-13:30:15.733 : 8=FIXT.1.19=6535=049=BME56=DBL52=20170901-13:30:15.73334=12150=TID57=SID10=058
20170901-13:30:20.318 : 8=FIXT.1.19=5135=034=12349=DBL52=20170901-13:30:20.31756=BME10=035
20170901-13:30:46.761 : 8=FIXT.1.19=6535=049=BME56=DBL52=20170901-13:30:46.76134=12250=TID57=SID10=064
20170901-13:30:50.893 : 8=FIXT.1.19=5135=034=12449=DBL52=20170901-13:30:50.89256=BME10=047
20170901-13:31:17.788 : 8=FIXT.1.19=6535=049=BME56=DBL52=20170901-13:31:17.78834=12350=TID57=SID10=073
20170901-13:31:20.383 : 8=FIXT.1.19=5135=034=12549=DBL52=20170901-13:31:20.38356=BME10=041
20170901-13:31:48.816 : 8=FIXT.1.19=6535=049=BME56=DBL52=20170901-13:31:48.81634=12450=TID57=SID10=070
20170901-13:31:50.078 : 8=FIXT.1.19=5135=034=12649=DBL52=20170901-13:31:50.07856=BME10=046
20170901-13:32:19.848 : 8=FIXT.1.19=6535=049=BME56=DBL52=20170901-13:32:19.84834=12550=TID57=SID10=075
20170901-13:32:20.724 : 8=FIXT.1.19=5135=034=12749=DBL52=20170901-13:32:20.72456=BME10=043
20170901-13:32:50.230 : 8=FIXT.1.19=5135=034=12849=DBL52=20170901-13:32:50.23056=BME10=039
20170901-13:32:50.879 : 8=FIXT.1.19=6535=049=BME56=DBL52=20170901-13:32:50.87834=12650=TID57=SID10=074
20170901-13:33:20.031 : 8=FIXT.1.19=5135=034=12949=DBL52=20170901-13:33:20.03056=BME10=036
20170901-13:33:21.903 : 8=FIXT.1.19=6535=049=BME56=DBL52=20170901-13:33:21.90334=12750=TID57=SID10=063
20170901-13:33:50.510 : 8=FIXT.1.19=5135=034=13049=DBL52=20170901-13:33:50.51056=BME10=034
20170901-13:33:52.929 : 8=FIXT.1.19=6535=049=BME56=DBL52=20170901-13:33:52.92934=12850=TID57=SID10=076
20170901-13:34:20.053 : 8=FIXT.1.19=5135=034=13149=DBL52=20170901-13:34:20.05256=BME10=034
20170901-13:34:23.961 : 8=FIXT.1.19=6535=049=BME56=DBL52=20170901-13:34:23.96134=12950=TID57=SID10=072
20170901-13:34:50.407 : 8=FIXT.1.19=5135=034=13249=DBL52=20170901-13:34:50.40656=BME10=041
20170901-13:34:54.991 : 8=FIXT.1.19=6535=049=BME56=DBL52=20170901-13:34:54.99034=13050=TID57=SID10=070
20170901-13:35:20.096 : 8=FIXT.1.19=5135=034=13349=DBL52=20170901-13:35:20.09656=BME10=045
20170901-13:35:25.017 : 8=FIXT.1.19=6535=049=BME56=DBL52=20170901-13:35:25.01634=13150=TID57=SID10=059
20170901-13:35:50.043 : 8=FIXT.1.19=5135=034=13449=DBL52=20170901-13:35:50.04356=BME10=041
20170901-13:35:56.154 : 8=FIXT.1.19=6535=049=BME56=DBL52=20170901-13:35:56.15434=13250=TID57=SID10=067
20170901-13:36:20.370 : 8=FIXT.1.19=5135=034=13549=DBL52=20170901-13:36:20.37056=BME10=043
20170901-13:36:27.187 : 8=FIXT.1.19=6535=049=BME56=DBL52=20170901-13:36:27.18734=13350=TID57=SID10=073
20170901-13:36:50.451 : 8=FIXT.1.19=5135=034=13649=DBL52=20170901-13:36:50.45056=BME10=046
20170901-13:36:58.217 : 8=FIXT.1.19=6535=049=BME56=DBL52=20170901-13:36:58.21734=13450=TID57=SID10=072
20170901-13:37:20.124 : 8=FIXT.1.19=5135=034=13749=DBL52=20170901-13:37:20.12356=BME10=042
20170901-13:37:29.248 : 8=FIXT.1.19=6535=049=BME56=DBL52=20170901-13:37:29.24834=13550=TID57=SID10=076
20170901-13:37:50.148 : 8=FIXT.1.19=5135=034=13849=DBL52=20170901-13:37:50.14756=BME10=052
20170901-13:38:00.278 : 8=FIXT.1.19=6535=049=BME56=DBL52=20170901-13:38:00.27834=13650=TID57=SID10=070
20170901-13:38:20.080 : 8=FIXT.1.19=5135=034=13949=DBL52=20170901-13:38:20.08056=BME10=047
20170901-13:38:31.309 : 8=FIXT.1.19=6535=049=BME56=DBL52=20170901-13:38:31.30934=13750=TID57=SID10=070
20170901-13:38:50.042 : 8=FIXT.1.19=5135=034=14049=DBL52=20170901-13:38:50.04256=BME10=040
20170901-13:39:02.337 : 8=FIXT.1.19=6535=049=BME56=DBL52=20170901-13:39:02.33734=13850=TID57=SID10=071
20170901-13:39:20.391 : 8=FIXT.1.19=5135=034=14149=DBL52=20170901-13:39:20.39156=BME10=046
20170901-13:39:33.371 : 8=FIXT.1.19=6535=049=BME56=DBL52=20170901-13:39:33.37034=13950=TID57=SID10=073
20170901-13:39:50.028 : 8=FIXT.1.19=5135=034=14249=DBL52=20170901-13:39:50.02856=BME10=047
20170901-13:40:04.398 : 8=FIXT.1.19=6535=049=BME56=DBL52=20170901-13:40:04.39834=14050=TID57=SID10=065
20170901-13:40:20.119 : 8=FIXT.1.19=5135=034=14349=DBL52=20170901-13:40:20.11956=BME10=038
20170901-13:40:35.429 : 8=FIXT.1.19=6535=049=BME56=DBL52=20170901-13:40:35.42934=14150=TID57=SID10=065
20170901-13:40:50.118 : 8=FIXT.1.19=5135=034=14449=DBL52=20170901-13:40:50.11856=BME10=041
20170901-13:41:06.458 : 8=FIXT.1.19=6535=049=BME56=DBL52=20170901-13:41:06.45734=14250=TID57=SID10=066
20170901-13:41:20.182 : 8=FIXT.1.19=5135=034=14549=DBL52=20170901-13:41:20.18256=BME10=041
20170901-13:41:37.490 : 8=FIXT.1.19=6535=049=BME56=DBL52=20170901-13:41:37.49034=14350=TID57=SID10=068
20170901-13:41:50.014 : 8=FIXT.1.19=5135=034=14649=DBL52=20170901-13:41:50.01356=BME10=038
20170901-13:42:08.516 : 8=FIXT.1.19=6535=049=BME56=DBL52=20170901-13:42:08.51634=14450=TID57=SID10=067
20170901-13:42:20.556 : 8=FIXT.1.19=5135=034=14749=DBL52=20170901-13:42:20.55656=BME10=049
20170901-13:42:39.548 : 8=FIXT.1.19=6535=049=BME56=DBL52=20170901-13:42:39.54834=14550=TID57=SID10=077
20170901-13:42:50.310 : 8=FIXT.1.19=5135=034=14849=DBL52=20170901-13:42:50.31056=BME10=041
20170901-13:43:10.582 : 8=FIXT.1.19=6535=049=BME56=DBL52=20170901-13:43:10.58234=14650=TID57=SID10=066
20170901-13:43:20.060 : 8=FIXT.1.19=5135=034=14949=DBL52=20170901-13:43:20.05756=BME10=048
20170901-13:43:41.618 : 8=FIXT.1.19=6535=049=BME56=DBL52=20170901-13:43:41.61734=14750=TID57=SID10=070
20170901-13:43:50.619 : 8=FIXT.1.19=5135=034=15049=DBL52=20170901-13:43:50.61956=BME10=047
20170901-13:44:12.649 : 8=FIXT.1.19=6535=049=BME56=DBL52=20170901-13:44:12.64934=14850=TID57=SID10=075
20170901-13:44:20.118 : 8=FIXT.1.19=5135=034=15149=DBL52=20170901-13:44:20.11856=BME10=040
20170901-13:44:43.682 : 8=FIXT.1.19=6535=049=BME56=DBL52=20170901-13:44:43.68234=14950=TID57=SID10=077
20170901-13:44:50.178 : 8=FIXT.1.19=5135=034=15249=DBL52=20170901-13:44:50.17756=BME10=049
20170901-13:45:14.711 : 8=FIXT.1.19=6535=049=BME56=DBL52=20170901-13:45:14.71134=15050=TID57=SID10=061
20170901-13:45:20.398 : 8=FIXT.1.19=5135=034=15349=DBL52=20170901-13:45:20.39856=BME10=053
20170901-13:45:45.743 : 8=FIXT.1.19=6535=049=BME56=DBL52=20170901-13:45:45.74334=15150=TID57=SID10=071
20170901-13:45:50.581 : 8=FIXT.1.19=5135=034=15449=DBL52=20170901-13:45:50.58156=BME10=051
20170901-13:46:16.772 : 8=FIXT.1.19=6535=049=BME56=DBL52=20170901-13:46:16.77234=15250=TID57=SID10=073
20170901-13:46:20.248 : 8=FIXT.1.19=5135=034=15549=DBL52=20170901-13:46:20.24856=BME10=050
20170901-13:46:47.805 : 8=FIXT.1.19=6535=049=BME56=DBL52=20170901-13:46:47.80434=15350=TID57=SID10=074
20170901-13:46:50.013 : 8=FIXT.1.19=5135=034=15649=DBL52=20170901-13:46:50.01256=BME10=043
20170901-13:47:18.836 : 8=FIXT.1.19=6535=049=BME56=DBL52=20170901-13:47:18.83634=15450=TID57=SID10=079
20170901-13:47:20.237 : 8=FIXT.1.19=5135=034=15749=DBL52=20170901-13:47:20.23656=BME10=050
20170901-13:47:49.869 : 8=FIXT.1.19=6535=049=BME56=DBL52=20170901-13:47:49.86834=15550=TID57=SID10=089
20170901-13:47:50.253 : 8=FIXT.1.19=5135=034=15849=DBL52=20170901-13:47:50.25356=BME10=053
20170901-13:48:31.500 : 8=FIXT.1.19=9835=A34=149=DBL50=SID52=20170901-13:48:31.50056=BME57=TID98=0108=30141=Y1137=41408=T4.010=098
20170901-13:48:31.502 : 8=FIXT.1.19=9835=A49=BME56=DBL52=20170901-13:48:31.50234=150=TID57=SID98=0108=30141=Y1137=91408=T4.010=105
20170901-13:49:01.257 : 8=FIXT.1.19=4935=034=249=DBL52=20170901-13:49:01.25756=BME10=210
20170901-13:49:02.543 : 8=FIXT.1.19=6335=049=BME56=DBL52=20170901-13:49:02.54234=250=TID57=SID10=218
20170901-13:49:31.255 : 8=FIXT.1.19=4935=034=349=DBL52=20170901-13:49:31.25556=BME10=212
20170901-13:49:33.574 : 8=FIXT.1.19=6335=049=BME56=DBL52=20170901-13:49:33.57334=350=TID57=SID10=227
20170901-13:50:01.019 : 8=FIXT.1.19=4935=034=449=DBL52=20170901-13:50:01.01956=BME10=200
20170901-13:50:04.606 : 8=FIXT.1.19=6335=049=BME56=DBL52=20170901-13:50:04.60534=450=TID57=SID10=214
20170901-13:50:31.815 : 8=FIXT.1.19=4935=034=549=DBL52=20170901-13:50:31.81556=BME10=208
20170901-13:50:35.643 : 8=FIXT.1.19=6335=049=BME56=DBL52=20170901-13:50:35.64234=550=TID57=SID10=220
20170901-13:51:31.086 : 8=FIXT.1.19=9835=A34=149=DBL50=SID52=20170901-13:51:31.08656=BME57=TID98=0108=30141=Y1137=41408=T4.010=101
20170901-13:57:15.468 : 8=FIXT.1.19=9835=A34=149=DBL50=SID52=20170901-13:57:15.46256=BME57=TID98=0108=30141=Y1137=41408=T4.010=107
20170901-13:57:15.470 : 8=FIXT.1.19=9835=A49=BME56=DBL52=20170901-13:57:15.47034=150=TID57=SID98=0108=30141=Y1137=91408=T4.010=111
20170901-13:57:45.324 : 8=FIXT.1.19=4935=034=249=DBL52=20170901-13:57:45.32356=BME10=211
20170901-13:57:46.502 : 8=FIXT.1.19=6335=049=BME56=DBL52=20170901-13:57:46.50234=250=TID57=SID10=221
20170901-13:58:15.004 : 8=FIXT.1.19=4935=034=349=DBL52=20170901-13:58:15.00456=BME10=206
20170901-13:58:17.536 : 8=FIXT.1.19=6335=049=BME56=DBL52=20170901-13:58:17.53534=350=TID57=SID10=227
20170901-13:58:45.060 : 8=FIXT.1.19=4935=034=449=DBL52=20170901-13:58:45.06056=BME10=212
20170901-13:58:48.578 : 8=FIXT.1.19=6335=049=BME56=DBL52=20170901-13:58:48.57834=450=TID57=SID10=239
20170901-13:59:15.394 : 8=FIXT.1.19=4935=034=549=DBL52=20170901-13:59:15.39356=BME10=220
20170901-13:59:19.613 : 8=FIXT.1.19=6335=049=BME56=DBL52=20170901-13:59:19.61234=550=TID57=SID10=228
20170901-13:59:45.273 : 8=FIXT.1.19=4935=034=649=DBL52=20170901-13:59:45.27356=BME10=221
20170901-13:59:50.649 : 8=FIXT.1.19=6335=049=BME56=DBL52=20170901-13:59:50.64834=650=TID57=SID10=233
20170901-14:00:15.058 : 8=FIXT.1.19=4935=034=749=DBL52=20170901-14:00:15.05856=BME10=207
20170901-14:00:21.680 : 8=FIXT.1.19=6335=049=BME56=DBL52=20170901-14:00:21.68034=750=TID57=SID10=215
20170901-14:00:45.012 : 8=FIXT.1.19=4935=034=849=DBL52=20170901-14:00:45.01256=BME10=201
20170901-14:00:52.713 : 8=FIXT.1.19=6335=049=BME56=DBL52=20170901-14:00:52.71334=850=TID57=SID10=217
20170901-14:01:15.517 : 8=FIXT.1.19=4935=034=949=DBL52=20170901-14:01:15.51656=BME10=209
20170901-14:01:23.747 : 8=FIXT.1.19=6335=049=BME56=DBL52=20170901-14:01:23.74634=950=TID57=SID10=223
20170901-14:01:45.461 : 8=FIXT.1.19=5035=034=1049=DBL52=20170901-14:01:45.46056=BME10=242
20170901-14:01:54.780 : 8=FIXT.1.19=6435=049=BME56=DBL52=20170901-14:01:54.78034=1050=TID57=SID10=010
20170901-14:02:15.154 : 8=FIXT.1.19=9835=A34=149=DBL50=SID52=20170901-14:02:15.15356=BME57=TID98=0108=30141=Y1137=41408=T4.010=095
20170901-14:03:15.570 : 8=FIXT.1.19=9835=A34=149=DBL50=SID52=20170901-14:03:15.57056=BME57=TID98=0108=30141=Y1137=41408=T4.010=099
20170901-14:04:15.131 : 8=FIXT.1.19=9835=A34=149=DBL50=SID52=20170901-14:04:15.13056=BME57=TID98=0108=30141=Y1137=41408=T4.010=092
20170901-14:05:15.060 : 8=FIXT.1.19=9835=A34=149=DBL50=SID52=20170901-14:05:15.06056=BME57=TID98=0108=30141=Y1137=41408=T4.010=095
20170901-14:06:15.902 : 8=FIXT.1.19=9835=A34=149=DBL50=SID52=20170901-14:06:15.90056=BME57=TID98=0108=30141=Y1137=41408=T4.010=099
20170901-14:07:15.150 : 8=FIXT.1.19=9835=A34=149=DBL50=SID52=20170901-14:07:15.15056=BME57=TID98=0108=30141=Y1137=41408=T4.010=097
20170901-14:08:15.271 : 8=FIXT.1.19=9835=A34=149=DBL50=SID52=20170901-14:08:15.27056=BME57=TID98=0108=30141=Y1137=41408=T4.010=101
20170901-14:09:15.067 : 8=FIXT.1.19=9835=A34=149=DBL50=SID52=20170901-14:09:15.06756=BME57=TID98=0108=30141=Y1137=41408=T4.010=106
20170901-14:10:15.532 : 8=FIXT.1.19=9835=A34=149=DBL50=SID52=20170901-14:10:15.53156=BME57=TID98=0108=30141=Y1137=41408=T4.010=094
20170901-14:11:15.016 : 8=FIXT.1.19=9835=A34=149=DBL50=SID52=20170901-14:11:15.01556=BME57=TID98=0108=30141=Y1137=41408=T4.010=092
20170901-14:12:15.384 : 8=FIXT.1.19=9835=A34=149=DBL50=SID52=20170901-14:12:15.38356=BME57=TID98=0108=30141=Y1137=41408=T4.010=101
20170901-14:13:15.697 : 8=FIXT.1.19=9835=A34=149=DBL50=SID52=20170901-14:13:15.69756=BME57=TID98=0108=30141=Y1137=41408=T4.010=110
20170901-14:14:15.141 : 8=FIXT.1.19=9835=A34=149=DBL50=SID52=20170901-14:14:15.14156=BME57=TID98=0108=30141=Y1137=41408=T4.010=095
20170901-14:14:15.143 : 8=FIXT.1.19=9835=A49=BME56=DBL52=20170901-14:14:15.14334=150=TID57=SID98=0108=30141=Y1137=91408=T4.010=102
20170901-14:14:45.018 : 8=FIXT.1.19=4935=034=249=DBL52=20170901-14:14:45.01856=BME10=206
20170901-14:14:46.175 : 8=FIXT.1.19=6335=049=BME56=DBL52=20170901-14:14:46.17534=250=TID57=SID10=221
20170901-14:15:15.083 : 8=FIXT.1.19=4935=034=349=DBL52=20170901-14:15:15.08356=BME10=207
20170901-14:15:17.213 : 8=FIXT.1.19=6335=049=BME56=DBL52=20170901-14:15:17.21234=350=TID57=SID10=213
20170901-14:15:45.035 : 8=FIXT.1.19=4935=034=449=DBL52=20170901-14:15:45.03556=BME10=208
20170901-14:15:48.251 : 8=FIXT.1.19=6335=049=BME56=DBL52=20170901-14:15:48.25134=450=TID57=SID10=221
20170901-14:16:15.196 : 8=FIXT.1.19=4935=034=549=DBL52=20170901-14:16:15.19656=BME10=215
20170901-14:16:19.281 : 8=FIXT.1.19=6335=049=BME56=DBL52=20170901-14:16:19.28134=550=TID57=SID10=224
20170901-14:16:45.054 : 8=FIXT.1.19=4935=034=649=DBL52=20170901-14:16:45.05456=BME10=212
20170901-14:16:50.316 : 8=FIXT.1.19=6335=049=BME56=DBL52=20170901-14:16:50.31634=650=TID57=SID10=219
20170901-14:17:15.433 : 8=FIXT.1.19=4935=034=749=DBL52=20170901-14:17:15.43356=BME10=212
20170901-14:17:21.351 : 8=FIXT.1.19=6335=049=BME56=DBL52=20170901-14:17:21.34934=750=TID57=SID10=225
20170901-14:17:45.539 : 8=FIXT.1.19=4935=034=849=DBL52=20170901-14:17:45.53956=BME10=223
20170901-14:17:52.398 : 8=FIXT.1.19=6335=049=BME56=DBL52=20170901-14:17:52.39734=850=TID57=SID10=233
20170901-14:18:15.104 : 8=FIXT.1.19=4935=034=949=DBL52=20170901-14:18:15.10356=BME10=209
20170901-14:18:23.434 : 8=FIXT.1.19=6335=049=BME56=DBL52=20170901-14:18:23.43434=950=TID57=SID10=225
20170901-14:18:45.058 : 8=FIXT.1.19=5035=034=1049=DBL52=20170901-14:18:45.05756=BME10=252
20170901-14:18:54.465 : 8=FIXT.1.19=6435=049=BME56=DBL52=20170901-14:18:54.46534=1050=TID57=SID10=018
20170901-14:19:15.604 : 8=FIXT.1.19=5035=034=1149=DBL52=20170901-14:19:15.60456=BME10=249
20170901-14:19:25.500 : 8=FIXT.1.19=6435=049=BME56=DBL52=20170901-14:19:25.50034=1150=TID57=SID10=008
20170901-14:19:45.152 : 8=FIXT.1.19=5035=034=1249=DBL52=20170901-14:19:45.15256=BME10=251
20170901-14:19:56.548 : 8=FIXT.1.19=6435=049=BME56=DBL52=20170901-14:19:56.54834=1250=TID57=SID10=025
20170901-14:20:15.174 : 8=FIXT.1.19=5035=034=1349=DBL52=20170901-14:20:15.17456=BME10=245
20170901-14:20:27.583 : 8=FIXT.1.19=6435=049=BME56=DBL52=20170901-14:20:27.58234=1350=TID57=SID10=014
20170901-14:20:45.681 : 8=FIXT.1.19=5035=034=1449=DBL52=20170901-14:20:45.68156=BME10=252
20170901-14:20:58.616 : 8=FIXT.1.19=6435=049=BME56=DBL52=20170901-14:20:58.61634=1450=TID57=SID10=017
20170901-14:21:15.549 : 8=FIXT.1.19=5035=034=1549=DBL52=20170901-14:21:15.54956=BME10=254
20170901-14:21:29.648 : 8=FIXT.1.19=6435=049=BME56=DBL52=20170901-14:21:29.64834=1550=TID57=SID10=022
20170901-14:21:45.119 : 8=FIXT.1.19=5035=034=1649=DBL52=20170901-14:21:45.11956=BME10=251
20170901-14:22:00.690 : 8=FIXT.1.19=6435=049=BME56=DBL52=20170901-14:22:00.69034=1650=TID57=SID10=010
20170901-14:22:15.026 : 8=FIXT.1.19=5035=034=1749=DBL52=20170901-14:22:15.02656=BME10=247
20170901-14:22:31.732 : 8=FIXT.1.19=6435=049=BME56=DBL52=20170901-14:22:31.73234=1750=TID57=SID10=012
20170901-14:22:45.030 : 8=FIXT.1.19=5035=034=1849=DBL52=20170901-14:22:45.02956=BME10=254
20170901-14:23:02.764 : 8=FIXT.1.19=6435=049=BME56=DBL52=20170901-14:23:02.76434=1850=TID57=SID10=017
20170901-14:23:15.165 : 8=FIXT.1.19=5035=034=1949=DBL52=20170901-14:23:15.16556=BME10=254
20170901-14:23:33.797 : 8=FIXT.1.19=6435=049=BME56=DBL52=20170901-14:23:33.79734=1950=TID57=SID10=028
20170901-14:23:45.167 : 8=FIXT.1.19=5035=034=2049=DBL52=20170901-14:23:45.16756=BME10=251
20170901-14:24:04.831 : 8=FIXT.1.19=6435=049=BME56=DBL52=20170901-14:24:04.83134=2050=TID57=SID10=008
20170901-14:24:15.131 : 8=FIXT.1.19=5035=034=2149=DBL52=20170901-14:24:15.13156=BME10=241
20170901-14:24:35.859 : 8=FIXT.1.19=6435=049=BME56=DBL52=20170901-14:24:35.85934=2150=TID57=SID10=023
20170901-14:24:45.094 : 8=FIXT.1.19=5035=034=2249=DBL52=20170901-14:24:45.09456=BME10=253
20170901-14:25:06.887 : 8=FIXT.1.19=6435=049=BME56=DBL52=20170901-14:25:06.88734=2250=TID57=SID10=024
20170901-14:25:15.173 : 8=FIXT.1.19=5035=034=2349=DBL52=20170901-14:25:15.17356=BME10=250
20170901-14:25:37.908 : 8=FIXT.1.19=6435=049=BME56=DBL52=20170901-14:25:37.90834=2350=TID57=SID10=023
20170901-14:25:45.952 : 8=FIXT.1.19=5035=034=2449=DBL52=20170901-14:25:45.95256=BME10=003
20170901-14:26:08.937 : 8=FIXT.1.19=6435=049=BME56=DBL52=20170901-14:26:08.93734=2450=TID57=SID10=025
20170901-14:26:15.086 : 8=FIXT.1.19=5035=034=2549=DBL52=20170901-14:26:15.08556=BME10=255
20170901-14:26:39.962 : 8=FIXT.1.19=6435=049=BME56=DBL52=20170901-14:26:39.96134=2550=TID57=SID10=027
20170901-14:26:45.095 : 8=FIXT.1.19=5035=034=2649=DBL52=20170901-14:26:45.09456=BME10=003
20170901-14:27:10.992 : 8=FIXT.1.19=6435=049=BME56=DBL52=20170901-14:27:10.99134=2650=TID57=SID10=021
20170901-14:27:15.049 : 8=FIXT.1.19=5035=034=2749=DBL52=20170901-14:27:15.04956=BME10=002
20170901-14:27:41.019 : 8=FIXT.1.19=6435=049=BME56=DBL52=20170901-14:27:41.01734=2750=TID57=SID10=015
20170901-14:27:45.761 : 8=FIXT.1.19=5035=034=2849=DBL52=20170901-14:27:45.76156=BME10=007
20170901-14:28:12.045 : 8=FIXT.1.19=6435=049=BME56=DBL52=20170901-14:28:12.04534=2850=TID57=SID10=016
20170901-14:28:15.467 : 8=FIXT.1.19=5035=034=2949=DBL52=20170901-14:28:15.46656=BME10=008
20170901-14:28:43.073 : 8=FIXT.1.19=6435=049=BME56=DBL52=20170901-14:28:43.07334=2950=TID57=SID10=022
20170901-14:28:45.059 : 8=FIXT.1.19=5035=034=3049=DBL52=20170901-14:28:45.05856=BME10=000
20170901-14:29:14.093 : 8=FIXT.1.19=6435=049=BME56=DBL52=20170901-14:29:14.09234=3050=TID57=SID10=014
20170901-14:29:15.891 : 8=FIXT.1.19=5035=034=3149=DBL52=20170901-14:29:15.89056=BME10=003
20170901-14:29:45.120 : 8=FIXT.1.19=6435=049=BME56=DBL52=20170901-14:29:45.12034=3150=TID57=SID10=011
20170901-14:29:45.148 : 8=FIXT.1.19=5035=034=3249=DBL52=20170901-14:29:45.14756=BME10=002
20170901-14:30:15.199 : 8=FIXT.1.19=5035=034=3349=DBL52=20170901-14:30:15.19856=BME10=254
20170901-14:30:16.146 : 8=FIXT.1.19=6435=049=BME56=DBL52=20170901-14:30:16.14634=3250=TID57=SID10=010
20170901-14:30:45.132 : 8=FIXT.1.19=5035=034=3449=DBL52=20170901-14:30:45.12956=BME10=252
20170901-14:30:47.170 : 8=FIXT.1.19=6435=049=BME56=DBL52=20170901-14:30:47.16934=3350=TID57=SID10=020
20170901-14:31:15.554 : 8=FIXT.1.19=5035=034=3549=DBL52=20170901-14:31:15.55356=BME10=252
20170901-14:31:18.195 : 8=FIXT.1.19=6435=049=BME56=DBL52=20170901-14:31:18.19534=3450=TID57=SID10=019
20170901-14:31:45.046 : 8=FIXT.1.19=5035=034=3649=DBL52=20170901-14:31:45.04556=BME10=252
20170901-14:31:49.221 : 8=FIXT.1.19=6435=049=BME56=DBL52=20170901-14:31:49.22034=3550=TID57=SID10=013
20170901-14:32:15.063 : 8=FIXT.1.19=5035=034=3749=DBL52=20170901-14:32:15.06356=BME10=251
20170901-14:32:20.242 : 8=FIXT.1.19=6435=049=BME56=DBL52=20170901-14:32:20.24234=3650=TID57=SID10=008
20170901-14:32:45.142 : 8=FIXT.1.19=5035=034=3849=DBL52=20170901-14:32:45.14256=BME10=253
20170901-14:32:51.266 : 8=FIXT.1.19=6435=049=BME56=DBL52=20170901-14:32:51.26534=3750=TID57=SID10=018
20170901-14:33:15.181 : 8=FIXT.1.19=5035=034=3949=DBL52=20170901-14:33:15.18056=BME10=254
20170901-14:33:22.285 : 8=FIXT.1.19=6435=049=BME56=DBL52=20170901-14:33:22.28534=3850=TID57=SID10=020
20170901-14:33:45.200 : 8=FIXT.1.19=5035=034=4049=DBL52=20170901-14:33:45.20056=BME10=242
20170901-14:33:53.306 : 8=FIXT.1.19=6435=049=BME56=DBL52=20170901-14:33:53.30634=3950=TID57=SID10=019
20170901-14:34:15.044 : 8=FIXT.1.19=5035=034=4149=DBL52=20170901-14:34:15.04456=BME10=247
20170901-14:34:24.329 : 8=FIXT.1.19=6435=049=BME56=DBL52=20170901-14:34:24.32934=4050=TID57=SID10=015
20170901-14:34:45.269 : 8=FIXT.1.19=5035=034=4249=DBL52=20170901-14:34:45.26956=BME10=004
20170901-14:34:55.353 : 8=FIXT.1.19=6435=049=BME56=DBL52=20170901-14:34:55.35334=4150=TID57=SID10=017
20170901-14:35:15.042 : 8=FIXT.1.19=5035=034=4349=DBL52=20170901-14:35:15.04256=BME10=248
20170901-14:35:26.373 : 8=FIXT.1.19=6435=049=BME56=DBL52=20170901-14:35:26.37334=4250=TID57=SID10=019
20170901-14:35:45.152 : 8=FIXT.1.19=5035=034=4449=DBL52=20170901-14:35:45.15256=BME10=254
20170901-14:35:57.398 : 8=FIXT.1.19=6435=049=BME56=DBL52=20170901-14:35:57.39734=4350=TID57=SID10=030
20170901-14:36:15.001 : 8=FIXT.1.19=5035=034=4549=DBL52=20170901-14:36:15.00156=BME10=246
20170901-14:36:28.429 : 8=FIXT.1.19=6435=049=BME56=DBL52=20170901-14:36:28.42934=4450=TID57=SID10=026
20170901-14:36:45.443 : 8=FIXT.1.19=7935=149=BME56=DBL52=20170901-14:36:45.44234=4550=TID57=SID112=150427660510=242
20170901-14:36:45.458 : 8=FIXT.1.19=6535=034=4649=DBL52=20170901-14:36:45.45856=BME112=150427660510=230
20170901-14:37:15.451 : 8=FIXT.1.19=5035=034=4749=DBL52=20170901-14:37:15.45056=BME10=001
20170901-14:37:16.466 : 8=FIXT.1.19=6435=049=BME56=DBL52=20170901-14:37:16.46634=4650=TID57=SID10=027
20170901-14:37:45.077 : 8=FIXT.1.19=5035=034=4849=DBL52=20170901-14:37:45.07756=BME10=010
20170901-14:37:47.494 : 8=FIXT.1.19=6435=049=BME56=DBL52=20170901-14:37:47.49434=4750=TID57=SID10=033
20170901-14:38:15.191 : 8=FIXT.1.19=5035=034=4949=DBL52=20170901-14:38:15.19156=BME10=006
20170901-14:38:18.520 : 8=FIXT.1.19=6435=049=BME56=DBL52=20170901-14:38:18.52034=4850=TID57=SID10=023
20170901-14:38:45.221 : 8=FIXT.1.19=5035=034=5049=DBL52=20170901-14:38:45.22156=BME10=251
20170901-14:38:49.545 : 8=FIXT.1.19=6435=049=BME56=DBL52=20170901-14:38:49.54434=4950=TID57=SID10=034
20170901-14:39:15.092 : 8=FIXT.1.19=5035=034=5149=DBL52=20170901-14:39:15.09256=BME10=000
20170901-14:39:20.570 : 8=FIXT.1.19=6435=049=BME56=DBL52=20170901-14:39:20.56934=5050=TID57=SID10=023
20170901-14:39:45.421 : 8=FIXT.1.19=5035=034=5249=DBL52=20170901-14:39:45.42156=BME10=000
20170901-14:39:51.595 : 8=FIXT.1.19=6435=049=BME56=DBL52=20170901-14:39:51.59534=5150=TID57=SID10=027
20170901-14:40:15.209 : 8=FIXT.1.19=5035=034=5349=DBL52=20170901-14:40:15.20956=BME10=250
20170901-14:40:22.621 : 8=FIXT.1.19=6435=049=BME56=DBL52=20170901-14:40:22.62134=5250=TID57=SID10=008
20170901-14:40:45.013 : 8=FIXT.1.19=5035=034=5449=DBL52=20170901-14:40:45.01256=BME10=246
20170901-14:40:53.646 : 8=FIXT.1.19=6435=049=BME56=DBL52=20170901-14:40:53.64634=5350=TID57=SID10=020
20170901-14:41:15.444 : 8=FIXT.1.19=5035=034=5549=DBL52=20170901-14:41:15.44456=BME10=254
20170901-14:41:24.666 : 8=FIXT.1.19=6435=049=BME56=DBL52=20170901-14:41:24.66634=5450=TID57=SID10=022
20170901-14:41:45.350 : 8=FIXT.1.19=5035=034=5649=DBL52=20170901-14:41:45.34956=BME10=006
20170901-14:41:55.693 : 8=FIXT.1.19=6435=049=BME56=DBL52=20170901-14:41:55.69334=5550=TID57=SID10=027
20170901-14:42:15.017 : 8=FIXT.1.19=5035=034=5749=DBL52=20170901-14:42:15.01656=BME10=252
20170901-14:42:26.715 : 8=FIXT.1.19=6435=049=BME56=DBL52=20170901-14:42:26.71434=5650=TID57=SID10=021
20170901-14:42:45.432 : 8=FIXT.1.19=5035=034=5849=DBL52=20170901-14:42:45.43256=BME10=002
20170901-14:42:57.740 : 8=FIXT.1.19=6435=049=BME56=DBL52=20170901-14:42:57.74034=5750=TID57=SID10=025
20170901-14:43:15.199 : 8=FIXT.1.19=5035=034=5949=DBL52=20170901-14:43:15.19956=BME10=011
20170901-14:43:28.770 : 8=FIXT.1.19=6435=049=BME56=DBL52=20170901-14:43:28.76934=5850=TID57=SID10=036
20170901-14:43:45.114 : 8=FIXT.1.19=5035=034=6049=DBL52=20170901-14:43:45.11456=BME10=249
20170901-14:43:59.794 : 8=FIXT.1.19=6435=049=BME56=DBL52=20170901-14:43:59.79434=5950=TID57=SID10=039
20170901-14:44:15.175 : 8=FIXT.1.19=5035=034=6149=DBL52=20170901-14:44:15.17456=BME10=254
20170901-14:44:30.817 : 8=FIXT.1.19=6435=049=BME56=DBL52=20170901-14:44:30.81634=6050=TID57=SID10=016
20170901-14:44:45.120 : 8=FIXT.1.19=5035=034=6249=DBL52=20170901-14:44:45.12056=BME10=249
20170901-14:45:01.840 : 8=FIXT.1.19=6435=049=BME56=DBL52=20170901-14:45:01.84034=6150=TID57=SID10=013
20170901-14:45:15.030 : 8=FIXT.1.19=5035=034=6349=DBL52=20170901-14:45:15.02956=BME10=000
20170901-14:45:32.863 : 8=FIXT.1.19=6435=049=BME56=DBL52=20170901-14:45:32.86234=6250=TID57=SID10=022
20170901-14:45:45.459 : 8=FIXT.1.19=5035=034=6449=DBL52=20170901-14:45:45.45956=BME10=011
20170901-14:46:03.892 : 8=FIXT.1.19=6435=049=BME56=DBL52=20170901-14:46:03.89134=6350=TID57=SID10=024
20170901-14:46:15.346 : 8=FIXT.1.19=5035=034=6549=DBL52=20170901-14:46:15.34656=BME10=005
20170901-14:46:34.920 : 8=FIXT.1.19=6435=049=BME56=DBL52=20170901-14:46:34.92034=6450=TID57=SID10=022
20170901-14:46:45.063 : 8=FIXT.1.19=5035=034=6649=DBL52=20170901-14:46:45.06356=BME10=005
20170901-14:47:05.947 : 8=FIXT.1.19=6435=049=BME56=DBL52=20170901-14:47:05.94734=6550=TID57=SID10=031
20170901-14:47:15.076 : 8=FIXT.1.19=5035=034=6749=DBL52=20170901-14:47:15.07656=BME10=008
20170901-14:47:36.974 : 8=FIXT.1.19=6435=049=BME56=DBL52=20170901-14:47:36.97334=6650=TID57=SID10=035
20170901-14:47:45.265 : 8=FIXT.1.19=5035=034=6849=DBL52=20170901-14:47:45.26456=BME10=011
20170901-14:48:07.998 : 8=FIXT.1.19=6435=049=BME56=DBL52=20170901-14:48:07.99734=6750=TID57=SID10=041
20170901-14:48:15.081 : 8=FIXT.1.19=5035=034=6949=DBL52=20170901-14:48:15.08156=BME10=007
20170901-14:48:38.023 : 8=FIXT.1.19=6435=049=BME56=DBL52=20170901-14:48:38.02334=6850=TID57=SID10=026
20170901-14:48:45.067 : 8=FIXT.1.19=5035=034=7049=DBL52=20170901-14:48:45.06756=BME10=006
20170901-14:49:09.049 : 8=FIXT.1.19=6435=049=BME56=DBL52=20170901-14:49:09.04934=6950=TID57=SID10=034
20170901-14:49:15.659 : 8=FIXT.1.19=5035=034=7149=DBL52=20170901-14:49:15.65956=BME10=012
20170901-14:49:40.072 : 8=FIXT.1.19=6435=049=BME56=DBL52=20170901-14:49:40.07134=7050=TID57=SID10=016
20170901-14:49:45.042 : 8=FIXT.1.19=5035=034=7249=DBL52=20170901-14:49:45.04256=BME10=002
20170901-14:50:11.097 : 8=FIXT.1.19=6435=049=BME56=DBL52=20170901-14:50:11.09734=7150=TID57=SID10=015
20170901-14:50:15.027 : 8=FIXT.1.19=5035=034=7349=DBL52=20170901-14:50:15.02656=BME10=250
20170901-14:50:42.123 : 8=FIXT.1.19=6435=049=BME56=DBL52=20170901-14:50:42.12334=7250=TID57=SID10=010
20170901-14:50:45.104 : 8=FIXT.1.19=5035=034=7449=DBL52=20170901-14:50:45.10456=BME10=251
20170901-14:51:13.149 : 8=FIXT.1.19=6435=049=BME56=DBL52=20170901-14:51:13.14934=7350=TID57=SID10=018
20170901-14:51:15.429 : 8=FIXT.1.19=5035=034=7549=DBL52=20170901-14:51:15.42856=BME10=003
20170901-14:51:44.175 : 8=FIXT.1.19=6435=049=BME56=DBL52=20170901-14:51:44.17434=7450=TID57=SID10=021
20170901-14:51:45.150 : 8=FIXT.1.19=5035=034=7649=DBL52=20170901-14:51:45.15056=BME10=255
20170901-14:52:15.094 : 8=FIXT.1.19=5035=034=7749=DBL52=20170901-14:52:15.09456=BME10=005
20170901-14:52:15.203 : 8=FIXT.1.19=6435=049=BME56=DBL52=20170901-14:52:15.20334=7550=TID57=SID10=014
20170901-14:52:45.361 : 8=FIXT.1.19=5035=034=7849=DBL52=20170901-14:52:45.36156=BME10=006
20170901-14:52:46.224 : 8=FIXT.1.19=6435=049=BME56=DBL52=20170901-14:52:46.22434=7650=TID57=SID10=022
20170901-14:53:15.472 : 8=FIXT.1.19=5035=034=7949=DBL52=20170901-14:53:15.47256=BME10=008
20170901-14:53:17.250 : 8=FIXT.1.19=6435=049=BME56=DBL52=20170901-14:53:17.24934=7750=TID57=SID10=029
20170901-14:53:45.425 : 8=FIXT.1.19=5035=034=8049=DBL52=20170901-14:53:45.42556=BME10=001
20170901-14:53:48.281 : 8=FIXT.1.19=6435=049=BME56=DBL52=20170901-14:53:48.28134=7850=TID57=SID10=030
20170901-14:54:15.139 : 8=FIXT.1.19=5035=034=8149=DBL52=20170901-14:54:15.13856=BME10=001
20170901-14:54:19.319 : 8=FIXT.1.19=6435=049=BME56=DBL52=20170901-14:54:19.31834=7950=TID57=SID10=031
20170901-14:54:45.765 : 8=FIXT.1.19=5035=034=8249=DBL52=20170901-14:54:45.76556=BME10=011
20170901-14:54:50.348 : 8=FIXT.1.19=6435=049=BME56=DBL52=20170901-14:54:50.34834=8050=TID57=SID10=021
20170901-14:55:15.468 : 8=FIXT.1.19=5035=034=8349=DBL52=20170901-14:55:15.46856=BME10=010
20170901-14:55:21.381 : 8=FIXT.1.19=6435=049=BME56=DBL52=20170901-14:55:21.37934=8150=TID57=SID10=025
20170901-14:55:45.176 : 8=FIXT.1.19=5035=034=8449=DBL52=20170901-14:55:45.17656=BME10=010
20170901-14:55:52.426 : 8=FIXT.1.19=6435=049=BME56=DBL52=20170901-14:55:52.42534=8250=TID57=SID10=022
20170901-14:56:15.065 : 8=FIXT.1.19=5035=034=8549=DBL52=20170901-14:56:15.06556=BME10=006
20170901-14:56:23.453 : 8=FIXT.1.19=6435=049=BME56=DBL52=20170901-14:56:23.45334=8350=TID57=SID10=023
20170901-14:56:45.407 : 8=FIXT.1.19=5035=034=8649=DBL52=20170901-14:56:45.40756=BME10=010
20170901-14:56:54.483 : 8=FIXT.1.19=6435=049=BME56=DBL52=20170901-14:56:54.48334=8450=TID57=SID10=031
20170901-14:57:15.553 : 8=FIXT.1.19=5035=034=8749=DBL52=20170901-14:57:15.55356=BME10=011
20170901-14:57:25.510 : 8=FIXT.1.19=6435=049=BME56=DBL52=20170901-14:57:25.51034=8550=TID57=SID10=022
20170901-14:57:45.025 : 8=FIXT.1.19=5035=034=8849=DBL52=20170901-14:57:45.02556=BME10=009
20170901-14:57:56.543 : 8=FIXT.1.19=6435=049=BME56=DBL52=20170901-14:57:56.54334=8650=TID57=SID10=033
20170901-14:58:15.001 : 8=FIXT.1.19=5035=034=8949=DBL52=20170901-14:58:15.00156=BME10=002
20170901-14:58:27.578 : 8=FIXT.1.19=6435=049=BME56=DBL52=20170901-14:58:27.57734=8750=TID57=SID10=040
20170901-14:58:45.253 : 8=FIXT.1.19=5035=034=9049=DBL52=20170901-14:58:45.25356=BME10=006
20170901-14:58:58.607 : 8=FIXT.1.19=6435=049=BME56=DBL52=20170901-14:58:58.60734=8850=TID57=SID10=039
20170901-14:59:15.167 : 8=FIXT.1.19=5035=034=9149=DBL52=20170901-14:59:15.16756=BME10=009
20170901-14:59:29.638 : 8=FIXT.1.19=6435=049=BME56=DBL52=20170901-14:59:29.63834=8950=TID57=SID10=043
20170901-14:59:45.677 : 8=FIXT.1.19=5035=034=9249=DBL52=20170901-14:59:45.67756=BME10=019
20170901-15:00:00.674 : 8=FIXT.1.19=6435=049=BME56=DBL52=20170901-15:00:00.67334=9050=TID57=SID10=010
20170901-15:00:15.161 : 8=FIXT.1.19=5035=034=9349=DBL52=20170901-15:00:15.16056=BME10=247
20170901-15:00:31.706 : 8=FIXT.1.19=6435=049=BME56=DBL52=20170901-15:00:31.70534=9150=TID57=SID10=011
20170901-15:00:45.032 : 8=FIXT.1.19=5035=034=9449=DBL52=20170901-15:00:45.03256=BME10=249
20170901-15:01:02.739 : 8=FIXT.1.19=6435=049=BME56=DBL52=20170901-15:01:02.73634=9250=TID57=SID10=015
20170901-15:01:15.674 : 8=FIXT.1.19=5035=034=9549=DBL52=20170901-15:01:15.67456=BME10=004
20170901-15:01:33.765 : 8=FIXT.1.19=6435=049=BME56=DBL52=20170901-15:01:33.76434=9350=TID57=SID10=021
20170901-15:01:45.699 : 8=FIXT.1.19=5035=034=9649=DBL52=20170901-15:01:45.69956=BME10=015
20170901-15:02:04.798 : 8=FIXT.1.19=6435=049=BME56=DBL52=20170901-15:02:04.79834=9450=TID57=SID10=028
20170901-15:02:15.335 : 8=FIXT.1.19=5035=034=9749=DBL52=20170901-15:02:15.33556=BME10=001
20170901-15:02:35.830 : 8=FIXT.1.19=6435=049=BME56=DBL52=20170901-15:02:35.83034=9550=TID57=SID10=020
20170901-15:02:45.086 : 8=FIXT.1.19=5035=034=9849=DBL52=20170901-15:02:45.08556=BME10=007
20170901-15:03:06.862 : 8=FIXT.1.19=6435=049=BME56=DBL52=20170901-15:03:06.86234=9650=TID57=SID10=025
20170901-15:03:15.723 : 8=FIXT.1.19=5035=034=9949=DBL52=20170901-15:03:15.72356=BME10=005
20170901-15:03:37.897 : 8=FIXT.1.19=6435=049=BME56=DBL52=20170901-15:03:37.89634=9750=TID57=SID10=037
20170901-15:03:45.543 : 8=FIXT.1.19=5135=034=10049=DBL52=20170901-15:03:45.54356=BME10=040
20170901-15:04:08.929 : 8=FIXT.1.19=6435=049=BME56=DBL52=20170901-15:04:08.92934=9850=TID57=SID10=034
20170901-15:04:15.169 : 8=FIXT.1.19=5135=034=10149=DBL52=20170901-15:04:15.16956=BME10=043
20170901-15:04:39.961 : 8=FIXT.1.19=6435=049=BME56=DBL52=20170901-15:04:39.96034=9950=TID57=SID10=034
20170901-15:04:45.474 : 8=FIXT.1.19=5135=034=10249=DBL52=20170901-15:04:45.47456=BME10=046
20170901-15:05:10.995 : 8=FIXT.1.19=6535=049=BME56=DBL52=20170901-15:05:10.99534=10050=TID57=SID10=064
20170901-15:05:15.300 : 8=FIXT.1.19=5135=034=10349=DBL52=20170901-15:05:15.30056=BME10=033
20170901-15:05:41.024 : 8=FIXT.1.19=6535=049=BME56=DBL52=20170901-15:05:41.02434=10150=TID57=SID10=052
20170901-15:05:45.050 : 8=FIXT.1.19=5135=034=10449=DBL52=20170901-15:05:45.05056=BME10=039
20170901-15:06:12.059 : 8=FIXT.1.19=6535=049=BME56=DBL52=20170901-15:06:12.05934=10250=TID57=SID10=060
20170901-15:06:15.779 : 8=FIXT.1.19=5135=034=10549=DBL52=20170901-15:06:15.77956=BME10=056
20170901-15:06:43.093 : 8=FIXT.1.19=6535=049=BME56=DBL52=20170901-15:06:43.09234=10350=TID57=SID10=062
20170901-15:06:45.100 : 8=FIXT.1.19=5135=034=10649=DBL52=20170901-15:06:45.10056=BME10=038
20170901-15:07:14.127 : 8=FIXT.1.19=6535=049=BME56=DBL52=20170901-15:07:14.12734=10450=TID57=SID10=061
20170901-15:07:15.331 : 8=FIXT.1.19=5135=034=10749=DBL52=20170901-15:07:15.33156=BME10=043
20170901-15:07:45.128 : 8=FIXT.1.19=5135=034=10849=DBL52=20170901-15:07:45.12856=BME10=051
20170901-15:07:45.158 : 8=FIXT.1.19=6535=049=BME56=DBL52=20170901-15:07:45.15834=10550=TID57=SID10=070
20170901-15:08:15.481 : 8=FIXT.1.19=5135=034=10949=DBL52=20170901-15:08:15.48156=BME10=052
20170901-15:08:16.194 : 8=FIXT.1.19=6535=049=BME56=DBL52=20170901-15:08:16.19334=10650=TID57=SID10=069
20170901-15:08:45.558 : 8=FIXT.1.19=5135=034=11049=DBL52=20170901-15:08:45.55656=BME10=050
20170901-15:08:47.232 : 8=FIXT.1.19=6535=049=BME56=DBL52=20170901-15:08:47.23234=10750=TID57=SID10=068
20170901-15:09:15.443 : 8=FIXT.1.19=5135=034=11149=DBL52=20170901-15:09:15.44356=BME10=044
20170901-15:09:18.268 : 8=FIXT.1.19=6535=049=BME56=DBL52=20170901-15:09:18.26834=10850=TID57=SID10=077
20170901-15:09:45.028 : 8=FIXT.1.19=5135=034=11249=DBL52=20170901-15:09:45.02856=BME10=047
20170901-15:09:49.305 : 8=FIXT.1.19=6535=049=BME56=DBL52=20170901-15:09:49.30534=10950=TID57=SID10=074
20170901-15:10:15.141 : 8=FIXT.1.19=5135=034=11349=DBL52=20170901-15:10:15.14156=BME10=033
20170901-15:10:20.343 : 8=FIXT.1.19=6535=049=BME56=DBL52=20170901-15:10:20.34334=11050=TID57=SID10=049
20170901-15:10:45.051 : 8=FIXT.1.19=5135=034=11449=DBL52=20170901-15:10:45.05156=BME10=037
20170901-15:10:51.378 : 8=FIXT.1.19=6535=049=BME56=DBL52=20170901-15:10:51.37734=11150=TID57=SID10=061
20170901-15:11:15.276 : 8=FIXT.1.19=5135=034=11549=DBL52=20170901-15:11:15.27656=BME10=045
20170901-15:11:22.412 : 8=FIXT.1.19=6535=049=BME56=DBL52=20170901-15:11:22.41134=11250=TID57=SID10=050
20170901-15:18:10.152 : 8=FIXT.1.19=9835=A34=149=DBL50=SID52=20170901-15:18:10.15156=BME57=TID98=0108=30141=Y1137=41408=T4.010=096
20170901-15:18:10.153 : 8=FIXT.1.19=9835=A49=BME56=DBL52=20170901-15:18:10.15234=150=TID57=SID98=0108=30141=Y1137=91408=T4.010=102
20170901-15:18:13.366 : 8=FIXT.1.19=14835=D34=249=DBL52=20170901-15:18:13.36656=BME1137=911=20170901-161813661721=138=1040=244=1054=155=APPL60=20170901-15:18:13581=11030=I10=140
20170901-15:18:13.369 : 8=FIXT.1.19=18335=849=BME56=DBL52=20170901-15:18:13.36734=250=TID57=SID37=111=20170901-161813661717=0150=A39=A581=155=APPL54=138=1040=244=10151=1014=060=20170901-15:18:131030=I10=049
20170901-15:18:13.457 : 8=FIXT.1.19=18235=849=BME56=DBL52=20170901-15:18:13.36834=350=TID57=SID37=111=20170901-161813661717=1150=039=0581=155=APPL54=138=1040=244=0151=1014=060=20170901-15:18:131030=I10=224
20170901-15:18:16.591 : 8=FIXT.1.19=14735=D34=349=DBL52=20170901-15:18:16.59156=BME1137=911=20170901-16181699621=138=1040=244=1054=155=APPL60=20170901-15:18:16581=11030=I10=105
20170901-15:18:16.593 : 8=FIXT.1.19=18235=849=BME56=DBL52=20170901-15:18:16.59234=450=TID57=SID37=211=20170901-16181699617=2150=A39=A581=155=APPL54=138=1040=244=10151=1014=060=20170901-15:18:161030=I10=018
20170901-15:18:16.661 : 8=FIXT.1.19=18135=849=BME56=DBL52=20170901-15:18:16.59334=550=TID57=SID37=211=20170901-16181699617=3150=039=0581=155=APPL54=138=1040=244=0151=1014=060=20170901-15:18:161030=I10=193
20170901-15:18:18.810 : 8=FIXT.1.19=14835=D34=449=DBL52=20170901-15:18:18.80956=BME1137=911=20170901-161818569521=138=1040=244=1054=155=APPL60=20170901-15:18:18581=11030=I10=164
20170901-15:18:18.812 : 8=FIXT.1.19=18335=849=BME56=DBL52=20170901-15:18:18.81034=650=TID57=SID37=311=20170901-161818569517=4150=A39=A581=155=APPL54=138=1040=244=10151=1014=060=20170901-15:18:181030=I10=072
20170901-15:18:18.858 : 8=FIXT.1.19=18235=849=BME56=DBL52=20170901-15:18:18.81234=750=TID57=SID37=311=20170901-161818569517=5150=039=0581=155=APPL54=138=1040=244=0151=1014=060=20170901-15:18:181030=I10=248
20170901-15:18:21.298 : 8=FIXT.1.19=14835=D34=549=DBL52=20170901-15:18:21.29856=BME1137=911=20170901-161821398421=138=1040=244=1054=155=APPL60=20170901-15:18:21581=11030=I10=148
20170901-15:18:21.300 : 8=FIXT.1.19=18335=849=BME56=DBL52=20170901-15:18:21.29934=850=TID57=SID37=411=20170901-161821398417=6150=A39=A581=155=APPL54=138=1040=244=10151=1014=060=20170901-15:18:211030=I10=069
20170901-15:18:21.373 : 8=FIXT.1.19=18235=849=BME56=DBL52=20170901-15:18:21.30034=950=TID57=SID37=411=20170901-161821398417=7150=039=0581=155=APPL54=138=1040=244=0151=1014=060=20170901-15:18:211030=I10=226
20170901-15:18:23.410 : 8=FIXT.1.19=14835=D34=649=DBL52=20170901-15:18:23.41056=BME1137=911=20170901-161823310521=138=1040=244=1054=155=APPL60=20170901-15:18:23581=11030=I10=126
20170901-15:18:23.413 : 8=FIXT.1.19=18435=849=BME56=DBL52=20170901-15:18:23.41034=1050=TID57=SID37=511=20170901-161823310517=8150=A39=A581=155=APPL54=138=1040=244=10151=1014=060=20170901-15:18:231030=I10=090
20170901-15:18:23.488 : 8=FIXT.1.19=18335=849=BME56=DBL52=20170901-15:18:23.41134=1150=TID57=SID37=511=20170901-161823310517=9150=039=0581=155=APPL54=138=1040=244=0151=1014=060=20170901-15:18:231030=I10=009
20170901-15:18:24.475 : 8=FIXT.1.19=14635=D34=749=DBL52=20170901-15:18:24.47556=BME1137=911=20170901-1618241521=138=1040=244=1054=155=APPL60=20170901-15:18:24581=11030=I10=040
20170901-15:18:24.477 : 8=FIXT.1.19=18335=849=BME56=DBL52=20170901-15:18:24.47534=1250=TID57=SID37=611=20170901-1618241517=10150=A39=A581=155=APPL54=138=1040=244=10151=1014=060=20170901-15:18:241030=I10=048
20170901-15:18:24.563 : 8=FIXT.1.19=18235=849=BME56=DBL52=20170901-15:18:24.47634=1350=TID57=SID37=611=20170901-1618241517=11150=039=0581=155=APPL54=138=1040=244=0151=1014=060=20170901-15:18:241030=I10=223
20170901-15:18:25.329 : 8=FIXT.1.19=14835=D34=849=DBL52=20170901-15:18:25.32956=BME1137=911=20170901-161825539021=138=1040=244=1054=155=APPL60=20170901-15:18:25581=11030=I10=151
20170901-15:18:25.331 : 8=FIXT.1.19=18535=849=BME56=DBL52=20170901-15:18:25.32934=1450=TID57=SID37=711=20170901-161825539017=12150=A39=A581=155=APPL54=138=1040=244=10151=1014=060=20170901-15:18:251030=I10=163
20170901-15:18:25.380 : 8=FIXT.1.19=18435=849=BME56=DBL52=20170901-15:18:25.33034=1550=TID57=SID37=711=20170901-161825539017=13150=039=0581=155=APPL54=138=1040=244=0151=1014=060=20170901-15:18:251030=I10=073
20170901-15:18:26.207 : 8=FIXT.1.19=14835=D34=949=DBL52=20170901-15:18:26.20756=BME1137=911=20170901-161826863421=138=1040=244=1054=155=APPL60=20170901-15:18:26581=11030=I10=154
20170901-15:18:26.212 : 8=FIXT.1.19=18535=849=BME56=DBL52=20170901-15:18:26.20834=1650=TID57=SID37=811=20170901-161826863417=14150=A39=A581=155=APPL54=138=1040=244=10151=1014=060=20170901-15:18:261030=I10=171
20170901-15:18:26.275 : 8=FIXT.1.19=18435=849=BME56=DBL52=20170901-15:18:26.20934=1750=TID57=SID37=811=20170901-161826863417=15150=039=0581=155=APPL54=138=1040=244=0151=1014=060=20170901-15:18:261030=I10=090
20170901-15:18:26.949 : 8=FIXT.1.19=14835=D34=1049=DBL52=20170901-15:18:26.94856=BME1137=911=20170901-16182677821=138=1040=244=1054=155=APPL60=20170901-15:18:26581=11030=I10=159
20170901-15:18:26.951 : 8=FIXT.1.19=18435=849=BME56=DBL52=20170901-15:18:26.95034=1850=TID57=SID37=911=20170901-16182677817=16150=A39=A581=155=APPL54=138=1040=244=10151=1014=060=20170901-15:18:261030=I10=132
20170901-15:18:27.023 : 8=FIXT.1.19=18335=849=BME56=DBL52=20170901-15:18:26.95134=1950=TID57=SID37=911=20170901-16182677817=17150=039=0581=155=APPL54=138=1040=244=0151=1014=060=20170901-15:18:261030=I10=051
20170901-15:18:27.626 : 8=FIXT.1.19=14935=D34=1149=DBL52=20170901-15:18:27.62656=BME1137=911=20170901-161827974221=138=1040=244=1054=155=APPL60=20170901-15:18:27581=11030=I10=205
20170901-15:18:27.629 : 8=FIXT.1.19=18635=849=BME56=DBL52=20170901-15:18:27.62734=2050=TID57=SID37=1011=20170901-161827974217=18150=A39=A581=155=APPL54=138=1040=244=10151=1014=060=20170901-15:18:271030=I10=221
20170901-15:18:27.710 : 8=FIXT.1.19=18535=849=BME56=DBL52=20170901-15:18:27.62834=2150=TID57=SID37=1011=20170901-161827974217=19150=039=0581=155=APPL54=138=1040=244=0151=1014=060=20170901-15:18:271030=I10=140
20170901-15:18:28.267 : 8=FIXT.1.19=14935=D34=1249=DBL52=20170901-15:18:28.26756=BME1137=911=20170901-161828559521=138=1040=244=1054=155=APPL60=20170901-15:18:28581=11030=I10=212
20170901-15:18:28.269 : 8=FIXT.1.19=18635=849=BME56=DBL52=20170901-15:18:28.26734=2250=TID57=SID37=1111=20170901-161828559517=20150=A39=A581=155=APPL54=138=1040=244=10151=1014=060=20170901-15:18:281030=I10=222
20170901-15:18:28.326 : 8=FIXT.1.19=18535=849=BME56=DBL52=20170901-15:18:28.26834=2350=TID57=SID37=1111=20170901-161828559517=21150=039=0581=155=APPL54=138=1040=244=0151=1014=060=20170901-15:18:281030=I10=141
20170901-15:18:28.780 : 8=FIXT.1.19=14935=D34=1349=DBL52=20170901-15:18:28.78056=BME1137=911=20170901-161828974021=138=1040=244=1054=155=APPL60=20170901-15:18:28581=11030=I10=209
20170901-15:18:28.782 : 8=FIXT.1.19=18635=849=BME56=DBL52=20170901-15:18:28.78134=2450=TID57=SID37=1211=20170901-161828974017=22150=A39=A581=155=APPL54=138=1040=244=10151=1014=060=20170901-15:18:281030=I10=224
20170901-15:18:28.842 : 8=FIXT.1.19=18535=849=BME56=DBL52=20170901-15:18:28.78234=2550=TID57=SID37=1211=20170901-161828974017=23150=039=0581=155=APPL54=138=1040=244=0151=1014=060=20170901-15:18:281030=I10=143
20170901-15:18:29.194 : 8=FIXT.1.19=14935=D34=1449=DBL52=20170901-15:18:29.19456=BME1137=911=20170901-161829118421=138=1040=244=1054=155=APPL60=20170901-15:18:29581=11030=I10=206
20170901-15:18:29.196 : 8=FIXT.1.19=18635=849=BME56=DBL52=20170901-15:18:29.19434=2650=TID57=SID37=1311=20170901-161829118417=24150=A39=A581=155=APPL54=138=1040=244=10151=1014=060=20170901-15:18:291030=I10=224
20170901-15:18:29.246 : 8=FIXT.1.19=18535=849=BME56=DBL52=20170901-15:18:29.19634=2750=TID57=SID37=1311=20170901-161829118417=25150=039=0581=155=APPL54=138=1040=244=0151=1014=060=20170901-15:18:291030=I10=144
20170901-15:18:29.500 : 8=FIXT.1.19=14935=D34=1549=DBL52=20170901-15:18:29.50056=BME1137=911=20170901-161829337721=138=1040=244=1054=155=APPL60=20170901-15:18:29581=11030=I10=204
20170901-15:18:29.502 : 8=FIXT.1.19=18635=849=BME56=DBL52=20170901-15:18:29.50134=2850=TID57=SID37=1411=20170901-161829337717=26150=A39=A581=155=APPL54=138=1040=244=10151=1014=060=20170901-15:18:291030=I10=227
20170901-15:18:29.578 : 8=FIXT.1.19=18535=849=BME56=DBL52=20170901-15:18:29.50234=2950=TID57=SID37=1411=20170901-161829337717=27150=039=0581=155=APPL54=138=1040=244=0151=1014=060=20170901-15:18:291030=I10=146
20170901-15:18:29.992 : 8=FIXT.1.19=14935=D34=1649=DBL52=20170901-15:18:29.99256=BME1137=911=20170901-161829187921=138=1040=244=1054=155=APPL60=20170901-15:18:29581=11030=I10=225
20170901-15:18:29.995 : 8=FIXT.1.19=18635=849=BME56=DBL52=20170901-15:18:29.99334=3050=TID57=SID37=1511=20170901-161829187917=28150=A39=A581=155=APPL54=138=1040=244=10151=1014=060=20170901-15:18:291030=I10=243
20170901-15:18:30.046 : 8=FIXT.1.19=18535=849=BME56=DBL52=20170901-15:18:29.99434=3150=TID57=SID37=1511=20170901-161829187917=29150=039=0581=155=APPL54=138=1040=244=0151=1014=060=20170901-15:18:291030=I10=162
20170901-15:18:30.561 : 8=FIXT.1.19=14935=D34=1749=DBL52=20170901-15:18:30.56056=BME1137=911=20170901-161830361621=138=1040=244=1054=155=APPL60=20170901-15:18:30581=11030=I10=184
20170901-15:18:30.563 : 8=FIXT.1.19=18635=849=BME56=DBL52=20170901-15:18:30.56134=3250=TID57=SID37=1611=20170901-161830361617=30150=A39=A581=155=APPL54=138=1040=244=10151=1014=060=20170901-15:18:301030=I10=197
20170901-15:18:30.626 : 8=FIXT.1.19=18535=849=BME56=DBL52=20170901-15:18:30.56234=3350=TID57=SID37=1611=20170901-161830361617=31150=039=0581=155=APPL54=138=1040=244=0151=1014=060=20170901-15:18:301030=I10=116
20170901-15:18:30.892 : 8=FIXT.1.19=14935=D34=1849=DBL52=20170901-15:18:30.88956=BME1137=911=20170901-161830361321=138=1040=244=1054=155=APPL60=20170901-15:18:30581=11030=I10=196
20170901-15:18:30.896 : 8=FIXT.1.19=18635=849=BME56=DBL52=20170901-15:18:30.89334=3450=TID57=SID37=1711=20170901-161830361317=32150=A39=A581=155=APPL54=138=1040=244=10151=1014=060=20170901-15:18:301030=I10=207
20170901-15:18:30.951 : 8=FIXT.1.19=18535=849=BME56=DBL52=20170901-15:18:30.89534=3550=TID57=SID37=1711=20170901-161830361317=33150=039=0581=155=APPL54=138=1040=244=0151=1014=060=20170901-15:18:301030=I10=127
20170901-15:19:00.096 : 8=FIXT.1.19=5035=034=1949=DBL52=20170901-15:19:00.09556=BME10=000
20170901-15:19:01.194 : 8=FIXT.1.19=6435=049=BME56=DBL52=20170901-15:19:01.19434=3650=TID57=SID10=019
20170901-15:19:30.028 : 8=FIXT.1.19=5035=034=2049=DBL52=20170901-15:19:30.02856=BME10=247
20170901-15:19:32.216 : 8=FIXT.1.19=6435=049=BME56=DBL52=20170901-15:19:32.21634=3750=TID57=SID10=019
20170901-15:19:45.742 : 8=FIXT.1.19=17235=F34=2149=DBL52=20170901-15:19:45.74256=BME1137=911=20170901-161945118021=138=1040=241=20170901-161830361344=1054=155=APPL60=20170901-15:19:45581=11030=I10=038
20170901-15:19:45.744 : 8=FIXT.1.19=21135=849=BME56=DBL52=20170901-15:19:45.74234=3850=TID57=SID37=NONE11=20170901-161945118041=20170901-161830361317=34150=639=6581=155=APPL54=138=1040=244=10151=1014=060=20170901-15:19:451030=I10=235
20170901-15:19:45.746 : 8=FIXT.1.19=14835=D34=2249=DBL52=20170901-15:19:45.74656=BME1137=911=20170901-161945411921=138=1040=244=554=155=CSCO60=20170901-15:19:45581=11030=I10=156
20170901-15:19:45.797 : 8=FIXT.1.19=18435=849=BME56=DBL52=20170901-15:19:45.74434=3950=TID57=SID37=1711=20170901-161830361317=35150=439=4581=155=APPL54=138=1040=244=0151=014=060=20170901-15:18:301030=I10=091
20170901-15:19:45.848 : 8=FIXT.1.19=18535=849=BME56=DBL52=20170901-15:19:45.74734=4050=TID57=SID37=1811=20170901-161945411917=36150=A39=A581=155=CSCO54=138=1040=244=5151=1014=060=20170901-15:19:451030=I10=180
20170901-15:19:45.893 : 8=FIXT.1.19=18535=849=BME56=DBL52=20170901-15:19:45.74834=4150=TID57=SID37=1811=20170901-161945411917=37150=039=0581=155=CSCO54=138=1040=244=0151=1014=060=20170901-15:19:451030=I10=144
20170901-15:20:15.414 : 8=FIXT.1.19=5035=034=2349=DBL52=20170901-15:20:15.41456=BME10=244
20170901-15:20:16.253 : 8=FIXT.1.19=6435=049=BME56=DBL52=20170901-15:20:16.25334=4250=TID57=SID10=010
20170901-15:20:43.892 : 8=FIXT.1.19=17235=F34=2449=DBL52=20170901-15:20:43.89156=BME1137=911=20170901-162043240221=138=1040=241=20170901-161830361644=1054=155=APPL60=20170901-15:20:43581=11030=I10=017
20170901-15:20:43.894 : 8=FIXT.1.19=21135=849=BME56=DBL52=20170901-15:20:43.89234=4350=TID57=SID37=NONE11=20170901-162043240241=20170901-161830361617=38150=639=6581=155=APPL54=138=1040=244=10151=1014=060=20170901-15:20:431030=I10=212
20170901-15:20:43.901 : 8=FIXT.1.19=14935=D34=2549=DBL52=20170901-15:20:43.90156=BME1137=911=20170901-162043246821=138=1040=244=1054=255=CSCO60=20170901-15:20:43581=11030=I10=173
20170901-15:20:43.967 : 8=FIXT.1.19=18435=849=BME56=DBL52=20170901-15:20:43.89334=4450=TID57=SID37=1611=20170901-161830361617=39150=439=4581=155=APPL54=138=1040=244=0151=014=060=20170901-15:18:301030=I10=088
20170901-15:20:44.039 : 8=FIXT.1.19=18635=849=BME56=DBL52=20170901-15:20:43.90134=4550=TID57=SID37=1911=20170901-162043246817=40150=A39=A581=155=CSCO54=238=1040=244=10151=1014=060=20170901-15:20:431030=I10=194
20170901-15:20:44.106 : 8=FIXT.1.19=18535=849=BME56=DBL52=20170901-15:20:43.90234=4650=TID57=SID37=1911=20170901-162043246817=41150=039=0581=155=CSCO54=238=1040=244=0151=1014=060=20170901-15:20:431030=I10=113
20170901-15:21:13.035 : 8=FIXT.1.19=5035=034=2649=DBL52=20170901-15:21:13.03556=BME10=245
20170901-15:21:14.306 : 8=FIXT.1.19=6435=049=BME56=DBL52=20170901-15:21:14.30634=4750=TID57=SID10=013
20170901-15:21:43.595 : 8=FIXT.1.19=5035=034=2749=DBL52=20170901-15:21:43.59556=BME10=004
20170901-15:21:45.339 : 8=FIXT.1.19=6435=049=BME56=DBL52=20170901-15:21:45.33934=4850=TID57=SID10=024
20170901-15:21:56.333 : 8=FIXT.1.19=17135=F34=2849=DBL52=20170901-15:21:56.33356=BME1137=911=20170901-16215650621=138=1040=241=20170901-161829187944=1054=155=APPL60=20170901-15:21:56581=11030=I10=254
20170901-15:21:56.336 : 8=FIXT.1.19=21035=849=BME56=DBL52=20170901-15:21:56.33334=4950=TID57=SID37=NONE11=20170901-16215650641=20170901-161829187917=42150=639=6581=155=APPL54=138=1040=244=10151=1014=060=20170901-15:21:561030=I10=189
20170901-15:21:56.338 : 8=FIXT.1.19=14735=D34=2949=DBL52=20170901-15:21:56.33756=BME1137=911=20170901-162156674621=138=540=244=554=155=APPL60=20170901-15:21:56581=11030=I10=112
20170901-15:21:56.419 : 8=FIXT.1.19=18435=849=BME56=DBL52=20170901-15:21:56.33534=5050=TID57=SID37=1511=20170901-161829187917=43150=439=4581=155=APPL54=138=1040=244=0151=014=060=20170901-15:18:291030=I10=100
20170901-15:21:56.461 : 8=FIXT.1.19=18335=849=BME56=DBL52=20170901-15:21:56.33834=5150=TID57=SID37=2011=20170901-162156674617=44150=A39=A581=155=APPL54=138=540=244=5151=514=060=20170901-15:21:561030=I10=078
20170901-15:21:56.502 : 8=FIXT.1.19=18335=849=BME56=DBL52=20170901-15:21:56.33934=5250=TID57=SID37=2011=20170901-162156674617=45150=039=0581=155=APPL54=138=540=244=0151=514=060=20170901-15:21:561030=I10=042
20170901-15:22:26.075 : 8=FIXT.1.19=5035=034=3049=DBL52=20170901-15:22:26.07556=BME10=249
20170901-15:22:27.377 : 8=FIXT.1.19=6435=049=BME56=DBL52=20170901-15:22:27.37734=5350=TID57=SID10=023
20170901-15:22:56.120 : 8=FIXT.1.19=5035=034=3149=DBL52=20170901-15:22:56.11956=BME10=252
20170901-15:22:58.400 : 8=FIXT.1.19=6435=049=BME56=DBL52=20170901-15:22:58.40034=5450=TID57=SID10=015
20170901-15:23:20.445 : 8=FIXT.1.19=17235=F34=3249=DBL52=20170901-15:23:20.44356=BME1137=911=20170901-162320253321=138=1040=241=20170901-161829337744=1054=155=APPL60=20170901-15:23:20581=11030=I10=020
20170901-15:23:20.453 : 8=FIXT.1.19=21135=849=BME56=DBL52=20170901-15:23:20.44534=5550=TID57=SID37=NONE11=20170901-162320253341=20170901-161829337717=46150=639=6581=155=APPL54=138=1040=244=10151=1014=060=20170901-15:23:201030=I10=219
20170901-15:23:20.461 : 8=FIXT.1.19=14835=D34=3349=DBL52=20170901-15:23:20.46156=BME1137=911=20170901-162320299221=138=540=244=1054=255=APPL60=20170901-15:23:20581=11030=I10=129
20170901-15:23:20.514 : 8=FIXT.1.19=18435=849=BME56=DBL52=20170901-15:23:20.44634=5650=TID57=SID37=1411=20170901-161829337717=47150=439=4581=155=APPL54=138=1040=244=0151=014=060=20170901-15:18:291030=I10=100
20170901-15:23:20.585 : 8=FIXT.1.19=18435=849=BME56=DBL52=20170901-15:23:20.46234=5750=TID57=SID37=2111=20170901-162320299217=48150=A39=A581=155=APPL54=238=540=244=10151=514=060=20170901-15:23:201030=I10=111
20170901-15:23:20.613 : 8=FIXT.1.19=18335=849=BME56=DBL52=20170901-15:23:20.46334=5850=TID57=SID37=2111=20170901-162320299217=49150=039=0581=155=APPL54=238=540=244=0151=514=060=20170901-15:23:201030=I10=030
20170901-15:23:20.639 : 8=FIXT.1.19=18435=849=BME56=DBL52=20170901-15:23:20.46334=5950=TID57=SID37=2111=20170901-162320299217=50150=F39=2581=155=APPL54=238=540=244=10151=014=560=20170901-15:23:201030=I10=097
20170901-15:23:20.705 : 8=FIXT.1.19=18435=849=BME56=DBL52=20170901-15:23:20.46334=6050=TID57=SID37=111=20170901-161813661717=51150=F39=1581=155=APPL54=138=1040=244=10151=514=560=20170901-15:18:131030=I10=097
20170901-15:23:50.202 : 8=FIXT.1.19=5035=034=3449=DBL52=20170901-15:23:50.20156=BME10=242
20170901-15:23:51.445 : 8=FIXT.1.19=6435=049=BME56=DBL52=20170901-15:23:51.44534=6150=TID57=SID10=016
20170901-15:24:20.396 : 8=FIXT.1.19=5035=034=3549=DBL52=20170901-15:24:20.39656=BME10=000
20170901-15:24:22.471 : 8=FIXT.1.19=6435=049=BME56=DBL52=20170901-15:24:22.47134=6250=TID57=SID10=015
20170901-15:24:33.355 : 8=FIXT.1.19=17235=F34=3649=DBL52=20170901-15:24:33.35556=BME1137=911=20170901-162433619721=138=1040=241=20170901-161828974044=1054=155=APPL60=20170901-15:24:33581=11030=I10=050
20170901-15:24:33.358 : 8=FIXT.1.19=21135=849=BME56=DBL52=20170901-15:24:33.35634=6350=TID57=SID37=NONE11=20170901-162433619741=20170901-161828974017=52150=639=6581=155=APPL54=138=1040=244=10151=1014=060=20170901-15:24:331030=I10=240
20170901-15:24:33.359 : 8=FIXT.1.19=14835=D34=3749=DBL52=20170901-15:24:33.35956=BME1137=911=20170901-162433335621=138=1040=244=554=155=APPL60=20170901-15:24:33581=11030=I10=148
20170901-15:24:33.412 : 8=FIXT.1.19=18435=849=BME56=DBL52=20170901-15:24:33.35734=6450=TID57=SID37=1211=20170901-161828974017=53150=439=4581=155=APPL54=138=1040=244=0151=014=060=20170901-15:18:281030=I10=098
20170901-15:24:33.467 : 8=FIXT.1.19=18535=849=BME56=DBL52=20170901-15:24:33.36034=6550=TID57=SID37=2211=20170901-162433335617=54150=A39=A581=155=APPL54=138=1040=244=5151=1014=060=20170901-15:24:331030=I10=159
20170901-15:24:33.529 : 8=FIXT.1.19=18535=849=BME56=DBL52=20170901-15:24:33.36134=6650=TID57=SID37=2211=20170901-162433335617=55150=039=0581=155=APPL54=138=1040=244=0151=1014=060=20170901-15:24:331030=I10=123
20170901-15:25:03.035 : 8=FIXT.1.19=5035=034=3849=DBL52=20170901-15:25:03.03556=BME10=251
20170901-15:25:04.506 : 8=FIXT.1.19=6435=049=BME56=DBL52=20170901-15:25:04.50434=6750=TID57=SID10=018
20170901-15:25:26.509 : 8=FIXT.1.19=14935=D34=3949=DBL52=20170901-15:25:26.50956=BME1137=911=20170901-162526414521=138=1040=244=1054=055=APPL60=20170901-15:25:26581=11030=I10=197
20170901-15:25:26.510 : 8=FIXT.1.19=9235=349=BME56=DBL52=20170901-15:25:26.50934=6850=TID57=SID45=39373=658=Invalid Side10=091
20170901-15:25:28.634 : 8=FIXT.1.19=14935=D34=4049=DBL52=20170901-15:25:28.63356=BME1137=911=20170901-162528464221=138=1040=244=1054=055=APPL60=20170901-15:25:28581=11030=I10=195
20170901-15:25:28.635 : 8=FIXT.1.19=9235=349=BME56=DBL52=20170901-15:25:28.63434=6950=TID57=SID45=40373=658=Invalid Side10=085
20170901-15:25:30.096 : 8=FIXT.1.19=14935=D34=4149=DBL52=20170901-15:25:30.09456=BME1137=911=20170901-162530827021=138=1040=244=1054=055=APPL60=20170901-15:25:30581=11030=I10=177
20170901-15:25:30.098 : 8=FIXT.1.19=9235=349=BME56=DBL52=20170901-15:25:30.09634=7050=TID57=SID45=41373=658=Invalid Side10=073
20170901-15:25:30.904 : 8=FIXT.1.19=14935=D34=4249=DBL52=20170901-15:25:30.90356=BME1137=911=20170901-162530183221=138=1040=244=1054=055=APPL60=20170901-15:25:30581=11030=I10=174
20170901-15:25:30.905 : 8=FIXT.1.19=9235=349=BME56=DBL52=20170901-15:25:30.90434=7150=TID57=SID45=42373=658=Invalid Side10=073
20170901-15:25:31.752 : 8=FIXT.1.19=14835=D34=4349=DBL52=20170901-15:25:31.75256=BME1137=911=20170901-16253164821=138=1040=244=1054=055=APPL60=20170901-15:25:31581=11030=I10=135
20170901-15:25:31.753 : 8=FIXT.1.19=9235=349=BME56=DBL52=20170901-15:25:31.75234=7250=TID57=SID45=43373=658=Invalid Side10=077
20170901-15:25:32.514 : 8=FIXT.1.19=14935=D34=4449=DBL52=20170901-15:25:32.51456=BME1137=911=20170901-162532688821=138=1040=244=1054=055=APPL60=20170901-15:25:32581=11030=I10=196
20170901-15:25:32.515 : 8=FIXT.1.19=9235=349=BME56=DBL52=20170901-15:25:32.51534=7350=TID57=SID45=44373=658=Invalid Side10=077
20170901-15:25:33.527 : 8=FIXT.1.19=14935=D34=4549=DBL52=20170901-15:25:33.52656=BME1137=911=20170901-162533704221=138=1040=244=1054=055=APPL60=20170901-15:25:33581=11030=I10=186
20170901-15:25:33.528 : 8=FIXT.1.19=9235=349=BME56=DBL52=20170901-15:25:33.52834=7450=TID57=SID45=45373=658=Invalid Side10=084
20170901-15:25:34.694 : 8=FIXT.1.19=14935=D34=4649=DBL52=20170901-15:25:34.69456=BME1137=911=20170901-162534682721=138=1040=244=1054=055=APPL60=20170901-15:25:34581=11030=I10=206
20170901-15:25:34.695 : 8=FIXT.1.19=9235=349=BME56=DBL52=20170901-15:25:34.69434=7550=TID57=SID45=46373=658=Invalid Side10=091
20170901-15:25:35.729 : 8=FIXT.1.19=14935=D34=4749=DBL52=20170901-15:25:35.72856=BME1137=911=20170901-162535697921=138=1040=244=1054=055=APPL60=20170901-15:25:35581=11030=I10=216
20170901-15:25:35.730 : 8=FIXT.1.19=9235=349=BME56=DBL52=20170901-15:25:35.72934=7650=TID57=SID45=47373=658=Invalid Side10=093
20170901-15:26:05.378 : 8=FIXT.1.19=9835=A34=149=DBL50=SID52=20170901-15:26:05.37756=BME57=TID98=0108=30141=Y1137=41408=T4.010=109
20170901-15:26:05.381 : 8=FIXT.1.19=9835=A49=BME56=DBL52=20170901-15:26:05.37934=150=TID57=SID98=0108=30141=Y1137=91408=T4.010=116
20170901-15:26:15.869 : 8=FIXT.1.19=14835=D34=249=DBL52=20170901-15:26:15.86956=BME1137=911=20170901-162615953621=138=1040=244=1054=055=APPL60=20170901-15:26:15581=11030=I10=153
20170901-15:26:15.870 : 8=FIXT.1.19=9035=349=BME56=DBL52=20170901-15:26:15.86934=250=TID57=SID45=2373=658=Invalid Side10=235
20170901-15:26:18.101 : 8=FIXT.1.19=14835=D34=349=DBL52=20170901-15:26:18.09556=BME1137=911=20170901-162618523521=138=1040=244=1054=055=APPL60=20170901-15:26:18581=11030=I10=146
20170901-15:26:18.105 : 8=FIXT.1.19=9035=349=BME56=DBL52=20170901-15:26:18.10234=350=TID57=SID45=3373=658=Invalid Side10=220
20170901-15:26:20.511 : 8=FIXT.1.19=14835=D34=449=DBL52=20170901-15:26:20.50856=BME1137=911=20170901-162620516921=138=1040=244=1054=055=APPL60=20170901-15:26:20581=11030=I10=131
20170901-15:26:20.513 : 8=FIXT.1.19=9035=349=BME56=DBL52=20170901-15:26:20.51234=450=TID57=SID45=4373=658=Invalid Side10=220
20170901-15:26:21.611 : 8=FIXT.1.19=14835=D34=549=DBL52=20170901-15:26:21.61156=BME1137=911=20170901-162621135021=138=1040=244=1054=055=APPL60=20170901-15:26:21581=11030=I10=118
20170901-15:26:21.612 : 8=FIXT.1.19=9035=349=BME56=DBL52=20170901-15:26:21.61134=550=TID57=SID45=5373=658=Invalid Side10=223
20170901-15:26:22.964 : 8=FIXT.1.19=14835=D34=649=DBL52=20170901-15:26:22.96456=BME1137=911=20170901-162622794421=138=1040=244=1054=055=APPL60=20170901-15:26:22581=11030=I10=148
20170901-15:26:22.966 : 8=FIXT.1.19=9035=349=BME56=DBL52=20170901-15:26:22.96534=650=TID57=SID45=6373=658=Invalid Side10=238
20170901-15:26:23.719 : 8=FIXT.1.19=14835=D34=749=DBL52=20170901-15:26:23.71956=BME1137=911=20170901-162623136621=138=1040=244=1054=055=APPL60=20170901-15:26:23581=11030=I10=142
20170901-15:26:23.720 : 8=FIXT.1.19=9035=349=BME56=DBL52=20170901-15:26:23.71934=750=TID57=SID45=7373=658=Invalid Side10=238
20170901-15:26:24.322 : 8=FIXT.1.19=14835=D34=849=DBL52=20170901-15:26:24.32256=BME1137=911=20170901-162624890321=138=1040=244=1054=055=APPL60=20170901-15:26:24581=11030=I10=140
20170901-15:26:24.324 : 8=FIXT.1.19=9035=349=BME56=DBL52=20170901-15:26:24.32334=850=TID57=SID45=8373=658=Invalid Side10=232
20170901-15:26:25.193 : 8=FIXT.1.19=14835=D34=949=DBL52=20170901-15:26:25.19356=BME1137=911=20170901-162625639121=138=1040=244=1054=055=APPL60=20170901-15:26:25581=11030=I10=149
20170901-15:26:25.195 : 8=FIXT.1.19=9035=349=BME56=DBL52=20170901-15:26:25.19434=950=TID57=SID45=9373=658=Invalid Side10=241
20170901-15:26:55.427 : 8=FIXT.1.19=5035=034=1049=DBL52=20170901-15:26:55.42756=BME10=254
20170901-15:26:56.433 : 8=FIXT.1.19=6435=049=BME56=DBL52=20170901-15:26:56.43334=1050=TID57=SID10=015
20170901-15:27:05.788 : 8=FIXT.1.19=14935=D34=1149=DBL52=20170901-15:27:05.78856=BME1137=911=20170901-162705672121=138=1040=244=1054=255=APPL60=20170901-15:27:05581=11030=I10=197
20170901-15:27:05.791 : 8=FIXT.1.19=18435=849=BME56=DBL52=20170901-15:27:05.78834=1150=TID57=SID37=911=20170901-162705672117=0150=A39=A581=155=APPL54=238=1040=244=10151=1014=060=20170901-15:27:051030=I10=113
20170901-15:27:05.877 : 8=FIXT.1.19=18335=849=BME56=DBL52=20170901-15:27:05.79034=1250=TID57=SID37=911=20170901-162705672117=1150=039=0581=155=APPL54=238=1040=244=0151=1014=060=20170901-15:27:051030=I10=024
20170901-15:27:05.927 : 8=FIXT.1.19=18335=849=BME56=DBL52=20170901-15:27:05.79034=1350=TID57=SID37=911=20170901-162705672117=2150=F39=1581=155=APPL54=238=1040=244=10151=514=560=20170901-15:27:051030=I10=059
20170901-15:27:06.014 : 8=FIXT.1.19=18435=849=BME56=DBL52=20170901-15:27:05.79034=1450=TID57=SID37=911=20170901-162705672117=3150=F39=2581=155=APPL54=238=1040=244=10151=014=1060=20170901-15:27:051030=I10=102
20170901-15:28:34.584 : 8=FIXT.1.19=9835=A34=149=DBL50=SID52=20170901-15:28:34.58456=BME57=TID98=0108=30141=Y1137=41408=T4.010=113
20170901-15:28:34.586 : 8=FIXT.1.19=9835=A49=BME56=DBL52=20170901-15:28:34.58634=150=TID57=SID98=0108=30141=Y1137=91408=T4.010=120
20170901-15:28:36.555 : 8=FIXT.1.19=14835=D34=249=DBL52=20170901-15:28:36.55556=BME1137=911=20170901-162836825821=138=1040=244=1054=055=APPL60=20170901-15:28:36581=11030=I10=160
20170901-15:28:36.557 : 8=FIXT.1.19=9035=349=BME56=DBL52=20170901-15:28:36.55634=250=TID57=SID45=2373=658=Invalid Side10=233
20170901-15:28:38.555 : 8=FIXT.1.19=14835=D34=349=DBL52=20170901-15:28:38.55556=BME1137=911=20170901-162838346321=138=1040=244=1054=055=APPL60=20170901-15:28:38581=11030=I10=160
20170901-15:28:38.558 : 8=FIXT.1.19=9035=349=BME56=DBL52=20170901-15:28:38.55534=350=TID57=SID45=3373=658=Invalid Side10=236
20170901-15:28:40.135 : 8=FIXT.1.19=14835=D34=449=DBL52=20170901-15:28:40.13556=BME1137=911=20170901-162840748021=138=1040=244=1054=055=APPL60=20170901-15:28:40581=11030=I10=137
20170901-15:28:40.136 : 8=FIXT.1.19=9035=349=BME56=DBL52=20170901-15:28:40.13534=450=TID57=SID45=4373=658=Invalid Side10=225
20170901-15:28:41.816 : 8=FIXT.1.19=14835=D34=549=DBL52=20170901-15:28:41.81656=BME1137=911=20170901-162841212121=138=1040=244=1054=055=APPL60=20170901-15:28:41581=11030=I10=134
20170901-15:28:41.818 : 8=FIXT.1.19=9035=349=BME56=DBL52=20170901-15:28:41.81634=550=TID57=SID45=5373=658=Invalid Side10=234
20170901-15:28:43.230 : 8=FIXT.1.19=14835=D34=649=DBL52=20170901-15:28:43.23056=BME1137=911=20170901-162843971021=138=1040=244=1054=055=APPL60=20170901-15:28:43581=11030=I10=142
20170901-15:28:43.231 : 8=FIXT.1.19=9035=349=BME56=DBL52=20170901-15:28:43.23034=650=TID57=SID45=6373=658=Invalid Side10=228
20170901-15:28:44.007 : 8=FIXT.1.19=14835=D34=749=DBL52=20170901-15:28:44.00756=BME1137=911=20170901-162844967421=138=1040=244=1054=055=APPL60=20170901-15:28:44581=11030=I10=157
20170901-15:28:44.009 : 8=FIXT.1.19=9035=349=BME56=DBL52=20170901-15:28:44.00834=750=TID57=SID45=7373=658=Invalid Side10=234
20170901-15:28:44.666 : 8=FIXT.1.19=14835=D34=849=DBL52=20170901-15:28:44.66656=BME1137=911=20170901-162844836921=138=1040=244=1054=055=APPL60=20170901-15:28:44581=11030=I10=169
20170901-15:28:44.667 : 8=FIXT.1.19=9035=349=BME56=DBL52=20170901-15:28:44.66734=850=TID57=SID45=8373=658=Invalid Side10=247
20170901-15:28:45.531 : 8=FIXT.1.19=14835=D34=949=DBL52=20170901-15:28:45.53156=BME1137=911=20170901-162845506021=138=1040=244=1054=055=APPL60=20170901-15:28:45581=11030=I10=149
20170901-15:28:45.532 : 8=FIXT.1.19=9035=349=BME56=DBL52=20170901-15:28:45.53134=950=TID57=SID45=9373=658=Invalid Side10=240
20170901-15:28:46.363 : 8=FIXT.1.19=14835=D34=1049=DBL52=20170901-15:28:46.35756=BME1137=911=20170901-16284668921=138=1040=244=1054=055=APPL60=20170901-15:28:46581=11030=I10=162
20170901-15:28:46.367 : 8=FIXT.1.19=9235=349=BME56=DBL52=20170901-15:28:46.36334=1050=TID57=SID45=10373=658=Invalid Side10=070
20170901-15:28:47.396 : 8=FIXT.1.19=14935=D34=1149=DBL52=20170901-15:28:47.39556=BME1137=911=20170901-162847356621=138=1040=244=1054=055=APPL60=20170901-15:28:47581=11030=I10=214
20170901-15:28:47.398 : 8=FIXT.1.19=9235=349=BME56=DBL52=20170901-15:28:47.39634=1150=TID57=SID45=11373=658=Invalid Side10=079
20170901-15:28:48.321 : 8=FIXT.1.19=14935=D34=1249=DBL52=20170901-15:28:48.32156=BME1137=911=20170901-162848620921=138=1040=244=1054=055=APPL60=20170901-15:28:48581=11030=I10=204
20170901-15:28:48.323 : 8=FIXT.1.19=9235=349=BME56=DBL52=20170901-15:28:48.32234=1250=TID57=SID45=12373=658=Invalid Side10=071
20170901-15:28:49.688 : 8=FIXT.1.19=14935=D34=1349=DBL52=20170901-15:28:49.67756=BME1137=911=20170901-162849261521=138=1040=244=1054=055=APPL60=20170901-15:28:49581=11030=I10=219
20170901-15:28:49.689 : 8=FIXT.1.19=9235=349=BME56=DBL52=20170901-15:28:49.68834=1350=TID57=SID45=13373=658=Invalid Side10=089
20170901-15:28:52.488 : 8=FIXT.1.19=14935=D34=1449=DBL52=20170901-15:28:52.48756=BME1137=911=20170901-162852749021=138=1040=244=1054=055=APPL60=20170901-15:28:52581=11030=I10=207
20170901-15:28:52.489 : 8=FIXT.1.19=9235=349=BME56=DBL52=20170901-15:28:52.48834=1450=TID57=SID45=14373=658=Invalid Side10=083
20170901-15:28:53.353 : 8=FIXT.1.19=14935=D34=1549=DBL52=20170901-15:28:53.35356=BME1137=911=20170901-162853782521=138=1040=244=1054=055=APPL60=20170901-15:28:53581=11030=I10=205
20170901-15:28:53.354 : 8=FIXT.1.19=9235=349=BME56=DBL52=20170901-15:28:53.35334=1550=TID57=SID45=15373=658=Invalid Side10=077
20170901-15:28:54.313 : 8=FIXT.1.19=14935=D34=1649=DBL52=20170901-15:28:54.31356=BME1137=911=20170901-162854441321=138=1040=244=1054=055=APPL60=20170901-15:28:54581=11030=I10=195
20170901-15:28:54.314 : 8=FIXT.1.19=9235=349=BME56=DBL52=20170901-15:28:54.31334=1650=TID57=SID45=16373=658=Invalid Side10=076
20170901-15:28:55.203 : 8=FIXT.1.19=14935=D34=1749=DBL52=20170901-15:28:55.20356=BME1137=911=20170901-162855305021=138=1040=244=1054=055=APPL60=20170901-15:28:55581=11030=I10=193
20170901-15:28:55.205 : 8=FIXT.1.19=9235=349=BME56=DBL52=20170901-15:28:55.20434=1750=TID57=SID45=17373=658=Invalid Side10=078
20170901-15:28:56.731 : 8=FIXT.1.19=14935=D34=1849=DBL52=20170901-15:28:56.73156=BME1137=911=20170901-162856887521=138=1040=244=1054=055=APPL60=20170901-15:28:56581=11030=I10=223
20170901-15:28:56.732 : 8=FIXT.1.19=9235=349=BME56=DBL52=20170901-15:28:56.73134=1850=TID57=SID45=18373=658=Invalid Side10=086
20170901-15:29:11.278 : 8=FIXT.1.19=14935=D34=1949=DBL52=20170901-15:29:11.27656=BME1137=911=20170901-162911544821=138=1040=244=1054=055=APPL60=20170901-15:29:11581=11030=I10=197
20170901-15:29:11.281 : 8=FIXT.1.19=9235=349=BME56=DBL52=20170901-15:29:11.27834=1950=TID57=SID45=19373=658=Invalid Side10=086
20170901-15:29:34.785 : 8=FIXT.1.19=14935=D34=2049=DBL52=20170901-15:29:34.78556=BME1137=911=20170901-162934800521=138=1040=244=1054=255=APPL60=20170901-15:29:34581=11030=I10=203
20170901-15:29:34.788 : 8=FIXT.1.19=18535=849=BME56=DBL52=20170901-15:29:34.78634=2050=TID57=SID37=1911=20170901-162934800517=0150=A39=A581=155=APPL54=238=1040=244=10151=1014=060=20170901-15:29:341030=I10=170
20170901-15:29:34.837 : 8=FIXT.1.19=18435=849=BME56=DBL52=20170901-15:29:34.78734=2150=TID57=SID37=1911=20170901-162934800517=1150=039=0581=155=APPL54=238=1040=244=0151=1014=060=20170901-15:29:341030=I10=089
20170901-15:29:53.350 : 8=FIXT.1.19=14935=D34=2149=DBL52=20170901-15:29:53.34056=BME1137=911=20170901-162953677421=138=1040=244=1054=055=APPL60=20170901-15:29:53581=11030=I10=203
20170901-15:29:53.353 : 8=FIXT.1.19=9235=349=BME56=DBL52=20170901-15:29:53.35134=2250=TID57=SID45=21373=658=Invalid Side10=071
20170901-15:29:55.301 : 8=FIXT.1.19=14935=D34=2249=DBL52=20170901-15:29:55.30156=BME1137=911=20170901-162955309721=138=1040=244=1054=055=APPL60=20170901-15:29:55581=11030=I10=202
20170901-15:29:55.302 : 8=FIXT.1.19=9235=349=BME56=DBL52=20170901-15:29:55.30134=2350=TID57=SID45=22373=658=Invalid Side10=070
20170901-15:29:56.954 : 8=FIXT.1.19=14935=D34=2349=DBL52=20170901-15:29:56.95456=BME1137=911=20170901-162956804521=138=1040=244=1054=055=APPL60=20170901-15:29:56581=11030=I10=218
20170901-15:29:56.958 : 8=FIXT.1.19=9235=349=BME56=DBL52=20170901-15:29:56.95534=2450=TID57=SID45=23373=658=Invalid Side10=088
20170901-15:29:57.696 : 8=FIXT.1.19=14935=D34=2449=DBL52=20170901-15:29:57.69656=BME1137=911=20170901-162957540321=138=1040=244=1054=055=APPL60=20170901-15:29:57581=11030=I10=220
20170901-15:29:57.697 : 8=FIXT.1.19=9235=349=BME56=DBL52=20170901-15:29:57.69634=2550=TID57=SID45=24373=658=Invalid Side10=093
20170901-15:30:01.167 : 8=FIXT.1.19=14935=D34=2549=DBL52=20170901-15:30:01.16656=BME1137=911=20170901-163001682621=138=1040=244=1054=055=APPL60=20170901-15:30:01581=11030=I10=166
20170901-15:30:01.168 : 8=FIXT.1.19=9235=349=BME56=DBL52=20170901-15:30:01.16734=2650=TID57=SID45=25373=658=Invalid Side10=069
20170901-15:30:12.427 : 8=FIXT.1.19=14935=D34=2649=DBL52=20170901-15:30:12.42756=BME1137=911=20170901-163012836321=138=1040=244=1054=055=APPL60=20170901-15:30:12581=11030=I10=171
20170901-15:30:12.430 : 8=FIXT.1.19=9235=349=BME56=DBL52=20170901-15:30:12.42834=2750=TID57=SID45=26373=658=Invalid Side10=073
20170901-15:30:13.937 : 8=FIXT.1.19=14935=D34=2749=DBL52=20170901-15:30:13.93756=BME1137=911=20170901-163013469721=138=1040=244=1054=055=APPL60=20170901-15:30:13581=11030=I10=187
20170901-15:30:13.939 : 8=FIXT.1.19=9235=349=BME56=DBL52=20170901-15:30:13.93834=2850=TID57=SID45=27373=658=Invalid Side10=082
20170901-15:30:34.141 : 8=FIXT.1.19=9835=A34=149=DBL50=SID52=20170901-15:30:34.14156=BME57=TID98=0108=30141=Y1137=41408=T4.010=095
20170901-15:30:34.144 : 8=FIXT.1.19=9835=A49=BME56=DBL52=20170901-15:30:34.14434=150=TID57=SID98=0108=30141=Y1137=91408=T4.010=103
20170901-15:31:18.919 : 8=FIXT.1.19=9835=A34=149=DBL50=SID52=20170901-15:31:18.91856=BME57=TID98=0108=30141=Y1137=41408=T4.010=110
20170901-15:31:18.920 : 8=FIXT.1.19=9835=A49=BME56=DBL52=20170901-15:31:18.91934=150=TID57=SID98=0108=30141=Y1137=91408=T4.010=116
20170901-15:31:48.736 : 8=FIXT.1.19=4935=034=249=DBL52=20170901-15:31:48.73656=BME10=216
20170901-15:31:49.955 : 8=FIXT.1.19=6335=049=BME56=DBL52=20170901-15:31:49.95534=250=TID57=SID10=230
20170901-15:31:54.151 : 8=FIXT.1.19=14835=D34=349=DBL52=20170901-15:31:54.15156=BME1137=911=20170901-163154913421=138=1040=244=1054=055=APPL60=20170901-15:31:54581=11030=I10=129
20170901-15:31:54.152 : 8=FIXT.1.19=9035=349=BME56=DBL52=20170901-15:31:54.15134=350=TID57=SID45=3373=658=Invalid Side10=220
20170901-15:31:57.041 : 8=FIXT.1.19=14735=D34=449=DBL52=20170901-15:31:57.04156=BME1137=911=20170901-16315785221=138=1040=244=1054=055=APPL60=20170901-15:31:57581=11030=I10=086
20170901-15:31:57.042 : 8=FIXT.1.19=9035=349=BME56=DBL52=20170901-15:31:57.04134=450=TID57=SID45=4373=658=Invalid Side10=223
20170901-15:31:58.554 : 8=FIXT.1.19=14835=D34=549=DBL52=20170901-15:31:58.55456=BME1137=911=20170901-163158192221=138=1040=244=1054=055=APPL60=20170901-15:31:58581=11030=I10=147
20170901-15:31:58.555 : 8=FIXT.1.19=9035=349=BME56=DBL52=20170901-15:31:58.55534=550=TID57=SID45=5373=658=Invalid Side10=236
20170901-15:31:59.502 : 8=FIXT.1.19=14735=D34=649=DBL52=20170901-15:31:59.50256=BME1137=911=20170901-16315915121=138=1040=244=1054=055=APPL60=20170901-15:31:59581=11030=I10=088
20170901-15:31:59.504 : 8=FIXT.1.19=9035=349=BME56=DBL52=20170901-15:31:59.50234=650=TID57=SID45=6373=658=Invalid Side10=231
20170901-15:32:00.960 : 8=FIXT.1.19=14735=D34=749=DBL52=20170901-15:32:00.96056=BME1137=911=20170901-16320031921=138=1040=244=1054=055=APPL60=20170901-15:32:00581=11030=I10=064
20170901-15:32:00.962 : 8=FIXT.1.19=9035=349=BME56=DBL52=20170901-15:32:00.96134=750=TID57=SID45=7373=658=Invalid Side10=229
20170901-15:32:02.476 : 8=FIXT.1.19=14835=D34=849=DBL52=20170901-15:32:02.47456=BME1137=911=20170901-163202324521=138=1040=244=1054=055=APPL60=20170901-15:32:02581=11030=I10=121
20170901-15:32:02.477 : 8=FIXT.1.19=9035=349=BME56=DBL52=20170901-15:32:02.47634=850=TID57=SID45=8373=658=Invalid Side10=234
20170901-15:32:32.366 : 8=FIXT.1.19=4935=034=949=DBL52=20170901-15:32:32.36656=BME10=216
20170901-15:32:33.997 : 8=FIXT.1.19=6335=049=BME56=DBL52=20170901-15:32:33.99734=950=TID57=SID10=237
20170901-15:32:45.570 : 8=FIXT.1.19=14835=D34=1049=DBL52=20170901-15:32:45.56456=BME1137=911=20170901-16324522021=138=1040=244=1054=055=APPL60=20170901-15:32:45581=11030=I10=125
20170901-15:32:45.573 : 8=FIXT.1.19=9235=349=BME56=DBL52=20170901-15:32:45.57034=1050=TID57=SID45=10373=658=Invalid Side10=064
20170901-15:32:49.039 : 8=FIXT.1.19=14935=D34=1149=DBL52=20170901-15:32:49.03956=BME1137=911=20170901-163249138721=138=1040=244=1054=055=APPL60=20170901-15:32:49581=11030=I10=199
20170901-15:32:49.040 : 8=FIXT.1.19=9235=349=BME56=DBL52=20170901-15:32:49.03934=1150=TID57=SID45=11373=658=Invalid Side10=070
20170901-15:33:19.105 : 8=FIXT.1.19=5035=034=1249=DBL52=20170901-15:33:19.10556=BME10=247
20170901-15:33:20.048 : 8=FIXT.1.19=6435=049=BME56=DBL52=20170901-15:33:20.04734=1250=TID57=SID10=007
20170901-15:33:49.209 : 8=FIXT.1.19=5035=034=1349=DBL52=20170901-15:33:49.20856=BME10=255
20170901-15:33:51.078 : 8=FIXT.1.19=6435=049=BME56=DBL52=20170901-15:33:51.07834=1350=TID57=SID10=016
20170901-15:33:53.104 : 8=FIXT.1.19=14935=D34=1449=DBL52=20170901-15:33:53.10456=BME1137=911=20170901-163353689721=138=1040=244=1054=055=APPL60=20170901-15:33:53581=11030=I10=194
20170901-15:33:53.105 : 8=FIXT.1.19=9235=349=BME56=DBL52=20170901-15:33:53.10434=1450=TID57=SID45=14373=658=Invalid Side10=065
20170901-15:34:04.818 : 8=FIXT.1.19=14935=D34=1549=DBL52=20170901-15:34:04.81856=BME1137=911=20170901-163404646521=138=1040=244=1054=055=APPL60=20170901-15:34:04581=11030=I10=189
20170901-15:34:04.819 : 8=FIXT.1.19=9235=349=BME56=DBL52=20170901-15:34:04.81834=1550=TID57=SID45=15373=658=Invalid Side10=076
20170901-15:34:29.706 : 8=FIXT.1.19=14935=D34=1649=DBL52=20170901-15:34:29.70656=BME1137=911=20170901-163429228721=138=1040=244=1054=255=APPL60=20170901-15:34:29581=11030=I10=207
20170901-15:34:29.709 : 8=FIXT.1.19=18535=849=BME56=DBL52=20170901-15:34:29.70634=1650=TID57=SID37=1111=20170901-163429228717=0150=A39=A581=155=APPL54=238=1040=244=10151=1014=060=20170901-15:34:291030=I10=165
20170901-15:34:29.761 : 8=FIXT.1.19=18435=849=BME56=DBL52=20170901-15:34:29.70834=1750=TID57=SID37=1111=20170901-163429228717=1150=039=0581=155=APPL54=238=1040=244=0151=1014=060=20170901-15:34:291030=I10=085
20170901-15:34:43.863 : 8=FIXT.1.19=14935=D34=1749=DBL52=20170901-15:34:43.86356=BME1137=911=20170901-163443882821=138=1040=244=1054=255=APPL60=20170901-15:34:43581=11030=I10=207
20170901-15:34:43.866 : 8=FIXT.1.19=18535=849=BME56=DBL52=20170901-15:34:43.86434=1850=TID57=SID37=1211=20170901-163443882817=2150=A39=A581=155=APPL54=238=1040=244=10151=1014=060=20170901-15:34:431030=I10=170
20170901-15:34:43.928 : 8=FIXT.1.19=18435=849=BME56=DBL52=20170901-15:34:43.86534=1950=TID57=SID37=1211=20170901-163443882817=3150=039=0581=155=APPL54=238=1040=244=0151=1014=060=20170901-15:34:431030=I10=089
20170901-15:34:56.681 : 8=FIXT.1.19=14935=D34=1849=DBL52=20170901-15:34:56.68056=BME1137=911=20170901-163456907121=138=1040=244=1054=255=APPL60=20170901-15:34:56581=11030=I10=208
20170901-15:34:56.684 : 8=FIXT.1.19=18535=849=BME56=DBL52=20170901-15:34:56.68134=2050=TID57=SID37=1311=20170901-163456907117=4150=A39=A581=155=APPL54=238=1040=244=10151=1014=060=20170901-15:34:561030=I10=166
20170901-15:34:56.724 : 8=FIXT.1.19=18435=849=BME56=DBL52=20170901-15:34:56.68334=2150=TID57=SID37=1311=20170901-163456907117=5150=039=0581=155=APPL54=238=1040=244=0151=1014=060=20170901-15:34:561030=I10=086
20170901-15:35:12.206 : 8=FIXT.1.19=14935=D34=1949=DBL52=20170901-15:35:12.20656=BME1137=911=20170901-163512543821=138=1040=244=1054=255=APPL60=20170901-15:35:12581=11030=I10=185
20170901-15:35:12.208 : 8=FIXT.1.19=18535=849=BME56=DBL52=20170901-15:35:12.20734=2250=TID57=SID37=1411=20170901-163512543817=6150=A39=A581=155=APPL54=238=1040=244=10151=1014=060=20170901-15:35:121030=I10=147
20170901-15:35:12.300 : 8=FIXT.1.19=18435=849=BME56=DBL52=20170901-15:35:12.20834=2350=TID57=SID37=1411=20170901-163512543817=7150=039=0581=155=APPL54=238=1040=244=0151=1014=060=20170901-15:35:121030=I10=066
20170901-15:35:25.259 : 8=FIXT.1.19=14935=D34=2049=DBL52=20170901-15:35:25.25956=BME1137=911=20170901-163525410421=138=1040=244=1054=255=APPL60=20170901-15:35:25581=11030=I10=186
20170901-15:35:25.262 : 8=FIXT.1.19=18535=849=BME56=DBL52=20170901-15:35:25.26034=2450=TID57=SID37=1511=20170901-163525410417=8150=A39=A581=155=APPL54=238=1040=244=10151=1014=060=20170901-15:35:251030=I10=152
20170901-15:35:25.339 : 8=FIXT.1.19=18435=849=BME56=DBL52=20170901-15:35:25.26134=2550=TID57=SID37=1511=20170901-163525410417=9150=039=0581=155=APPL54=238=1040=244=0151=1014=060=20170901-15:35:251030=I10=071
20170901-15:35:55.241 : 8=FIXT.1.19=5035=034=2149=DBL52=20170901-15:35:55.24156=BME10=250
20170901-15:35:56.222 : 8=FIXT.1.19=6435=049=BME56=DBL52=20170901-15:35:56.22234=2650=TID57=SID10=018
20170901-15:36:25.023 : 8=FIXT.1.19=5035=034=2249=DBL52=20170901-15:36:25.02256=BME10=246
20170901-15:36:27.256 : 8=FIXT.1.19=6435=049=BME56=DBL52=20170901-15:36:27.25634=2750=TID57=SID10=025
20170901-15:36:34.570 : 8=FIXT.1.19=17235=F34=2349=DBL52=20170901-15:36:34.57056=BME1137=911=20170901-163634384521=138=1040=241=20170901-163525410444=1054=255=APPL60=20170901-15:36:34581=11030=I10=040
20170901-15:36:34.574 : 8=FIXT.1.19=21135=849=BME56=DBL52=20170901-15:36:34.57134=2850=TID57=SID37=NONE11=20170901-163634384541=20170901-163525410417=10150=639=6581=155=APPL54=238=1040=244=10151=1014=060=20170901-15:36:341030=I10=229
20170901-15:36:34.580 : 8=FIXT.1.19=14735=D34=2449=DBL52=20170901-15:36:34.57956=BME1137=911=20170901-163634319021=138=540=244=554=255=CSCO60=20170901-15:36:34581=11030=I10=107
20170901-15:36:34.651 : 8=FIXT.1.19=18435=849=BME56=DBL52=20170901-15:36:34.57234=2950=TID57=SID37=1511=20170901-163525410417=11150=439=4581=155=APPL54=238=1040=244=0151=014=060=20170901-15:35:251030=I10=081
20170901-15:36:34.695 : 8=FIXT.1.19=18335=849=BME56=DBL52=20170901-15:36:34.58034=3050=TID57=SID37=1611=20170901-163634319017=12150=A39=A581=155=CSCO54=238=540=244=5151=514=060=20170901-15:36:341030=I10=066
20170901-15:36:34.769 : 8=FIXT.1.19=18335=849=BME56=DBL52=20170901-15:36:34.58134=3150=TID57=SID37=1611=20170901-163634319017=13150=039=0581=155=CSCO54=238=540=244=0151=514=060=20170901-15:36:341030=I10=030
20170901-15:37:04.043 : 8=FIXT.1.19=5035=034=2549=DBL52=20170901-15:37:04.04356=BME10=250
20170901-15:37:05.299 : 8=FIXT.1.19=6435=049=BME56=DBL52=20170901-15:37:05.29934=3250=TID57=SID10=025
20170901-15:37:34.459 : 8=FIXT.1.19=5035=034=2649=DBL52=20170901-15:37:34.45956=BME10=009
20170901-15:37:36.327 : 8=FIXT.1.19=6435=049=BME56=DBL52=20170901-15:37:36.32734=3350=TID57=SID10=022
20170901-15:37:39.762 : 8=FIXT.1.19=17035=F34=2749=DBL52=20170901-15:37:39.76256=BME1137=911=20170901-1637394921=138=1040=241=20170901-163512543844=1054=255=APPL60=20170901-15:37:39581=11030=I10=223
20170901-15:37:39.765 : 8=FIXT.1.19=20935=849=BME56=DBL52=20170901-15:37:39.76334=3450=TID57=SID37=NONE11=20170901-1637394941=20170901-163512543817=14150=639=6581=155=APPL54=238=1040=244=10151=1014=060=20170901-15:37:391030=I10=162
20170901-15:37:39.767 : 8=FIXT.1.19=14835=D34=2849=DBL52=20170901-15:37:39.76756=BME1137=911=20170901-163739872921=138=1040=244=554=155=APPL60=20170901-15:37:39581=11030=I10=190
20170901-15:37:39.829 : 8=FIXT.1.19=18435=849=BME56=DBL52=20170901-15:37:39.76434=3550=TID57=SID37=1411=20170901-163512543817=15150=439=4581=155=APPL54=238=1040=244=0151=014=060=20170901-15:35:121030=I10=093
20170901-15:37:39.873 : 8=FIXT.1.19=18535=849=BME56=DBL52=20170901-15:37:39.76734=3650=TID57=SID37=1711=20170901-163739872917=16150=A39=A581=155=APPL54=138=1040=244=5151=1014=060=20170901-15:37:391030=I10=209
20170901-15:37:39.905 : 8=FIXT.1.19=18535=849=BME56=DBL52=20170901-15:37:39.76834=3750=TID57=SID37=1711=20170901-163739872917=17150=039=0581=155=APPL54=138=1040=244=0151=1014=060=20170901-15:37:391030=I10=173
20170901-15:38:09.178 : 8=FIXT.1.19=5035=034=2949=DBL52=20170901-15:38:09.17856=BME10=013
20170901-15:38:10.371 : 8=FIXT.1.19=6435=049=BME56=DBL52=20170901-15:38:10.37134=3850=TID57=SID10=019
20170901-15:38:39.029 : 8=FIXT.1.19=5035=034=3049=DBL52=20170901-15:38:39.02856=BME10=002
20170901-15:38:41.409 : 8=FIXT.1.19=6435=049=BME56=DBL52=20170901-15:38:41.40934=3950=TID57=SID10=026
20170901-15:38:48.155 : 8=FIXT.1.19=17235=F34=3149=DBL52=20170901-15:38:48.15456=BME1137=911=20170901-163848909521=138=1040=241=20170901-163443882844=1054=255=APPL60=20170901-15:38:48581=11030=I10=077
20170901-15:38:48.159 : 8=FIXT.1.19=21135=849=BME56=DBL52=20170901-15:38:48.15634=4050=TID57=SID37=NONE11=20170901-163848909541=20170901-163443882817=18150=639=6581=155=APPL54=238=1040=244=10151=1014=060=20170901-15:38:481030=I10=014
20170901-15:38:48.161 : 8=FIXT.1.19=14835=D34=3249=DBL52=20170901-15:38:48.16156=BME1137=911=20170901-163848257721=138=1040=244=554=255=CSCO60=20170901-15:38:48581=11030=I10=167
20170901-15:38:48.275 : 8=FIXT.1.19=18435=849=BME56=DBL52=20170901-15:38:48.15834=4150=TID57=SID37=1211=20170901-163443882817=19150=439=4581=155=APPL54=238=1040=244=0151=014=060=20170901-15:34:431030=I10=102
20170901-15:38:48.309 : 8=FIXT.1.19=18535=849=BME56=DBL52=20170901-15:38:48.16134=4250=TID57=SID37=1811=20170901-163848257717=20150=A39=A581=155=CSCO54=238=1040=244=5151=1014=060=20170901-15:38:481030=I10=184
20170901-15:38:48.376 : 8=FIXT.1.19=18535=849=BME56=DBL52=20170901-15:38:48.16334=4350=TID57=SID37=1811=20170901-163848257717=21150=039=0581=155=CSCO54=238=1040=244=0151=1014=060=20170901-15:38:481030=I10=149
20170901-15:39:18.367 : 8=FIXT.1.19=5035=034=3349=DBL52=20170901-15:39:18.36756=BME10=009
20170901-15:39:19.455 : 8=FIXT.1.19=6435=049=BME56=DBL52=20170901-15:39:19.45334=4450=TID57=SID10=027
20170901-15:39:23.514 : 8=FIXT.1.19=17235=F34=3449=DBL52=20170901-15:39:23.51356=BME1137=911=20170901-163923990521=138=1040=241=20170901-163456907144=1054=255=APPL60=20170901-15:39:23581=11030=I10=056
20170901-15:39:23.519 : 8=FIXT.1.19=21135=849=BME56=DBL52=20170901-15:39:23.51534=4550=TID57=SID37=NONE11=20170901-163923990541=20170901-163456907117=22150=639=6581=155=APPL54=238=1040=244=10151=1014=060=20170901-15:39:231030=I10=246
20170901-15:39:23.522 : 8=FIXT.1.19=14735=D34=3549=DBL52=20170901-15:39:23.52256=BME1137=911=20170901-163923368321=138=540=244=554=155=APPL60=20170901-15:39:23581=11030=I10=111
20170901-15:39:23.563 : 8=FIXT.1.19=18435=849=BME56=DBL52=20170901-15:39:23.51734=4650=TID57=SID37=1311=20170901-163456907117=23150=439=4581=155=APPL54=238=1040=244=0151=014=060=20170901-15:34:561030=I10=095
20170901-15:39:23.636 : 8=FIXT.1.19=18335=849=BME56=DBL52=20170901-15:39:23.52234=4750=TID57=SID37=1911=20170901-163923368317=24150=A39=A581=155=APPL54=138=540=244=5151=514=060=20170901-15:39:231030=I10=090
20170901-15:39:23.657 : 8=FIXT.1.19=18335=849=BME56=DBL52=20170901-15:39:23.52334=4850=TID57=SID37=1911=20170901-163923368317=25150=039=0581=155=APPL54=138=540=244=0151=514=060=20170901-15:39:231030=I10=054
20170901-15:39:53.172 : 8=FIXT.1.19=5035=034=3649=DBL52=20170901-15:39:53.17256=BME10=005
20170901-15:39:54.497 : 8=FIXT.1.19=6435=049=BME56=DBL52=20170901-15:39:54.49634=4950=TID57=SID10=038
20170901-15:40:23.087 : 8=FIXT.1.19=5035=034=3749=DBL52=20170901-15:40:23.08756=BME10=000
20170901-15:40:25.538 : 8=FIXT.1.19=6435=049=BME56=DBL52=20170901-15:40:25.53834=5050=TID57=SID10=017
20170901-15:40:39.702 : 8=FIXT.1.19=17235=F34=3849=DBL52=20170901-15:40:39.70156=BME1137=911=20170901-164039918321=138=1040=241=20170901-163429228744=1054=255=APPL60=20170901-15:40:39581=11030=I10=056
20170901-15:40:39.705 : 8=FIXT.1.19=21135=849=BME56=DBL52=20170901-15:40:39.70234=5150=TID57=SID37=NONE11=20170901-164039918341=20170901-163429228717=26150=639=6581=155=APPL54=238=1040=244=10151=1014=060=20170901-15:40:391030=I10=242
20170901-15:40:39.711 : 8=FIXT.1.19=14835=D34=3949=DBL52=20170901-15:40:39.71156=BME1137=911=20170901-164039146421=138=540=244=1054=155=CSCO60=20170901-15:40:39581=11030=I10=147
20170901-15:40:39.790 : 8=FIXT.1.19=18435=849=BME56=DBL52=20170901-15:40:39.70334=5250=TID57=SID37=1111=20170901-163429228717=27150=439=4581=155=APPL54=238=1040=244=0151=014=060=20170901-15:34:291030=I10=092
20170901-15:40:39.833 : 8=FIXT.1.19=18435=849=BME56=DBL52=20170901-15:40:39.71134=5350=TID57=SID37=2011=20170901-164039146417=28150=A39=A581=155=CSCO54=138=540=244=10151=514=060=20170901-15:40:391030=I10=115
20170901-15:40:39.893 : 8=FIXT.1.19=18335=849=BME56=DBL52=20170901-15:40:39.71334=5450=TID57=SID37=2011=20170901-164039146417=29150=039=0581=155=CSCO54=138=540=244=0151=514=060=20170901-15:40:391030=I10=035
20170901-15:40:39.944 : 8=FIXT.1.19=18335=849=BME56=DBL52=20170901-15:40:39.71334=5550=TID57=SID37=2011=20170901-164039146417=30150=F39=2581=155=CSCO54=138=540=244=5151=014=560=20170901-15:40:391030=I10=057
20170901-15:40:39.989 : 8=FIXT.1.19=18335=849=BME56=DBL52=20170901-15:40:39.71334=5650=TID57=SID37=1611=20170901-163634319017=31150=F39=2581=155=CSCO54=238=540=244=5151=014=560=20170901-15:36:341030=I10=063
20170901-15:41:09.476 : 8=FIXT.1.19=5035=034=4049=DBL52=20170901-15:41:09.47656=BME10=001
20170901-15:41:10.593 : 8=FIXT.1.19=6435=049=BME56=DBL52=20170901-15:41:10.59234=5750=TID57=SID10=019
20170901-15:41:33.320 : 8=FIXT.1.19=17235=F34=4149=DBL52=20170901-15:41:33.31856=BME1137=911=20170901-164133504821=138=1040=241=20170901-162934800544=1054=255=APPL60=20170901-15:41:33581=11030=I10=029
20170901-15:41:33.323 : 8=FIXT.1.19=15035=949=BME56=DBL52=20170901-15:41:33.32134=5850=TID57=SID37=NONE11=20170901-164133504841=20170901-162934800539=860=20170901-15:41:33434=110=224
20170901-15:41:33.326 : 8=FIXT.1.19=14735=D34=4249=DBL52=20170901-15:41:33.32656=BME1137=911=20170901-164133482221=138=540=244=554=155=CSCO60=20170901-15:41:33581=11030=I10=084
20170901-15:41:33.386 : 8=FIXT.1.19=18335=849=BME56=DBL52=20170901-15:41:33.32634=5950=TID57=SID37=2111=20170901-164133482217=32150=A39=A581=155=CSCO54=138=540=244=5151=514=060=20170901-15:41:331030=I10=060
20170901-15:41:33.455 : 8=FIXT.1.19=18335=849=BME56=DBL52=20170901-15:41:33.32834=6050=TID57=SID37=2111=20170901-164133482217=33150=039=0581=155=CSCO54=138=540=244=0151=514=060=20170901-15:41:331030=I10=016
20170901-15:41:33.514 : 8=FIXT.1.19=18335=849=BME56=DBL52=20170901-15:41:33.32834=6150=TID57=SID37=2111=20170901-164133482217=34150=F39=2581=155=CSCO54=138=540=244=5151=014=560=20170901-15:41:331030=I10=047
20170901-15:41:33.559 : 8=FIXT.1.19=18435=849=BME56=DBL52=20170901-15:41:33.32834=6250=TID57=SID37=1811=20170901-163848257717=35150=F39=1581=155=CSCO54=238=1040=244=5151=514=560=20170901-15:38:481030=I10=134
20170901-15:42:03.049 : 8=FIXT.1.19=5035=034=4349=DBL52=20170901-15:42:03.04856=BME10=250
20170901-15:42:04.659 : 8=FIXT.1.19=6435=049=BME56=DBL52=20170901-15:42:04.65934=6350=TID57=SID10=024
20170901-15:42:33.139 : 8=FIXT.1.19=5035=034=4449=DBL52=20170901-15:42:33.13956=BME10=255
20170901-15:42:35.692 : 8=FIXT.1.19=6435=049=BME56=DBL52=20170901-15:42:35.69234=6450=TID57=SID10=026
20170901-15:42:47.665 : 8=FIXT.1.19=14935=D34=4549=DBL52=20170901-15:42:47.66556=BME1137=911=20170901-164247217321=138=1040=244=1054=155=APPL60=20170901-15:42:47581=11030=I10=203
20170901-15:42:47.669 : 8=FIXT.1.19=18635=849=BME56=DBL52=20170901-15:42:47.66634=6550=TID57=SID37=2211=20170901-164247217317=36150=A39=A581=155=APPL54=138=1040=244=10151=1014=060=20170901-15:42:471030=I10=224
20170901-15:42:47.739 : 8=FIXT.1.19=18535=849=BME56=DBL52=20170901-15:42:47.66734=6650=TID57=SID37=2211=20170901-164247217317=37150=039=0581=155=APPL54=138=1040=244=0151=1014=060=20170901-15:42:471030=I10=143
20170901-15:43:14.800 : 8=FIXT.1.19=17235=F34=4649=DBL52=20170901-15:43:14.79956=BME1137=911=20170901-164314448321=138=1040=241=20170901-164247217344=1054=155=APPL60=20170901-15:43:14581=11030=I10=050
20170901-15:43:14.805 : 8=FIXT.1.19=21135=849=BME56=DBL52=20170901-15:43:14.80034=6750=TID57=SID37=NONE11=20170901-164314448341=20170901-164247217317=38150=639=6581=155=APPL54=138=1040=244=10151=1014=060=20170901-15:43:141030=I10=229
20170901-15:43:14.809 : 8=FIXT.1.19=14835=D34=4749=DBL52=20170901-15:43:14.80956=BME1137=911=20170901-164314285521=138=1040=244=1054=155=c4t60=20170901-15:43:14581=11030=I10=162
20170901-15:43:14.890 : 8=FIXT.1.19=18435=849=BME56=DBL52=20170901-15:43:14.80434=6850=TID57=SID37=2211=20170901-164247217317=39150=439=4581=155=APPL54=138=1040=244=0151=014=060=20170901-15:42:471030=I10=093
20170901-15:43:14.960 : 8=FIXT.1.19=9435=349=BME56=DBL52=20170901-15:43:14.81034=6950=TID57=SID45=47373=558=unknown symbol10=174
20170901-15:43:44.332 : 8=FIXT.1.19=5035=034=4849=DBL52=20170901-15:43:44.33256=BME10=001
20170901-15:43:45.769 : 8=FIXT.1.19=6435=049=BME56=DBL52=20170901-15:43:45.76934=7050=TID57=SID10=030
20170901-15:44:14.074 : 8=FIXT.1.19=5035=034=4949=DBL52=20170901-15:44:14.07456=BME10=003
20170901-15:44:16.804 : 8=FIXT.1.19=6435=049=BME56=DBL52=20170901-15:44:16.80334=7150=TID57=SID10=019
20170901-15:44:27.219 : 8=FIXT.1.19=14935=D34=5049=DBL52=20170901-15:44:27.21956=BME1137=911=20170901-164427165521=138=1040=244=1054=155=APPL60=20170901-15:44:27581=11030=I10=198
20170901-15:44:27.221 : 8=FIXT.1.19=18635=849=BME56=DBL52=20170901-15:44:27.21934=7250=TID57=SID37=2411=20170901-164427165517=40150=A39=A581=155=APPL54=138=1040=244=10151=1014=060=20170901-15:44:271030=I10=217
20170901-15:44:27.336 : 8=FIXT.1.19=18535=849=BME56=DBL52=20170901-15:44:27.22134=7350=TID57=SID37=2411=20170901-164427165517=41150=039=0581=155=APPL54=138=1040=244=0151=1014=060=20170901-15:44:271030=I10=128
20170901-15:44:57.633 : 8=FIXT.1.19=5035=034=5149=DBL52=20170901-15:44:57.63256=BME10=003
20170901-15:44:58.847 : 8=FIXT.1.19=6435=049=BME56=DBL52=20170901-15:44:58.84734=7450=TID57=SID10=036
20170901-15:45:27.341 : 8=FIXT.1.19=5035=034=5249=DBL52=20170901-15:45:27.34156=BME10=255
20170901-15:45:29.883 : 8=FIXT.1.19=6435=049=BME56=DBL52=20170901-15:45:29.88334=7550=TID57=SID10=036
20170901-15:45:57.063 : 8=FIXT.1.19=5035=034=5349=DBL52=20170901-15:45:57.06356=BME10=004
20170901-15:46:00.917 : 8=FIXT.1.19=6435=049=BME56=DBL52=20170901-15:46:00.91734=7650=TID57=SID10=025
20170901-15:46:27.175 : 8=FIXT.1.19=5035=034=5449=DBL52=20170901-15:46:27.17456=BME10=006
20170901-15:46:31.946 : 8=FIXT.1.19=6435=049=BME56=DBL52=20170901-15:46:31.94634=7750=TID57=SID10=032
20170901-15:46:57.370 : 8=FIXT.1.19=5035=034=5549=DBL52=20170901-15:46:57.37056=BME10=008
20170901-15:47:02.984 : 8=FIXT.1.19=6435=049=BME56=DBL52=20170901-15:47:02.98334=7850=TID57=SID10=033
20170901-15:47:27.122 : 8=FIXT.1.19=5035=034=5649=DBL52=20170901-15:47:27.12256=BME10=002
20170901-15:47:33.014 : 8=FIXT.1.19=6435=049=BME56=DBL52=20170901-15:47:33.01434=7950=TID57=SID10=023
20170901-15:47:57.015 : 8=FIXT.1.19=5035=034=5749=DBL52=20170901-15:47:57.01556=BME10=007
20170901-15:48:04.056 : 8=FIXT.1.19=6435=049=BME56=DBL52=20170901-15:48:04.05634=8050=TID57=SID10=020
20170901-15:48:27.198 : 8=FIXT.1.19=5035=034=5849=DBL52=20170901-15:48:27.19756=BME10=017
20170901-15:48:35.089 : 8=FIXT.1.19=6435=049=BME56=DBL52=20170901-15:48:35.08934=8150=TID57=SID10=031
20170901-15:48:57.478 : 8=FIXT.1.19=5035=034=5949=DBL52=20170901-15:48:57.47756=BME10=022
20170901-15:49:06.112 : 8=FIXT.1.19=6435=049=BME56=DBL52=20170901-15:49:06.11234=8250=TID57=SID10=018
20170901-15:49:27.130 : 8=FIXT.1.19=5035=034=6049=DBL52=20170901-15:49:27.12956=BME10=006
20170901-15:49:37.138 : 8=FIXT.1.19=6435=049=BME56=DBL52=20170901-15:49:37.13734=8350=TID57=SID10=030
20170901-15:49:57.264 : 8=FIXT.1.19=5035=034=6149=DBL52=20170901-15:49:57.26456=BME10=010
20170901-15:50:08.164 : 8=FIXT.1.19=6435=049=BME56=DBL52=20170901-15:50:08.16434=8450=TID57=SID10=021
20170901-15:50:27.350 : 8=FIXT.1.19=5035=034=6249=DBL52=20170901-15:50:27.35056=BME10=252
20170901-15:50:39.189 : 8=FIXT.1.19=6435=049=BME56=DBL52=20170901-15:50:39.18834=8550=TID57=SID10=032
20170901-15:50:57.248 : 8=FIXT.1.19=5035=034=6349=DBL52=20170901-15:50:57.24856=BME10=006
20170901-15:51:10.216 : 8=FIXT.1.19=6435=049=BME56=DBL52=20170901-15:51:10.21534=8650=TID57=SID10=014
20170901-15:51:27.001 : 8=FIXT.1.19=5035=034=6449=DBL52=20170901-15:51:27.00156=BME10=248
20170901-15:51:41.241 : 8=FIXT.1.19=6435=049=BME56=DBL52=20170901-15:51:41.24134=8750=TID57=SID10=018
20170901-15:51:57.049 : 8=FIXT.1.19=5035=034=6549=DBL52=20170901-15:51:57.04956=BME10=008
20170901-15:52:12.267 : 8=FIXT.1.19=6435=049=BME56=DBL52=20170901-15:52:12.26634=8850=TID57=SID10=025
20170901-15:52:27.022 : 8=FIXT.1.19=5035=034=6649=DBL52=20170901-15:52:27.02256=BME10=254
20170901-15:52:43.292 : 8=FIXT.1.19=6435=049=BME56=DBL52=20170901-15:52:43.29134=8950=TID57=SID10=028
20170901-15:52:57.083 : 8=FIXT.1.19=5035=034=6749=DBL52=20170901-15:52:57.08356=BME10=009
20170901-15:53:14.318 : 8=FIXT.1.19=6435=049=BME56=DBL52=20170901-15:53:14.31834=9050=TID57=SID10=019
20170901-15:53:27.125 : 8=FIXT.1.19=5035=034=6849=DBL52=20170901-15:53:27.12456=BME10=004
20170901-15:53:45.342 : 8=FIXT.1.19=6435=049=BME56=DBL52=20170901-15:53:45.34234=9150=TID57=SID10=021
20170901-15:53:57.601 : 8=FIXT.1.19=5035=034=6949=DBL52=20170901-15:53:57.60156=BME10=008
20170901-15:54:16.371 : 8=FIXT.1.19=6435=049=BME56=DBL52=20170901-15:54:16.37034=9250=TID57=SID10=022
20170901-15:54:27.056 : 8=FIXT.1.19=5035=034=7049=DBL52=20170901-15:54:27.05656=BME10=002
20170901-15:54:47.401 : 8=FIXT.1.19=6435=049=BME56=DBL52=20170901-15:54:47.40134=9350=TID57=SID10=022
20170901-15:54:57.935 : 8=FIXT.1.19=5035=034=7149=DBL52=20170901-15:54:57.93456=BME10=011
20170901-15:55:18.427 : 8=FIXT.1.19=6435=049=BME56=DBL52=20170901-15:55:18.42734=9450=TID57=SID10=030
20170901-15:55:27.295 : 8=FIXT.1.19=5035=034=7249=DBL52=20170901-15:55:27.29556=BME10=010
20170901-15:55:49.462 : 8=FIXT.1.19=6435=049=BME56=DBL52=20170901-15:55:49.46134=9550=TID57=SID10=033
20170901-15:55:57.176 : 8=FIXT.1.19=5035=034=7349=DBL52=20170901-15:55:57.17656=BME10=012
20170901-15:56:20.489 : 8=FIXT.1.19=6435=049=BME56=DBL52=20170901-15:56:20.48934=9650=TID57=SID10=034
20170901-15:56:20.749 : 8=FIXT.1.19=5035=534=7449=DBL52=20170901-15:56:20.74956=BME10=015
20170901-15:56:20.750 : 8=FIXT.1.19=6435=549=BME56=DBL52=20170901-15:56:20.74934=9750=TID57=SID10=039
20170901-15:58:45.763 : 8=FIXT.1.19=9835=A34=149=DBL50=SID52=20170901-15:58:45.76256=BME57=TID98=0108=30141=Y1137=41408=T4.010=116
20170901-15:58:45.764 : 8=FIXT.1.19=9835=A49=BME56=DBL52=20170901-15:58:45.76334=150=TID57=SID98=0108=30141=Y1137=91408=T4.010=122
20170901-15:58:55.538 : 8=FIXT.1.19=17135=F34=249=DBL52=20170901-15:58:55.52956=BME1137=911=20170901-165855246421=138=1040=241=20170901-164427165544=1054=155=APPL60=20170901-15:58:55581=11030=I10=018
20170901-15:58:55.539 : 8=FIXT.1.19=14935=949=BME56=DBL52=20170901-15:58:55.53834=250=TID57=SID37=NONE11=20170901-165855246441=20170901-164427165539=860=20170901-15:58:55434=110=221
20170901-15:58:55.542 : 8=FIXT.1.19=14635=D34=349=DBL52=20170901-15:58:55.54256=BME1137=911=20170901-165855811321=138=540=244=554=155=APPL60=20170901-15:58:55581=11030=I10=070
20170901-15:58:55.589 : 8=FIXT.1.19=18035=849=BME56=DBL52=20170901-15:58:55.54334=350=TID57=SID37=111=20170901-165855811317=0150=A39=A581=155=APPL54=138=540=244=5151=514=060=20170901-15:58:551030=I10=190
20170901-15:58:55.631 : 8=FIXT.1.19=18035=849=BME56=DBL52=20170901-15:58:55.54434=450=TID57=SID37=111=20170901-165855811317=1150=039=0581=155=APPL54=138=540=244=0151=514=060=20170901-15:58:551030=I10=154
20170901-15:59:04.619 : 8=FIXT.1.19=17135=F34=449=DBL52=20170901-15:59:04.61856=BME1137=911=20170901-165904221821=138=1040=241=20170901-164427165544=1054=155=APPL60=20170901-15:59:04581=11030=I10=001
20170901-15:59:04.620 : 8=FIXT.1.19=14935=949=BME56=DBL52=20170901-15:59:04.61934=550=TID57=SID37=NONE11=20170901-165904221841=20170901-164427165539=860=20170901-15:59:04434=110=206
20170901-15:59:04.628 : 8=FIXT.1.19=14835=D34=549=DBL52=20170901-15:59:04.62856=BME1137=911=20170901-165904510021=138=1040=244=1554=155=APPL60=20170901-15:59:04581=11030=I10=150
20170901-15:59:04.696 : 8=FIXT.1.19=18335=849=BME56=DBL52=20170901-15:59:04.62834=650=TID57=SID37=211=20170901-165904510017=2150=A39=A581=155=APPL54=138=1040=244=15151=1014=060=20170901-15:59:041030=I10=062
20170901-15:59:04.739 : 8=FIXT.1.19=18235=849=BME56=DBL52=20170901-15:59:04.62934=750=TID57=SID37=211=20170901-165904510017=3150=039=0581=155=APPL54=138=1040=244=0151=1014=060=20170901-15:59:041030=I10=232
20170901-15:59:34.361 : 8=FIXT.1.19=4935=034=649=DBL52=20170901-15:59:34.36156=BME10=219
20170901-15:59:35.813 : 8=FIXT.1.19=6335=049=BME56=DBL52=20170901-15:59:35.81334=850=TID57=SID10=234
20170901-16:00:04.061 : 8=FIXT.1.19=4935=034=749=DBL52=20170901-16:00:04.06156=BME10=201
20170901-16:00:06.848 : 8=FIXT.1.19=6335=049=BME56=DBL52=20170901-16:00:06.84834=950=TID57=SID10=228
20170901-16:00:34.299 : 8=FIXT.1.19=4935=034=849=DBL52=20170901-16:00:34.29956=BME10=218
20170901-16:00:37.882 : 8=FIXT.1.19=6435=049=BME56=DBL52=20170901-16:00:37.88234=1050=TID57=SID10=015
20170901-16:01:04.171 : 8=FIXT.1.19=4935=034=949=DBL52=20170901-16:01:04.17156=BME10=206
20170901-16:01:08.914 : 8=FIXT.1.19=6435=049=BME56=DBL52=20170901-16:01:08.91434=1150=TID57=SID10=011
20170901-16:01:34.093 : 8=FIXT.1.19=5035=034=1049=DBL52=20170901-16:01:34.09356=BME10=244
20170901-16:01:39.940 : 8=FIXT.1.19=6435=049=BME56=DBL52=20170901-16:01:39.94034=1250=TID57=SID10=015
20170901-16:02:04.211 : 8=FIXT.1.19=5035=034=1149=DBL52=20170901-16:02:04.21156=BME10=235
20170901-16:02:10.972 : 8=FIXT.1.19=6435=049=BME56=DBL52=20170901-16:02:10.97234=1350=TID57=SID10=011
20170901-16:02:34.423 : 8=FIXT.1.19=5035=034=1249=DBL52=20170901-16:02:34.42356=BME10=244
20170901-16:02:42.005 : 8=FIXT.1.19=6435=049=BME56=DBL52=20170901-16:02:42.00534=1450=TID57=SID10=004
20170901-16:03:04.057 : 8=FIXT.1.19=5035=034=1349=DBL52=20170901-16:03:04.05756=BME10=246
20170901-16:03:13.041 : 8=FIXT.1.19=6435=049=BME56=DBL52=20170901-16:03:13.04134=1550=TID57=SID10=004
20170901-16:03:34.016 : 8=FIXT.1.19=5035=034=1449=DBL52=20170901-16:03:34.01656=BME10=245
20170901-16:03:44.074 : 8=FIXT.1.19=6435=049=BME56=DBL52=20170901-16:03:44.07334=1650=TID57=SID10=014
20170901-16:04:04.131 : 8=FIXT.1.19=5035=034=1549=DBL52=20170901-16:04:04.13156=BME10=242
20170901-16:04:15.107 : 8=FIXT.1.19=6435=049=BME56=DBL52=20170901-16:04:15.10734=1750=TID57=SID10=012
20170901-16:04:34.265 : 8=FIXT.1.19=5035=034=1649=DBL52=20170901-16:04:34.26556=BME10=254